Transcript Start Time:  22:25:40, 22 Sep 2026 中国标准时间 
Current Directory: "D:\agents2026\agents2026\agents\AIDCtms\coolingplate\design\cfd\uc01b_2.4x3.0"

Build Time: Feb  2 2026 16:32:00 EST  Build Id: 10262 
Executable Path: E:/cae/programfiles/Ansys2026/ANSYS Inc261/v261/fluent/ntbin/win64/fluent.exe

------------------------------------------------------------------------------------
ID    Hostname         Core  O.S.         PID    CPU Model Name                    
------------------------------------------------------------------------------------
n0*   DESKTOP-JHEHF28  1/32  Windows-x64  31876  Intel(R) Core(TM) i9-14900KF      
host  DESKTOP-JHEHF28        Windows-x64  29676  Intel(R) Core(TM) i9-14900KF      

MPI Option Selected: intel
Selected system interconnect: default
------------------------------------------------------------------------------------

Cortex Process ID: 23528 
License Server Path: 1055@localhost 


> /file/read-case "D:/agents2026/agents2026/agents/AIDCtms/coolingplate/design/cfd/uc01b_2.4x3.0/mesh/uc01b_cht_fine_hex.msh"
Reading "D:/agents2026/agents2026/agents/AIDCtms/coolingplate/design/cfd/uc01b_2.4x3.0/mesh/uc01b_cht_fine_hex.msh"...

Buffering for file scan...

 4547658 nodes.
 2760804 hexahedral cells, zone  2.
 1533156 hexahedral cells, zone  3.
  178320 hexahedral cells, zone  4.
13207306 quadrilateral interior faces, zone  5.
    5500 quadrilateral velocity-inlet faces, zone  6.
   24220 quadrilateral pressure-outlet faces, zone  7.
   29720 quadrilateral wall faces, zone  8.
    1600 quadrilateral wall faces, zone  9.
  104892 quadrilateral wall faces, zone 10.
   29720 quadrilateral wall faces, zone 11.
   88804 quadrilateral symmetry faces, zone 12.

Building...
     mesh
      interior -> interior (5) and interior:013 (13)
      interior -> interior (5) and interior:014 (14)
      return_slot -> return_slot (7) and return_slot:015 (15)
      sym -> sym (12) and sym:016 (16)
      sym -> sym (12) and sym:017 (17)
Note: Separating interior zone 5 into zones 5 and 13. 
Note: Separating interior zone 5 into zones 5 and 14. 
Note: Separating pressure-outlet zone 7 into zones 7 and 15. 
Note: Separating symmetry zone 12 into zones 12 and 16. 
Note: Separating symmetry zone 12 into zones 12 and 17. 
       Clearing partially read grid.

WARNING: no face with given nodes. Thread 2, cell 417850


Error: Failed in Fill_Domain.


Note: It is possible that this case or mesh file needs to be first
      processed by the serial solver.  To do this, please read
      file into the serial solver and then save it.  Next,
      read saved file into the parallel solver.


Error at Node 0: Build Grid: Aborted due to critical error.

Transcript Stop Time:  22:26:16, 22 Sep 2026 中国标准时间 
Total Transcript Time: 0 Minute 35 Second.
