
Opening input/output transcript to file "D:\agents2026\agents2026\agents\AIDCtms\coolingplate\design\cfd\uc01b_2.4x3.0\fluent\\fluent-20260922-071641-22560.trn".
Auto-Transcript Start Time:  07:16:41, 22 Sep 2026 中国标准时间 

              Welcome to ANSYS Fluent 2026 R1

              Copyright 2026 Synopsys, Inc. and ANSYS, Inc. All rights reserved.
              Unauthorized use, distribution or duplication is prohibited.
              This product is subject to U.S. laws governing export and re-export.
              For full Legal Notice, see documentation.

Build Time: Feb  2 2026 16:32:00 EST  Build Id: 10262  
 
Connected License Server List:	1055@localhost

*********************************************
Info: Your license enables 4-way parallel execution.
For faster simulations, please start the application with the appropriate parallel options.
*********************************************

Host spawning Node 0 on machine "DESKTOP-JHEHF28" (win64).
Host waiting for connection from Node 0 at 127.0.0.1:62433 

Node 0 connecting to the Host ... connection established.

------------------------------------------------------------------------------------
ID    Hostname         Core  O.S.         PID    CPU Model Name                    
------------------------------------------------------------------------------------
n0    DESKTOP-JHEHF28  1/32  Windows-x64  9752   Intel(R) Core(TM) i9-14900KF      
host  DESKTOP-JHEHF28        Windows-x64  16704  Intel(R) Core(TM) i9-14900KF      

MPI Option Selected: intel
------------------------------------------------------------------------------------

Cleanup script file is D:\\agents2026\\agents2026\\agents\\AIDCtms\\coolingplate\\design\\cfd\\uc01b_2.4x3.0\\fluent\\cleanup-fluent-DESKTOP-JHEHF28-16704.bat
Note: Rank = 0: Process affinity not being set (6).

Loading "C:\Users\Administrator/.fluent"
Fast-loading "E:/cae/programfiles/Ansys2026/ANSYS Inc261/v261/fluent/fluent26.1.0/addons/rbfmorph/radial_basis.bin"
Done.
Done.

Reading journal file D:\agents2026\agents2026\agents\AIDCtms\coolingplate\design\cfd\uc01b_2.4x3.0\fluent\export_wall.jou...

> ; Export wall_imp (et2d4, Z=0) T and |V| from uc01b_R. No new surfaces.
/file/set-batch-options yes yes no

> /file/read-case-data "D:/agents2026/agents2026/agents/AIDCtms/coolingplate/design/cfd/uc01b_2.4x3.0/fluent/uc01b_R"Fast-loading "E:\cae\programfiles\Ansys2026\ANSYS Inc261\v261\fluent\fluent26.1.0\\addons\afd\lib\hdfio.bin"
Done.

Reading from DESKTOP-JHEHF28:"D:/agents2026/agents2026/agents/AIDCtms/coolingplate/design/cfd/uc01b_2.4x3.0/fluent/uc01b_R.cas.h5" in NODE0 mode ...
  Reading mesh ...
      118792 cells,     2 cell zones ...
         116320 hexahedral cells,  zone id: 10
           2472 hexahedral cells,  zone id: 3
      370642 faces,    13 face zones ...
           2472 quadrilateral wall faces,  zone id: 2
         337392 quadrilateral interior faces,  zone id: 11
            100 quadrilateral mass-flow-inlet faces,  zone id: 12
            960 quadrilateral pressure-outlet faces,  zone id: 13
           2472 quadrilateral wall faces,  zone id: 14
           2472 quadrilateral wall faces,  zone id: 8
           2420 quadrilateral wall faces,  zone id: 15
            200 quadrilateral wall faces,  zone id: 16
           8648 quadrilateral wall faces,  zone id: 17
           8336 quadrilateral symmetry faces,  zone id: 18
           4718 quadrilateral interior faces,  zone id: 4
            300 quadrilateral wall faces,  zone id: 6
            152 quadrilateral symmetry faces,  zone id: 7
      132529 nodes,     1 node zone  ...

  Reading Shell Flags ...
  Done.
  Done.


Building...
     mesh
  Reading Shell Flags ...
  Done.

     materials,
     interface,
     domains,
	mixture
     zones,
	et2d7
	et2d6
	et2d5
	et2d4
	int_et3d1
	et2d2
	et2d3
	et2d8
	et3d1
	shell conduction zones,
		wall 14, thickness = 0.002, material = copper, heat generation rate = constant (0).
Updating shell metrics...done.

Shell junction connectivity...done

     parallel,
Done.

Reading from DESKTOP-JHEHF28:"D:/agents2026/agents2026/agents/AIDCtms/coolingplate/design/cfd/uc01b_2.4x3.0/fluent/uc01b_R.dat.h5" in NODE0 mode ...


  Reading results.
Parallel variables...
Done.


> /file/export/ascii "D:/agents2026/agents2026/agents/AIDCtms/coolingplate/design/cfd/uc01b_2.4x3.0/figs/wall_imp" et2d4 () yes temperature velocity-magnitude ()

Location/Cell-Centered?,
if Cell-Centered not chosen, node values of scalars are reported [no] 
Error: Please answer y[es] or n[o].
Error Object: /exit
/exit
Auto-Transcript Stop Time:  07:17:26, 22 Sep 2026 中国标准时间 
Total Transcript Time: 0 Minute 44 Second.

Automatic transcript closed.
