Transcript Start Time:  15:44:07, 25 Sep 2026 中国标准时间 
Current Directory: "D:\agents2026\agents2026\agents\AIDCtms\coolingplate\design\cfd\uc01b_2.4x3.0\fluent"

Build Time: Feb  2 2026 16:32:00 EST  Build Id: 10262 
Executable Path: E:/cae/programfiles/Ansys2026/ANSYS Inc261/v261/fluent/ntbin/win64/fluent.exe

------------------------------------------------------------------------------------
ID    Hostname         Core  O.S.         PID    CPU Model Name                    
------------------------------------------------------------------------------------
n3    DESKTOP-JHEHF28  4/32  Windows-x64  40772  Intel(R) Core(TM) i9-14900KF      
n2    DESKTOP-JHEHF28  3/32  Windows-x64  45584  Intel(R) Core(TM) i9-14900KF      
n1    DESKTOP-JHEHF28  2/32  Windows-x64  17388  Intel(R) Core(TM) i9-14900KF      
n0*   DESKTOP-JHEHF28  1/32  Windows-x64  46984  Intel(R) Core(TM) i9-14900KF      
host  DESKTOP-JHEHF28        Windows-x64  33824  Intel(R) Core(TM) i9-14900KF      

MPI Option Selected: intel
Selected system interconnect: default
------------------------------------------------------------------------------------

Cortex Process ID: 30596 
License Server Path: 1055@localhost 


> /file/read-case "D:/agents2026/agents2026/agents/AIDCtms/coolingplate/design/cfd/uc01b_2.4x3.0/fluent/uc01b_cht_v2_n216_q105.cas.h5"Fast-loading "E:\cae\programfiles\Ansys2026\ANSYS Inc261\v261\fluent\fluent26.1.0\\addons\afd\lib\hdfio.bin"
Done.

Reading from DESKTOP-JHEHF28:"D:/agents2026/agents2026/agents/AIDCtms/coolingplate/design/cfd/uc01b_2.4x3.0/fluent/uc01b_cht_v2_n216_q105.cas.h5" in NODE0 mode ...
  Reading mesh ...
     4472280 cells,     3 cell zones ...
        2760804 hexahedral cells,  zone id: 2
        1533156 hexahedral cells,  zone id: 3
         178320 hexahedral cells,  zone id: 4
    13626374 faces,    15 face zones ...
           3576 quadrilateral symmetry faces,  zone id: 17
          27044 quadrilateral symmetry faces,  zone id: 16
          17500 quadrilateral wall faces,  zone id: 15
         503452 quadrilateral interior faces,  zone id: 14
        4509890 quadrilateral interior faces,  zone id: 13
        8193964 quadrilateral interior faces,  zone id: 5
           5500 quadrilateral mass-flow-inlet faces,  zone id: 6
           6720 quadrilateral pressure-outlet faces,  zone id: 7
          29720 quadrilateral wall faces,  zone id: 8
           1600 quadrilateral wall faces,  zone id: 9
         104892 quadrilateral wall faces,  zone id: 10
         104892 quadrilateral wall faces,  zone id: 19
          29720 quadrilateral wall faces,  zone id: 11
          29720 quadrilateral wall faces,  zone id: 18
          58184 quadrilateral symmetry faces,  zone id: 12
     4681156 nodes,     1 node zone  ...
  Done.


Building...
     mesh
	distributing mesh
		pairs....,
		parts....,
		faces....,
		nodes....,
		shadow nodes....,
		cells....,
        bandwidth reduction using Reverse Cuthill-McKee: 697285/5346 = 130.431
     materials,
     interface,
     domains,
	mixture
     zones,
	wall_cu_fluid-shadow
	wall_tim_cu-shadow
	sym:017
	sym:016
	interior:014
	interior:013
	wall_tim_cu
	wall_cu_fluid
	wall_orifice
	wall_heat
	interior
	inlet_jet
	sym
	return_slot:015
	return_slot
	solid_tim2
	solid_cu
	fluid
     parallel,
Done.

Preparing mesh for display...
Done.


> /define/boundary-conditions/zone-type return_slot:015 wall

> /define/boundary-conditions/zone-type return_slot pressure-outlet

> /define/models/viscous/kw-sst yes

> /define/boundary-conditions/set/mass-flow-inlet inlet_jet () mass-flow no 0.00012249382716049385 t no 313.15 q

> /define/boundary-conditions/wall
(return_slot:015 wall_heat wall_orifice wall_cu_fluid wall_tim_cu wall_tim_cu-shadow wall_cu_fluid-shadow)
zone id/name [return_slot:015] wall_heat
Use Profile for Wall Thickness? [no] no
Wall Thickness (constant or expression) (in [m]) [0] 0
Use Profile for Heat Generation Rate? [no] no
Heat Generation Rate (constant or expression) (in [W/m^3]) [0] 0
material-name [tim2]: Change current value? [no] no
Thermal BC Type [heat-flux]: Change current value? [no] yes

Thermal BC Type [heat-flux]> heat-flux
Use Profile for Heat Flux? [no] no
Heat Flux (constant or expression) (in [W/m^2]) [579282.4074074075] 579282.4074074075
Enable shell conduction? [no] no
Use Profile for Convective Augmentation Factor? [no] no
Convective Augmentation Factor (constant or expression) [1] 1

> /report/reference-values/temperature 313.15

> /solve/initialize/set-defaults/temperature 313.15

> /solve/initialize/hyb-initialization
Preparing GPU solver, please wait ...
------------------------------------------------------------------------------------------------------------------------
Rank  PID    Core  OS     Host             Device  Name                     Version  Memory(GB)   Bandwidth  Cores      
------------------------------------------------------------------------------------------------------------------------
0     46984  1/32  win64  DESKTOP-JHEHF28  0/1     NVIDIA GeForce RTX 4090  8.9      23.99/22.44  961.395    128x128    
1     17388  1/32  win64  DESKTOP-JHEHF28  0/1     NVIDIA GeForce RTX 4090  8.9      23.99/22.44  961.395    128x128    
2     45584  1/32  win64  DESKTOP-JHEHF28  0/1     NVIDIA GeForce RTX 4090  8.9      23.99/22.44  961.395    128x128    
3     40772  1/32  win64  DESKTOP-JHEHF28  0/1     NVIDIA GeForce RTX 4090  8.9      23.99/22.44  961.395    128x128    
------------------------------------------------------------------------------------------------------------------------
Bandwidth : 17.552, 5.35028 GB/s
Latency   : 0.11085, 10.7146 usec

Done

> /solve/monitors/residual/criterion-type Available options: (absolute none)
0

> /solve/monitors/residual/check-convergence? yes
Check convergence of x-velocity residuals? [yes] yes
Check convergence of y-velocity residuals? [yes] yes
Check convergence of z-velocity residuals? [yes] yes
Check convergence of energy residuals? [yes] yes
Check convergence of k residuals? [yes] yes
Check convergence of omega residuals? [yes] yes

> /solve/monitors/residual/convergence-criteria
continuity residual convergence criterion [0.0001] 1e-4
x-velocity residual convergence criterion [0.0001] 1e-4
y-velocity residual convergence criterion [0.0001] 1e-4
z-velocity residual convergence criterion [0.0001] 1e-4
energy residual convergence criterion [1e-06] 1e-6
k residual convergence criterion [0.001] 1e-3
omega residual convergence criterion [0.001] 1e-3

> /solve/iterate 3000

  iter  continuity  x-velocity  y-velocity  z-velocity      energy           k       omega     time/iter
     1  8.4553e-02  1.5986e-03  1.5884e-03  2.5591e-02  1.5948e-03  1.8389e-03  4.9964e-02  2:27:23 2999
    activating bcgstab to improve linear solver convergence for coupled/solve
     2  4.9164e-02  1.9367e-03  1.8868e-03  2.3226e-02  1.1731e-03  1.1127e-01  4.8079e-02  3:57:18 2998
Reverse flow on 7 faces of outlet boundary (return_slot).
     3  1.6934e-03  3.9419e-04  3.9041e-04  5.5315e-03  4.1243e-04  6.3127e-02  2.9615e-02  3:29:10 2997
     4  2.1559e-03  3.5957e-03  4.7669e-03  3.8248e-03  4.2130e-04  2.6388e-02  1.7527e-02  2:31:59 2996
     5  5.9852e-03  1.1113e-03  1.3422e-03  3.5648e-03  4.6499e-04  1.1242e-02  9.9048e-03  2:28:19 2995
     6  4.8668e-03  1.4776e-03  2.0661e-03  3.9262e-03  4.9348e-04  4.5244e-03  6.6277e-03  2:45:52 2994
     7  3.2155e-03  1.1862e-03  1.5207e-03  3.5687e-03  5.0952e-04  2.1021e-03  5.3469e-03  3:05:30 2993
     8  2.9560e-03  1.2069e-03  1.5240e-03  3.2449e-03  4.7424e-04  1.6491e-03  4.4380e-03  4:31:10 2992
     9  3.0515e-03  1.1502e-03  1.3927e-03  2.8945e-03  5.5297e-04  1.5477e-03  3.5868e-03  3:04:30 2991
    10  3.5932e-03  7.0078e-04  8.7720e-04  2.1181e-03  4.9192e-04  1.2882e-03  3.2229e-03  4:12:02 2990
    11  4.0827e-03  4.4265e-04  5.8198e-04  1.5687e-03  5.2102e-04  9.2322e-04  2.7186e-03  3:21:44 2989

  iter  continuity  x-velocity  y-velocity  z-velocity      energy           k       omega     time/iter
    12  3.0308e-03  3.4413e-04  4.2714e-04  1.1873e-03  5.0114e-04  6.2776e-04  2.2480e-03  2:48:39 2988
    13  2.0245e-03  3.1823e-04  3.6378e-04  9.3787e-04  5.0311e-04  3.7968e-04  2.0328e-03  3:54:10 2987
    14  1.9002e-03  3.2501e-04  3.4612e-04  7.9711e-04  5.0218e-04  3.5822e-04  1.7168e-03  3:38:21 2986
    15  1.7909e-03  3.3271e-04  3.4108e-04  7.8020e-04  4.8684e-04  5.1684e-04  1.2592e-03  3:34:37 2985
    16  1.4861e-03  3.3538e-04  3.3830e-04  8.8280e-04  4.5894e-04  6.1041e-04  7.5987e-04  3:32:34 2984
    17  7.0172e-04  3.2578e-04  3.2591e-04  9.6651e-04  4.1659e-04  5.6981e-04  4.6080e-04  3:11:34 2983
    18  5.9421e-04  3.1037e-04  3.0990e-04  9.6902e-04  3.8256e-04  4.5748e-04  3.6918e-04  3:12:57 2982
    19  4.9254e-04  2.8781e-04  2.8742e-04  9.0456e-04  3.5613e-04  3.5413e-04  3.4828e-04  2:20:07 2981
    20  4.3557e-04  2.5188e-04  2.5161e-04  7.8471e-04  3.3976e-04  3.0237e-04  3.4537e-04  2:36:48 2980
    21  3.8731e-04  2.4250e-04  2.4203e-04  7.1978e-04  3.2338e-04  2.9228e-04  3.3751e-04  2:35:14 2979
    22  3.5588e-04  2.1984e-04  2.1966e-04  6.4790e-04  3.0831e-04  2.8187e-04  3.2675e-04  2:33:42 2978

  iter  continuity  x-velocity  y-velocity  z-velocity      energy           k       omega     time/iter
    23  3.2917e-04  1.9191e-04  1.9248e-04  5.9087e-04  2.9433e-04  2.5764e-04  3.1813e-04  2:33:12 2977
    24  3.0702e-04  1.6374e-04  1.6451e-04  5.6223e-04  2.8002e-04  2.2897e-04  3.1272e-04  2:24:06 2976
    25  2.8599e-04  1.3421e-04  1.3502e-04  5.4426e-04  2.6751e-04  2.0796e-04  3.1029e-04  2:23:35 2975
    26  2.8668e-04  1.1462e-04  1.1585e-04  4.9231e-04  2.5645e-04  1.9977e-04  3.0916e-04  2:24:13 2974
    27  2.8623e-04  1.0756e-04  1.0923e-04  4.5050e-04  2.4234e-04  1.9516e-04  3.0785e-04  2:17:10 2973
    28  2.8524e-04  1.0439e-04  1.0460e-04  4.1448e-04  2.3323e-04  1.7728e-04  3.0674e-04  2:17:12 2972
    29  2.8883e-04  9.6478e-05  9.5720e-05  4.1338e-04  2.2762e-04  1.7731e-04  3.0558e-04  2:17:21 2971
    30  2.9608e-04  9.4441e-05  9.5359e-05  4.0595e-04  2.2444e-04  1.8774e-04  3.0434e-04  2:17:15 2970
    31  3.1261e-04  9.6028e-05  9.5504e-05  3.9070e-04  2.3054e-04  2.0372e-04  3.0321e-04  3:15:57 2969
    32  3.5010e-04  9.4041e-05  9.5555e-05  4.0753e-04  2.2188e-04  2.1390e-04  3.0296e-04  2:17:17 2968
    33  3.4389e-04  9.3969e-05  9.4902e-05  3.8623e-04  2.2933e-04  2.2614e-04  3.0208e-04  3:06:56 2967

  iter  continuity  x-velocity  y-velocity  z-velocity      energy           k       omega     time/iter
    34  3.7679e-04  9.1744e-05  9.2740e-05  3.7626e-04  2.3414e-04  2.4211e-04  3.0104e-04  3:00:48 2966
    35  3.9570e-04  8.7512e-05  8.7476e-05  3.5617e-04  2.3974e-04  2.4782e-04  2.9988e-04  2:57:22 2965
    36  4.0368e-04  8.1950e-05  8.2653e-05  3.3262e-04  2.4406e-04  2.6098e-04  2.9859e-04  2:54:19 2964
    37  4.1792e-04  7.5116e-05  7.5182e-05  3.1517e-04  2.4789e-04  2.6501e-04  2.9709e-04  2:52:08 2963
    38  4.3460e-04  6.8111e-05  6.8239e-05  2.8796e-04  2.5365e-04  2.8364e-04  2.9530e-04  2:51:36 2962
    39  4.4736e-04  5.7897e-05  5.8728e-05  2.5680e-04  2.6086e-04  2.9060e-04  2.9316e-04  2:50:35 2961
    40  4.5396e-04  5.1014e-05  5.2310e-05  2.2832e-04  2.7053e-04  2.9889e-04  2.9104e-04  2:47:51 2960
    41  4.5901e-04  4.5491e-05  4.7874e-05  2.0578e-04  2.8582e-04  3.0165e-04  2.8890e-04  2:47:15 2959
    42  4.6202e-04  4.0914e-05  4.5690e-05  1.8399e-04  3.0997e-04  3.0977e-04  2.8660e-04  2:46:33 2958
    43  4.5905e-04  3.8279e-05  4.6096e-05  1.6311e-04  3.4193e-04  3.2415e-04  2.8414e-04  2:47:15 2957
    44  4.5671e-04  3.7195e-05  4.8556e-05  1.4389e-04  3.4819e-04  3.1852e-04  2.8210e-04  1:47:45 2956

  iter  continuity  x-velocity  y-velocity  z-velocity      energy           k       omega     time/iter
    45  3.8602e-04  3.4062e-05  4.4716e-05  1.3410e-04  3.5746e-04  2.9608e-04  2.8054e-04  1:47:15 2955
    46  3.4766e-04  3.2951e-05  4.3394e-05  1.2559e-04  3.6381e-04  2.7111e-04  2.7895e-04  1:49:27 2954
    47  3.3233e-04  3.2281e-05  4.3101e-05  1.1912e-04  3.6590e-04  2.5212e-04  2.7730e-04  1:51:48 2953
    48  3.2822e-04  3.1543e-05  4.2787e-05  1.1460e-04  3.6676e-04  2.4148e-04  2.7556e-04  1:56:08 2952
    49  3.3621e-04  3.1277e-05  4.2986e-05  1.1342e-04  3.6729e-04  2.3651e-04  2.7372e-04  2:02:29 2951
    50  3.4667e-04  3.1442e-05  4.3613e-05  1.0557e-04  3.6817e-04  2.3270e-04  2.7185e-04  2:08:58 2950
    51  3.6070e-04  3.1767e-05  4.4135e-05  9.3528e-05  3.6945e-04  2.2745e-04  2.6995e-04  2:13:06 2949
    52  3.7725e-04  3.2847e-05  4.5026e-05  9.3160e-05  3.7098e-04  2.1992e-04  2.6807e-04  2:15:15 2948
    53  3.8739e-04  3.4151e-05  4.6164e-05  8.8039e-05  3.6936e-04  2.1130e-04  2.6628e-04  2:14:31 2947
    54  3.9645e-04  3.6023e-05  4.7385e-05  8.2248e-05  3.6196e-04  1.9662e-04  2.6467e-04  2:14:16 2946
    55  4.0225e-04  3.8269e-05  4.8580e-05  7.7760e-05  3.4878e-04  1.7908e-04  2.6332e-04  2:13:44 2945

  iter  continuity  x-velocity  y-velocity  z-velocity      energy           k       omega     time/iter
    56  4.0418e-04  4.0574e-05  4.9574e-05  7.2037e-05  3.3129e-04  1.5912e-04  2.6232e-04  2:12:54 2944
    57  3.9647e-04  4.2833e-05  5.0420e-05  6.8890e-05  3.1247e-04  1.4092e-04  2.6167e-04  2:12:40 2943
    58  3.7167e-04  4.4881e-05  5.1594e-05  6.7788e-05  2.9436e-04  1.4334e-04  2.6158e-04  2:12:52 2942
    59  3.4451e-04  4.6597e-05  5.3022e-05  6.8554e-05  2.7590e-04  1.6765e-04  2.6204e-04  2:13:53 2941
    60  3.2745e-04  4.7781e-05  5.4563e-05  7.1184e-05  2.5660e-04  1.9744e-04  2.6269e-04  2:13:47 2940
    61  2.9858e-04  4.8143e-05  5.5624e-05  7.3474e-05  2.3816e-04  2.1728e-04  2.6310e-04  2:13:22 2939
    62  2.4925e-04  4.7709e-05  5.5037e-05  7.2134e-05  2.2132e-04  2.1750e-04  2.6323e-04  2:13:17 2938
    63  1.9875e-04  4.7329e-05  5.2843e-05  6.8930e-05  2.1177e-04  1.9921e-04  2.6309e-04  2:13:33 2937
    64  1.6477e-04  4.7651e-05  4.9851e-05  6.4702e-05  2.0724e-04  1.7163e-04  2.6274e-04  2:12:57 2936
    65  1.4805e-04  4.8470e-05  4.6816e-05  5.9861e-05  2.0313e-04  1.4544e-04  2.6234e-04  2:10:08 2935
    66  1.3543e-04  4.9189e-05  4.4276e-05  5.5261e-05  2.0053e-04  1.2638e-04  2.6190e-04  2:07:01 2934

  iter  continuity  x-velocity  y-velocity  z-velocity      energy           k       omega     time/iter
    67  1.2333e-04  4.9707e-05  4.2710e-05  5.0669e-05  1.9934e-04  1.1757e-04  2.6143e-04  2:05:11 2933
    68  1.0801e-04  4.9588e-05  4.2158e-05  4.7050e-05  2.0162e-04  1.1476e-04  2.6100e-04  2:01:12 2932
    69  9.3768e-05  4.8980e-05  4.2387e-05  4.4815e-05  2.0458e-04  1.1379e-04  2.6057e-04  1:58:04 2931
    70  8.2586e-05  4.7713e-05  4.3112e-05  4.3507e-05  2.0806e-04  1.1365e-04  2.6016e-04  1:51:35 2930
    71  7.5578e-05  4.6011e-05  4.4041e-05  4.2537e-05  2.1303e-04  1.1327e-04  2.5980e-04  1:47:10 2929
    72  7.2323e-05  4.4360e-05  4.5054e-05  4.1660e-05  2.1937e-04  1.1315e-04  2.5948e-04  1:41:54 2928
    73  7.0845e-05  4.2984e-05  4.6020e-05  4.0801e-05  2.2443e-04  1.1246e-04  2.5920e-04  1:38:56 2927
    74  7.0962e-05  4.1368e-05  4.6748e-05  3.9898e-05  2.2709e-04  1.1076e-04  2.5866e-04  1:36:00 2926
    75  7.1825e-05  3.9361e-05  4.7301e-05  3.8889e-05  2.2629e-04  1.0619e-04  2.5806e-04  1:36:16 2925
    76  7.2990e-05  3.7452e-05  4.7589e-05  3.7855e-05  2.2149e-04  1.0015e-04  2.5746e-04  1:33:01 2924
    77  7.4295e-05  3.5497e-05  4.7173e-05  3.6912e-05  2.1207e-04  9.4954e-05  2.5687e-04  1:31:43 2923

  iter  continuity  x-velocity  y-velocity  z-velocity      energy           k       omega     time/iter
    78  7.5897e-05  3.3373e-05  4.5511e-05  3.5846e-05  2.0078e-04  8.8888e-05  2.5631e-04  1:32:45 2922
    79  7.7314e-05  3.1270e-05  4.2915e-05  3.4766e-05  1.8842e-04  8.6951e-05  2.5578e-04  1:30:54 2921
    80  7.9040e-05  2.9321e-05  3.9789e-05  3.3632e-05  1.7827e-04  8.2915e-05  2.5528e-04  1:32:18 2920
    81  8.1079e-05  2.7655e-05  3.6526e-05  3.2446e-05  1.6942e-04  8.0365e-05  2.5481e-04  1:33:59 2919
    82  8.2788e-05  2.6254e-05  3.3421e-05  3.1390e-05  1.6187e-04  8.1157e-05  2.5437e-04  1:30:55 2918
    83  8.4178e-05  2.5011e-05  3.0635e-05  3.0460e-05  1.5416e-04  7.9416e-05  2.5395e-04  1:31:47 2917
    84  8.5691e-05  2.3954e-05  2.8316e-05  2.9711e-05  1.4573e-04  7.9327e-05  2.5357e-04  1:33:41 2916
    85  8.6686e-05  2.3148e-05  2.6470e-05  2.9498e-05  1.3694e-04  8.2745e-05  2.5321e-04  1:33:49 2915
    86  8.7016e-05  2.2599e-05  2.4907e-05  2.9698e-05  1.2830e-04  8.2695e-05  2.5287e-04  1:35:56 2914
    87  8.6245e-05  2.2267e-05  2.3637e-05  3.0197e-05  1.2121e-04  8.4708e-05  2.5256e-04  1:38:33 2913
    88  8.3638e-05  2.1999e-05  2.2646e-05  3.0887e-05  1.1567e-04  8.7678e-05  2.5226e-04  1:39:49 2912

  iter  continuity  x-velocity  y-velocity  z-velocity      energy           k       omega     time/iter
    89  7.9171e-05  2.1768e-05  2.1830e-05  3.1597e-05  1.1105e-04  8.9838e-05  2.5199e-04  1:40:47 2911
    90  7.2958e-05  2.1600e-05  2.1197e-05  3.2203e-05  1.0711e-04  9.0099e-05  2.5173e-04  1:42:30 2910
    91  6.5301e-05  2.1470e-05  2.0747e-05  3.2699e-05  1.0239e-04  8.8825e-05  2.5148e-04  1:43:42 2909
    92  5.7449e-05  2.1352e-05  2.0439e-05  3.3129e-05  9.6817e-05  8.6663e-05  2.5125e-04  1:44:08 2908
    93  5.0378e-05  2.1250e-05  2.0228e-05  3.3473e-05  9.0680e-05  8.4327e-05  2.5103e-04  1:45:25 2907
    94  4.4629e-05  2.1168e-05  2.0026e-05  3.3685e-05  8.4095e-05  8.1901e-05  2.5081e-04  1:44:05 2906
    95  4.0294e-05  2.1080e-05  1.9806e-05  3.3799e-05  7.7307e-05  7.8718e-05  2.5061e-04  1:41:07 2905
    96  3.7219e-05  2.0942e-05  1.9510e-05  3.3793e-05  6.9868e-05  7.4986e-05  2.5042e-04  1:39:31 2904
    97  3.5056e-05  2.0727e-05  1.9096e-05  3.3617e-05  6.2207e-05  7.1472e-05  2.5023e-04  1:34:40 2903
    98  3.3504e-05  2.0493e-05  1.8533e-05  3.3216e-05  5.5389e-05  6.8308e-05  2.5006e-04  1:33:09 2902
    99  3.2353e-05  2.0212e-05  1.7838e-05  3.2670e-05  4.9520e-05  6.5368e-05  2.4989e-04  1:31:41 2901

  iter  continuity  x-velocity  y-velocity  z-velocity      energy           k       omega     time/iter
   100  3.1407e-05  1.9875e-05  1.7021e-05  3.2017e-05  4.4330e-05  6.2572e-05  2.4973e-04  1:28:31 2900
   101  3.0475e-05  1.9499e-05  1.6154e-05  3.1299e-05  4.0084e-05  5.9884e-05  2.4959e-04  1:28:47 2899
   102  2.9486e-05  1.9079e-05  1.5303e-05  3.0521e-05  3.6700e-05  5.7348e-05  2.4946e-04  1:27:12 2898
   103  2.8390e-05  1.8627e-05  1.4487e-05  2.9700e-05  3.3958e-05  5.4925e-05  2.4934e-04  1:25:20 2897
   104  2.7177e-05  1.8150e-05  1.3733e-05  2.8842e-05  3.1916e-05  5.2642e-05  2.4923e-04  1:25:44 2896
   105  2.5864e-05  1.7645e-05  1.3038e-05  2.7956e-05  3.0410e-05  5.0469e-05  2.4913e-04  1:25:31 2895
   106  2.4478e-05  1.7109e-05  1.2401e-05  2.7052e-05  2.9178e-05  4.8339e-05  2.4904e-04  1:24:16 2894
   107  2.3060e-05  1.6550e-05  1.1811e-05  2.6151e-05  2.8155e-05  4.6243e-05  2.4896e-04  1:24:24 2893
   108  2.1647e-05  1.5968e-05  1.1273e-05  2.5294e-05  2.7319e-05  4.4177e-05  2.4889e-04  1:24:45 2892
   109  2.0231e-05  1.5371e-05  1.0794e-05  2.4530e-05  2.6569e-05  4.2179e-05  2.4883e-04  1:24:10 2891
   110  1.8852e-05  1.4790e-05  1.0406e-05  2.3867e-05  2.5860e-05  4.0222e-05  2.4878e-04  1:24:06 2890

  iter  continuity  x-velocity  y-velocity  z-velocity      energy           k       omega     time/iter
   111  1.7513e-05  1.4201e-05  1.0119e-05  2.3208e-05  2.5163e-05  3.8379e-05  2.4873e-04  1:24:03 2889
   112  1.6243e-05  1.3588e-05  9.9721e-06  2.2586e-05  2.4497e-05  3.6627e-05  2.4868e-04  1:22:38 2888
   113  1.5012e-05  1.3148e-05  1.0318e-05  2.1891e-05  2.3886e-05  3.5073e-05  2.4865e-04  1:23:54 2887
   114  1.3952e-05  1.2529e-05  1.0455e-05  2.0774e-05  2.3219e-05  3.3589e-05  2.4861e-04  1:23:30 2886
   115  1.3137e-05  1.1821e-05  9.8474e-06  1.9413e-05  2.2509e-05  3.2155e-05  2.4858e-04  1:24:10 2885
   116  1.2488e-05  1.1120e-05  8.5213e-06  1.8222e-05  2.1820e-05  3.0790e-05  2.4856e-04  1:24:10 2884
   117  1.1915e-05  1.0421e-05  7.7162e-06  1.7043e-05  2.1232e-05  2.9628e-05  2.4853e-04  1:23:06 2883
   118  1.1521e-05  9.8175e-06  7.1894e-06  1.6025e-05  2.0797e-05  2.8417e-05  2.4851e-04  1:23:51 2882
   119  1.1319e-05  9.2773e-06  6.8123e-06  1.5205e-05  2.0486e-05  2.7307e-05  2.4848e-04  1:21:41 2881
   120  1.1201e-05  8.7832e-06  6.4900e-06  1.4501e-05  2.0337e-05  2.6275e-05  2.4846e-04  1:21:17 2880
   121  1.1078e-05  8.3358e-06  6.2328e-06  1.3833e-05  2.0412e-05  2.5278e-05  2.4844e-04  1:21:43 2879

  iter  continuity  x-velocity  y-velocity  z-velocity      energy           k       omega     time/iter
   122  1.0901e-05  7.9155e-06  6.0874e-06  1.3299e-05  2.0678e-05  2.4317e-05  2.4841e-04  1:16:49 2878
   123  1.0601e-05  7.5374e-06  6.0376e-06  1.2813e-05  2.1195e-05  2.3456e-05  2.4838e-04  1:17:16 2877
   124  1.0268e-05  7.1889e-06  6.1127e-06  1.2388e-05  2.1928e-05  2.2715e-05  2.4834e-04  1:16:37 2876
   125  9.9180e-06  6.8723e-06  6.2499e-06  1.1993e-05  2.2875e-05  2.2041e-05  2.4831e-04  1:16:34 2875
   126  9.5767e-06  6.5717e-06  6.3432e-06  1.1616e-05  2.4023e-05  2.1412e-05  2.4828e-04  1:16:36 2874
   127  9.2606e-06  6.3181e-06  6.5620e-06  1.1287e-05  2.5333e-05  2.0797e-05  2.4825e-04  1:15:59 2873
   128  8.9684e-06  6.1385e-06  6.8983e-06  1.0949e-05  2.6752e-05  2.0165e-05  2.4822e-04  1:11:34 2872
   129  8.6770e-06  6.0085e-06  7.5257e-06  1.0629e-05  2.8319e-05  1.9559e-05  2.4819e-04  1:11:32 2871
   130  8.3993e-06  5.7945e-06  7.4027e-06  1.0375e-05  2.9976e-05  1.8962e-05  2.4816e-04  1:11:01 2870
   131  8.1293e-06  5.5510e-06  6.9062e-06  1.0138e-05  3.1665e-05  1.8360e-05  2.4814e-04  1:11:15 2869
   132  7.8761e-06  5.3413e-06  6.4921e-06  9.9413e-06  3.3323e-05  1.7744e-05  2.4812e-04  1:09:52 2868

  iter  continuity  x-velocity  y-velocity  z-velocity      energy           k       omega     time/iter
   133  7.6320e-06  5.1336e-06  6.2585e-06  9.7662e-06  3.4881e-05  1.7158e-05  2.4810e-04  1:09:35 2867
   134  7.3938e-06  4.9735e-06  6.1997e-06  9.6000e-06  3.6285e-05  1.6606e-05  2.4808e-04  1:09:10 2866
   135  7.1614e-06  4.8235e-06  6.2353e-06  9.4489e-06  3.7507e-05  1.6009e-05  2.4806e-04  1:08:47 2865
   136  6.9325e-06  4.6800e-06  6.2340e-06  9.3076e-06  3.8483e-05  1.5389e-05  2.4805e-04  1:08:22 2864
   137  6.7082e-06  4.5352e-06  6.1845e-06  9.1600e-06  3.9151e-05  1.4775e-05  2.4804e-04  1:08:30 2863
   138  6.4814e-06  4.3855e-06  6.0943e-06  9.0012e-06  3.9453e-05  1.4158e-05  2.4802e-04  1:08:04 2862
   139  6.2449e-06  4.2349e-06  5.9723e-06  8.8372e-06  3.9401e-05  1.3533e-05  2.4801e-04  1:07:21 2861
   140  5.9968e-06  4.0829e-06  5.8154e-06  8.6729e-06  3.8981e-05  1.2891e-05  2.4800e-04  1:07:08 2860
   141  5.7502e-06  3.9319e-06  5.6393e-06  8.5056e-06  3.8126e-05  1.2271e-05  2.4800e-04  1:06:41 2859
   142  5.5120e-06  3.7828e-06  5.4460e-06  8.3324e-06  3.6825e-05  1.1666e-05  2.4799e-04  1:02:03 2858
   143  5.2973e-06  3.6267e-06  5.2207e-06  8.1334e-06  3.5216e-05  1.1079e-05  2.4798e-04  1:01:43 2857

  iter  continuity  x-velocity  y-velocity  z-velocity      energy           k       omega     time/iter
   144  5.0853e-06  3.4735e-06  4.9867e-06  7.9327e-06  3.3470e-05  1.0555e-05  2.4797e-04  1:06:00 2856
   145  4.8735e-06  3.3230e-06  4.7548e-06  7.7450e-06  3.1502e-05  1.0037e-05  2.4797e-04  1:01:30 2855
   146  4.6728e-06  3.1829e-06  4.5066e-06  7.5361e-06  2.9434e-05  9.5386e-06  2.4796e-04  1:00:42 2854
   147  4.4685e-06  3.0468e-06  4.2542e-06  7.3339e-06  2.7307e-05  9.0717e-06  2.4795e-04  1:02:31 2853
   148  4.2774e-06  2.9096e-06  4.0024e-06  7.1316e-06  2.5165e-05  8.6379e-06  2.4795e-04  1:02:17 2852
   149  4.0938e-06  2.7723e-06  3.7512e-06  6.9311e-06  2.3028e-05  8.2368e-06  2.4794e-04  1:02:13 2851
   150  3.9131e-06  2.6381e-06  3.5034e-06  6.7344e-06  2.0942e-05  7.8666e-06  2.4793e-04  1:02:05 2850
   151  3.7360e-06  2.5086e-06  3.2604e-06  6.5413e-06  1.8953e-05  7.5238e-06  2.4793e-04  1:04:25 2849
   152  3.5713e-06  2.3840e-06  3.0235e-06  6.3522e-06  1.7089e-05  7.2034e-06  2.4792e-04  1:04:04 2848
   153  3.4111e-06  2.2617e-06  2.7926e-06  6.1667e-06  1.5369e-05  6.9052e-06  2.4791e-04  1:03:50 2847
   154  3.2578e-06  2.1467e-06  2.5741e-06  5.9857e-06  1.3796e-05  6.6258e-06  2.4790e-04  1:05:00 2846

  iter  continuity  x-velocity  y-velocity  z-velocity      energy           k       omega     time/iter
   155  3.1110e-06  2.0353e-06  2.3702e-06  5.8099e-06  1.2380e-05  6.3650e-06  2.4790e-04  1:05:13 2845
   156  2.9708e-06  1.9310e-06  2.1806e-06  5.6382e-06  1.1117e-05  6.1198e-06  2.4789e-04  1:04:22 2844
   157  2.8364e-06  1.8383e-06  2.0066e-06  5.4700e-06  1.0002e-05  5.8905e-06  2.4788e-04  1:04:14 2843
   158  2.7059e-06  1.7520e-06  1.8488e-06  5.3054e-06  9.0250e-06  5.6729e-06  2.4787e-04  1:05:39 2842
   159  2.5845e-06  1.6714e-06  1.7056e-06  5.1440e-06  8.1766e-06  5.4628e-06  2.4787e-04  1:05:47 2841
   160  2.4659e-06  1.5968e-06  1.5800e-06  4.9859e-06  7.4415e-06  5.2586e-06  2.4786e-04  1:06:07 2840
   161  2.3478e-06  1.5279e-06  1.4736e-06  4.8306e-06  6.8084e-06  5.0606e-06  2.4785e-04  1:06:41 2839
   162  2.2333e-06  1.4622e-06  1.3859e-06  4.6785e-06  6.2633e-06  4.8643e-06  2.4785e-04  1:06:40 2838
   163  2.1244e-06  1.4026e-06  1.3166e-06  4.5308e-06  5.7960e-06  4.6718e-06  2.4784e-04  1:07:11 2837
   164  2.0210e-06  1.3469e-06  1.2642e-06  4.3871e-06  5.3906e-06  4.4827e-06  2.4783e-04  1:09:29 2836
   165  1.9217e-06  1.2945e-06  1.2272e-06  4.2478e-06  5.0400e-06  4.2959e-06  2.4783e-04  1:07:56 2835

  iter  continuity  x-velocity  y-velocity  z-velocity      energy           k       omega     time/iter
   166  1.8252e-06  1.2444e-06  1.2025e-06  4.1127e-06  4.7338e-06  4.1126e-06  2.4782e-04  1:09:22 2834
   167  1.7320e-06  1.1985e-06  1.1885e-06  3.9814e-06  4.4671e-06  3.9331e-06  2.4782e-04  1:08:49 2833
   168  1.6436e-06  1.1570e-06  1.1824e-06  3.8540e-06  4.2315e-06  3.7567e-06  2.4781e-04  1:10:28 2832
   169  1.5594e-06  1.1183e-06  1.1811e-06  3.7304e-06  4.0238e-06  3.5831e-06  2.4781e-04  1:10:25 2831
   170  1.4783e-06  1.0809e-06  1.1828e-06  3.6110e-06  3.8379e-06  3.4130e-06  2.4780e-04  1:12:00 2830
   171  1.4006e-06  1.0442e-06  1.1875e-06  3.4959e-06  3.6729e-06  3.2467e-06  2.4780e-04  1:11:42 2829
   172  1.3270e-06  1.0083e-06  1.1934e-06  3.3848e-06  3.5235e-06  3.0845e-06  2.4779e-04  1:13:10 2828
   173  1.2565e-06  9.7403e-07  1.1996e-06  3.2775e-06  3.3899e-06  2.9265e-06  2.4779e-04  1:13:00 2827
   174  1.1895e-06  9.4025e-07  1.2053e-06  3.1741e-06  3.2676e-06  2.7735e-06  2.4778e-04  1:14:05 2826
   175  1.1254e-06  9.0754e-07  1.2101e-06  3.0743e-06  3.1553e-06  2.6255e-06  2.4778e-04  1:14:37 2825
   176  1.0644e-06  8.7606e-07  1.2134e-06  2.9782e-06  3.0537e-06  2.4831e-06  2.4778e-04  1:16:27 2824

  iter  continuity  x-velocity  y-velocity  z-velocity      energy           k       omega     time/iter
   177  1.0069e-06  8.4593e-07  1.2151e-06  2.8857e-06  2.9595e-06  2.3464e-06  2.4777e-04  1:16:30 2823
   178  9.5268e-07  8.1726e-07  1.2151e-06  2.7966e-06  2.8720e-06  2.2156e-06  2.4777e-04  1:16:17 2822
   179  9.0117e-07  7.8979e-07  1.2134e-06  2.7110e-06  2.7813e-06  2.0663e-06  2.4777e-04  1:13:07 2821
   180  8.4791e-07  7.6247e-07  1.2079e-06  2.6256e-06  2.7025e-06  1.9295e-06  2.4776e-04  1:11:36 2820
   181  7.9727e-07  7.3714e-07  1.2020e-06  2.5454e-06  2.6284e-06  1.8076e-06  2.4776e-04  1:13:30 2819
   182  7.5112e-07  7.1342e-07  1.1951e-06  2.4688e-06  2.5624e-06  1.6995e-06  2.4776e-04  1:13:17 2818
   183  7.0871e-07  6.9125e-07  1.1874e-06  2.3955e-06  2.5099e-06  1.6222e-06  2.4776e-04  1:17:50 2817
   184  6.7262e-07  6.7156e-07  1.1800e-06  2.3276e-06  2.4507e-06  1.5295e-06  2.4775e-04  1:13:26 2816
   185  6.3569e-07  6.5206e-07  1.1696e-06  2.2581e-06  2.3981e-06  1.4401e-06  2.4775e-04  1:13:34 2815
   186  6.0014e-07  6.3375e-07  1.1583e-06  2.1923e-06  2.3501e-06  1.3559e-06  2.4775e-04  1:13:20 2814
   187  5.6715e-07  6.1648e-07  1.1462e-06  2.1289e-06  2.3058e-06  1.2776e-06  2.4775e-04  1:14:29 2813

  iter  continuity  x-velocity  y-velocity  z-velocity      energy           k       omega     time/iter
   188  5.3639e-07  6.0019e-07  1.1334e-06  2.0678e-06  2.2648e-06  1.2054e-06  2.4775e-04  1:14:31 2812
   189  5.0773e-07  5.8473e-07  1.1198e-06  2.0090e-06  2.2288e-06  1.1387e-06  2.4774e-04  1:13:18 2811
   190  4.8085e-07  5.7014e-07  1.1055e-06  1.9522e-06  2.1937e-06  1.0768e-06  2.4774e-04  1:14:36 2810
   191  4.5568e-07  5.5635e-07  1.0906e-06  1.8974e-06  2.1704e-06  1.0338e-06  2.4774e-04  1:18:58 2809
   192  4.3478e-07  5.4384e-07  1.0759e-06  1.8461e-06  2.1393e-06  9.7713e-07  2.4774e-04  1:14:39 2808
   193  4.1223e-07  5.3128e-07  1.0596e-06  1.7940e-06  2.1197e-06  9.3556e-07  2.4774e-04  1:17:40 2807
   194  3.9322e-07  5.1985e-07  1.0438e-06  1.7458e-06  2.0983e-06  8.9443e-07  2.4774e-04  1:19:14 2806
   195  3.7531e-07  5.0889e-07  1.0274e-06  1.6984e-06  2.0798e-06  8.5253e-07  2.4773e-04  1:19:23 2805
   196  3.5783e-07  4.9834e-07  1.0105e-06  1.6524e-06  2.0624e-06  8.1052e-07  2.4773e-04  1:20:03 2804
   197  3.4106e-07  4.8824e-07  9.9321e-07  1.6076e-06  2.0466e-06  7.6949e-07  2.4773e-04  1:19:23 2803
   198  3.2509e-07  4.7858e-07  9.7572e-07  1.5642e-06  2.0313e-06  7.3058e-07  2.4773e-04  1:18:51 2802

  iter  continuity  x-velocity  y-velocity  z-velocity      energy           k       omega     time/iter
   199  3.0998e-07  4.6933e-07  9.5810e-07  1.5221e-06  2.0168e-06  6.9455e-07  2.4773e-04  1:18:56 2801
   200  2.9582e-07  4.6048e-07  9.4042e-07  1.4812e-06  2.0031e-06  6.6183e-07  2.4773e-04  1:18:42 2800
   201  2.8259e-07  4.5201e-07  9.2274e-07  1.4416e-06  1.9905e-06  6.3248e-07  2.4773e-04  1:18:54 2799
   202  2.7028e-07  4.4391e-07  9.0513e-07  1.4031e-06  1.9793e-06  6.0641e-07  2.4773e-04  1:19:13 2798
   203  2.5888e-07  4.3618e-07  8.8761e-07  1.3658e-06  1.9691e-06  5.8344e-07  2.4773e-04  1:18:48 2797
   204  2.4837e-07  4.2880e-07  8.7022e-07  1.3295e-06  1.9604e-06  5.6355e-07  2.4772e-04  1:18:48 2796
   205  2.3866e-07  4.2177e-07  8.5300e-07  1.2944e-06  1.9534e-06  5.4617e-07  2.4772e-04  1:18:11 2795
   206  2.2970e-07  4.1506e-07  8.3596e-07  1.2602e-06  1.9481e-06  5.3139e-07  2.4772e-04  1:17:47 2794
   207  2.2144e-07  4.0866e-07  8.1913e-07  1.2270e-06  1.9450e-06  5.1925e-07  2.4772e-04  1:17:01 2793
   208  2.1387e-07  4.0255e-07  8.0254e-07  1.1948e-06  1.9431e-06  5.0923e-07  2.4772e-04  1:17:55 2792
   209  2.0692e-07  3.9674e-07  7.8618e-07  1.1635e-06  1.9447e-06  5.0163e-07  2.4772e-04  1:16:35 2791

  iter  continuity  x-velocity  y-velocity  z-velocity      energy           k       omega     time/iter
   210  2.0054e-07  3.9121e-07  7.7009e-07  1.1332e-06  1.9478e-06  4.9606e-07  2.4772e-04  1:18:04 2790
   211  1.9474e-07  3.8596e-07  7.5427e-07  1.1037e-06  1.9548e-06  4.9239e-07  2.4772e-04  1:16:30 2789
   212  1.8946e-07  3.8100e-07  7.3873e-07  1.0752e-06  1.9638e-06  4.9049e-07  2.4772e-04  1:16:08 2788
   213  1.8470e-07  3.7631e-07  7.2350e-07  1.0475e-06  1.9761e-06  4.9026e-07  2.4772e-04  1:15:41 2787
   214  1.8044e-07  3.7189e-07  7.0858e-07  1.0206e-06  1.9914e-06  4.9159e-07  2.4772e-04  1:15:49 2786
   215  1.7666e-07  3.6776e-07  6.9399e-07  9.9461e-07  2.0100e-06  4.9434e-07  2.4772e-04  1:15:53 2785
   216  1.7335e-07  3.6391e-07  6.7975e-07  9.6945e-07  2.0317e-06  4.9841e-07  2.4772e-04  1:15:00 2784
   217  1.7050e-07  3.6032e-07  6.6585e-07  9.4511e-07  2.0561e-06  5.0370e-07  2.4772e-04  1:15:21 2783
   218  1.6809e-07  3.5701e-07  6.5230e-07  9.2159e-07  2.0837e-06  5.1013e-07  2.4772e-04  1:14:56 2782
   219  1.6609e-07  3.5398e-07  6.3912e-07  8.9888e-07  2.1149e-06  5.1760e-07  2.4772e-04  1:15:13 2781
   220  1.6450e-07  3.5123e-07  6.2632e-07  8.7696e-07  2.1488e-06  5.2604e-07  2.4772e-04  1:13:21 2780

  iter  continuity  x-velocity  y-velocity  z-velocity      energy           k       omega     time/iter
   221  1.6330e-07  3.4876e-07  6.1390e-07  8.5583e-07  2.1919e-06  5.4744e-07  2.4772e-04  1:17:23 2779
   222  1.6351e-07  3.4693e-07  6.0228e-07  8.3620e-07  2.2381e-06  5.6741e-07  2.4772e-04  1:16:46 2778
   223  1.6398e-07  3.4543e-07  5.9106e-07  8.1709e-07  2.2867e-06  5.8320e-07  2.4772e-04  1:15:39 2777
   224  1.6448e-07  3.4419e-07  5.8017e-07  7.9861e-07  2.3368e-06  5.9488e-07  2.4771e-04  1:15:46 2776
   225  1.6500e-07  3.4316e-07  5.6957e-07  7.8079e-07  2.3883e-06  6.0451e-07  2.4771e-04  1:15:01 2775
   226  1.6561e-07  3.4236e-07  5.5931e-07  7.6370e-07  2.4410e-06  6.1401e-07  2.4771e-04  1:13:58 2774
   227  1.6646e-07  3.4179e-07  5.4942e-07  7.4739e-07  2.4945e-06  6.2459e-07  2.4771e-04  1:13:43 2773
   228  1.6771e-07  3.4150e-07  5.3993e-07  7.3187e-07  2.5492e-06  6.3669e-07  2.4771e-04  1:13:39 2772
   229  1.6923e-07  3.4150e-07  5.3088e-07  7.1718e-07  2.6053e-06  6.5040e-07  2.4771e-04  1:12:20 2771
   230  1.7101e-07  3.4183e-07  5.2229e-07  7.0334e-07  2.6618e-06  6.6549e-07  2.4771e-04  1:12:44 2770
   231  1.7304e-07  3.4251e-07  5.1420e-07  6.9037e-07  2.7208e-06  6.8173e-07  2.4771e-04  1:12:35 2769

  iter  continuity  x-velocity  y-velocity  z-velocity      energy           k       omega     time/iter
   232  1.7533e-07  3.4355e-07  5.0663e-07  6.7827e-07  2.7822e-06  6.9893e-07  2.4771e-04  1:11:25 2768
   233  1.7792e-07  3.4495e-07  4.9959e-07  6.6707e-07  2.8456e-06  7.1698e-07  2.4771e-04  1:10:56 2767
   234  1.8081e-07  3.4674e-07  4.9310e-07  6.5679e-07  2.9117e-06  7.3583e-07  2.4771e-04  1:09:47 2766
   235  1.8398e-07  3.4891e-07  4.8720e-07  6.4743e-07  2.9782e-06  7.5546e-07  2.4771e-04  1:08:55 2765
   236  1.8741e-07  3.5148e-07  4.8188e-07  6.3901e-07  3.0501e-06  7.7674e-07  2.4771e-04  1:08:42 2764
   237  1.9112e-07  3.5447e-07  4.7719e-07  6.3155e-07  3.1244e-06  7.9850e-07  2.4771e-04  1:07:14 2763
   238  1.9512e-07  3.5784e-07  4.7315e-07  6.2504e-07  3.2013e-06  8.2082e-07  2.4771e-04  1:07:04 2762
   239  1.9937e-07  3.6162e-07  4.6976e-07  6.1948e-07  3.2804e-06  8.4382e-07  2.4772e-04  1:06:50 2761
   240  2.0386e-07  3.6582e-07  4.6705e-07  6.1490e-07  3.3635e-06  8.6758e-07  2.4772e-04  1:05:26 2760
   241  2.0863e-07  3.7046e-07  4.6504e-07  6.1130e-07  3.4486e-06  8.9213e-07  2.4772e-04  1:05:55 2759
   242  2.1366e-07  3.7555e-07  4.6373e-07  6.0867e-07  3.5368e-06  9.1749e-07  2.4772e-04  1:05:42 2758

  iter  continuity  x-velocity  y-velocity  z-velocity      energy           k       omega     time/iter
   243  2.1894e-07  3.8108e-07  4.6313e-07  6.0704e-07  3.6267e-06  9.4372e-07  2.4772e-04  1:05:26 2757
   244  2.2450e-07  3.8706e-07  4.6326e-07  6.0643e-07  3.7202e-06  9.7081e-07  2.4772e-04  1:03:52 2756
   245  2.3029e-07  3.9347e-07  4.6414e-07  6.0678e-07  3.8167e-06  9.9876e-07  2.4772e-04  1:03:56 2755
   246  2.3629e-07  4.0028e-07  4.6575e-07  6.0807e-07  3.9171e-06  1.0276e-06  2.4772e-04  1:04:20 2754
   247  2.4254e-07  4.0752e-07  4.6810e-07  6.1033e-07  4.0285e-06  1.0764e-06  2.4772e-04  1:09:18 2753
   248  2.5077e-07  4.1602e-07  4.7259e-07  6.1564e-07  4.1337e-06  1.1024e-06  2.4772e-04  1:04:46 2752
   249  2.5722e-07  4.2401e-07  4.7632e-07  6.1894e-07  4.2515e-06  1.1446e-06  2.4772e-04  1:07:42 2751
   250  2.6542e-07  4.3329e-07  4.8195e-07  6.2574e-07  4.3609e-06  1.1647e-06  2.4772e-04  1:04:00 2750
   251  2.7181e-07  4.4197e-07  4.8660e-07  6.3047e-07  4.4808e-06  1.2056e-06  2.4772e-04  1:08:00 2749
   252  2.8028e-07  4.5194e-07  4.9332e-07  6.3904e-07  4.6039e-06  1.2483e-06  2.4772e-04  1:08:27 2748
   253  2.8900e-07  4.6234e-07  5.0090e-07  6.4791e-07  4.7191e-06  1.2653e-06  2.4772e-04  1:04:02 2747

  iter  continuity  x-velocity  y-velocity  z-velocity      energy           k       omega     time/iter
   254  2.9499e-07  4.7181e-07  5.0703e-07  6.5464e-07  4.8452e-06  1.3065e-06  2.4773e-04  1:08:50 2746
   255  3.0342e-07  4.8270e-07  5.1547e-07  6.6576e-07  4.9726e-06  1.3522e-06  2.4773e-04  1:07:38 2745
   256  3.1215e-07  4.9408e-07  5.2491e-07  6.7727e-07  5.1043e-06  1.3960e-06  2.4773e-04  1:08:01 2744
   257  3.2127e-07  5.0594e-07  5.3496e-07  6.8936e-07  5.2384e-06  1.4369e-06  2.4773e-04  1:07:34 2743
   258  3.3066e-07  5.1816e-07  5.4547e-07  7.0207e-07  5.3778e-06  1.4762e-06  2.4773e-04  1:07:04 2742
   259  3.4027e-07  5.3075e-07  5.5652e-07  7.1554e-07  5.5166e-06  1.5157e-06  2.4773e-04  1:06:08 2741
   260  3.5009e-07  5.4373e-07  5.6811e-07  7.2983e-07  5.6559e-06  1.5566e-06  2.4773e-04  1:05:50 2740
   261  3.6012e-07  5.5712e-07  5.8030e-07  7.4494e-07  5.7991e-06  1.5994e-06  2.4773e-04  1:05:32 2739
   262  3.7034e-07  5.7088e-07  5.9320e-07  7.6096e-07  5.9460e-06  1.6444e-06  2.4774e-04  1:05:51 2738
   263  3.8086e-07  5.8510e-07  6.0682e-07  7.7786e-07  6.0948e-06  1.6916e-06  2.4774e-04  1:05:46 2737
   264  3.9176e-07  5.9981e-07  6.2120e-07  7.9555e-07  6.2415e-06  1.7406e-06  2.4774e-04  1:05:29 2736

  iter  continuity  x-velocity  y-velocity  z-velocity      energy           k       omega     time/iter
   265  4.0309e-07  6.1505e-07  6.3630e-07  8.1415e-07  6.3934e-06  1.7916e-06  2.4774e-04  1:05:26 2735
   266  4.1476e-07  6.3087e-07  6.5208e-07  8.3366e-07  6.5553e-06  1.8441e-06  2.4775e-04  1:05:30 2734
   267  4.2678e-07  6.4723e-07  6.6853e-07  8.5410e-07  6.7221e-06  1.8984e-06  2.4775e-04  1:05:26 2733
   268  4.3903e-07  6.6394e-07  6.8583e-07  8.7549e-07  6.8980e-06  1.9544e-06  2.4775e-04  1:05:37 2732
   269  4.5169e-07  6.8118e-07  7.0396e-07  8.9774e-07  7.0648e-06  2.0123e-06  2.4775e-04  1:05:02 2731
   270  4.6495e-07  6.9894e-07  7.2284e-07  9.2069e-07  7.2374e-06  2.0719e-06  2.4776e-04  1:05:36 2730
   271  4.7869e-07  7.1720e-07  7.4247e-07  9.4446e-07  7.4199e-06  2.1332e-06  2.4776e-04  1:05:28 2729
   272  4.9285e-07  7.3595e-07  7.6281e-07  9.6915e-07  7.6140e-06  2.1963e-06  2.4776e-04  1:05:12 2728
   273  5.0756e-07  7.5528e-07  7.8385e-07  9.9481e-07  7.8066e-06  2.2614e-06  2.4777e-04  1:04:56 2727
   274  5.2278e-07  7.7521e-07  8.0568e-07  1.0214e-06  8.0031e-06  2.3283e-06  2.4777e-04  1:05:06 2726
   275  5.3844e-07  7.9561e-07  8.2822e-07  1.0487e-06  8.2069e-06  2.3971e-06  2.4777e-04  1:05:02 2725

  iter  continuity  x-velocity  y-velocity  z-velocity      energy           k       omega     time/iter
   276  5.5440e-07  8.1652e-07  8.5142e-07  1.0768e-06  8.4114e-06  2.4679e-06  2.4778e-04  1:05:17 2724
   277  5.7094e-07  8.3809e-07  8.7536e-07  1.1059e-06  8.6284e-06  2.5406e-06  2.4778e-04  1:06:07 2723
   278  5.8798e-07  8.6011e-07  9.0015e-07  1.1358e-06  8.8499e-06  2.6154e-06  2.4779e-04  1:05:11 2722
   279  6.0560e-07  8.8280e-07  9.2566e-07  1.1665e-06  9.0734e-06  2.6925e-06  2.4779e-04  1:06:07 2721
   280  6.2388e-07  9.0599e-07  9.5182e-07  1.1982e-06  9.2990e-06  2.7718e-06  2.4780e-04  1:05:04 2720
   281  6.4272e-07  9.2967e-07  9.7874e-07  1.2307e-06  9.5367e-06  2.8534e-06  2.4780e-04  1:05:11 2719
   282  6.6202e-07  9.5380e-07  1.0065e-06  1.2641e-06  9.7746e-06  2.9372e-06  2.4781e-04  1:05:22 2718
   283  6.8189e-07  9.7833e-07  1.0351e-06  1.2983e-06  1.0019e-05  3.0233e-06  2.4782e-04  1:05:26 2717
   284  7.0232e-07  1.0035e-06  1.0646e-06  1.3334e-06  1.0275e-05  3.1120e-06  2.4782e-04  1:05:09 2716
   285  7.2326e-07  1.0295e-06  1.0950e-06  1.3694e-06  1.0540e-05  3.2032e-06  2.4783e-04  1:05:04 2715
   286  7.4524e-07  1.0560e-06  1.1262e-06  1.4063e-06  1.0817e-05  3.2970e-06  2.4784e-04  1:05:06 2714

  iter  continuity  x-velocity  y-velocity  z-velocity      energy           k       omega     time/iter
   287  7.6795e-07  1.0832e-06  1.1582e-06  1.4442e-06  1.1101e-05  3.3933e-06  2.4784e-04  1:05:17 2713
   288  7.9111e-07  1.1113e-06  1.1911e-06  1.4829e-06  1.1397e-05  3.4922e-06  2.4785e-04  1:05:08 2712
   289  8.1504e-07  1.1401e-06  1.2250e-06  1.5227e-06  1.1712e-05  3.5939e-06  2.4786e-04  1:06:46 2711
   290  8.3937e-07  1.1695e-06  1.2599e-06  1.5630e-06  1.2035e-05  3.6983e-06  2.4787e-04  1:05:43 2710
   291  8.6444e-07  1.1993e-06  1.2957e-06  1.6044e-06  1.2371e-05  3.8054e-06  2.4788e-04  1:05:45 2709
   292  8.9005e-07  1.2300e-06  1.3326e-06  1.6469e-06  1.2721e-05  3.9151e-06  2.4789e-04  1:05:00 2708
   293  9.1669e-07  1.2611e-06  1.3705e-06  1.6899e-06  1.3084e-05  4.0278e-06  2.4790e-04  1:05:17 2707
   294  9.4431e-07  1.2933e-06  1.4097e-06  1.7337e-06  1.3459e-05  4.1439e-06  2.4791e-04  1:05:19 2706
   295  9.7297e-07  1.3266e-06  1.4496e-06  1.7783e-06  1.3842e-05  4.2629e-06  2.4792e-04  1:05:21 2705
   296  1.0025e-06  1.3600e-06  1.4906e-06  1.8238e-06  1.4235e-05  4.3846e-06  2.4794e-04  1:05:28 2704
   297  1.0330e-06  1.3939e-06  1.5327e-06  1.8701e-06  1.4596e-05  4.4329e-06  2.4795e-04  1:00:23 2703

  iter  continuity  x-velocity  y-velocity  z-velocity      energy           k       omega     time/iter
   298  1.0574e-06  1.4242e-06  1.5682e-06  1.9079e-06  1.4992e-05  4.5748e-06  2.4796e-04  1:05:35 2702
   299  1.0898e-06  1.4592e-06  1.6119e-06  1.9602e-06  1.5384e-05  4.7445e-06  2.4798e-04  1:05:25 2701
   300  1.1266e-06  1.4961e-06  1.6598e-06  2.0123e-06  1.5734e-05  4.8276e-06  2.4799e-04  1:00:39 2700
   301  1.1563e-06  1.5292e-06  1.7005e-06  2.0537e-06  1.6123e-05  4.9962e-06  2.4800e-04  1:05:49 2699
   302  1.1935e-06  1.5674e-06  1.7492e-06  2.1095e-06  1.6469e-05  5.0924e-06  2.4802e-04  1:01:06 2698
   303  1.2254e-06  1.6019e-06  1.7922e-06  2.1527e-06  1.6850e-05  5.2819e-06  2.4804e-04  1:05:19 2697
   304  1.2655e-06  1.6414e-06  1.8436e-06  2.2104e-06  1.7197e-05  5.3905e-06  2.4805e-04  1:00:38 2696
   305  1.2996e-06  1.6770e-06  1.8895e-06  2.2546e-06  1.7576e-05  5.5902e-06  2.4807e-04  1:05:01 2695
   306  1.3417e-06  1.7174e-06  1.9437e-06  2.3131e-06  1.7916e-05  5.6997e-06  2.4809e-04  1:00:19 2694
   307  1.3769e-06  1.7534e-06  1.9912e-06  2.3581e-06  1.8252e-05  5.8035e-06  2.4811e-04  1:00:39 2693
   308  1.4105e-06  1.7895e-06  2.0368e-06  2.4060e-06  1.8588e-05  5.9295e-06  2.4813e-04  1:00:33 2692

  iter  continuity  x-velocity  y-velocity  z-velocity      energy           k       omega     time/iter
   309  1.4450e-06  1.8257e-06  2.0831e-06  2.4550e-06  1.8960e-05  6.1880e-06  2.4815e-04  1:04:54 2691
   310  1.4920e-06  1.8683e-06  2.1419e-06  2.5182e-06  1.9268e-05  6.3400e-06  2.4817e-04  1:00:21 2690
   311  1.5327e-06  1.9051e-06  2.1930e-06  2.5654e-06  1.9578e-05  6.4650e-06  2.4819e-04  1:00:34 2689
   312  1.5705e-06  1.9400e-06  2.2406e-06  2.6136e-06  1.9871e-05  6.5961e-06  2.4821e-04  1:00:22 2688
   313  1.6086e-06  1.9746e-06  2.2880e-06  2.6616e-06  2.0155e-05  6.7460e-06  2.4823e-04  1:00:24 2687
   314  1.6485e-06  2.0086e-06  2.3367e-06  2.7100e-06  2.0421e-05  6.9118e-06  2.4826e-04  1:00:08 2686
   315  1.6894e-06  2.0421e-06  2.3870e-06  2.7579e-06  2.0668e-05  7.0843e-06  2.4828e-04  1:00:22 2685
   316  1.7316e-06  2.0749e-06  2.4378e-06  2.8061e-06  2.0886e-05  7.2572e-06  2.4831e-04  1:00:16 2684
   317  1.7749e-06  2.1066e-06  2.4887e-06  2.8533e-06  2.1106e-05  7.4265e-06  2.4833e-04  1:00:21 2683
   318  1.8181e-06  2.1373e-06  2.5389e-06  2.8991e-06  2.1304e-05  7.5915e-06  2.4836e-04  1:00:34 2682
   319  1.8610e-06  2.1663e-06  2.5883e-06  2.9431e-06  2.1499e-05  7.7516e-06  2.4839e-04  1:00:13 2681

  iter  continuity  x-velocity  y-velocity  z-velocity      energy           k       omega     time/iter
   320  1.9031e-06  2.1936e-06  2.6360e-06  2.9849e-06  2.1688e-05  7.9066e-06  2.4841e-04  1:00:08 2680
   321  1.9451e-06  2.2188e-06  2.6820e-06  3.0246e-06  2.1855e-05  8.0575e-06  2.4844e-04  1:00:11 2679
   322  1.9862e-06  2.2428e-06  2.7267e-06  3.0621e-06  2.2012e-05  8.2040e-06  2.4847e-04  1:00:17 2678
   323  2.0264e-06  2.2645e-06  2.7692e-06  3.0966e-06  2.2158e-05  8.3433e-06  2.4850e-04  1:00:07 2677
   324  2.0656e-06  2.2840e-06  2.8090e-06  3.1290e-06  2.2285e-05  8.4768e-06  2.4853e-04  1:00:11 2676
   325  2.1033e-06  2.3006e-06  2.8467e-06  3.1586e-06  2.2403e-05  8.6037e-06  2.4856e-04  1:00:00 2675
   326  2.1394e-06  2.3144e-06  2.8819e-06  3.1852e-06  2.2504e-05  8.7204e-06  2.4859e-04  0:59:55 2674
   327  2.1739e-06  2.3257e-06  2.9132e-06  3.2092e-06  2.2582e-05  8.8275e-06  2.4862e-04  0:59:59 2673
   328  2.2064e-06  2.3336e-06  2.9414e-06  3.2297e-06  2.2625e-05  8.9246e-06  2.4865e-04  1:00:18 2672
   329  2.2367e-06  2.3381e-06  2.9654e-06  3.2468e-06  2.2642e-05  9.0099e-06  2.4868e-04  1:00:18 2671
   330  2.2650e-06  2.3390e-06  2.9856e-06  3.2596e-06  2.2627e-05  9.0845e-06  2.4871e-04  0:59:57 2670

  iter  continuity  x-velocity  y-velocity  z-velocity      energy           k       omega     time/iter
   331  2.2908e-06  2.3368e-06  3.0017e-06  3.2682e-06  2.2582e-05  9.1472e-06  2.4875e-04  0:59:53 2669
   332  2.3143e-06  2.3312e-06  3.0127e-06  3.2722e-06  2.2493e-05  9.1973e-06  2.4878e-04  1:00:09 2668
   333  2.3342e-06  2.3215e-06  3.0182e-06  3.2715e-06  2.2372e-05  9.2346e-06  2.4881e-04  1:00:04 2667
   334  2.3508e-06  2.3083e-06  3.0196e-06  3.2664e-06  2.2213e-05  9.2571e-06  2.4884e-04  1:00:36 2666
   335  2.3641e-06  2.2911e-06  3.0151e-06  3.2572e-06  2.2016e-05  9.2630e-06  2.4887e-04  1:01:33 2665
   336  2.3734e-06  2.2700e-06  3.0057e-06  3.2429e-06  2.1795e-05  9.2512e-06  2.4890e-04  0:59:59 2664
   337  2.3790e-06  2.2448e-06  2.9905e-06  3.2237e-06  2.1535e-05  9.2208e-06  2.4893e-04  1:01:36 2663
   338  2.3807e-06  2.2151e-06  2.9694e-06  3.1998e-06  2.1237e-05  9.1720e-06  2.4896e-04  1:01:32 2662
   339  2.3785e-06  2.1815e-06  2.9418e-06  3.1713e-06  2.0915e-05  9.1033e-06  2.4898e-04  1:01:48 2661
   340  2.3711e-06  2.1439e-06  2.9088e-06  3.1382e-06  2.0562e-05  9.0035e-06  2.4901e-04  1:01:45 2660
   341  2.3591e-06  2.1020e-06  2.8688e-06  3.1001e-06  2.0171e-05  8.8873e-06  2.4904e-04  1:01:17 2659

  iter  continuity  x-velocity  y-velocity  z-velocity      energy           k       omega     time/iter
   342  2.3423e-06  2.0561e-06  2.8225e-06  3.0565e-06  1.9745e-05  8.7537e-06  2.4906e-04  1:01:19 2658
   343  2.3196e-06  2.0069e-06  2.7696e-06  3.0085e-06  1.9282e-05  8.5999e-06  2.4909e-04  1:01:15 2657
   344  2.2923e-06  1.9546e-06  2.7102e-06  2.9562e-06  1.8789e-05  8.4251e-06  2.4911e-04  1:01:50 2656
   345  2.2599e-06  1.8991e-06  2.6445e-06  2.8995e-06  1.8254e-05  8.2280e-06  2.4913e-04  1:02:06 2655
   346  2.2219e-06  1.8404e-06  2.5727e-06  2.8379e-06  1.7693e-05  8.0082e-06  2.4916e-04  1:02:46 2654
   347  2.1788e-06  1.7788e-06  2.4946e-06  2.7722e-06  1.7098e-05  7.7657e-06  2.4918e-04  1:01:58 2653
   348  2.1306e-06  1.7145e-06  2.4113e-06  2.7026e-06  1.6479e-05  7.4826e-06  2.4920e-04  1:01:32 2652
   349  2.0769e-06  1.6476e-06  2.3225e-06  2.6291e-06  1.5830e-05  7.1820e-06  2.4921e-04  1:01:22 2651
   350  2.0180e-06  1.5786e-06  2.2294e-06  2.5507e-06  1.5153e-05  6.8664e-06  2.4923e-04  1:03:36 2650
   351  1.9545e-06  1.5084e-06  2.1328e-06  2.4701e-06  1.4453e-05  6.5367e-06  2.4925e-04  1:03:59 2649
   352  1.8873e-06  1.4367e-06  2.0327e-06  2.3870e-06  1.3730e-05  6.1886e-06  2.4926e-04  1:05:12 2648

  iter  continuity  x-velocity  y-velocity  z-velocity      energy           k       omega     time/iter
   353  1.8164e-06  1.3656e-06  1.9292e-06  2.3022e-06  1.2989e-05  5.8339e-06  2.4927e-04  1:04:41 2647
   354  1.7422e-06  1.2951e-06  1.8229e-06  2.2161e-06  1.2234e-05  5.4736e-06  2.4928e-04  1:04:45 2646
   355  1.6653e-06  1.2266e-06  1.7156e-06  2.1294e-06  1.1468e-05  5.1089e-06  2.4929e-04  1:05:30 2645
   356  1.5857e-06  1.1606e-06  1.6080e-06  2.0431e-06  1.0697e-05  4.7426e-06  2.4930e-04  1:06:27 2644
   357  1.5039e-06  1.0981e-06  1.5008e-06  1.9564e-06  9.9291e-06  4.3788e-06  2.4931e-04  1:06:56 2643
   358  1.4210e-06  1.0402e-06  1.3957e-06  1.8724e-06  9.1686e-06  4.0213e-06  2.4931e-04  1:07:34 2642
   359  1.3381e-06  9.8815e-07  1.2944e-06  1.7918e-06  8.4275e-06  3.6743e-06  2.4932e-04  1:07:50 2641
   360  1.2564e-06  9.4275e-07  1.1993e-06  1.7156e-06  7.7164e-06  3.3473e-06  2.4932e-04  1:05:34 2640
   361  1.1767e-06  9.0511e-07  1.1124e-06  1.6446e-06  7.0519e-06  3.0469e-06  2.4932e-04  1:05:04 2639
   362  1.1003e-06  8.7596e-07  1.0361e-06  1.5800e-06  6.4536e-06  2.7815e-06  2.4932e-04  1:03:29 2638
   363  1.0287e-06  8.5549e-07  9.7297e-07  1.5227e-06  5.9428e-06  2.5605e-06  2.4932e-04  1:03:01 2637

  iter  continuity  x-velocity  y-velocity  z-velocity      energy           k       omega     time/iter
   364  9.6352e-07  8.4389e-07  9.2542e-07  1.4738e-06  5.5413e-06  2.3931e-06  2.4932e-04  1:01:20 2636
   365  9.0642e-07  8.4081e-07  8.9523e-07  1.4336e-06  5.2721e-06  2.2860e-06  2.4931e-04  1:02:16 2635
   366  8.5906e-07  8.4512e-07  8.8321e-07  1.4026e-06  5.1498e-06  2.2439e-06  2.4931e-04  1:02:10 2634
   367  8.2271e-07  8.5573e-07  8.8857e-07  1.3810e-06  5.1747e-06  2.2639e-06  2.4930e-04  1:01:58 2633
   368  7.9862e-07  8.7135e-07  9.0923e-07  1.3682e-06  5.3331e-06  2.3373e-06  2.4930e-04  1:00:50 2632
   369  7.8704e-07  8.9061e-07  9.4231e-07  1.3634e-06  5.5996e-06  2.4521e-06  2.4929e-04  0:59:08 2631
   370  7.8743e-07  9.1227e-07  9.8446e-07  1.3656e-06  5.9431e-06  2.5946e-06  2.4928e-04  0:59:09 2630
   371  7.9824e-07  9.3488e-07  1.0326e-06  1.3734e-06  6.3382e-06  2.7525e-06  2.4927e-04  0:59:48 2629
   372  8.1732e-07  9.5735e-07  1.0835e-06  1.3851e-06  6.7602e-06  2.9141e-06  2.4926e-04  0:59:55 2628
   373  8.4253e-07  9.7869e-07  1.1352e-06  1.3992e-06  7.1913e-06  3.0733e-06  2.4925e-04  0:59:23 2627
   374  8.7165e-07  9.9823e-07  1.1854e-06  1.4141e-06  7.6109e-06  3.2250e-06  2.4924e-04  1:00:23 2626

  iter  continuity  x-velocity  y-velocity  z-velocity      energy           k       omega     time/iter
   375  9.0242e-07  1.0151e-06  1.2322e-06  1.4287e-06  8.0093e-06  3.3648e-06  2.4923e-04  0:59:53 2625
   376  9.3311e-07  1.0288e-06  1.2751e-06  1.4418e-06  8.3766e-06  3.4898e-06  2.4922e-04  1:00:35 2624
   377  9.6219e-07  1.0388e-06  1.3130e-06  1.4522e-06  8.7064e-06  3.5977e-06  2.4921e-04  1:00:41 2623
   378  9.8889e-07  1.0447e-06  1.3447e-06  1.4585e-06  8.9907e-06  3.6866e-06  2.4920e-04  0:59:40 2622
   379  1.0122e-06  1.0462e-06  1.3700e-06  1.4605e-06  9.2242e-06  3.7553e-06  2.4919e-04  1:00:08 2621
   380  1.0312e-06  1.0434e-06  1.3884e-06  1.4584e-06  9.4051e-06  3.8031e-06  2.4918e-04  1:00:37 2620
   381  1.0456e-06  1.0359e-06  1.3996e-06  1.4512e-06  9.5312e-06  3.8294e-06  2.4917e-04  1:02:19 2619
   382  1.0549e-06  1.0237e-06  1.4036e-06  1.4385e-06  9.6031e-06  3.8341e-06  2.4915e-04  1:00:43 2618
   383  1.0588e-06  1.0070e-06  1.4005e-06  1.4202e-06  9.6136e-06  3.8175e-06  2.4914e-04  1:01:35 2617
   384  1.0573e-06  9.8594e-07  1.3905e-06  1.3977e-06  9.5698e-06  3.7800e-06  2.4913e-04  1:01:54 2616
   385  1.0502e-06  9.6070e-07  1.3735e-06  1.3705e-06  9.4703e-06  3.7225e-06  2.4912e-04  1:00:18 2615

  iter  continuity  x-velocity  y-velocity  z-velocity      energy           k       omega     time/iter
   386  1.0379e-06  9.3162e-07  1.3498e-06  1.3387e-06  9.3159e-06  3.6459e-06  2.4911e-04  1:00:20 2614
   387  1.0209e-06  8.9906e-07  1.3195e-06  1.3024e-06  9.1082e-06  3.5508e-06  2.4911e-04  0:59:45 2613
   388  9.9895e-07  8.6333e-07  1.2831e-06  1.2614e-06  8.8527e-06  3.4385e-06  2.4910e-04  0:59:53 2612
   389  9.7249e-07  8.2478e-07  1.2415e-06  1.2167e-06  8.5534e-06  3.3105e-06  2.4909e-04  1:00:15 2611
   390  9.4181e-07  7.8392e-07  1.1953e-06  1.1691e-06  8.2128e-06  3.1681e-06  2.4908e-04  1:00:40 2610
   391  9.0720e-07  7.4127e-07  1.1449e-06  1.1187e-06  7.8374e-06  3.0133e-06  2.4908e-04  1:01:17 2609
   392  8.6925e-07  6.9755e-07  1.0909e-06  1.0669e-06  7.4290e-06  2.8478e-06  2.4907e-04  0:59:54 2608
   393  8.2833e-07  6.5363e-07  1.0341e-06  1.0148e-06  6.9966e-06  2.6728e-06  2.4907e-04  1:01:54 2607
   394  7.8512e-07  6.1014e-07  9.7515e-07  9.6287e-07  6.5431e-06  2.4910e-06  2.4906e-04  1:01:59 2606
   395  7.4012e-07  5.6810e-07  9.1496e-07  9.1166e-07  6.0775e-06  2.3043e-06  2.4906e-04  1:02:04 2605
   396  6.9376e-07  5.2838e-07  8.5441e-07  8.6210e-07  5.6076e-06  2.1151e-06  2.4906e-04  0:59:43 2604

  iter  continuity  x-velocity  y-velocity  z-velocity      energy           k       omega     time/iter
   397  6.4669e-07  4.9210e-07  7.9453e-07  8.1502e-07  5.1420e-06  1.9263e-06  2.4905e-04  1:00:40 2603
   398  5.9953e-07  4.6044e-07  7.3638e-07  7.7120e-07  4.6890e-06  1.7410e-06  2.4905e-04  0:59:25 2602
   399  5.5316e-07  4.3459e-07  6.8128e-07  7.3171e-07  4.2618e-06  1.5641e-06  2.4905e-04  0:59:00 2601
   400  5.0839e-07  4.1559e-07  6.3070e-07  6.9749e-07  3.8734e-06  1.4006e-06  2.4905e-04  0:59:12 2600
   401  4.6625e-07  4.0413e-07  5.8622e-07  6.6935e-07  3.5400e-06  1.2577e-06  2.4906e-04  0:59:07 2599
   402  4.2794e-07  4.0029e-07  5.4947e-07  6.4782e-07  3.2789e-06  1.1436e-06  2.4906e-04  0:59:00 2598
   403  3.9475e-07  4.0369e-07  5.2191e-07  6.3331e-07  3.1055e-06  1.0673e-06  2.4906e-04  0:58:52 2597
   404  3.6813e-07  4.1342e-07  5.0461e-07  6.2588e-07  3.0298e-06  1.0358e-06  2.4906e-04  0:58:06 2596
   405  3.4944e-07  4.2823e-07  4.9796e-07  6.2522e-07  3.0512e-06  1.0503e-06  2.4907e-04  0:58:13 2595
   406  3.3963e-07  4.4677e-07  5.0154e-07  6.3067e-07  3.1587e-06  1.1062e-06  2.4907e-04  0:58:51 2594
   407  3.3890e-07  4.6771e-07  5.1413e-07  6.4135e-07  3.3335e-06  1.1939e-06  2.4908e-04  0:57:59 2593

  iter  continuity  x-velocity  y-velocity  z-velocity      energy           k       omega     time/iter
   408  3.4670e-07  4.8999e-07  5.3400e-07  6.5630e-07  3.5564e-06  1.3035e-06  2.4908e-04  0:57:51 2592
   409  3.6165e-07  5.1266e-07  5.5932e-07  6.7452e-07  3.8076e-06  1.4260e-06  2.4909e-04  0:57:56 2591
   410  3.8208e-07  5.3494e-07  5.8827e-07  6.9498e-07  4.0733e-06  1.5548e-06  2.4909e-04  0:58:04 2590
   411  4.0639e-07  5.5631e-07  6.1924e-07  7.1667e-07  4.3418e-06  1.6846e-06  2.4910e-04  0:57:49 2589
   412  4.3303e-07  5.7623e-07  6.5096e-07  7.3884e-07  4.6041e-06  1.8121e-06  2.4911e-04  0:57:53 2588
   413  4.6078e-07  5.9447e-07  6.8237e-07  7.6096e-07  4.8540e-06  1.9345e-06  2.4912e-04  0:57:47 2587
   414  4.8891e-07  6.1078e-07  7.1264e-07  7.8237e-07  5.0854e-06  2.0496e-06  2.4912e-04  0:58:23 2586
   415  5.1667e-07  6.2488e-07  7.4114e-07  8.0255e-07  5.2982e-06  2.1562e-06  2.4913e-04  0:58:26 2585
   416  5.4332e-07  6.3672e-07  7.6732e-07  8.2119e-07  5.4920e-06  2.2528e-06  2.4914e-04  0:58:37 2584
   417  5.6847e-07  6.4613e-07  7.9090e-07  8.3796e-07  5.6647e-06  2.3390e-06  2.4915e-04  0:58:11 2583
   418  5.9183e-07  6.5309e-07  8.1149e-07  8.5251e-07  5.8093e-06  2.4139e-06  2.4916e-04  0:58:27 2582

  iter  continuity  x-velocity  y-velocity  z-velocity      energy           k       omega     time/iter
   419  6.1302e-07  6.5758e-07  8.2892e-07  8.6489e-07  5.9274e-06  2.4772e-06  2.4916e-04  0:58:47 2581
   420  6.3173e-07  6.5957e-07  8.4313e-07  8.7481e-07  6.0218e-06  2.5284e-06  2.4917e-04  0:58:20 2580
   421  6.4794e-07  6.5915e-07  8.5397e-07  8.8209e-07  6.0899e-06  2.5675e-06  2.4918e-04  0:58:29 2579
   422  6.6152e-07  6.5629e-07  8.6142e-07  8.8661e-07  6.1311e-06  2.5945e-06  2.4919e-04  0:58:35 2578
   423  6.7229e-07  6.5101e-07  8.6526e-07  8.8832e-07  6.1503e-06  2.6091e-06  2.4920e-04  0:58:17 2577
   424  6.8029e-07  6.4346e-07  8.6533e-07  8.8729e-07  6.1435e-06  2.6115e-06  2.4921e-04  0:59:32 2576
   425  6.8538e-07  6.3366e-07  8.6187e-07  8.8350e-07  6.1122e-06  2.6017e-06  2.4921e-04  0:58:24 2575
   426  6.8768e-07  6.2175e-07  8.5483e-07  8.7690e-07  6.0589e-06  2.5802e-06  2.4922e-04  0:59:46 2574
   427  6.8717e-07  6.0791e-07  8.4455e-07  8.6751e-07  5.9786e-06  2.5472e-06  2.4923e-04  1:00:05 2573
   428  6.8384e-07  5.9230e-07  8.3101e-07  8.5487e-07  5.8765e-06  2.5032e-06  2.4923e-04  0:59:35 2572
   429  6.7753e-07  5.7501e-07  8.1440e-07  8.3967e-07  5.7523e-06  2.4483e-06  2.4924e-04  0:59:43 2571

  iter  continuity  x-velocity  y-velocity  z-velocity      energy           k       omega     time/iter
   430  6.6862e-07  5.5611e-07  7.9464e-07  8.2264e-07  5.6098e-06  2.3831e-06  2.4925e-04  0:59:49 2570
   431  6.5714e-07  5.3579e-07  7.7181e-07  8.0345e-07  5.4493e-06  2.3082e-06  2.4925e-04  1:00:18 2569
   432  6.4307e-07  5.1427e-07  7.4630e-07  7.8222e-07  5.2700e-06  2.2244e-06  2.4926e-04  1:00:13 2568
   433  6.2646e-07  4.9178e-07  7.1830e-07  7.5909e-07  5.0741e-06  2.1324e-06  2.4926e-04  0:59:22 2567
   434  6.0756e-07  4.6862e-07  6.8816e-07  7.3417e-07  4.8624e-06  2.0327e-06  2.4927e-04  0:59:02 2566
   435  5.8667e-07  4.4502e-07  6.5592e-07  7.0786e-07  4.6377e-06  1.9263e-06  2.4927e-04  0:59:25 2565
   436  5.6387e-07  4.2123e-07  6.2204e-07  6.8054e-07  4.4007e-06  1.8143e-06  2.4927e-04  0:59:16 2564
   437  5.3938e-07  3.9753e-07  5.8665e-07  6.5254e-07  4.1529e-06  1.6977e-06  2.4928e-04  0:59:24 2563
   438  5.1339e-07  3.7433e-07  5.5005e-07  6.2424e-07  3.8978e-06  1.5763e-06  2.4928e-04  0:59:10 2562
   439  4.8614e-07  3.5201e-07  5.1279e-07  5.9598e-07  3.6394e-06  1.4548e-06  2.4928e-04  0:59:57 2561
   440  4.5800e-07  3.3110e-07  4.7550e-07  5.6832e-07  3.3791e-06  1.3315e-06  2.4928e-04  0:59:47 2560

  iter  continuity  x-velocity  y-velocity  z-velocity      energy           k       omega     time/iter
   441  4.2928e-07  3.1213e-07  4.3872e-07  5.4174e-07  3.1210e-06  1.2100e-06  2.4928e-04  0:59:34 2559
   442  4.0040e-07  2.9570e-07  4.0318e-07  5.1683e-07  2.8700e-06  1.0923e-06  2.4928e-04  1:00:05 2558
   443  3.7187e-07  2.8243e-07  3.6977e-07  4.9409e-07  2.6321e-06  9.8135e-07  2.4928e-04  0:59:25 2557
   444  3.4428e-07  2.7278e-07  3.3956e-07  4.7409e-07  2.4144e-06  8.8075e-07  2.4928e-04  0:59:32 2556
   445  3.1829e-07  2.6708e-07  3.1381e-07  4.5739e-07  2.2254e-06  7.9539e-07  2.4928e-04  0:58:39 2555
   446  2.9468e-07  2.6544e-07  2.9391e-07  4.4450e-07  2.0751e-06  7.3077e-07  2.4928e-04  0:57:42 2554
   447  2.7438e-07  2.6771e-07  2.8109e-07  4.3572e-07  1.9731e-06  6.9237e-07  2.4928e-04  0:57:45 2553
   448  2.5829e-07  2.7359e-07  2.7617e-07  4.3113e-07  1.9262e-06  6.8379e-07  2.4928e-04  0:57:55 2552
   449  2.4735e-07  2.8249e-07  2.7921e-07  4.3080e-07  1.9365e-06  7.0415e-07  2.4928e-04  0:57:24 2551
   450  2.4215e-07  2.9375e-07  2.8948e-07  4.3446e-07  1.9999e-06  7.4911e-07  2.4927e-04  0:57:45 2550
   451  2.4277e-07  3.0669e-07  3.0567e-07  4.4157e-07  2.1075e-06  8.1231e-07  2.4927e-04  0:58:02 2549

  iter  continuity  x-velocity  y-velocity  z-velocity      energy           k       omega     time/iter
   452  2.4880e-07  3.2070e-07  3.2622e-07  4.5156e-07  2.2492e-06  8.8733e-07  2.4927e-04  0:57:23 2548
   453  2.5942e-07  3.3520e-07  3.4959e-07  4.6378e-07  2.4135e-06  9.6885e-07  2.4926e-04  0:58:14 2547
   454  2.7351e-07  3.4972e-07  3.7454e-07  4.7750e-07  2.5913e-06  1.0528e-06  2.4926e-04  0:57:31 2546
   455  2.9007e-07  3.6379e-07  4.0003e-07  4.9205e-07  2.7746e-06  1.1363e-06  2.4925e-04  0:57:32 2545
   456  3.0808e-07  3.7708e-07  4.2526e-07  5.0683e-07  2.9568e-06  1.2171e-06  2.4925e-04  0:57:23 2544
   457  3.2669e-07  3.8930e-07  4.4947e-07  5.2124e-07  3.1337e-06  1.2935e-06  2.4925e-04  0:57:16 2543
   458  3.4518e-07  4.0021e-07  4.7227e-07  5.3485e-07  3.3012e-06  1.3644e-06  2.4924e-04  0:57:17 2542
   459  3.6298e-07  4.0965e-07  4.9327e-07  5.4746e-07  3.4567e-06  1.4288e-06  2.4924e-04  0:57:04 2541
   460  3.7971e-07  4.1745e-07  5.1210e-07  5.5867e-07  3.5969e-06  1.4859e-06  2.4923e-04  0:57:59 2540
   461  3.9513e-07  4.2351e-07  5.2850e-07  5.6830e-07  3.7206e-06  1.5352e-06  2.4923e-04  0:57:06 2539
   462  4.0901e-07  4.2770e-07  5.4232e-07  5.7604e-07  3.8262e-06  1.5763e-06  2.4922e-04  0:57:30 2538

  iter  continuity  x-velocity  y-velocity  z-velocity      energy           k       omega     time/iter
   463  4.2107e-07  4.2997e-07  5.5342e-07  5.8175e-07  3.9121e-06  1.6088e-06  2.4922e-04  0:57:07 2537
   464  4.3114e-07  4.3031e-07  5.6172e-07  5.8518e-07  3.9777e-06  1.6326e-06  2.4921e-04  0:57:07 2536
   465  4.3914e-07  4.2874e-07  5.6720e-07  5.8653e-07  4.0227e-06  1.6478e-06  2.4921e-04  0:57:45 2535
   466  4.4501e-07  4.2524e-07  5.6981e-07  5.8565e-07  4.0441e-06  1.6541e-06  2.4920e-04  0:57:08 2534
   467  4.4863e-07  4.1987e-07  5.6957e-07  5.8203e-07  4.0450e-06  1.6518e-06  2.4920e-04  0:57:30 2533
   468  4.4999e-07  4.1274e-07  5.6656e-07  5.7600e-07  4.0260e-06  1.6411e-06  2.4919e-04  0:57:47 2532
   469  4.4918e-07  4.0388e-07  5.6087e-07  5.6831e-07  3.9869e-06  1.6220e-06  2.4919e-04  0:57:19 2531
   470  4.4618e-07  3.9341e-07  5.5243e-07  5.5878e-07  3.9280e-06  1.5948e-06  2.4918e-04  0:57:03 2530
   471  4.4113e-07  3.8148e-07  5.4148e-07  5.4744e-07  3.8496e-06  1.5600e-06  2.4918e-04  0:57:08 2529
   472  4.3398e-07  3.6823e-07  5.2804e-07  5.3440e-07  3.7529e-06  1.5180e-06  2.4917e-04  0:57:18 2528
   473  4.2495e-07  3.5379e-07  5.1237e-07  5.1977e-07  3.6394e-06  1.4691e-06  2.4917e-04  0:56:11 2527

  iter  continuity  x-velocity  y-velocity  z-velocity      energy           k       omega     time/iter
   474  4.1418e-07  3.3835e-07  4.9469e-07  5.0361e-07  3.5104e-06  1.4139e-06  2.4917e-04  0:56:32 2526
   475  4.0177e-07  3.2210e-07  4.7513e-07  4.8612e-07  3.3672e-06  1.3530e-06  2.4916e-04  0:56:18 2525
   476  3.8784e-07  3.0528e-07  4.5393e-07  4.6765e-07  3.2114e-06  1.2869e-06  2.4916e-04  0:56:14 2524
   477  3.7252e-07  2.8813e-07  4.3126e-07  4.4834e-07  3.0443e-06  1.2164e-06  2.4916e-04  0:57:33 2523
   478  3.5602e-07  2.7093e-07  4.0749e-07  4.2847e-07  2.8680e-06  1.1422e-06  2.4916e-04  0:56:03 2522
   479  3.3849e-07  2.5398e-07  3.8290e-07  4.0834e-07  2.6859e-06  1.0651e-06  2.4915e-04  0:57:26 2521
   480  3.2014e-07  2.3763e-07  3.5783e-07  3.8839e-07  2.4990e-06  9.8612e-07  2.4915e-04  0:56:02 2520
   481  3.0122e-07  2.2223e-07  3.3259e-07  3.6895e-07  2.3111e-06  9.0612e-07  2.4915e-04  0:56:03 2519
   482  2.8197e-07  2.0815e-07  3.0761e-07  3.5030e-07  2.1244e-06  8.2641e-07  2.4915e-04  0:55:54 2518
   483  2.6266e-07  1.9586e-07  2.8338e-07  3.3282e-07  1.9434e-06  7.4843e-07  2.4915e-04  0:55:52 2517
   484  2.4360e-07  1.8576e-07  2.6049e-07  3.1687e-07  1.7722e-06  6.7390e-07  2.4915e-04  0:56:19 2516

  iter  continuity  x-velocity  y-velocity  z-velocity      energy           k       omega     time/iter
   485  2.2516e-07  1.7826e-07  2.3958e-07  3.0288e-07  1.6159e-06  6.0492e-07  2.4915e-04  0:59:16 2515
   486  2.0775e-07  1.7359e-07  2.2137e-07  2.9123e-07  1.4804e-06  5.4478e-07  2.4915e-04  0:56:50 2514
   487  1.9184e-07  1.7184e-07  2.0668e-07  2.8218e-07  1.3725e-06  4.9660e-07  2.4915e-04  0:56:20 2513
   488  1.7799e-07  1.7288e-07  1.9624e-07  2.7589e-07  1.2982e-06  4.6377e-07  2.4915e-04  0:55:50 2512
   489  1.6675e-07  1.7642e-07  1.9056e-07  2.7238e-07  1.2616e-06  4.4901e-07  2.4915e-04  0:55:58 2511
   490  1.5863e-07  1.8200e-07  1.8979e-07  2.7157e-07  1.2638e-06  4.5328e-07  2.4916e-04  0:55:35 2510
   491  1.5402e-07  1.8915e-07  1.9363e-07  2.7326e-07  1.3013e-06  4.7472e-07  2.4916e-04  0:55:34 2509
   492  1.5306e-07  1.9737e-07  2.0140e-07  2.7712e-07  1.3679e-06  5.0961e-07  2.4916e-04  0:55:45 2508
   493  1.5554e-07  2.0623e-07  2.1222e-07  2.8282e-07  1.4559e-06  5.5376e-07  2.4916e-04  0:55:43 2507
   494  1.6101e-07  2.1533e-07  2.2517e-07  2.8995e-07  1.5575e-06  6.0358e-07  2.4916e-04  0:55:40 2506
   495  1.6885e-07  2.2436e-07  2.3942e-07  2.9809e-07  1.6668e-06  6.5612e-07  2.4917e-04  0:55:39 2505

  iter  continuity  x-velocity  y-velocity  z-velocity      energy           k       omega     time/iter
   496  1.7840e-07  2.3309e-07  2.5429e-07  3.0683e-07  1.7792e-06  7.0922e-07  2.4917e-04  0:55:39 2504
   497  1.8905e-07  2.4133e-07  2.6923e-07  3.1582e-07  1.8909e-06  7.6133e-07  2.4917e-04  0:55:22 2503
   498  2.0026e-07  2.4890e-07  2.8381e-07  3.2477e-07  1.9988e-06  8.1128e-07  2.4918e-04  0:55:45 2502
   499  2.1163e-07  2.5567e-07  2.9768e-07  3.3343e-07  2.1004e-06  8.5820e-07  2.4918e-04  0:55:38 2501
   500  2.2283e-07  2.6153e-07  3.1062e-07  3.4158e-07  2.1938e-06  9.0145e-07  2.4918e-04  0:55:41 2500
   501  2.3360e-07  2.6640e-07  3.2240e-07  3.4903e-07  2.2781e-06  9.4054e-07  2.4919e-04  0:55:32 2499
   502  2.4369e-07  2.7021e-07  3.3286e-07  3.5563e-07  2.3533e-06  9.7507e-07  2.4919e-04  0:55:43 2498
   503  2.5295e-07  2.7295e-07  3.4187e-07  3.6121e-07  2.4175e-06  1.0047e-06  2.4919e-04  0:55:29 2497
   504  2.6128e-07  2.7458e-07  3.4940e-07  3.6570e-07  2.4696e-06  1.0294e-06  2.4920e-04  0:55:20 2496
   505  2.6852e-07  2.7512e-07  3.5533e-07  3.6902e-07  2.5108e-06  1.0488e-06  2.4920e-04  0:55:39 2495
   506  2.7457e-07  2.7456e-07  3.5964e-07  3.7114e-07  2.5410e-06  1.0629e-06  2.4920e-04  0:55:21 2494

  iter  continuity  x-velocity  y-velocity  z-velocity      energy           k       omega     time/iter
   507  2.7946e-07  2.7294e-07  3.6232e-07  3.7200e-07  2.5595e-06  1.0716e-06  2.4921e-04  0:55:43 2493
   508  2.8317e-07  2.7027e-07  3.6338e-07  3.7160e-07  2.5662e-06  1.0751e-06  2.4921e-04  0:55:31 2492
   509  2.8563e-07  2.6657e-07  3.6281e-07  3.6992e-07  2.5611e-06  1.0733e-06  2.4921e-04  0:55:30 2491
   510  2.8681e-07  2.6189e-07  3.6068e-07  3.6698e-07  2.5437e-06  1.0663e-06  2.4921e-04  0:55:23 2490
   511  2.8670e-07  2.5629e-07  3.5706e-07  3.6281e-07  2.5161e-06  1.0543e-06  2.4922e-04  0:55:47 2489
   512  2.8536e-07  2.4978e-07  3.5192e-07  3.5734e-07  2.4776e-06  1.0373e-06  2.4922e-04  0:55:10 2488
   513  2.8280e-07  2.4246e-07  3.4526e-07  3.5056e-07  2.4291e-06  1.0157e-06  2.4922e-04  0:55:55 2487
   514  2.7904e-07  2.3441e-07  3.3721e-07  3.4288e-07  2.3710e-06  9.8951e-07  2.4923e-04  0:56:34 2486
   515  2.7412e-07  2.2572e-07  3.2787e-07  3.3437e-07  2.3034e-06  9.5911e-07  2.4923e-04  0:56:29 2485
   516  2.6809e-07  2.1649e-07  3.1730e-07  3.2500e-07  2.2276e-06  9.2483e-07  2.4923e-04  0:56:29 2484
   517  2.6100e-07  2.0683e-07  3.0558e-07  3.1479e-07  2.1437e-06  8.8696e-07  2.4923e-04  0:56:26 2483

  iter  continuity  x-velocity  y-velocity  z-velocity      energy           k       omega     time/iter
   518  2.5293e-07  1.9681e-07  2.9283e-07  3.0388e-07  2.0526e-06  8.4579e-07  2.4923e-04  0:56:13 2482
   519  2.4398e-07  1.8656e-07  2.7917e-07  2.9239e-07  1.9558e-06  8.0165e-07  2.4924e-04  0:56:14 2481
   520  2.3421e-07  1.7621e-07  2.6475e-07  2.8048e-07  1.8534e-06  7.5505e-07  2.4924e-04  0:56:19 2480
   521  2.2371e-07  1.6593e-07  2.4974e-07  2.6832e-07  1.7466e-06  7.0649e-07  2.4924e-04  0:56:32 2479
   522  2.1258e-07  1.5589e-07  2.3430e-07  2.5607e-07  1.6367e-06  6.5640e-07  2.4924e-04  0:56:03 2478
   523  2.0097e-07  1.4629e-07  2.1864e-07  2.4393e-07  1.5249e-06  6.0541e-07  2.4924e-04  0:56:17 2477
   524  1.8903e-07  1.3735e-07  2.0297e-07  2.3208e-07  1.4127e-06  5.5421e-07  2.4924e-04  0:56:36 2476
   525  1.7691e-07  1.2929e-07  1.8755e-07  2.2076e-07  1.3020e-06  5.0324e-07  2.4924e-04  0:57:10 2475
   526  1.6478e-07  1.2238e-07  1.7268e-07  2.1023e-07  1.1949e-06  4.5411e-07  2.4924e-04  0:56:55 2474
   527  1.5285e-07  1.1686e-07  1.5876e-07  2.0073e-07  1.0941e-06  4.0802e-07  2.4924e-04  0:55:23 2473
   528  1.4137e-07  1.1293e-07  1.4622e-07  1.9250e-07  1.0029e-06  3.6646e-07  2.4924e-04  0:55:31 2472

  iter  continuity  x-velocity  y-velocity  z-velocity      energy           k       omega     time/iter
   529  1.3062e-07  1.1074e-07  1.3559e-07  1.8577e-07  9.2473e-07  3.3142e-07  2.4924e-04  0:55:02 2471
!  529 solution is converged
Done

> /file/write-case-data "D:/agents2026/agents2026/agents/AIDCtms/coolingplate/design/cfd/uc01b_2.4x3.0/fluent/uc01b_cht_v2_n216_q105_sym"
Writing to DESKTOP-JHEHF28:"D:/agents2026/agents2026/agents/AIDCtms/coolingplate/design/cfd/uc01b_2.4x3.0/fluent/uc01b_cht_v2_n216_q105_sym.cas.h5" in NODE0 mode and compression level 1 ...
Grouping cells for Laplace smoothing ...
     4472280 cells,     3 zones ...
    13626374 faces,    15 zones ...
     4681156 nodes,     1 zone  ...
  Done.
Done.

Additional data file quantities are not supported when writing in the default CFF format (.dat.h5 files).


Writing to DESKTOP-JHEHF28:"D:/agents2026/agents2026/agents/AIDCtms/coolingplate/design/cfd/uc01b_2.4x3.0/fluent/uc01b_cht_v2_n216_q105_sym.dat.h5" in NODE0 mode and compression level 1 ...
  Writing results.
Done.


> /file/stop-transcript
Transcript Stop Time:  16:00:24, 25 Sep 2026 中国标准时间 
Total Transcript Time: 16 Minute 16 Second.
