
Opening input/output transcript to file "D:\agents2026\agents2026\agents\AIDCtms\coolingplate\design\cfd\uc01b_2.4x3.0\fluent\\fluent-20260921-073821-5632.trn".
Auto-Transcript Start Time:  07:38:21, 21 Sep 2026 中国标准时间 

              Welcome to ANSYS Fluent 2026 R1

              Copyright 2026 Synopsys, Inc. and ANSYS, Inc. All rights reserved.
              Unauthorized use, distribution or duplication is prohibited.
              This product is subject to U.S. laws governing export and re-export.
              For full Legal Notice, see documentation.

Build Time: Feb  2 2026 16:32:00 EST  Build Id: 10262  
 
Connected License Server List:	1055@localhost

*********************************************
Info: Your license enables 4-way parallel execution.
For faster simulations, please start the application with the appropriate parallel options.
*********************************************

Host spawning Node 0 on machine "DESKTOP-JHEHF28" (win64).
Host waiting for connection from Node 0 at 127.0.0.1:58336 

Node 0 connecting to the Host ... connection established.

------------------------------------------------------------------------------------
ID    Hostname         Core  O.S.         PID    CPU Model Name                    
------------------------------------------------------------------------------------
n0    DESKTOP-JHEHF28  1/32  Windows-x64  27484  Intel(R) Core(TM) i9-14900KF      
host  DESKTOP-JHEHF28        Windows-x64  11200  Intel(R) Core(TM) i9-14900KF      

MPI Option Selected: intel
------------------------------------------------------------------------------------

Cleanup script file is D:\\agents2026\\agents2026\\agents\\AIDCtms\\coolingplate\\design\\cfd\\uc01b_2.4x3.0\\fluent\\cleanup-fluent-DESKTOP-JHEHF28-11200.bat
Note: Rank = 0: Process affinity not being set (6).

Graphics driver currently in use: dx11

Loading "C:\Users\Administrator/.fluent"
Fast-loading "E:/cae/programfiles/Ansys2026/ANSYS Inc261/v261/fluent/fluent26.1.0/addons/rbfmorph/radial_basis.bin"
Done.
Done.

Reading journal file probe_water.jou...

> ; probe: assign water-liquid + 40C props + wall T, then list-zones
/file/set-batch-options yes yes no

> /file/read-case "D:/agents2026/agents2026/agents/AIDCtms/coolingplate/design/cfd/uc01b_2.4x3.0/mesh/uc01b_fluent6.msh"
Reading "D:/agents2026/agents2026/agents/AIDCtms/coolingplate/design/cfd/uc01b_2.4x3.0/mesh/uc01b_fluent6.msh"...

Buffering for file scan...

  128039 nodes.
  116320 hexahedral cells, zone 10.
  337392 quadrilateral interior faces, zone 11.
     100 quadrilateral wall faces, zone 12.
     960 quadrilateral wall faces, zone 13.
    2472 quadrilateral wall faces, zone 14.
    2420 quadrilateral wall faces, zone 15.
     200 quadrilateral wall faces, zone 16.
    8648 quadrilateral wall faces, zone 17.
    8336 quadrilateral wall faces, zone 18.

Building...
     mesh
     materials,
     interface,
     domains,
     zones,
	et2d8
	et2d7
	et2d6
	et2d5
	et2d4
	et2d3
	et2d2
	int_et3d1
	et3d1
     parallel,
Done.


> /define/models/energy yes
Compute viscous energy work? [no] no
Include pressure work in energy equation? [no] no
Include kinetic energy in energy equation? [no] no
Include diffusion at inlets? [yes] no

> /define/models/viscous/laminar yes

> /define/materials/copy fluid water-liquid

Material "water-liquid" copied from database.


> /define/materials/change-create water-liquid water-liquid water-liquid is a fluid
yes 
Density
constant 992.2 
yes 
Cp (Specific Heat)
constant 4179 
yes 
Thermal Conductivity
constant 0.631 
no no yes 
Thermal Expansion Coefficient
method is constant

Error: eval: unbound variable
Error Object: constant

Error: Invalid temperature-inverse
Error Object: constant
constant Auto-Transcript Stop Time:  07:39:04, 21 Sep 2026 中国标准时间 
Total Transcript Time: 0 Minute 42 Second.

Automatic transcript closed.
