Transcript Start Time:  22:37:36, 22 Sep 2026 中国标准时间 
Current Directory: "D:\agents2026\agents2026\agents\AIDCtms\coolingplate\design\cfd\uc01b_2.4x3.0"

Build Time: Feb  2 2026 16:32:00 EST  Build Id: 10262 
Executable Path: E:/cae/programfiles/Ansys2026/ANSYS Inc261/v261/fluent/ntbin/win64/fluent.exe

------------------------------------------------------------------------------------
ID    Hostname         Core  O.S.         PID    CPU Model Name                    
------------------------------------------------------------------------------------
n0*   DESKTOP-JHEHF28  1/32  Windows-x64  27044  Intel(R) Core(TM) i9-14900KF      
host  DESKTOP-JHEHF28        Windows-x64  15576  Intel(R) Core(TM) i9-14900KF      

MPI Option Selected: intel
Selected system interconnect: default
------------------------------------------------------------------------------------

Cortex Process ID: 27040 
License Server Path: 1055@localhost 


> /file/read-case "D:/agents2026/agents2026/agents/AIDCtms/coolingplate/design/cfd/uc01b_2.4x3.0/mesh/uc01b_cht_fine_v2.msh"
Reading "D:/agents2026/agents2026/agents/AIDCtms/coolingplate/design/cfd/uc01b_2.4x3.0/mesh/uc01b_cht_fine_v2.msh"...

Buffering for file scan...

 4547658 nodes.
 2760804 hexahedral cells, zone  2.
 1533156 hexahedral cells, zone  3.
  178320 hexahedral cells, zone  4.
13207306 quadrilateral interior faces, zone  5.
    5500 quadrilateral velocity-inlet faces, zone  6.
   24220 quadrilateral pressure-outlet faces, zone  7.
   29720 quadrilateral wall faces, zone  8.
    1600 quadrilateral wall faces, zone  9.
  104892 quadrilateral wall faces, zone 10.
   29720 quadrilateral wall faces, zone 11.
   88804 quadrilateral symmetry faces, zone 12.

Building...
     mesh
      interior -> interior (5) and interior:013 (13)
      interior -> interior (5) and interior:014 (14)
      return_slot -> return_slot (7) and return_slot:015 (15)
      sym -> sym (12) and sym:016 (16)
      sym -> sym (12) and sym:017 (17)
Note: Separating interior zone 5 into zones 5 and 13. 
Note: Separating interior zone 5 into zones 5 and 14. 
Note: Separating pressure-outlet zone 7 into zones 7 and 15. 
Note: Separating symmetry zone 12 into zones 12 and 16. 
Note: Separating symmetry zone 12 into zones 12 and 17. 
     materials,
     interface,
     domains,
     zones,
	wall_cu_fluid-shadow
	wall_tim_cu-shadow
	sym:017
	sym:016
	return_slot:015
	interior:014
	interior:013
	sym
	wall_tim_cu
	wall_cu_fluid
	wall_orifice
	wall_heat
	return_slot
	inlet_jet
	interior
	solid_tim2
	solid_cu
	fluid
Warning: Flow boundary zone (return_slot:015) is adjacent to a solid zone (solid_cu). 
 This problem MUST be fixed before 
         solution can proceed!

     parallel,
Warning: Flow boundary zone (return_slot:015) is adjacent to a solid zone (solid_cu). 
 This problem MUST be fixed before 
         solution can proceed!

Warning: Flow boundary zone (return_slot:015) is adjacent to a solid zone (solid_cu). 
 This problem MUST be fixed before 
         solution can proceed!

Done.

Preparing mesh for display...
Done.


> /mesh/check

 Domain Extents:
   x-coordinate: min (m) = -1.500000e-03, max (m) = 1.500000e-03
   y-coordinate: min (m) = -1.200000e-03, max (m) = 1.200000e-03
   z-coordinate: min (m) = -2.080000e-03, max (m) = 8.000000e-03
 Volume statistics:
   minimum volume (m3): 8.068593e-18
   maximum volume (m3): 2.277646e-11
     total volume (m3): 5.842729e-08
 Face area statistics:
   minimum face area (m2): 2.846122e-12
   maximum face area (m2): 1.768929e-07
 Checking mesh................................
 Done.

> /define/boundary-conditions/list-zones
  id  name                       type                adj-zone-material     wall-material         kind
----  -------------------------  ------------------  --------------------  --------------------  ----
   2  fluid                      fluid               air                                         cell
   3  solid_cu                   solid               aluminum                                    cell
   4  solid_tim2                 solid               aluminum                                    cell
   5  interior                   interior                                                        face
   6  inlet_jet                  mass-flow-inlet                                                 face
   7  return_slot                pressure-outlet                                                 face
   8  wall_heat                  wall                aluminum              aluminum              face
   9  wall_orifice               wall                air                   aluminum              face
  10  wall_cu_fluid              wall                air                   aluminum              face
  11  wall_tim_cu                wall                aluminum              aluminum              face
  12  sym                        symmetry                                                        face
  13  interior:013               interior                                                        face
  14  interior:014               interior                                                        face
  15  return_slot:015            pressure-outlet                                                 face
  16  sym:016                    symmetry                                                        face
  17  sym:017                    symmetry                                                        face
  18  wall_tim_cu-shadow         wall                aluminum              aluminum              face
  19  wall_cu_fluid-shadow       wall                aluminum              aluminum              face

> /define/models/energy yes
Compute viscous energy work? [no] no
Include pressure work in energy equation? [no] no
Include kinetic energy in energy equation? [no] no
Include diffusion at inlets? [yes] no

> /define/models/viscous/kw-sst yes

> /define/materials/copy fluid water-liquid

Material "water-liquid" copied from database.


> /define/materials/copy solid copper

Material "copper" copied from database.


> /define/materials/copy solid aluminum
Material of same name exists.
Enter new material name ["aluminum-new"] /define/materials/change-create
Material of same chemical formula exists.
Enter new material chemical formula ["al-new"] water-liquid

Material "/define/materials/change-create" copied from database.


> water-liquid

Error: invalid command
Error Object: "water-liquid"
Transcript Stop Time:  22:38:30, 22 Sep 2026 中国标准时间 
Total Transcript Time: 0 Minute 54 Second.
