Checked out ansyslmd feature cfd_preppost, cfd_preppost_pro, cfd_base (product CFD PrepPost, CFD PrepPost Pro, CFD Base) from server 1055@localhost
Customer number is 20120530
UC01b-VIEW: OUTDIR=D:/agents2026/agents2026/agents/AIDCtms/coolingplate/design/cfd/uc01b_2.4x3.0
UC01b-VIEW: msh exists=1 size=19771925
UC01b-VIEW: batch_mode=1
UC01b-VIEW: readfluent=E:/cae/programfiles/Ansys2026/ANSYS Inc261/v261/icemcfd/win64_amd/icemcfd/result-interfaces/readfluent.exe exists=1 msh=D:/agents2026/agents2026/agents/AIDCtms/coolingplate/design/cfd/uc01b_2.4x3.0/mesh/uc01b_classic.msh exists=1
UC01b-VIEW: importing Fluent msh via ic_read_external prec=2
Running E:/cae/programfiles/Ansys2026/ANSYS Inc261/v261/icemcfd/win64_amd/icemcfd/result-interfaces/readfluent.exe D:/agents2026/agents2026/agents/AIDCtms/coolingplate/design/cfd/uc01b_2.4x3.0/mesh/uc01b_classic.msh 
error scanning float
.
error scanning float.  
Backend process has exited abnormally.
.
Not able to open file.  
Not able to open file.  
    while executing
"rfint__re0 load_mesh -prec 2 -tstep 0 {E:/cae/programfiles/Ansys2026/ANSYS Inc261/v261/icemcfd/win64_amd/icemcfd/result-interfaces/readfluent.exe} D:/..."
    ("eval" body line 1)
    invoked from within
"eval $cmd"
    (procedure "ic_read_external" line 52)
    invoked from within
"ic_read_external {E:/cae/programfiles/Ansys2026/ANSYS Inc261/v261/icemcfd/win64_amd/icemcfd/result-interfaces/readfluent.exe} D:/agents2026/agents2026..."
    invoked from within
"batch_interp eval ic_read_external $args"
UC01b-VIEW: read_ext FAILED: Not able to open file.  
UC01b-VIEW: fallback IcedNastran E:/cae/programfiles/Ansys2026/ANSYS Inc261/v261/icemcfd/win64_amd/icemcfd/output-interfaces/IcedNastran.exe nas=D:/agents2026/agents2026/agents/AIDCtms/coolingplate/design/cfd/uc01b_2.4x3.0/icem/uc01b.nas
IcedNastran Version 15.0
Input File D:/agents2026/agents2026/agents/AIDCtms/coolingplate/design/cfd/uc01b_2.4x3.0/icem/uc01b.nas
Reading Input File ....
Processing Executive List ....
Processing Case Control List ....
Processing Elements ....
Processing Materials ....
Processing General Parameters ....
Processing Nodal Conditions ....
Processing Element Conditions ....
Processing Point Conditions ....
Processing Properties ....
Processing Explicit Properties ....
1 Max Element ID 116320
Translating Executive List ....
Translating Case Control List ....
Translating Materials ....
Translating General Parameters ....
Translating Nodes ....
Translating Properties ....
Translating Nodal Properties ....
2 Max Element ID 116320
Translating Element Properties ....
Translating Attributes ....
Translating Elements ....
1 Max PID 1
Translating Load Attributes ....
Writing Domain File ....
Writing Gateway Attributes ....
Writing Boco File ....
Updating Families in Domain File ....
start1: 3187.0 seconds
finish1: 3187.0 seconds
0.0 seconds to add_group
start2: 3208.0 seconds
finish2: 3402.0 seconds
0.2 seconds to write_domain
Cleaning up Memory ...
Converstion Process Completed
Loading domain "D:/agents2026/agents2026/agents/AIDCtms/coolingplate/design/cfd/uc01b_2.4x3.0/icem/uc01b.uns" ...
2 part(s)
UC01b-VIEW: loaded cells_3d=116320 hexa=116320 tetra=0 quad=0 nodes=128039
UC01b-VIEW: types=HEXA_8
UC01b-VIEW: families=ORFN ET3D1

--- Mesh Info ---
Element types :
        HEXA_8 : 116320
Element parts :
        ET3D1 : 116320
Total elements : 116320
Total nodes : 128039
Min : -0.0015 -0.0012 0
Max : 0.0015 0.0012 0.008

Writing domain "D:/agents2026/agents2026/agents/AIDCtms/coolingplate/design/cfd/uc01b_2.4x3.0/icem/uc01b.uns" ...
Done saving domain file.
UC01b-VIEW: saved uns size=8238361 D:/agents2026/agents2026/agents/AIDCtms/coolingplate/design/cfd/uc01b_2.4x3.0/icem/uc01b.uns
"Quality" is defined for 116320 elements
UC01b-VIEW: Quality 116320 0 0 1 1 116320
UC01b-VIEW: histogram failed: can't read "uns_cur": no such variable
UC01b-VIEW: wrote D:/agents2026/agents2026/agents/AIDCtms/coolingplate/design/cfd/uc01b_2.4x3.0/icem/views/quality.txt
UC01b-VIEW: wrote project D:/agents2026/agents2026/agents/AIDCtms/coolingplate/design/cfd/uc01b_2.4x3.0/icem/uc01b.prj
UC01b-VIEW: batch: skip GUI fit/screenshots (no viewer)
UC01b-VIEW: done project=D:/agents2026/agents2026/agents/AIDCtms/coolingplate/design/cfd/uc01b_2.4x3.0/icem/uc01b.prj uns=D:/agents2026/agents2026/agents/AIDCtms/coolingplate/design/cfd/uc01b_2.4x3.0/icem/uc01b.uns
