Checked out ansyslmd feature cfd_preppost, cfd_preppost_pro, cfd_base (product CFD PrepPost, CFD PrepPost Pro, CFD Base) from server 1055@localhost
Customer number is 20120530
PROBE2 start
IcedNastran exists=1
classic exists=1
=== classic fluent prec=2 ===
Running E:/cae/programfiles/Ansys2026/ANSYS Inc261/v261/icemcfd/win64_amd/icemcfd/result-interfaces/readfluent.exe D:/agents2026/agents2026/agents/AIDCtms/coolingplate/design/cfd/uc01b_2.4x3.0/mesh/tiny_classic.msh 
Changed invalid part name "fluid" to "FLUID".
Changed invalid part name "inlet_jet" to "INLET_JET".
Changed invalid part name "return_slot" to "RETURN_SLOT".
Changed invalid part name "wall_imp" to "WALL_IMP".
Changed invalid part name "fin" to "FIN".
Changed invalid part name "wall_lid" to "WALL_LID".
Part name VORFN appears twice!
Done
classic OK loaded=1
classic cells=1 nodes=8 types=HEXA_8 QUAD_4
Unloaded unstructured domain
=== IcedNastran tiny ===
IcedNastran Version 15.0
Input File D:/agents2026/agents2026/agents/AIDCtms/coolingplate/design/cfd/uc01b_2.4x3.0/icem/tiny.nas
Reading Input File ....
Processing Executive List ....
Processing Case Control List ....
Processing Elements ....
Processing Materials ....
Processing General Parameters ....
Processing Nodal Conditions ....
Processing Element Conditions ....
Processing Point Conditions ....
Processing Properties ....
Processing Explicit Properties ....
1 Max Element ID 1
Translating Executive List ....
Translating Case Control List ....
Translating Materials ....
Translating General Parameters ....
Translating Nodes ....
Translating Properties ....
Translating Nodal Properties ....
2 Max Element ID 1
Translating Element Properties ....
Translating Attributes ....
Translating Elements ....
1 Max PID 1
Translating Load Attributes ....
Writing Domain File ....
Writing Gateway Attributes ....
Writing Boco File ....
Updating Families in Domain File ....
start1: 10.0 seconds
finish1: 11.0 seconds
0.0 seconds to add_group
start2: 11.0 seconds
finish2: 11.0 seconds
0.0 seconds to write_domain
Cleaning up Memory ...
Converstion Process Completed
ic_import_nastran returned
tiny uns exists=1
Loading domain "D:/agents2026/agents2026/agents/AIDCtms/coolingplate/design/cfd/uc01b_2.4x3.0/icem/tiny_icem.uns" ...
9 part(s)
tiny uns cells=1 nodes=8 types=HEXA_8
PROBE2 done
