Transcript Start Time:  09:36:02, 25 Sep 2026 中国标准时间 
Current Directory: "D:\agents2026\agents2026\agents\AIDCtms\coolingplate\design\cfd\uc01b_2.4x3.0lessmesh"

Build Time: Feb  2 2026 16:32:00 EST  Build Id: 10262 
Executable Path: E:/cae/programfiles/Ansys2026/ANSYS Inc261/v261/fluent/ntbin/win64/fluent.exe

------------------------------------------------------------------------------------
ID    Hostname         Core  O.S.         PID    CPU Model Name                    
------------------------------------------------------------------------------------
n3    DESKTOP-JHEHF28  4/32  Windows-x64  43496  Intel(R) Core(TM) i9-14900KF      
n2    DESKTOP-JHEHF28  3/32  Windows-x64  44396  Intel(R) Core(TM) i9-14900KF      
n1    DESKTOP-JHEHF28  2/32  Windows-x64  44752  Intel(R) Core(TM) i9-14900KF      
n0*   DESKTOP-JHEHF28  1/32  Windows-x64  40196  Intel(R) Core(TM) i9-14900KF      
host  DESKTOP-JHEHF28        Windows-x64  7616   Intel(R) Core(TM) i9-14900KF      

MPI Option Selected: intel
Selected system interconnect: default
------------------------------------------------------------------------------------

Cortex Process ID: 42712 
License Server Path: 1055@localhost 


> /file/read-case "D:/agents2026/agents2026/agents/AIDCtms/coolingplate/design/cfd/uc01b_2.4x3.0lessmesh/mesh/uc01b_cht_less.msh"
Reading "D:/agents2026/agents2026/agents/AIDCtms/coolingplate/design/cfd/uc01b_2.4x3.0lessmesh/mesh/uc01b_cht_less.msh"...

Buffering for file scan...

 2161264 nodes.
 1449063 hexahedral cells, zone  2.
  585737 hexahedral cells, zone  3.
   80636 hexahedral cells, zone  4.
 6217583 quadrilateral interior faces, zone  5.
    4725 quadrilateral velocity-inlet faces, zone  6.
   15434 quadrilateral pressure-outlet faces, zone  7.
   20159 quadrilateral wall faces, zone  8.
     720 quadrilateral wall faces, zone  9.
   63087 quadrilateral wall faces, zone 10.
   20159 quadrilateral wall faces, zone 11.
   49920 quadrilateral symmetry faces, zone 12.

Building...
     mesh
	auto partitioning mesh by Metis (fast),
	distributing mesh
		parts....,
      interior -> interior (5) and interior:013 (13)
      interior -> interior (5) and interior:014 (14)
      return_slot -> return_slot (7) and return_slot:015 (15)
      sym -> sym (12) and sym:016 (16)
      sym -> sym (12) and sym:017 (17)
		faces....,
Note: Separating interior zone 5 into zones 5 and 13. 
Note: Separating interior zone 5 into zones 5 and 14. 
Note: Separating pressure-outlet zone 7 into zones 7 and 15. 
Note: Separating symmetry zone 12 into zones 12 and 16. 
Note: Separating symmetry zone 12 into zones 12 and 17. 
		nodes....,
		cells....,
        bandwidth reduction using Reverse Cuthill-McKee: 405476/4365 = 92.8926
     materials,
     interface,
     domains,
     zones,
	wall_cu_fluid-shadow
	wall_tim_cu-shadow
	sym:017
	sym:016
	return_slot:015
	interior:014
	interior:013
	sym
	wall_tim_cu
	wall_cu_fluid
	wall_orifice
	wall_heat
	return_slot
	inlet_jet
	interior
	solid_tim2
	solid_cu
	fluid
Warning: Flow boundary zone (return_slot:015) is adjacent to a solid zone (solid_cu). 
 This problem MUST be fixed before 
         solution can proceed!

     parallel,
Warning: Flow boundary zone (return_slot:015) is adjacent to a solid zone (solid_cu). 
 This problem MUST be fixed before 
         solution can proceed!

Warning: Flow boundary zone (return_slot:015) is adjacent to a solid zone (solid_cu). 
 This problem MUST be fixed before 
         solution can proceed!

Done.

Preparing mesh for display...
Done.


> /mesh/check

 Domain Extents:
   x-coordinate: min (m) = -1.500000e-03, max (m) = 1.500000e-03
   y-coordinate: min (m) = -1.200000e-03, max (m) = 1.200000e-03
   z-coordinate: min (m) = -2.080000e-03, max (m) = 8.000000e-03
 Volume statistics:
   minimum volume (m3): 9.205165e-18
   maximum volume (m3): 6.828425e-11
     total volume (m3): 5.842728e-08
 Face area statistics:
   minimum face area (m2): 2.846122e-12
   maximum face area (m2): 3.510758e-07
 Checking mesh..........................................
 Done.

> /define/boundary-conditions/list-zones
  id  name                       type                adj-zone-material     wall-material         kind
----  -------------------------  ------------------  --------------------  --------------------  ----
   2  fluid                      fluid               air                                         cell
   3  solid_cu                   solid               aluminum                                    cell
   4  solid_tim2                 solid               aluminum                                    cell
   5  interior                   interior                                                        face
   6  inlet_jet                  mass-flow-inlet                                                 face
   7  return_slot                pressure-outlet                                                 face
   8  wall_heat                  wall                aluminum              aluminum              face
   9  wall_orifice               wall                air                   aluminum              face
  10  wall_cu_fluid              wall                air                   aluminum              face
  11  wall_tim_cu                wall                aluminum              aluminum              face
  12  sym                        symmetry                                                        face
  13  interior:013               interior                                                        face
  14  interior:014               interior                                                        face
  15  return_slot:015            pressure-outlet                                                 face
  16  sym:016                    symmetry                                                        face
  17  sym:017                    symmetry                                                        face
  18  wall_tim_cu-shadow         wall                aluminum              aluminum              face
  19  wall_cu_fluid-shadow       wall                aluminum              aluminum              face

> /define/boundary-conditions/zone-type return_slot:015 wall

> /define/models/energy yes
Compute viscous energy work? [no] no
Include pressure work in energy equation? [no] no
Include kinetic energy in energy equation? [no] no
Include diffusion at inlets? [yes] no

> /define/models/viscous/kw-sst yes

> /define/materials/copy fluid water-liquid

Material "water-liquid" copied from database.


> /define/materials/copy solid copper

Material "copper" copied from database.


> /define/materials/change-create

material-name> water-liquid
material name [water-liquid] water-liquid
water-liquid is a fluid
change Density? [no] yes

Density
methods: (constant piecewise-linear piecewise-polynomial polynomial real-gas-soave-redlich-kwong real-gas-peng-robinson expression compressible-liquid ideal-gas incompressible-ideal-gas boussinesq)
new method [constant] constant
value (in [kg/m^3]) [998.2] 992.2

change Cp (Specific Heat)? [no] yes

Cp (Specific Heat)
methods: (kinetic-theory constant piecewise-linear piecewise-polynomial polynomial)
new method [constant] constant
value (in [J/(kg K)]) [4182] 4179

change Thermal Conductivity? [no] yes

Thermal Conductivity
methods: (kinetic-theory constant piecewise-linear piecewise-polynomial polynomial expression)
new method [constant] constant
value (in [W/(m K)]) [0.6] 0.631

change Viscosity? [no] yes

Viscosity
methods: (kinetic-theory constant expression piecewise-linear piecewise-polynomial polynomial sutherland)
new method [constant] constant
value (in [kg/(m s)]) [0.001003] 6.53e-4

change Molecular Weight? [no] no
change Thermal Expansion Coefficient? [no] no
change Speed of Sound? [no] no

> /define/materials/change-create

material-name> copper
material name [copper] copper
copper is a solid
change Density? [no] yes

Density
methods: (constant user-defined)
new method [constant] constant
value (in [kg/m^3]) [8978] 8960

change Cp (Specific Heat)? [no] yes

Cp (Specific Heat)
methods: (constant piecewise-linear piecewise-polynomial polynomial)
new method [constant] constant
value (in [J/(kg K)]) [381] 385

change Thermal Conductivity? [no] yes

Thermal Conductivity
methods: (constant piecewise-linear piecewise-polynomial polynomial cyl-orthotropic orthotropic anisotropic user-defined)
new method [constant] constant
value (in [W/(m K)]) [387.6] 390


> /define/materials/change-create

material-name> aluminum
material name [aluminum] tim2
tim2 is a solid
change Density? [no] yes

Density
methods: (constant user-defined)
new method [constant] constant
value (in [kg/m^3]) [2719] 2800

change Cp (Specific Heat)? [no] yes

Cp (Specific Heat)
methods: (constant piecewise-linear piecewise-polynomial polynomial)
new method [constant] constant
value (in [J/(kg K)]) [871] 1000

change Thermal Conductivity? [no] yes

Thermal Conductivity
methods: (constant piecewise-linear piecewise-polynomial polynomial cyl-orthotropic orthotropic anisotropic user-defined)
new method [constant] constant
value (in [W/(m K)]) [202.4] 8.818342


Change/Create material and Overwrite aluminum? [no] yes

> /define/boundary-conditions/fluid
(fluid)
zone id/name [fluid] fluid
material-name [air]: Change current value? [no] yes

material-name [air]> water-liquid
Specify source terms? [no] no
Specify fixed values? [no] no
Frame Motion? [no] no
Use Profile for Reference Frame X-Origin of Rotation-Axis? [no] no
Reference Frame X-Origin of Rotation-Axis (constant or expression) (in [m]) [0] 0
Use Profile for Reference Frame Y-Origin of Rotation-Axis? [no] no
Reference Frame Y-Origin of Rotation-Axis (constant or expression) (in [m]) [0] 0
Use Profile for Reference Frame Z-Origin of Rotation-Axis? [no] no
Reference Frame Z-Origin of Rotation-Axis (constant or expression) (in [m]) [0] 0
Use Profile for Reference Frame X-Component of Rotation-Axis? [no] no
Reference Frame X-Component of Rotation-Axis (constant or expression) [0] 0
Use Profile for Reference Frame Y-Component of Rotation-Axis? [no] no
Reference Frame Y-Component of Rotation-Axis (constant or expression) [0] 0
Use Profile for Reference Frame Z-Component of Rotation-Axis? [no] no
Reference Frame Z-Component of Rotation-Axis (constant or expression) [1] 1
Mesh Motion? [no] no
Enter yes or no to continue [no] no
Laminar zone? [no] no
Porous zone? [no] no
3D Fan Zone? [no] no

> /define/boundary-conditions/solid
(solid_cu solid_tim2)
zone id/name [solid_cu] solid_cu
material-name [tim2]: Change current value? [no] yes

material-name [tim2]> copper
Specify source terms? [no] no
Specify fixed values? [no] no
Frame Motion? [no] no
Use Profile for Reference Frame X-Origin of Rotation-Axis? [no] no
Reference Frame X-Origin of Rotation-Axis (constant or expression) (in [m]) [0] 0
Use Profile for Reference Frame Y-Origin of Rotation-Axis? [no] no
Reference Frame Y-Origin of Rotation-Axis (constant or expression) (in [m]) [0] 0
Use Profile for Reference Frame Z-Origin of Rotation-Axis? [no] no
Reference Frame Z-Origin of Rotation-Axis (constant or expression) (in [m]) [0] 0
Use Profile for Reference Frame X-Component of Rotation-Axis? [no] no
Reference Frame X-Component of Rotation-Axis (constant or expression) [0] 0
Use Profile for Reference Frame Y-Component of Rotation-Axis? [no] no
Reference Frame Y-Component of Rotation-Axis (constant or expression) [0] 0
Use Profile for Reference Frame Z-Component of Rotation-Axis? [no] no
Reference Frame Z-Component of Rotation-Axis (constant or expression) [1] 1
Mesh Motion? [no] no
Solid Motion? [no] no
Enter yes or no to continue [no] no

> /define/boundary-conditions/solid
(solid_cu solid_tim2)
zone id/name [solid_cu] solid_tim2
material-name [tim2]: Change current value? [no] yes

material-name [tim2]> tim2
Specify source terms? [no] no
Specify fixed values? [no] no
Frame Motion? [no] no
Use Profile for Reference Frame X-Origin of Rotation-Axis? [no] no
Reference Frame X-Origin of Rotation-Axis (constant or expression) (in [m]) [0] 0
Use Profile for Reference Frame Y-Origin of Rotation-Axis? [no] no
Reference Frame Y-Origin of Rotation-Axis (constant or expression) (in [m]) [0] 0
Use Profile for Reference Frame Z-Origin of Rotation-Axis? [no] no
Reference Frame Z-Origin of Rotation-Axis (constant or expression) (in [m]) [0] 0
Use Profile for Reference Frame X-Component of Rotation-Axis? [no] no
Reference Frame X-Component of Rotation-Axis (constant or expression) [0] 0
Use Profile for Reference Frame Y-Component of Rotation-Axis? [no] no
Reference Frame Y-Component of Rotation-Axis (constant or expression) [0] 0
Use Profile for Reference Frame Z-Component of Rotation-Axis? [no] no
Reference Frame Z-Component of Rotation-Axis (constant or expression) [1] 1
Mesh Motion? [no] no
Solid Motion? [no] no
Enter yes or no to continue [no] no

> /define/boundary-conditions/zone-type inlet_jet mass-flow-inlet

> /define/boundary-conditions/zone-type return_slot pressure-outlet

> /define/boundary-conditions/zone-type SYM symmetry

> /define/boundary-conditions/set/mass-flow-inlet inlet_jet () mass-flow no 0.0002067 t no 313.15 q

> /define/boundary-conditions/set/pressure-outlet return_slot () t no 313.15 q

> /define/boundary-conditions/wall
(return_slot:015 wall_heat wall_orifice wall_cu_fluid wall_tim_cu wall_tim_cu-shadow wall_cu_fluid-shadow)
zone id/name [return_slot:015] wall_heat
Use Profile for Wall Thickness? [no] no
Wall Thickness (constant or expression) (in [m]) [0] 0
Use Profile for Heat Generation Rate? [no] no
Heat Generation Rate (constant or expression) (in [W/m^3]) [0] 0
material-name [tim2]: Change current value? [no] no
Thermal BC Type [heat-flux]: Change current value? [no] yes

Thermal BC Type [heat-flux]> heat-flux
Use Profile for Heat Flux? [no] no
Heat Flux (constant or expression) (in [W/m^2]) [0] 567460.3174603175
Enable shell conduction? [no] no
Use Profile for Convective Augmentation Factor? [no] no
Convective Augmentation Factor (constant or expression) [1] 1

> /report/reference-values/temperature 313.15

> /define/operating-conditions/operating-pressure 101325

> ; --- solver: coupled + pseudo-transient (fix for SIMPLE continuity stall) ---
/solve/set/p-v-coupling 24

> /solve/set/pseudo-transient yes
Activate automatic time step size calculation? [yes] yes
Length scale calculation methods: (0 1 2)
0 - Aggressive 
1 - Conservative 
2 - User-Specified 
Length Scale Calculation Method [1] 1
Auto time step scaling factor (constant or expression) [1] 1
Auto time verbosity [0] 0
Activate automatic time step size calculation for solid zone? [yes] yes
Auto time step scale factor for solid zone [1] 1

> /solve/set/discretization-scheme/pressure 10

GPU solver defaults are activated for the following unsupported settings (1)
======================================
Area    Settings  From  To            
--------------------------------------
solver  pressure        second order  


> /solve/set/discretization-scheme/mom 0

> /solve/set/discretization-scheme/k 0

> /solve/set/discretization-scheme/omega 0

> /solve/set/discretization-scheme/temperature 0

> /solve/monitors/residual/print? yes

> /solve/monitors/residual/plot? yes

> /solve/monitors/residual/criterion-type Available options: (absolute none)
0

> /solve/monitors/residual/check-convergence? no
Check convergence of x-velocity residuals? [yes] no
Check convergence of y-velocity residuals? [yes] no
Check convergence of z-velocity residuals? [yes] no
Check convergence of energy residuals? [yes] no
Check convergence of k residuals? [yes] no
Check convergence of omega residuals? [yes] no

> /solve/initialize/set-defaults/temperature 313.15

> /solve/initialize/hyb-initialization

 turbulent viscosity limited to viscosity ratio of 1.000000e+05 in 1449063 cells 
Preparing GPU solver, please wait ...
------------------------------------------------------------------------------------------------------------------------
Rank  PID    Core  OS     Host             Device  Name                     Version  Memory(GB)   Bandwidth  Cores      
------------------------------------------------------------------------------------------------------------------------
0     40196  1/32  win64  DESKTOP-JHEHF28  0/1     NVIDIA GeForce RTX 4090  8.9      23.99/22.44  961.395    128x128    
1     44752  1/32  win64  DESKTOP-JHEHF28  0/1     NVIDIA GeForce RTX 4090  8.9      23.99/22.44  961.395    128x128    
2     44396  1/32  win64  DESKTOP-JHEHF28  0/1     NVIDIA GeForce RTX 4090  8.9      23.99/22.44  961.395    128x128    
3     43496  1/32  win64  DESKTOP-JHEHF28  0/1     NVIDIA GeForce RTX 4090  8.9      23.99/22.44  961.395    128x128    
------------------------------------------------------------------------------------------------------------------------
Bandwidth : 18.0362, 6.3234 GB/s
Latency   : 0.1074, 24.0268 usec


 turbulent viscosity limited to viscosity ratio of 1.000000e+05 in 1449063 cells 
Done

> ; startup first-order, no early stop
/solve/iterate 300

  iter  continuity  x-velocity  y-velocity  z-velocity      energy           k       omega     time/iter
     1  2.6819e-01  1.4679e-03  1.4307e-03  5.7278e-02  1.6136e-03  4.2991e-03  4.7263e-02  0:08:54  299
     2  4.2800e-02  1.6856e-03  1.5903e-03  3.9011e-02  1.5681e-03  2.7099e-01  7.1959e-02  0:09:10  298
     3  7.9465e-02  1.4358e-03  1.3637e-03  3.4563e-02  6.5446e-04  1.0223e-01  4.7032e-02  0:08:43  297
     4  7.5140e-03  1.3928e-03  1.3688e-03  3.1715e-02  6.1393e-04  4.1966e-02  2.7900e-02  0:09:36  296
     5  5.3858e-03  1.4534e-03  1.4497e-03  3.0992e-02  6.0454e-04  1.4228e-02  1.5396e-02  0:10:12  295
     6  7.1223e-03  1.3954e-03  1.3970e-03  2.6589e-02  5.7358e-04  6.3475e-03  7.7523e-03  0:07:05  294
     7  9.1452e-03  1.1250e-03  1.1242e-03  2.4622e-02  5.2869e-04  2.9801e-03  3.7224e-03  0:06:46  293
     8  1.1462e-02  8.6464e-04  8.6027e-04  1.8351e-02  4.8822e-04  1.4333e-03  1.7291e-03  0:06:45  292
     9  1.6135e-02  7.0519e-04  7.0016e-04  1.4304e-02  4.4877e-04  1.2263e-03  7.9348e-04  0:06:56  291
    10  1.5227e-02  5.4679e-04  5.4512e-04  8.5111e-03  4.1319e-04  1.1047e-03  3.5618e-04  0:06:40  290
    11  1.3310e-02  4.2154e-04  4.2474e-04  3.8759e-03  3.8278e-04  1.0131e-03  2.1369e-04  0:06:28  289

  iter  continuity  x-velocity  y-velocity  z-velocity      energy           k       omega     time/iter
    12  9.0463e-03  3.0608e-04  3.1412e-04  2.3596e-03  3.5641e-04  8.1123e-04  2.0849e-04  0:06:36  288
    13  5.9984e-03  2.5537e-04  2.6727e-04  2.2215e-03  3.3272e-04  6.0331e-04  1.6674e-04  0:08:22  287
    14  4.2852e-03  2.5645e-04  2.6578e-04  2.0734e-03  3.0974e-04  4.6245e-04  1.1532e-04  0:08:14  286
    15  3.0407e-03  2.3006e-04  2.3767e-04  1.7548e-03  2.8565e-04  3.1081e-04  6.9157e-05  0:08:12  285
    16  1.6495e-03  2.0265e-04  2.0932e-04  1.3462e-03  2.6705e-04  3.1335e-04  6.6142e-05  0:09:06  284
    17  9.7155e-04  1.7247e-04  1.8172e-04  9.6771e-04  2.5965e-04  5.1522e-04  9.2775e-05  0:08:32  283
    18  7.1540e-04  1.2360e-04  1.3864e-04  7.2939e-04  2.3758e-04  6.1695e-04  1.1364e-04  0:05:37  282
    19  5.4950e-04  1.0624e-04  1.2407e-04  6.1739e-04  2.2802e-04  5.8845e-04  1.0917e-04  0:05:27  281
    20  4.7422e-04  9.0605e-05  1.1275e-04  5.0576e-04  2.2559e-04  5.0759e-04  9.5877e-05  0:05:03  280
    21  4.0969e-04  7.3663e-05  1.0048e-04  4.1316e-04  2.2534e-04  4.4438e-04  8.3837e-05  0:04:57  279
    22  3.5690e-04  6.4982e-05  9.2648e-05  3.4690e-04  2.2585e-04  4.2286e-04  7.6090e-05  0:04:56  278

  iter  continuity  x-velocity  y-velocity  z-velocity      energy           k       omega     time/iter
    23  3.1455e-04  5.9220e-05  8.6938e-05  3.0454e-04  2.2681e-04  4.2690e-04  7.1526e-05  0:05:05  277
    24  2.7427e-04  5.7547e-05  8.4570e-05  2.7400e-04  2.2692e-04  4.0752e-04  6.7611e-05  0:05:04  276
    25  2.3045e-04  5.6671e-05  8.3158e-05  2.4929e-04  2.2639e-04  3.8853e-04  6.3115e-05  0:05:23  275
    26  1.8958e-04  5.6161e-05  8.2630e-05  2.1757e-04  2.2464e-04  3.7084e-04  5.8623e-05  0:05:17  274
    27  1.6566e-04  5.6330e-05  8.3420e-05  1.8688e-04  2.2219e-04  3.4822e-04  5.3742e-05  0:05:27  273
    28  1.5792e-04  5.6671e-05  8.3634e-05  1.6239e-04  2.1944e-04  3.0748e-04  4.8926e-05  0:05:26  272
    29  1.5655e-04  5.6774e-05  8.2874e-05  1.4807e-04  2.1644e-04  2.7534e-04  4.4926e-05  0:05:23  271
    30  1.5917e-04  5.6966e-05  8.1531e-05  1.4407e-04  2.1297e-04  2.5112e-04  4.1477e-05  0:05:23  270
    31  1.6084e-04  5.7191e-05  7.9328e-05  1.4354e-04  2.0953e-04  2.3478e-04  3.8677e-05  0:05:24  269
Reverse flow on 42 faces of outlet boundary (return_slot).
    32  1.6294e-04  5.7628e-05  7.5819e-05  1.4231e-04  2.0718e-04  2.2343e-04  3.6804e-05  0:05:22  268
Reverse flow on 86 faces of outlet boundary (return_slot).
    33  1.6596e-04  5.8111e-05  7.2406e-05  1.4148e-04  2.0369e-04  2.1575e-04  3.5528e-05  0:05:22  267
Reverse flow on 92 faces of outlet boundary (return_slot).

  iter  continuity  x-velocity  y-velocity  z-velocity      energy           k       omega     time/iter
    34  1.6685e-04  5.8450e-05  7.0762e-05  1.4038e-04  1.9836e-04  2.1079e-04  3.4636e-05  0:05:16  266
Reverse flow on 95 faces of outlet boundary (return_slot).
    35  1.6618e-04  5.8563e-05  7.0750e-05  1.3684e-04  1.9322e-04  2.0729e-04  3.3945e-05  0:05:17  265
Reverse flow on 102 faces of outlet boundary (return_slot).
    36  1.6584e-04  5.8521e-05  7.1488e-05  1.3170e-04  1.8886e-04  2.0279e-04  3.3173e-05  0:05:17  264
Reverse flow on 118 faces of outlet boundary (return_slot).
    37  1.6597e-04  5.8635e-05  7.2285e-05  1.2464e-04  1.8440e-04  1.9764e-04  3.2334e-05  0:05:08  263
Reverse flow on 173 faces of outlet boundary (return_slot).
    38  1.6462e-04  5.8767e-05  7.2437e-05  1.1803e-04  1.7974e-04  1.9212e-04  3.1549e-05  0:05:09  262
Reverse flow on 208 faces of outlet boundary (return_slot).
    39  1.7094e-04  5.8954e-05  7.2267e-05  1.1236e-04  1.7377e-04  1.8591e-04  3.0838e-05  0:05:07  261
Reverse flow on 237 faces of outlet boundary (return_slot).
    40  1.8000e-04  5.8991e-05  7.1752e-05  1.0515e-04  1.6556e-04  1.8022e-04  3.0091e-05  0:05:04  260
Reverse flow on 247 faces of outlet boundary (return_slot).
    41  1.8392e-04  5.8650e-05  7.0575e-05  9.9980e-05  1.5440e-04  1.7578e-04  2.9229e-05  0:05:00  259
Reverse flow on 252 faces of outlet boundary (return_slot).
    42  1.8695e-04  5.8150e-05  6.9108e-05  9.6159e-05  1.4271e-04  1.7257e-04  2.8205e-05  0:04:56  258
Reverse flow on 252 faces of outlet boundary (return_slot).
    43  1.8921e-04  5.7356e-05  6.6907e-05  9.1922e-05  1.3300e-04  1.7097e-04  2.7097e-05  0:04:49  257
Reverse flow on 267 faces of outlet boundary (return_slot).
    44  1.9307e-04  5.6434e-05  6.4300e-05  8.9253e-05  1.2474e-04  1.7091e-04  2.5856e-05  0:04:46  256
Reverse flow on 289 faces of outlet boundary (return_slot).

  iter  continuity  x-velocity  y-velocity  z-velocity      energy           k       omega     time/iter
    45  1.9918e-04  5.5679e-05  6.1515e-05  8.7411e-05  1.1772e-04  1.7170e-04  2.4441e-05  0:04:37  255
Reverse flow on 306 faces of outlet boundary (return_slot).
    46  2.0273e-04  5.4494e-05  5.8480e-05  8.5303e-05  1.1123e-04  1.7132e-04  2.2880e-05  0:04:33  254
Reverse flow on 319 faces of outlet boundary (return_slot).
    47  2.0661e-04  5.2665e-05  5.5209e-05  8.3200e-05  1.0556e-04  1.6918e-04  2.1363e-05  0:04:32  253
Reverse flow on 322 faces of outlet boundary (return_slot).
    48  2.0047e-04  5.0560e-05  5.1825e-05  8.1412e-05  1.0072e-04  1.6543e-04  1.9859e-05  0:04:27  252
Reverse flow on 321 faces of outlet boundary (return_slot).
    49  1.8291e-04  4.8475e-05  4.8519e-05  7.9540e-05  9.7572e-05  1.5880e-04  1.8379e-05  0:04:23  251
Reverse flow on 316 faces of outlet boundary (return_slot).
    50  1.5716e-04  4.6538e-05  4.5362e-05  7.6508e-05  9.4490e-05  1.4922e-04  1.6823e-05  0:04:21  250
Reverse flow on 310 faces of outlet boundary (return_slot).
    51  1.3619e-04  4.4722e-05  4.2410e-05  7.2777e-05  9.1811e-05  1.3854e-04  1.5335e-05  0:04:18  249
Reverse flow on 305 faces of outlet boundary (return_slot).
    52  1.1621e-04  4.2914e-05  3.9615e-05  6.8554e-05  8.8806e-05  1.2635e-04  1.3992e-05  0:04:15  248
Reverse flow on 303 faces of outlet boundary (return_slot).
    53  9.6031e-05  4.0910e-05  3.6882e-05  6.4340e-05  8.6607e-05  1.1286e-04  1.2851e-05  0:04:16  247
Reverse flow on 299 faces of outlet boundary (return_slot).
    54  8.1715e-05  3.8863e-05  3.4349e-05  6.0805e-05  8.4826e-05  1.0073e-04  1.2031e-05  0:04:14  246
Reverse flow on 308 faces of outlet boundary (return_slot).
    55  6.7242e-05  3.6575e-05  3.1881e-05  5.8192e-05  8.2470e-05  9.0318e-05  1.1495e-05  0:04:14  245
Reverse flow on 324 faces of outlet boundary (return_slot).

  iter  continuity  x-velocity  y-velocity  z-velocity      energy           k       omega     time/iter
    56  5.6099e-05  3.4220e-05  2.9594e-05  5.6491e-05  7.9652e-05  8.2026e-05  1.1086e-05  0:04:15  244
Reverse flow on 322 faces of outlet boundary (return_slot).
    57  4.9643e-05  3.1934e-05  2.7519e-05  5.5355e-05  7.6750e-05  7.5518e-05  1.0735e-05  0:04:13  243
Reverse flow on 324 faces of outlet boundary (return_slot).
    58  4.7005e-05  2.9738e-05  2.5622e-05  5.4530e-05  7.5605e-05  7.5635e-05  1.0660e-05  0:04:40  242
Reverse flow on 322 faces of outlet boundary (return_slot).
    59  4.5458e-05  2.8060e-05  2.4728e-05  5.5561e-05  7.2626e-05  7.4606e-05  1.0766e-05  0:04:38  241
Reverse flow on 321 faces of outlet boundary (return_slot).
    60  4.5439e-05  2.6570e-05  2.3769e-05  5.5514e-05  6.9685e-05  7.4039e-05  1.0726e-05  0:05:04  240
Reverse flow on 322 faces of outlet boundary (return_slot).
    61  4.5259e-05  2.5466e-05  2.2824e-05  5.5349e-05  6.5618e-05  7.0963e-05  1.0257e-05  0:05:00  239
Reverse flow on 321 faces of outlet boundary (return_slot).
    62  4.4973e-05  2.4012e-05  2.1668e-05  5.3880e-05  6.1207e-05  6.4885e-05  9.1605e-06  0:04:36  238
Reverse flow on 317 faces of outlet boundary (return_slot).
    63  4.4704e-05  2.2116e-05  2.0260e-05  5.1231e-05  5.7416e-05  6.0028e-05  8.1868e-06  0:04:33  237
Reverse flow on 314 faces of outlet boundary (return_slot).
    64  4.5184e-05  2.0446e-05  1.9060e-05  4.9050e-05  5.3382e-05  5.3864e-05  7.3802e-06  0:04:11  236
Reverse flow on 309 faces of outlet boundary (return_slot).
    65  4.6887e-05  1.8655e-05  1.7724e-05  4.6799e-05  4.9868e-05  4.9096e-05  6.7224e-06  0:04:10  235
Reverse flow on 296 faces of outlet boundary (return_slot).
    66  4.9170e-05  1.6998e-05  1.6825e-05  4.5251e-05  4.6826e-05  4.5968e-05  6.3913e-06  0:04:06  234
Reverse flow on 281 faces of outlet boundary (return_slot).

  iter  continuity  x-velocity  y-velocity  z-velocity      energy           k       omega     time/iter
    67  5.1763e-05  1.5501e-05  1.6287e-05  4.4385e-05  4.4266e-05  4.4005e-05  6.2214e-06  0:04:06  233
Reverse flow on 275 faces of outlet boundary (return_slot).
    68  5.4450e-05  1.4179e-05  1.6019e-05  4.3975e-05  4.1956e-05  4.2528e-05  6.1144e-06  0:04:05  232
Reverse flow on 270 faces of outlet boundary (return_slot).
    69  5.7038e-05  1.3041e-05  1.5921e-05  4.3782e-05  3.9801e-05  4.1350e-05  6.0283e-06  0:04:03  231
Reverse flow on 257 faces of outlet boundary (return_slot).
    70  5.9271e-05  1.2087e-05  1.5931e-05  4.3719e-05  3.7919e-05  4.0253e-05  5.9413e-06  0:04:00  230
Reverse flow on 229 faces of outlet boundary (return_slot).
    71  5.9946e-05  1.1294e-05  1.5991e-05  4.3491e-05  3.6183e-05  3.9144e-05  5.8458e-06  0:03:56  229
Reverse flow on 153 faces of outlet boundary (return_slot).
    72  5.9923e-05  1.0635e-05  1.6055e-05  4.3190e-05  3.4477e-05  3.7812e-05  5.7166e-06  0:03:53  228
Reverse flow on 80 faces of outlet boundary (return_slot).
    73  5.7823e-05  1.0055e-05  1.6052e-05  4.2241e-05  3.2838e-05  3.6480e-05  5.5527e-06  0:03:49  227
Reverse flow on 5 faces of outlet boundary (return_slot).
    74  5.5144e-05  9.5032e-06  1.5930e-05  4.0911e-05  3.1248e-05  3.4935e-05  5.3541e-06  0:03:46  226
    75  5.2516e-05  9.0051e-06  1.5718e-05  3.9433e-05  2.9693e-05  3.2907e-05  5.1204e-06  0:03:46  225
    76  4.9894e-05  8.5311e-06  1.5355e-05  3.7735e-05  2.8117e-05  3.0597e-05  4.8449e-06  0:03:43  224
    77  4.6107e-05  8.0633e-06  1.4877e-05  3.5613e-05  2.6585e-05  2.8492e-05  4.5489e-06  0:03:41  223

  iter  continuity  x-velocity  y-velocity  z-velocity      energy           k       omega     time/iter
    78  4.3207e-05  7.6151e-06  1.4329e-05  3.3589e-05  2.5064e-05  2.5930e-05  4.2268e-06  0:03:33  222
    79  3.9730e-05  7.1592e-06  1.3707e-05  3.1322e-05  2.3549e-05  2.3560e-05  3.8816e-06  0:03:33  221
    80  3.6329e-05  6.7009e-06  1.2990e-05  2.8980e-05  2.2057e-05  2.1189e-05  3.5209e-06  0:03:35  220
    81  3.3104e-05  6.2461e-06  1.2190e-05  2.6667e-05  2.0593e-05  1.8870e-05  3.1577e-06  0:03:30  219
    82  2.9936e-05  5.7929e-06  1.1369e-05  2.4394e-05  1.9180e-05  1.6715e-05  2.8046e-06  0:03:28  218
    83  2.7024e-05  5.3528e-06  1.0549e-05  2.2218e-05  1.7831e-05  1.4692e-05  2.4686e-06  0:03:26  217
    84  2.4297e-05  4.9331e-06  9.7578e-06  2.0172e-05  1.6551e-05  1.2822e-05  2.1556e-06  0:03:24  216
    85  2.1725e-05  4.5314e-06  9.0034e-06  1.8268e-05  1.5337e-05  1.1083e-05  1.8717e-06  0:03:19  215
    86  1.9297e-05  4.1497e-06  8.2850e-06  1.6492e-05  1.4182e-05  9.5523e-06  1.6198e-06  0:03:18  214
    87  1.7040e-05  3.7903e-06  7.5988e-06  1.4858e-05  1.3086e-05  8.2301e-06  1.3994e-06  0:03:18  213
    88  1.4922e-05  3.4560e-06  6.9640e-06  1.3378e-05  1.2063e-05  7.0776e-06  1.2101e-06  0:03:19  212

  iter  continuity  x-velocity  y-velocity  z-velocity      energy           k       omega     time/iter
    89  1.3061e-05  3.1494e-06  6.3746e-06  1.2060e-05  1.1105e-05  6.0763e-06  1.0487e-06  0:03:19  211
    90  1.1432e-05  2.8678e-06  5.8310e-06  1.0895e-05  1.0210e-05  5.2071e-06  9.1341e-07  0:03:13  210
    91  1.0016e-05  2.6139e-06  5.3295e-06  9.8767e-06  9.3817e-06  4.4681e-06  8.0215e-07  0:03:15  209
    92  8.7956e-06  2.3885e-06  4.8701e-06  8.9982e-06  8.6162e-06  3.8451e-06  7.1227e-07  0:03:18  208
    93  7.7575e-06  2.1905e-06  4.4525e-06  8.2474e-06  7.9134e-06  3.3246e-06  6.4043e-07  0:03:19  207
    94  6.8924e-06  2.0180e-06  4.0713e-06  7.6107e-06  7.2740e-06  2.9209e-06  5.8456e-07  0:03:16  206
    95  6.2539e-06  1.8691e-06  3.7229e-06  7.0865e-06  6.6973e-06  2.5547e-06  5.4024e-07  0:03:18  205
    96  5.6644e-06  1.7397e-06  3.4039e-06  6.6310e-06  6.1949e-06  2.2553e-06  5.0480e-07  0:03:08  204
    97  5.1513e-06  1.6275e-06  3.1086e-06  6.2382e-06  5.7364e-06  2.0228e-06  4.7706e-07  0:03:10  203
    98  4.7806e-06  1.5300e-06  2.8354e-06  5.9124e-06  5.3467e-06  1.8190e-06  4.5401e-07  0:03:04  202
    99  4.4326e-06  1.4441e-06  2.5840e-06  5.6260e-06  4.9946e-06  1.6542e-06  4.3455e-07  0:03:07  201

  iter  continuity  x-velocity  y-velocity  z-velocity      energy           k       omega     time/iter
   100  4.1376e-06  1.3683e-06  2.3551e-06  5.3735e-06  4.7042e-06  1.5167e-06  4.1789e-07  0:03:06  200
   101  3.8890e-06  1.3013e-06  2.1491e-06  5.1492e-06  4.4549e-06  1.4003e-06  4.0351e-07  0:03:01  199
   102  3.6870e-06  1.2416e-06  1.9647e-06  4.9492e-06  4.2303e-06  1.2990e-06  3.9093e-07  0:03:03  198
   103  3.5206e-06  1.1881e-06  1.8000e-06  4.7693e-06  4.0533e-06  1.2112e-06  3.7986e-07  0:03:01  197
   104  3.3808e-06  1.1402e-06  1.6545e-06  4.6055e-06  3.9038e-06  1.1351e-06  3.7004e-07  0:02:56  196
   105  3.2607e-06  1.0973e-06  1.5265e-06  4.4538e-06  3.7677e-06  1.0692e-06  3.6129e-07  0:02:57  195
   106  3.1528e-06  1.0585e-06  1.4154e-06  4.3120e-06  3.6656e-06  1.0140e-06  3.5360e-07  0:02:56  194
   107  3.0568e-06  1.0232e-06  1.3208e-06  4.1796e-06  3.5796e-06  9.6671e-07  3.4682e-07  0:02:53  193
   108  2.9690e-06  9.9132e-07  1.2424e-06  4.0546e-06  3.4980e-06  9.2675e-07  3.4092e-07  0:02:55  192
   109  2.8868e-06  9.6260e-07  1.1793e-06  3.9356e-06  3.4385e-06  8.9350e-07  3.3586e-07  0:02:51  191
   110  2.8084e-06  9.3630e-07  1.1298e-06  3.8198e-06  3.3800e-06  8.6732e-07  3.3157e-07  0:02:51  190

  iter  continuity  x-velocity  y-velocity  z-velocity      energy           k       omega     time/iter
   111  2.7325e-06  9.1251e-07  1.0926e-06  3.7073e-06  3.3394e-06  8.4847e-07  3.2802e-07  0:02:50  189
   112  2.6622e-06  8.9425e-07  1.0683e-06  3.5996e-06  3.3039e-06  8.3393e-07  3.2505e-07  0:02:46  188
   113  2.5891e-06  8.7579e-07  1.0509e-06  3.4957e-06  3.2650e-06  8.2432e-07  3.2262e-07  0:02:48  187
   114  2.5126e-06  8.5487e-07  1.0364e-06  3.3967e-06  3.2386e-06  8.1878e-07  3.2064e-07  0:02:45  186
   115  2.4381e-06  8.3649e-07  1.0277e-06  3.3009e-06  3.2099e-06  8.1632e-07  3.1901e-07  0:02:49  185
   116  2.3663e-06  8.1978e-07  1.0235e-06  3.2075e-06  3.1913e-06  8.1603e-07  3.1760e-07  0:02:43  184
   117  2.2975e-06  8.0424e-07  1.0221e-06  3.1117e-06  3.1671e-06  8.1706e-07  3.1630e-07  0:02:45  183
   118  2.2306e-06  7.8929e-07  1.0225e-06  3.0086e-06  3.1501e-06  8.1875e-07  3.1499e-07  0:02:44  182
   119  2.1660e-06  7.7591e-07  1.0242e-06  2.9098e-06  3.1317e-06  8.2048e-07  3.1355e-07  0:02:40  181
   120  2.1040e-06  7.6335e-07  1.0261e-06  2.8212e-06  3.1093e-06  8.2178e-07  3.1193e-07  0:02:42  180
   121  2.0435e-06  7.5135e-07  1.0278e-06  2.7383e-06  3.0921e-06  8.2215e-07  3.1005e-07  0:02:38  179

  iter  continuity  x-velocity  y-velocity  z-velocity      energy           k       omega     time/iter
   122  1.9839e-06  7.3966e-07  1.0295e-06  2.6582e-06  3.0684e-06  8.2119e-07  3.0781e-07  0:02:41  178
   123  1.9249e-06  7.2805e-07  1.0304e-06  2.5800e-06  3.0479e-06  8.1876e-07  3.0516e-07  0:02:36  177
   124  1.8648e-06  7.1618e-07  1.0299e-06  2.5037e-06  3.0219e-06  8.1478e-07  3.0207e-07  0:02:40  176
   125  1.8054e-06  7.0431e-07  1.0280e-06  2.4299e-06  2.9979e-06  8.0916e-07  2.9856e-07  0:02:42  175
   126  1.7466e-06  6.9248e-07  1.0245e-06  2.3571e-06  2.9706e-06  8.0186e-07  2.9464e-07  0:02:34  174
   127  1.6894e-06  6.8017e-07  1.0193e-06  2.2861e-06  2.9378e-06  7.9289e-07  2.9028e-07  0:02:36  173
   128  1.6339e-06  6.6753e-07  1.0120e-06  2.2162e-06  2.9067e-06  7.8241e-07  2.8555e-07  0:02:31  172
   129  1.5798e-06  6.5452e-07  1.0025e-06  2.1480e-06  2.8711e-06  7.7061e-07  2.8048e-07  0:02:34  171
   130  1.5278e-06  6.4127e-07  9.9129e-07  2.0814e-06  2.8372e-06  7.5753e-07  2.7511e-07  0:02:30  170
   131  1.4770e-06  6.2759e-07  9.7846e-07  2.0165e-06  2.7942e-06  7.4340e-07  2.6950e-07  0:02:34  169
   132  1.4280e-06  6.1391e-07  9.6432e-07  1.9537e-06  2.7544e-06  7.2740e-07  2.6362e-07  0:02:33  168

  iter  continuity  x-velocity  y-velocity  z-velocity      energy           k       omega     time/iter
   133  1.3803e-06  6.0049e-07  9.4884e-07  1.8924e-06  2.7145e-06  7.1219e-07  2.5774e-07  0:02:29  167
   134  1.3342e-06  5.8753e-07  9.3237e-07  1.8328e-06  2.6697e-06  6.9531e-07  2.5162e-07  0:02:30  166
   135  1.2878e-06  5.7457e-07  9.1475e-07  1.7752e-06  2.6279e-06  6.7922e-07  2.4553e-07  0:02:25  165
   136  1.2413e-06  5.6148e-07  8.9614e-07  1.7201e-06  2.5836e-06  6.6245e-07  2.3933e-07  0:02:28  164
   137  1.1964e-06  5.4854e-07  8.7686e-07  1.6670e-06  2.5401e-06  6.4523e-07  2.3308e-07  0:02:24  163
   138  1.1530e-06  5.3579e-07  8.5711e-07  1.6154e-06  2.4944e-06  6.2794e-07  2.2684e-07  0:02:26  162
   139  1.1115e-06  5.2331e-07  8.3719e-07  1.5655e-06  2.4516e-06  6.1081e-07  2.2065e-07  0:02:25  161
   140  1.0720e-06  5.1110e-07  8.1731e-07  1.5175e-06  2.4086e-06  5.9391e-07  2.1458e-07  0:02:21  160
   141  1.0343e-06  4.9921e-07  7.9752e-07  1.4710e-06  2.3641e-06  5.7728e-07  2.0863e-07  0:02:23  159
   142  9.9822e-07  4.8777e-07  7.7779e-07  1.4261e-06  2.3214e-06  5.6090e-07  2.0280e-07  0:02:21  158
   143  9.6363e-07  4.7653e-07  7.5813e-07  1.3829e-06  2.2776e-06  5.4486e-07  1.9709e-07  0:02:23  157

  iter  continuity  x-velocity  y-velocity  z-velocity      energy           k       omega     time/iter
   144  9.3045e-07  4.6555e-07  7.3866e-07  1.3414e-06  2.2359e-06  5.2950e-07  1.9155e-07  0:02:18  156
   145  8.9885e-07  4.5487e-07  7.1900e-07  1.3016e-06  2.1930e-06  5.1471e-07  1.8617e-07  0:02:21  155
   146  8.6873e-07  4.4439e-07  6.9934e-07  1.2635e-06  2.1519e-06  5.0008e-07  1.8094e-07  0:02:16  154
   147  8.3995e-07  4.3433e-07  6.8006e-07  1.2270e-06  2.1095e-06  4.8568e-07  1.7588e-07  0:02:20  153
   148  8.1229e-07  4.2448e-07  6.6125e-07  1.1919e-06  2.0695e-06  4.7175e-07  1.7100e-07  0:02:15  152
   149  7.8590e-07  4.1495e-07  6.4301e-07  1.1583e-06  2.0283e-06  4.5832e-07  1.6629e-07  0:02:18  151
   150  7.6038e-07  4.0540e-07  6.2515e-07  1.1261e-06  1.9887e-06  4.4553e-07  1.6177e-07  0:02:14  150
   151  7.3592e-07  3.9612e-07  6.0759e-07  1.0955e-06  1.9487e-06  4.3336e-07  1.5744e-07  0:02:17  149
   152  7.1232e-07  3.8705e-07  5.9050e-07  1.0661e-06  1.9106e-06  4.2184e-07  1.5330e-07  0:02:12  148
   153  6.8930e-07  3.7783e-07  5.7353e-07  1.0379e-06  1.8698e-06  4.1091e-07  1.4934e-07  0:02:13  147
   154  6.6743e-07  3.6895e-07  5.5736e-07  1.0109e-06  1.8326e-06  4.0049e-07  1.4556e-07  0:02:10  146

  iter  continuity  x-velocity  y-velocity  z-velocity      energy           k       omega     time/iter
   155  6.4662e-07  3.6051e-07  5.4167e-07  9.8505e-07  1.7961e-06  3.9056e-07  1.4196e-07  0:02:12  145
   156  6.2644e-07  3.5206e-07  5.2653e-07  9.6008e-07  1.7611e-06  3.8117e-07  1.3855e-07  0:02:07  144
   157  6.0516e-07  3.4376e-07  5.1153e-07  9.3485e-07  1.7265e-06  3.7226e-07  1.3528e-07  0:02:07  143
   158  5.8180e-07  3.3518e-07  4.9696e-07  9.1140e-07  1.6929e-06  3.6384e-07  1.3217e-07  0:02:09  142
   159  5.5672e-07  3.2496e-07  4.8150e-07  8.8912e-07  1.6614e-06  3.5595e-07  1.2921e-07  0:02:05  141
   160  5.3306e-07  3.1569e-07  4.6692e-07  8.6747e-07  1.6296e-06  3.4851e-07  1.2641e-07  0:02:04  140
   161  5.1246e-07  3.0835e-07  4.5431e-07  8.4659e-07  1.5990e-06  3.4145e-07  1.2373e-07  0:02:06  139
   162  4.9446e-07  3.0180e-07  4.4288e-07  8.2669e-07  1.5703e-06  3.3476e-07  1.2119e-07  0:02:02  138
   163  4.7831e-07  2.9564e-07  4.3224e-07  8.0765e-07  1.5412e-06  3.2844e-07  1.1875e-07  0:02:01  137
   164  4.6340e-07  2.8981e-07  4.2215e-07  7.8940e-07  1.5127e-06  3.2238e-07  1.1645e-07  0:02:04  136
   165  4.4934e-07  2.8422e-07  4.1262e-07  7.7182e-07  1.4866e-06  3.1662e-07  1.1426e-07  0:02:00  135

  iter  continuity  x-velocity  y-velocity  z-velocity      energy           k       omega     time/iter
   166  4.3592e-07  2.7899e-07  4.0360e-07  7.5493e-07  1.4607e-06  3.1105e-07  1.1216e-07  0:01:59  134
   167  4.2296e-07  2.7398e-07  3.9509e-07  7.3867e-07  1.4359e-06  3.0578e-07  1.1016e-07  0:01:59  133
   168  4.1037e-07  2.6909e-07  3.8713e-07  7.2296e-07  1.4121e-06  3.0082e-07  1.0826e-07  0:01:57  132
   169  3.9818e-07  2.6434e-07  3.7963e-07  7.0779e-07  1.3892e-06  2.9618e-07  1.0644e-07  0:01:57  131
   170  3.8633e-07  2.5980e-07  3.7249e-07  6.9313e-07  1.3673e-06  2.9179e-07  1.0471e-07  0:01:55  130
   171  3.7491e-07  2.5541e-07  3.6567e-07  6.7899e-07  1.3460e-06  2.8762e-07  1.0307e-07  0:01:54  129
   172  3.6405e-07  2.5123e-07  3.5943e-07  6.6535e-07  1.3256e-06  2.8362e-07  1.0150e-07  0:01:54  128
   173  3.5368e-07  2.4720e-07  3.5357e-07  6.5217e-07  1.3053e-06  2.7767e-07  9.8756e-08  0:01:47  127
   174  3.3276e-07  2.4246e-07  3.4736e-07  6.2602e-07  1.2856e-06  2.7144e-07  9.6824e-08  0:01:47  126
   175  3.1729e-07  2.3813e-07  3.4157e-07  6.0882e-07  1.2667e-06  2.6664e-07  9.5150e-08  0:01:45  125
   176  3.0504e-07  2.3412e-07  3.3609e-07  5.9466e-07  1.2484e-06  2.6339e-07  9.3820e-08  0:01:45  124

  iter  continuity  x-velocity  y-velocity  z-velocity      energy           k       omega     time/iter
   177  2.9485e-07  2.3046e-07  3.3118e-07  5.8230e-07  1.2310e-06  2.6103e-07  9.2745e-08  0:01:43  123
   178  2.8602e-07  2.2711e-07  3.2682e-07  5.7119e-07  1.2144e-06  2.5902e-07  9.1791e-08  0:01:42  122
   179  2.7815e-07  2.2392e-07  3.2282e-07  5.6100e-07  1.1975e-06  2.5437e-07  8.9493e-08  0:01:37  121
   180  2.6168e-07  2.2002e-07  3.1827e-07  5.4100e-07  1.1813e-06  2.4925e-07  8.7942e-08  0:01:33  120
   181  2.4990e-07  2.1653e-07  3.1389e-07  5.2823e-07  1.1655e-06  2.4519e-07  8.6669e-08  0:01:33  119
   182  2.4086e-07  2.1330e-07  3.0999e-07  5.1766e-07  1.1502e-06  2.4228e-07  8.5632e-08  0:01:32  118
   183  2.3349e-07  2.1037e-07  3.0652e-07  5.0847e-07  1.1355e-06  2.4003e-07  8.4765e-08  0:01:33  117
   184  2.2723e-07  2.0766e-07  3.0369e-07  5.0032e-07  1.1211e-06  2.3810e-07  8.3986e-08  0:01:32  116
   185  2.2173e-07  2.0514e-07  3.0144e-07  4.9276e-07  1.1072e-06  2.3624e-07  8.3211e-08  0:01:31  115
   186  2.1674e-07  2.0269e-07  2.9905e-07  4.8559e-07  1.0937e-06  2.3404e-07  8.2427e-08  0:01:30  114
   187  2.1209e-07  2.0038e-07  2.9727e-07  4.7891e-07  1.0803e-06  2.3156e-07  8.1597e-08  0:01:28  113

  iter  continuity  x-velocity  y-velocity  z-velocity      energy           k       omega     time/iter
   188  2.0773e-07  1.9812e-07  2.9657e-07  4.7257e-07  1.0667e-06  2.2882e-07  8.0718e-08  0:01:27  112
   189  2.0358e-07  1.9587e-07  2.9563e-07  4.6645e-07  1.0519e-06  2.2588e-07  7.9776e-08  0:01:26  111
   190  1.9955e-07  1.9353e-07  2.9432e-07  4.6038e-07  1.0384e-06  2.2276e-07  7.8777e-08  0:01:25  110
   191  1.9561e-07  1.9125e-07  2.9269e-07  4.5435e-07  1.0253e-06  2.1951e-07  7.7726e-08  0:01:24  109
   192  1.9173e-07  1.8893e-07  2.9067e-07  4.4829e-07  1.0121e-06  2.1618e-07  7.6636e-08  0:01:25  108
   193  1.8790e-07  1.8662e-07  2.8835e-07  4.4215e-07  9.9852e-07  2.1280e-07  7.5512e-08  0:01:24  107
   194  1.8412e-07  1.8427e-07  2.8571e-07  4.3597e-07  9.8401e-07  2.0946e-07  7.4375e-08  0:01:24  106
   195  1.8040e-07  1.8187e-07  2.8282e-07  4.2980e-07  9.6993e-07  2.0613e-07  7.3234e-08  0:01:24  105
   196  1.7674e-07  1.7942e-07  2.7972e-07  4.2358e-07  9.5603e-07  2.0271e-07  7.2096e-08  0:01:23  104
   197  1.7315e-07  1.7704e-07  2.7741e-07  4.1746e-07  9.4242e-07  1.9932e-07  7.0950e-08  0:01:23  103
   198  1.6961e-07  1.7456e-07  2.7497e-07  4.1123e-07  9.2898e-07  1.9602e-07  6.9816e-08  0:01:22  102

  iter  continuity  x-velocity  y-velocity  z-velocity      energy           k       omega     time/iter
   199  1.6615e-07  1.7202e-07  2.7203e-07  4.0503e-07  9.1576e-07  1.9287e-07  6.8711e-08  0:01:19  101
   200  1.6275e-07  1.6954e-07  2.6879e-07  3.9900e-07  9.0284e-07  1.8987e-07  6.7642e-08  0:01:20  100
   201  1.5943e-07  1.6707e-07  2.6548e-07  3.9311e-07  8.8996e-07  1.8705e-07  6.6612e-08  0:01:20   99
   202  1.5619e-07  1.6464e-07  2.6210e-07  3.8734e-07  8.7743e-07  1.8435e-07  6.5616e-08  0:01:18   98
   203  1.5303e-07  1.6229e-07  2.5871e-07  3.8165e-07  8.6520e-07  1.8169e-07  6.4652e-08  0:01:18   97
   204  1.4993e-07  1.5996e-07  2.5533e-07  3.7600e-07  8.5297e-07  1.7911e-07  6.3721e-08  0:01:15   96
   205  1.4691e-07  1.5765e-07  2.5193e-07  3.7040e-07  8.4113e-07  1.7660e-07  6.2817e-08  0:01:16   95
   206  1.4396e-07  1.5542e-07  2.4850e-07  3.6487e-07  8.2930e-07  1.7419e-07  6.1947e-08  0:01:13   94
   207  1.4109e-07  1.5324e-07  2.4516e-07  3.5943e-07  8.1791e-07  1.7185e-07  6.1105e-08  0:01:12   93
   208  1.3829e-07  1.5108e-07  2.4188e-07  3.5411e-07  8.0666e-07  1.6964e-07  6.0296e-08  0:01:09   92
   209  1.3555e-07  1.4899e-07  2.3868e-07  3.4893e-07  7.9593e-07  1.6752e-07  5.9513e-08  0:01:10   91

  iter  continuity  x-velocity  y-velocity  z-velocity      energy           k       omega     time/iter
   210  1.3290e-07  1.4698e-07  2.3567e-07  3.4387e-07  7.8526e-07  1.6549e-07  5.8775e-08  0:01:10   90
   211  1.3033e-07  1.4505e-07  2.3282e-07  3.3892e-07  7.7500e-07  1.6355e-07  5.8068e-08  0:01:09   89
   212  1.2782e-07  1.4317e-07  2.3008e-07  3.3408e-07  7.6496e-07  1.6165e-07  5.7393e-08  0:01:14   88
   213  1.2535e-07  1.4133e-07  2.2730e-07  3.2933e-07  7.5484e-07  1.5974e-07  5.6725e-08  0:01:08   87
   214  1.2294e-07  1.3949e-07  2.2453e-07  3.2467e-07  7.4478e-07  1.5775e-07  5.6057e-08  0:01:08   86
   215  1.2060e-07  1.3768e-07  2.2234e-07  3.2006e-07  7.3447e-07  1.5576e-07  5.5374e-08  0:01:07   85
   216  1.1831e-07  1.3593e-07  2.2021e-07  3.1551e-07  7.2402e-07  1.5379e-07  5.4683e-08  0:01:07   84
   217  1.1608e-07  1.3421e-07  2.1773e-07  3.1102e-07  7.1339e-07  1.5186e-07  5.3982e-08  0:01:05   83
   218  1.1390e-07  1.3248e-07  2.1502e-07  3.0660e-07  7.0298e-07  1.4997e-07  5.3275e-08  0:01:05   82
   219  1.1178e-07  1.3077e-07  2.1223e-07  3.0223e-07  6.9245e-07  1.4810e-07  5.2562e-08  0:01:03   81
   220  1.0970e-07  1.2909e-07  2.0933e-07  2.9788e-07  6.8190e-07  1.4622e-07  5.1845e-08  0:01:02   80

  iter  continuity  x-velocity  y-velocity  z-velocity      energy           k       omega     time/iter
   221  1.0765e-07  1.2742e-07  2.0638e-07  2.9359e-07  6.7136e-07  1.4434e-07  5.1121e-08  0:01:01   79
   222  1.0564e-07  1.2574e-07  2.0340e-07  2.8935e-07  6.6082e-07  1.4257e-07  5.0399e-08  0:01:01   78
   223  1.0367e-07  1.2407e-07  2.0036e-07  2.8518e-07  6.5034e-07  1.4078e-07  4.9676e-08  0:01:00   77
   224  1.0174e-07  1.2242e-07  1.9735e-07  2.8103e-07  6.4004e-07  1.3900e-07  4.8959e-08  0:00:59   76
   225  9.9861e-08  1.2077e-07  1.9443e-07  2.7690e-07  6.2985e-07  1.3722e-07  4.8248e-08  0:00:58   75
   226  9.8019e-08  1.1915e-07  1.9149e-07  2.7282e-07  6.1983e-07  1.3545e-07  4.7558e-08  0:00:57   74
   227  9.6204e-08  1.1758e-07  1.8852e-07  2.6879e-07  6.1003e-07  1.3369e-07  4.6882e-08  0:00:57   73
   228  9.4415e-08  1.1604e-07  1.8561e-07  2.6484e-07  6.0042e-07  1.3197e-07  4.6224e-08  0:00:56   72
   229  9.2575e-08  1.1448e-07  1.8210e-07  2.6083e-07  5.9087e-07  1.3031e-07  4.5596e-08  0:00:55   71
   230  9.0626e-08  1.1290e-07  1.7704e-07  2.5672e-07  5.8148e-07  1.2864e-07  4.5029e-08  0:00:55   70
   231  8.8664e-08  1.1136e-07  1.7144e-07  2.5265e-07  5.7226e-07  1.2685e-07  4.4479e-08  0:00:54   69

  iter  continuity  x-velocity  y-velocity  z-velocity      energy           k       omega     time/iter
   232  8.6717e-08  1.0986e-07  1.6609e-07  2.4863e-07  5.6296e-07  1.2490e-07  4.3919e-08  0:00:53   68
   233  8.4817e-08  1.0835e-07  1.6155e-07  2.4471e-07  5.5328e-07  1.2271e-07  4.3296e-08  0:00:52   67
   234  8.2998e-08  1.0680e-07  1.5758e-07  2.4083e-07  5.4298e-07  1.2027e-07  4.2589e-08  0:00:52   66
   235  8.1253e-08  1.0520e-07  1.5382e-07  2.3696e-07  5.3199e-07  1.1758e-07  4.1784e-08  0:00:51   65
   236  7.9572e-08  1.0354e-07  1.5036e-07  2.3301e-07  5.2031e-07  1.1468e-07  4.0871e-08  0:00:51   64
   237  7.7943e-08  1.0180e-07  1.4711e-07  2.2905e-07  5.0782e-07  1.1161e-07  3.9851e-08  0:00:50   63
   238  7.6353e-08  9.9994e-08  1.4383e-07  2.2510e-07  4.9483e-07  1.0827e-07  3.8727e-08  0:00:48   62
   239  7.4690e-08  9.8092e-08  1.4036e-07  2.2106e-07  4.8120e-07  1.0502e-07  3.7548e-08  0:00:50   61
   240  7.3062e-08  9.6101e-08  1.3680e-07  2.1694e-07  4.6706e-07  1.0157e-07  3.6299e-08  0:00:47   60
   241  7.1368e-08  9.4018e-08  1.3309e-07  2.1274e-07  4.5275e-07  9.8178e-08  3.5021e-08  0:00:48   59
   242  6.9682e-08  9.1863e-08  1.2930e-07  2.0848e-07  4.3818e-07  9.4610e-08  3.3702e-08  0:00:45   58

  iter  continuity  x-velocity  y-velocity  z-velocity      energy           k       omega     time/iter
   243  6.7971e-08  8.9626e-08  1.2553e-07  2.0415e-07  4.2340e-07  9.0216e-08  3.1754e-08  0:00:43   57
   244  6.4442e-08  8.7021e-08  1.2143e-07  1.9825e-07  4.0852e-07  8.5687e-08  3.0273e-08  0:00:42   56
   245  6.1723e-08  8.4513e-08  1.1733e-07  1.9327e-07  3.9401e-07  8.2533e-08  2.9524e-08  0:00:43   55
   246  6.1242e-08  8.2402e-08  1.1363e-07  1.8996e-07  3.7956e-07  8.0080e-08  2.8446e-08  0:00:43   54
   247  6.0272e-08  8.0232e-08  1.1002e-07  1.8597e-07  3.6533e-07  7.6717e-08  2.6736e-08  0:00:40   53
   248  5.7404e-08  7.7716e-08  1.0619e-07  1.8046e-07  3.5151e-07  7.3027e-08  2.5417e-08  0:00:39   52
   249  5.5198e-08  7.5305e-08  1.0254e-07  1.7576e-07  3.3809e-07  7.0303e-08  2.4730e-08  0:00:41   51
   250  5.4978e-08  7.3251e-08  9.9306e-08  1.7257e-07  3.2498e-07  6.8051e-08  2.3744e-08  0:00:40   50
   251  5.4192e-08  7.1166e-08  9.6153e-08  1.6876e-07  3.1219e-07  6.5059e-08  2.2228e-08  0:00:37   49
   252  5.1598e-08  6.8799e-08  9.2833e-08  1.6359e-07  2.9982e-07  6.1838e-08  2.1077e-08  0:00:36   48
   253  4.9598e-08  6.6528e-08  8.9657e-08  1.5917e-07  2.8779e-07  5.8881e-08  2.0051e-08  0:00:35   47

  iter  continuity  x-velocity  y-velocity  z-velocity      energy           k       omega     time/iter
   254  4.7899e-08  6.4344e-08  8.6652e-08  1.5495e-07  2.7609e-07  5.6245e-08  1.9110e-08  0:00:35   46
   255  4.6390e-08  6.2220e-08  8.3813e-08  1.5089e-07  2.6475e-07  5.3876e-08  1.8229e-08  0:00:34   45
   256  4.5015e-08  6.0189e-08  8.1143e-08  1.4696e-07  2.5378e-07  5.1712e-08  1.7398e-08  0:00:33   44
   257  4.3749e-08  5.8237e-08  7.8552e-08  1.4315e-07  2.4320e-07  4.9702e-08  1.6612e-08  0:00:32   43
   258  4.2585e-08  5.6345e-08  7.6098e-08  1.3944e-07  2.3301e-07  4.7804e-08  1.5871e-08  0:00:32   42
   259  4.1489e-08  5.4505e-08  7.3778e-08  1.3582e-07  2.2321e-07  4.6009e-08  1.5164e-08  0:00:31   41
   260  4.0435e-08  5.2710e-08  7.1507e-08  1.3228e-07  2.1373e-07  4.3776e-08  1.4038e-08  0:00:28   40
   261  3.8069e-08  5.0711e-08  6.9150e-08  1.2776e-07  2.0469e-07  4.1531e-08  1.3342e-08  0:00:28   39
   262  3.6363e-08  4.8871e-08  6.6957e-08  1.2395e-07  1.9599e-07  3.9594e-08  1.2765e-08  0:00:27   38
   263  3.5033e-08  4.7156e-08  6.4935e-08  1.2041e-07  1.8762e-07  3.7991e-08  1.2251e-08  0:00:26   37
   264  3.3956e-08  4.5561e-08  6.3118e-08  1.1705e-07  1.7961e-07  3.6557e-08  1.1769e-08  0:00:25   36

  iter  continuity  x-velocity  y-velocity  z-velocity      energy           k       omega     time/iter
   265  3.2973e-08  4.4034e-08  6.1285e-08  1.1386e-07  1.7191e-07  3.5451e-08  1.1323e-08  0:00:24   35
   266  3.2112e-08  4.2578e-08  5.9500e-08  1.1079e-07  1.6455e-07  3.4404e-08  1.0881e-08  0:00:24   34
   267  3.1344e-08  4.1181e-08  5.7810e-08  1.0784e-07  1.5753e-07  3.3339e-08  1.0461e-08  0:00:23   33
   268  3.0635e-08  3.9834e-08  5.6263e-08  1.0498e-07  1.5087e-07  3.2743e-08  1.0423e-08  0:00:24   32
   269  3.1182e-08  3.8732e-08  5.4916e-08  1.0312e-07  1.4448e-07  3.2204e-08  1.0081e-08  0:00:23   31
   270  3.1119e-08  3.7590e-08  5.3568e-08  1.0079e-07  1.3844e-07  3.1474e-08  9.7010e-09  0:00:22   30
   271  3.0836e-08  3.6448e-08  5.2298e-08  9.8383e-08  1.3272e-07  3.0496e-08  9.3149e-09  0:00:22   29
   272  3.0374e-08  3.5287e-08  5.0967e-08  9.5929e-08  1.2727e-07  2.9537e-08  8.9370e-09  0:00:21   28
   273  2.9840e-08  3.4137e-08  4.9684e-08  9.3475e-08  1.2207e-07  2.8487e-08  8.5599e-09  0:00:20   27
   274  2.9256e-08  3.3000e-08  4.8437e-08  9.1030e-08  1.1710e-07  2.7385e-08  8.2110e-09  0:00:20   26
   275  2.8658e-08  3.1897e-08  4.7306e-08  8.8619e-08  1.1236e-07  2.6235e-08  7.8844e-09  0:00:19   25

  iter  continuity  x-velocity  y-velocity  z-velocity      energy           k       omega     time/iter
   276  2.8022e-08  3.0814e-08  4.6133e-08  8.6233e-08  1.0782e-07  2.5249e-08  7.5704e-09  0:00:18   24
   277  2.7403e-08  2.9757e-08  4.5018e-08  8.3885e-08  1.0348e-07  2.4295e-08  7.2621e-09  0:00:17   23
   278  2.6796e-08  2.8732e-08  4.3944e-08  8.1576e-08  9.9322e-08  2.3362e-08  6.9877e-09  0:00:16   22
   279  2.6219e-08  2.7761e-08  4.2999e-08  7.9314e-08  9.5355e-08  2.2419e-08  6.7394e-09  0:00:16   21
   280  2.5643e-08  2.6806e-08  4.2051e-08  7.7099e-08  9.1551e-08  2.1640e-08  6.4917e-09  0:00:15   20
   281  2.5087e-08  2.5894e-08  4.1117e-08  7.4938e-08  8.7909e-08  2.0886e-08  6.2416e-09  0:00:14   19
   282  2.4552e-08  2.5031e-08  4.0236e-08  7.2826e-08  8.4438e-08  2.0091e-08  6.0437e-09  0:00:13   18
   283  2.4007e-08  2.4198e-08  3.9297e-08  7.0765e-08  8.1108e-08  1.9429e-08  5.8322e-09  0:00:13   17
   284  2.3473e-08  2.3399e-08  3.8346e-08  6.8753e-08  7.7912e-08  1.8983e-08  5.7492e-09  0:00:13   16
   285  2.3892e-08  2.2727e-08  3.7455e-08  6.7556e-08  7.4862e-08  1.8517e-08  5.5798e-09  0:00:12   15
   286  2.3826e-08  2.2048e-08  3.6607e-08  6.5948e-08  7.1973e-08  1.7934e-08  5.4199e-09  0:00:11   14

  iter  continuity  x-velocity  y-velocity  z-velocity      energy           k       omega     time/iter
   287  2.3553e-08  2.1365e-08  3.5720e-08  6.4271e-08  6.9208e-08  1.7402e-08  5.2270e-09  0:00:10   13
   288  2.3170e-08  2.0692e-08  3.4834e-08  6.2569e-08  6.6561e-08  1.6821e-08  5.0139e-09  0:00:09   12
   289  2.2729e-08  2.0039e-08  3.4004e-08  6.0866e-08  6.4000e-08  1.6170e-08  4.8606e-09  0:00:09   11
   290  2.2241e-08  1.9398e-08  3.3146e-08  5.9170e-08  6.1554e-08  1.5609e-08  4.6864e-09  0:00:08   10
   291  2.1738e-08  1.8778e-08  3.2302e-08  5.7499e-08  5.9213e-08  1.4889e-08  4.3877e-09  0:00:06    9
   292  2.0449e-08  1.8111e-08  3.1469e-08  5.5151e-08  5.6938e-08  1.4165e-08  4.2636e-09  0:00:06    8
   293  1.9530e-08  1.7502e-08  3.0676e-08  5.3281e-08  5.4750e-08  1.3586e-08  4.1488e-09  0:00:05    7
   294  1.8811e-08  1.6928e-08  2.9871e-08  5.1562e-08  5.2608e-08  1.3130e-08  3.9603e-09  0:00:04    6
   295  1.8223e-08  1.6396e-08  2.9120e-08  4.9960e-08  5.0573e-08  1.2478e-08  3.7164e-09  0:00:03    5
   296  1.6998e-08  1.5817e-08  2.8347e-08  4.7818e-08  4.8624e-08  1.1930e-08  3.6484e-09  0:00:03    4
   297  1.6141e-08  1.5296e-08  2.7582e-08  4.6139e-08  4.6702e-08  1.1525e-08  3.5152e-09  0:00:02    3

  iter  continuity  x-velocity  y-velocity  z-velocity      energy           k       omega     time/iter
   298  1.5508e-08  1.4821e-08  2.6864e-08  4.4615e-08  4.4866e-08  1.1137e-08  3.4310e-09  0:00:01    2
   299  1.4997e-08  1.4375e-08  2.6144e-08  4.3217e-08  4.3068e-08  1.0855e-08  3.3446e-09  0:00:01    1
   300  1.4573e-08  1.3959e-08  2.5469e-08  4.1907e-08  4.1367e-08  1.0556e-08  3.2722e-09  0:00:00    0
Done

> ; second-order + required residual criteria
/solve/set/discretization-scheme/pressure 12

> /solve/set/discretization-scheme/mom 1

> /solve/set/discretization-scheme/k 1

> /solve/set/discretization-scheme/omega 1

> /solve/set/discretization-scheme/temperature 1

> /solve/monitors/residual/check-convergence? yes
Check convergence of x-velocity residuals? [no] yes
Check convergence of y-velocity residuals? [no] yes
Check convergence of z-velocity residuals? [no] yes
Check convergence of energy residuals? [no] yes
Check convergence of k residuals? [no] yes
Check convergence of omega residuals? [no] yes

> /solve/monitors/residual/convergence-criteria
continuity residual convergence criterion [1e-05] 1e-4
x-velocity residual convergence criterion [1e-05] 1e-4
y-velocity residual convergence criterion [1e-05] 1e-4
z-velocity residual convergence criterion [1e-05] 1e-4
energy residual convergence criterion [1e-05] 1e-6
k residual convergence criterion [1e-05] 1e-3
omega residual convergence criterion [1e-05] 1e-3

> /solve/iterate 4000
Upload restart solution data ...
Apply restart data ... 

  iter  continuity  x-velocity  y-velocity  z-velocity      energy           k       omega     time/iter
   300  1.4573e-08  1.3959e-08  2.5469e-08  4.1907e-08  4.1367e-08  1.0556e-08  3.2722e-09  0:44:00 4000
   301  1.7815e-03  4.4256e-04  3.4727e-04  5.5008e-04  9.6252e-04  8.0592e-04  3.4150e-04  0:53:33 3999
   302  1.1041e-03  2.9705e-04  2.6817e-04  5.2134e-04  6.0017e-04  6.0722e-04  2.3145e-04  0:52:45 3998
   303  6.1380e-04  2.3758e-04  2.3495e-04  4.8756e-04  4.1330e-04  4.7919e-04  1.9468e-04  0:48:17 3997
   304  3.3722e-04  1.9041e-04  1.9329e-04  3.5516e-04  3.2222e-04  3.5874e-04  1.7904e-04  0:42:48 3996
   305  2.1287e-04  1.5268e-04  1.5122e-04  2.6529e-04  2.8855e-04  2.6783e-04  1.7100e-04  0:43:36 3995
   306  1.5607e-04  1.2761e-04  1.2413e-04  2.0246e-04  2.6933e-04  2.0457e-04  1.6693e-04  0:43:22 3994
   307  1.2294e-04  1.1336e-04  1.0586e-04  1.5758e-04  2.5890e-04  1.6104e-04  1.6456e-04  0:47:41 3993
   308  9.9905e-05  1.0293e-04  9.3000e-05  1.2567e-04  2.4765e-04  1.3074e-04  1.6291e-04  0:51:12 3992
   309  8.4151e-05  9.2796e-05  8.3494e-05  1.0196e-04  2.2871e-04  1.0830e-04  1.6139e-04  0:51:27 3991
   310  7.4008e-05  8.1292e-05  7.6133e-05  8.4362e-05  2.1247e-04  9.2026e-05  1.5856e-04  0:52:41 3990

  iter  continuity  x-velocity  y-velocity  z-velocity      energy           k       omega     time/iter
   311  6.8158e-05  7.0608e-05  6.9491e-05  7.1972e-05  2.0774e-04  8.0910e-05  1.5117e-04  0:55:24 3989
   312  6.3831e-05  6.1832e-05  6.4489e-05  6.3714e-05  2.0134e-04  7.3717e-05  1.3887e-04  0:58:00 3988
   313  5.9481e-05  5.3930e-05  6.0693e-05  5.7684e-05  1.9037e-04  6.7370e-05  1.2680e-04  0:59:23 3987
   314  5.5223e-05  4.8418e-05  5.7667e-05  5.3429e-05  1.7715e-04  6.3168e-05  1.1929e-04  1:00:19 3986
   315  5.1583e-05  4.4720e-05  5.4942e-05  5.0632e-05  1.6549e-04  6.0232e-05  1.2068e-04  1:00:44 3985
   316  4.8643e-05  4.2175e-05  5.2088e-05  4.8797e-05  1.5756e-04  5.9456e-05  1.3823e-04  1:00:19 3984
   317  4.6961e-05  3.9363e-05  4.9788e-05  4.7444e-05  1.5288e-04  5.8262e-05  1.4689e-04  1:00:18 3983
   318  4.6534e-05  3.6144e-05  4.6820e-05  4.5621e-05  1.4982e-04  5.5108e-05  1.4827e-04  0:58:59 3982
   319  4.6616e-05  3.3167e-05  4.3547e-05  4.2975e-05  1.4714e-04  5.0588e-05  1.5043e-04  0:58:49 3981
   320  4.6139e-05  3.0527e-05  4.0306e-05  3.9904e-05  1.4124e-04  4.6338e-05  1.5255e-04  1:02:08 3980
   321  4.5254e-05  2.8224e-05  3.7508e-05  3.6833e-05  1.3149e-04  4.2785e-05  1.5464e-04  1:02:43 3979

  iter  continuity  x-velocity  y-velocity  z-velocity      energy           k       omega     time/iter
   322  4.3911e-05  2.5773e-05  3.5091e-05  3.3955e-05  1.2097e-04  4.0769e-05  1.5738e-04  1:02:05 3978
   323  4.2493e-05  2.3326e-05  3.2813e-05  3.1584e-05  1.1119e-04  3.8815e-05  1.5840e-04  0:58:52 3977
   324  4.0010e-05  2.1046e-05  3.0362e-05  2.9346e-05  1.0244e-04  3.6546e-05  1.5853e-04  1:00:08 3976
   325  3.7356e-05  1.8905e-05  2.7894e-05  2.7946e-05  9.3970e-05  3.4350e-05  1.5858e-04  1:00:01 3975
Reverse flow on 4 faces of outlet boundary (return_slot).
   326  3.5035e-05  1.7037e-05  2.5621e-05  2.6991e-05  8.5649e-05  3.2289e-05  1.5882e-04  1:00:29 3974
Reverse flow on 4 faces of outlet boundary (return_slot).
   327  3.3282e-05  1.5452e-05  2.3423e-05  2.5754e-05  7.8816e-05  3.0436e-05  1.5890e-04  1:01:31 3973
Reverse flow on 7 faces of outlet boundary (return_slot).
   328  3.1710e-05  1.4091e-05  2.1284e-05  2.4523e-05  7.9831e-05  2.8774e-05  1.5892e-04  1:01:43 3972
Reverse flow on 34 faces of outlet boundary (return_slot).
   329  2.8333e-05  1.2889e-05  1.9285e-05  2.3522e-05  8.2054e-05  2.7346e-05  1.5896e-04  1:01:26 3971
Reverse flow on 46 faces of outlet boundary (return_slot).
   330  2.5010e-05  1.1783e-05  1.7511e-05  2.2660e-05  7.3614e-05  2.6547e-05  1.5899e-04  1:05:46 3970
Reverse flow on 51 faces of outlet boundary (return_slot).
   331  2.3150e-05  1.0804e-05  1.5985e-05  2.2116e-05  5.9400e-05  2.5927e-05  1.5902e-04  1:05:00 3969
Reverse flow on 52 faces of outlet boundary (return_slot).
   332  2.1946e-05  9.9472e-06  1.4669e-05  2.1708e-05  4.8173e-05  2.5307e-05  1.5904e-04  1:05:42 3968
Reverse flow on 52 faces of outlet boundary (return_slot).

  iter  continuity  x-velocity  y-velocity  z-velocity      energy           k       omega     time/iter
   333  2.0648e-05  9.2016e-06  1.3576e-05  2.1400e-05  3.8145e-05  2.4685e-05  1.5906e-04  1:04:42 3967
Reverse flow on 52 faces of outlet boundary (return_slot).
   334  1.9294e-05  8.5702e-06  1.2672e-05  2.1135e-05  3.0304e-05  2.4067e-05  1.5908e-04  1:03:55 3966
Reverse flow on 52 faces of outlet boundary (return_slot).
   335  1.7998e-05  8.0549e-06  1.1925e-05  2.0875e-05  2.4745e-05  2.3470e-05  1.5909e-04  1:03:19 3965
Reverse flow on 53 faces of outlet boundary (return_slot).
   336  1.6803e-05  7.6212e-06  1.1300e-05  2.0574e-05  2.0974e-05  2.2861e-05  1.5910e-04  1:02:41 3964
Reverse flow on 54 faces of outlet boundary (return_slot).
   337  1.5751e-05  7.2614e-06  1.0758e-05  2.0234e-05  1.8403e-05  2.2216e-05  1.5910e-04  1:02:59 3963
Reverse flow on 55 faces of outlet boundary (return_slot).
   338  1.4844e-05  6.9553e-06  1.0258e-05  1.9856e-05  1.6629e-05  2.1503e-05  1.5909e-04  1:00:51 3962
Reverse flow on 58 faces of outlet boundary (return_slot).
   339  1.4037e-05  6.6840e-06  9.7842e-06  1.9426e-05  1.5363e-05  2.0705e-05  1.5907e-04  1:01:01 3961
Reverse flow on 58 faces of outlet boundary (return_slot).
   340  1.3317e-05  6.4399e-06  9.3221e-06  1.8931e-05  1.4465e-05  1.9814e-05  1.5906e-04  1:00:15 3960
Reverse flow on 59 faces of outlet boundary (return_slot).
   341  1.2666e-05  6.2063e-06  8.8624e-06  1.8406e-05  1.3862e-05  1.8835e-05  1.5904e-04  1:00:18 3959
Reverse flow on 60 faces of outlet boundary (return_slot).
   342  1.2078e-05  5.9679e-06  8.4007e-06  1.7854e-05  1.3498e-05  1.7809e-05  1.5901e-04  1:00:14 3958
Reverse flow on 59 faces of outlet boundary (return_slot).
   343  1.1526e-05  5.7245e-06  7.9366e-06  1.7293e-05  1.3325e-05  1.6749e-05  1.5898e-04  1:00:11 3957
Reverse flow on 60 faces of outlet boundary (return_slot).

  iter  continuity  x-velocity  y-velocity  z-velocity      energy           k       omega     time/iter
   344  1.0995e-05  5.4742e-06  7.4762e-06  1.6753e-05  1.3270e-05  1.5669e-05  1.5895e-04  1:00:06 3956
Reverse flow on 58 faces of outlet boundary (return_slot).
   345  1.0489e-05  5.2204e-06  7.0242e-06  1.6259e-05  1.3265e-05  1.4598e-05  1.5891e-04  1:00:03 3955
Reverse flow on 58 faces of outlet boundary (return_slot).
   346  9.9925e-06  4.9588e-06  6.5864e-06  1.5805e-05  1.3243e-05  1.3553e-05  1.5888e-04  1:00:06 3954
Reverse flow on 58 faces of outlet boundary (return_slot).
   347  9.4998e-06  4.6926e-06  6.1627e-06  1.5386e-05  1.3162e-05  1.2545e-05  1.5884e-04  1:00:15 3953
Reverse flow on 57 faces of outlet boundary (return_slot).
   348  9.0310e-06  4.4250e-06  5.7537e-06  1.4998e-05  1.2994e-05  1.1584e-05  1.5880e-04  1:00:05 3952
Reverse flow on 56 faces of outlet boundary (return_slot).
   349  8.5938e-06  4.1584e-06  5.3656e-06  1.4633e-05  1.2721e-05  1.0674e-05  1.5876e-04  1:00:13 3951
Reverse flow on 56 faces of outlet boundary (return_slot).
   350  8.1690e-06  3.8947e-06  5.0018e-06  1.4283e-05  1.2339e-05  9.8206e-06  1.5872e-04  1:01:17 3950
Reverse flow on 56 faces of outlet boundary (return_slot).
   351  7.7492e-06  3.6341e-06  4.6635e-06  1.3941e-05  1.1858e-05  9.0265e-06  1.5868e-04  0:59:22 3949
Reverse flow on 56 faces of outlet boundary (return_slot).
   352  7.3396e-06  3.3800e-06  4.3487e-06  1.3608e-05  1.1287e-05  8.2870e-06  1.5864e-04  1:01:07 3948
Reverse flow on 56 faces of outlet boundary (return_slot).
   353  6.9449e-06  3.1343e-06  4.0579e-06  1.3288e-05  1.0657e-05  7.6071e-06  1.5860e-04  0:59:20 3947
Reverse flow on 56 faces of outlet boundary (return_slot).
   354  6.5668e-06  2.8998e-06  3.7912e-06  1.2987e-05  9.9791e-06  6.9656e-06  1.5856e-04  0:56:04 3946
Reverse flow on 56 faces of outlet boundary (return_slot).

  iter  continuity  x-velocity  y-velocity  z-velocity      energy           k       omega     time/iter
   355  6.0660e-06  2.6673e-06  3.5386e-06  1.2610e-05  9.2888e-06  6.3840e-06  1.5853e-04  0:57:30 3945
Reverse flow on 56 faces of outlet boundary (return_slot).
   356  5.6316e-06  2.4541e-06  3.3126e-06  1.2291e-05  8.6043e-06  5.8728e-06  1.5849e-04  0:56:08 3944
Reverse flow on 56 faces of outlet boundary (return_slot).
   357  5.2592e-06  2.2588e-06  3.1119e-06  1.2022e-05  7.9275e-06  5.4261e-06  1.5846e-04  0:57:18 3943
Reverse flow on 56 faces of outlet boundary (return_slot).
   358  4.9422e-06  2.0814e-06  2.9343e-06  1.1789e-05  7.2881e-06  5.0372e-06  1.5843e-04  0:56:11 3942
Reverse flow on 55 faces of outlet boundary (return_slot).
   359  4.6638e-06  1.9216e-06  2.7783e-06  1.1579e-05  6.6872e-06  4.6977e-06  1.5841e-04  0:57:16 3941
Reverse flow on 53 faces of outlet boundary (return_slot).
   360  4.4145e-06  1.7794e-06  2.6425e-06  1.1383e-05  6.1455e-06  4.4020e-06  1.5838e-04  0:57:24 3940
Reverse flow on 52 faces of outlet boundary (return_slot).
   361  4.1915e-06  1.6532e-06  2.5262e-06  1.1194e-05  5.6597e-06  4.1450e-06  1.5836e-04  0:57:23 3939
Reverse flow on 52 faces of outlet boundary (return_slot).
   362  3.9906e-06  1.5416e-06  2.4286e-06  1.1003e-05  5.2342e-06  3.9221e-06  1.5834e-04  0:57:12 3938
Reverse flow on 52 faces of outlet boundary (return_slot).
   363  3.8070e-06  1.4433e-06  2.3499e-06  1.0807e-05  4.8682e-06  3.7280e-06  1.5832e-04  0:56:34 3937
Reverse flow on 52 faces of outlet boundary (return_slot).
   364  3.6361e-06  1.3571e-06  2.2899e-06  1.0606e-05  4.5567e-06  3.5590e-06  1.5831e-04  0:56:45 3936
Reverse flow on 52 faces of outlet boundary (return_slot).
   365  3.4719e-06  1.2825e-06  2.2479e-06  1.0400e-05  4.2943e-06  3.4091e-06  1.5829e-04  0:56:40 3935
Reverse flow on 50 faces of outlet boundary (return_slot).

  iter  continuity  x-velocity  y-velocity  z-velocity      energy           k       omega     time/iter
   366  3.3104e-06  1.2176e-06  2.2232e-06  1.0192e-05  4.0762e-06  3.2728e-06  1.5828e-04  0:56:44 3934
Reverse flow on 44 faces of outlet boundary (return_slot).
   367  3.1555e-06  1.1616e-06  2.2144e-06  9.9834e-06  3.8932e-06  3.1466e-06  1.5827e-04  0:56:34 3933
Reverse flow on 28 faces of outlet boundary (return_slot).
   368  3.0065e-06  1.1125e-06  2.2203e-06  9.7738e-06  3.7399e-06  3.0282e-06  1.5826e-04  0:56:06 3932
Reverse flow on 4 faces of outlet boundary (return_slot).
   369  2.8584e-06  1.0694e-06  2.2394e-06  9.5639e-06  3.6099e-06  2.9175e-06  1.5825e-04  0:56:11 3931
Reverse flow on 4 faces of outlet boundary (return_slot).
   370  2.7113e-06  1.0317e-06  2.2700e-06  9.3550e-06  3.4990e-06  2.8113e-06  1.5824e-04  0:56:00 3930
Reverse flow on 1 faces of outlet boundary (return_slot).
   371  2.5676e-06  9.9851e-07  2.3099e-06  9.1479e-06  3.4033e-06  2.7078e-06  1.5823e-04  0:55:39 3929
   372  2.4271e-06  9.7006e-07  2.3579e-06  8.9428e-06  3.3176e-06  2.6075e-06  1.5823e-04  0:55:27 3928
   373  2.2899e-06  9.4608e-07  2.4118e-06  8.7406e-06  3.2405e-06  2.5083e-06  1.5822e-04  0:55:34 3927
   374  2.1564e-06  9.2596e-07  2.4696e-06  8.5419e-06  3.1700e-06  2.4098e-06  1.5822e-04  0:54:43 3926
   375  2.0267e-06  9.0927e-07  2.5295e-06  8.3467e-06  3.1052e-06  2.3133e-06  1.5821e-04  0:55:08 3925
   376  1.9016e-06  8.9603e-07  2.5898e-06  8.1558e-06  3.0446e-06  2.2179e-06  1.5821e-04  0:55:01 3924

  iter  continuity  x-velocity  y-velocity  z-velocity      energy           k       omega     time/iter
   377  1.7818e-06  8.8613e-07  2.6497e-06  7.9696e-06  2.9872e-06  2.1236e-06  1.5821e-04  0:54:47 3923
   378  1.6680e-06  8.7992e-07  2.7080e-06  7.7886e-06  2.9313e-06  2.0310e-06  1.5820e-04  0:54:28 3922
   379  1.5599e-06  8.7664e-07  2.7638e-06  7.6124e-06  2.8758e-06  1.9415e-06  1.5820e-04  0:55:26 3921
   380  1.4583e-06  8.7579e-07  2.8167e-06  7.4413e-06  2.8235e-06  1.8542e-06  1.5820e-04  0:54:23 3920
   381  1.3632e-06  8.7730e-07  2.8665e-06  7.2753e-06  2.7672e-06  1.7693e-06  1.5819e-04  0:55:35 3919
   382  1.2747e-06  8.8081e-07  2.9127e-06  7.1142e-06  2.7113e-06  1.6675e-06  1.5819e-04  0:51:01 3918
   383  1.1735e-06  8.8420e-07  2.9530e-06  6.9530e-06  2.6508e-06  1.5726e-06  1.5819e-04  0:52:27 3917
   384  1.0963e-06  8.8983e-07  2.9895e-06  6.7996e-06  2.5953e-06  1.4897e-06  1.5819e-04  0:51:00 3916
   385  1.0321e-06  8.9683e-07  3.0213e-06  6.6520e-06  2.5361e-06  1.4166e-06  1.5819e-04  0:52:30 3915
   386  9.7645e-07  9.0474e-07  3.0481e-06  6.5091e-06  2.4813e-06  1.3505e-06  1.5818e-04  0:52:26 3914
   387  9.2721e-07  9.1278e-07  3.0698e-06  6.3703e-06  2.4265e-06  1.2891e-06  1.5818e-04  0:52:18 3913

  iter  continuity  x-velocity  y-velocity  z-velocity      energy           k       omega     time/iter
   388  8.8329e-07  9.2019e-07  3.0864e-06  6.2352e-06  2.3707e-06  1.2309e-06  1.5818e-04  0:52:22 3912
   389  8.4378e-07  9.2690e-07  3.0979e-06  6.1036e-06  2.3166e-06  1.1752e-06  1.5818e-04  0:53:17 3911
   390  8.0760e-07  9.3289e-07  3.1045e-06  5.9753e-06  2.2646e-06  1.1213e-06  1.5817e-04  0:52:48 3910
   391  7.7464e-07  9.3814e-07  3.1062e-06  5.8502e-06  2.2144e-06  1.0693e-06  1.5817e-04  0:53:00 3909
   392  7.4437e-07  9.4274e-07  3.1033e-06  5.7284e-06  2.1656e-06  1.0191e-06  1.5817e-04  0:52:53 3908
   393  7.1702e-07  9.4644e-07  3.0958e-06  5.6096e-06  2.1190e-06  9.7075e-07  1.5817e-04  0:52:59 3907
   394  6.9229e-07  9.4929e-07  3.0842e-06  5.4936e-06  2.0748e-06  9.2430e-07  1.5817e-04  0:53:01 3906
   395  6.6956e-07  9.5142e-07  3.0685e-06  5.3800e-06  2.0299e-06  8.7081e-07  1.5817e-04  0:49:14 3905
   396  6.4453e-07  9.5248e-07  3.0479e-06  5.2670e-06  1.9873e-06  8.1932e-07  1.5816e-04  0:49:47 3904
   397  6.2213e-07  9.5345e-07  3.0241e-06  5.1569e-06  1.9474e-06  7.7503e-07  1.5816e-04  0:49:49 3903
   398  6.0178e-07  9.5419e-07  2.9977e-06  5.0493e-06  1.9094e-06  7.3734e-07  1.5816e-04  0:49:24 3902

  iter  continuity  x-velocity  y-velocity  z-velocity      energy           k       omega     time/iter
   399  5.8291e-07  9.5471e-07  2.9686e-06  4.9440e-06  1.8734e-06  7.0432e-07  1.5816e-04  0:49:47 3901
   400  5.6501e-07  9.5495e-07  2.9371e-06  4.8410e-06  1.8388e-06  6.7427e-07  1.5816e-04  0:50:50 3900
   401  5.4786e-07  9.5486e-07  2.9029e-06  4.7402e-06  1.8052e-06  6.4613e-07  1.5816e-04  0:50:49 3899
   402  5.3119e-07  9.5430e-07  2.8663e-06  4.6414e-06  1.7717e-06  6.1947e-07  1.5815e-04  0:51:09 3898
   403  5.1462e-07  9.5324e-07  2.8273e-06  4.5445e-06  1.7392e-06  5.9415e-07  1.5815e-04  0:52:32 3897
   404  4.9812e-07  9.5165e-07  2.7862e-06  4.4495e-06  1.7103e-06  5.7023e-07  1.5815e-04  0:50:43 3896
   405  4.8246e-07  9.4936e-07  2.7430e-06  4.3562e-06  1.6783e-06  5.4776e-07  1.5815e-04  0:51:21 3895
   406  4.6740e-07  9.4631e-07  2.6980e-06  4.2645e-06  1.6494e-06  5.2663e-07  1.5815e-04  0:50:31 3894
   407  4.5298e-07  9.4261e-07  2.6514e-06  4.1747e-06  1.6143e-06  5.0157e-07  1.5815e-04  0:48:45 3893
   408  4.3315e-07  9.3810e-07  2.6022e-06  4.0848e-06  1.5839e-06  4.7746e-07  1.5815e-04  0:47:29 3892
   409  4.1697e-07  9.3310e-07  2.5523e-06  3.9974e-06  1.5512e-06  4.5777e-07  1.5815e-04  0:48:46 3891

  iter  continuity  x-velocity  y-velocity  z-velocity      energy           k       omega     time/iter
   410  4.0280e-07  9.2748e-07  2.5016e-06  3.9122e-06  1.5217e-06  4.4202e-07  1.5814e-04  0:48:54 3890
   411  3.8977e-07  9.2120e-07  2.4502e-06  3.8289e-06  1.4920e-06  4.2905e-07  1.5814e-04  0:48:51 3889
   412  3.7755e-07  9.1424e-07  2.3985e-06  3.7475e-06  1.4622e-06  4.1781e-07  1.5814e-04  0:49:02 3888
   413  3.6634e-07  9.0663e-07  2.3468e-06  3.6679e-06  1.4323e-06  4.0758e-07  1.5814e-04  0:47:05 3887
   414  3.5564e-07  8.9840e-07  2.2955e-06  3.5899e-06  1.4004e-06  3.9795e-07  1.5814e-04  0:48:36 3886
   415  3.4552e-07  8.8956e-07  2.2444e-06  3.5136e-06  1.3721e-06  3.8876e-07  1.5814e-04  0:48:36 3885
   416  3.3594e-07  8.8020e-07  2.1935e-06  3.4386e-06  1.3437e-06  3.8001e-07  1.5814e-04  0:49:09 3884
   417  3.2678e-07  8.7035e-07  2.1428e-06  3.3651e-06  1.3155e-06  3.7173e-07  1.5814e-04  0:48:51 3883
   418  3.1795e-07  8.6007e-07  2.0923e-06  3.2929e-06  1.2876e-06  3.6395e-07  1.5814e-04  0:49:25 3882
   419  3.0954e-07  8.4941e-07  2.0420e-06  3.2218e-06  1.2602e-06  3.5674e-07  1.5813e-04  0:49:16 3881
   420  3.0143e-07  8.3840e-07  1.9921e-06  3.1520e-06  1.2333e-06  3.5010e-07  1.5813e-04  0:48:54 3880

  iter  continuity  x-velocity  y-velocity  z-velocity      energy           k       omega     time/iter
   421  2.9383e-07  8.2707e-07  1.9425e-06  3.0834e-06  1.2068e-06  3.4402e-07  1.5813e-04  0:48:52 3879
   422  2.8676e-07  8.1545e-07  1.8934e-06  3.0160e-06  1.1809e-06  3.3847e-07  1.5813e-04  0:48:49 3878
   423  2.8015e-07  8.0359e-07  1.8448e-06  2.9497e-06  1.1554e-06  3.3343e-07  1.5813e-04  0:49:05 3877
   424  2.7380e-07  7.9154e-07  1.7969e-06  2.8845e-06  1.1306e-06  3.2885e-07  1.5813e-04  0:48:50 3876
   425  2.6771e-07  7.7936e-07  1.7495e-06  2.8203e-06  1.1064e-06  3.2476e-07  1.5813e-04  0:48:51 3875
   426  2.6196e-07  7.6707e-07  1.7029e-06  2.7573e-06  1.0830e-06  3.2099e-07  1.5813e-04  0:48:24 3874
   427  2.5653e-07  7.5468e-07  1.6570e-06  2.6953e-06  1.0601e-06  3.1764e-07  1.5813e-04  0:48:14 3873
   428  2.5134e-07  7.4220e-07  1.6118e-06  2.6343e-06  1.0377e-06  3.1462e-07  1.5813e-04  0:47:18 3872
   429  2.4628e-07  7.2965e-07  1.5675e-06  2.5745e-06  1.0158e-06  3.1187e-07  1.5813e-04  0:46:52 3871
   430  2.4161e-07  7.1705e-07  1.5239e-06  2.5158e-06  9.9455e-07  3.0940e-07  1.5813e-04  0:48:06 3870
!  430 solution is converged
Done

> /file/write-case-data "D:/agents2026/agents2026/agents/AIDCtms/coolingplate/design/cfd/uc01b_2.4x3.0lessmesh/fluent/uc01b_cht_less_t4_gpu"Fast-loading "E:\cae\programfiles\Ansys2026\ANSYS Inc261\v261\fluent\fluent26.1.0\\addons\afd\lib\hdfio.bin"
Done.

Writing to DESKTOP-JHEHF28:"D:/agents2026/agents2026/agents/AIDCtms/coolingplate/design/cfd/uc01b_2.4x3.0lessmesh/fluent/uc01b_cht_less_t4_gpu.cas.h5" in NODE0 mode and compression level 1 ...
Grouping cells for Laplace smoothing ...
     2115436 cells,     3 zones ...
     6475033 faces,    15 zones ...
     2243624 nodes,     1 zone  ...
  Done.
Done.

Additional data file quantities are not supported when writing in the default CFF format (.dat.h5 files).


Writing to DESKTOP-JHEHF28:"D:/agents2026/agents2026/agents/AIDCtms/coolingplate/design/cfd/uc01b_2.4x3.0lessmesh/fluent/uc01b_cht_less_t4_gpu.dat.h5" in NODE0 mode and compression level 1 ...
  Writing results.
Done.


> /define/boundary-conditions/list-zones
  id  name                       type                adj-zone-material     wall-material         kind
----  -------------------------  ------------------  --------------------  --------------------  ----
   2  fluid                      fluid               water-liquid                                cell
   3  solid_cu                   solid               copper                                      cell
   4  solid_tim2                 solid               tim2                                        cell
  12  sym                        symmetry                                                        face
   7  return_slot                pressure-outlet                                                 face
   6  inlet_jet                  mass-flow-inlet                                                 face
  15  return_slot:015            wall                copper                tim2                  face
   5  interior                   interior                                                        face
   8  wall_heat                  wall                tim2                  tim2                  face
   9  wall_orifice               wall                water-liquid          tim2                  face
  10  wall_cu_fluid              wall                water-liquid          tim2                  face
  11  wall_tim_cu                wall                tim2                  tim2                  face
  13  interior:013               interior                                                        face
  14  interior:014               interior                                                        face
  16  sym:016                    symmetry                                                        face
  17  sym:017                    symmetry                                                        face
  18  wall_tim_cu-shadow         wall                copper                tim2                  face
  19  wall_cu_fluid-shadow       wall                copper                tim2                  face

> /report/surface-integrals/area-weighted-avg Available surfaces: (sym wall_tim_cu wall_cu_fluid wall_orifice wall_heat inlet_jet return_slot return_slot:015 sym:016 sym:017 wall_tim_cu-shadow wall_cu_fluid-shadow)
inlet_jet () temperature no

           Area-Weighted Average
              Static Temperature                  [K]
-------------------------------- --------------------
                       inlet_jet               313.15

> /report/surface-integrals/area-weighted-avg Available surfaces: (sym wall_tim_cu wall_cu_fluid wall_orifice wall_heat inlet_jet return_slot return_slot:015 sym:016 sym:017 wall_tim_cu-shadow wall_cu_fluid-shadow)
return_slot () temperature no

           Area-Weighted Average
              Static Temperature                  [K]
-------------------------------- --------------------
                     return_slot             317.7222

> /report/surface-integrals/area-weighted-avg Available surfaces: (sym wall_tim_cu wall_cu_fluid wall_orifice wall_heat inlet_jet return_slot return_slot:015 sym:016 sym:017 wall_tim_cu-shadow wall_cu_fluid-shadow)
wall_heat () temperature no

           Area-Weighted Average
              Static Temperature                  [K]
-------------------------------- --------------------
                       wall_heat            335.40366

> /report/surface-integrals/area-weighted-avg Available surfaces: (sym wall_tim_cu wall_cu_fluid wall_orifice wall_heat inlet_jet return_slot return_slot:015 sym:016 sym:017 wall_tim_cu-shadow wall_cu_fluid-shadow)
wall_heat () heat-flux no

           Area-Weighted Average
         Total Surface Heat Flux              [W/m^2]
-------------------------------- --------------------
                       wall_heat            567460.32

> /report/surface-integrals/area-weighted-avg Available surfaces: (sym wall_tim_cu wall_cu_fluid wall_orifice wall_heat inlet_jet return_slot return_slot:015 sym:016 sym:017 wall_tim_cu-shadow wall_cu_fluid-shadow)
wall_cu_fluid () temperature no

           Area-Weighted Average
              Static Temperature                  [K]
-------------------------------- --------------------
                   wall_cu_fluid            321.99482

> /report/surface-integrals/area-weighted-avg Available surfaces: (sym wall_tim_cu wall_cu_fluid wall_orifice wall_heat inlet_jet return_slot return_slot:015 sym:016 sym:017 wall_tim_cu-shadow wall_cu_fluid-shadow)
wall_tim_cu () temperature no

           Area-Weighted Average
              Static Temperature                  [K]
-------------------------------- --------------------
                     wall_tim_cu            330.25566

> /report/surface-integrals/area-weighted-avg Available surfaces: (sym wall_tim_cu wall_cu_fluid wall_orifice wall_heat inlet_jet return_slot return_slot:015 sym:016 sym:017 wall_tim_cu-shadow wall_cu_fluid-shadow)
inlet_jet () pressure no

           Area-Weighted Average
                 Static Pressure                 [Pa]
-------------------------------- --------------------
                       inlet_jet            2237.6405

> /report/surface-integrals/area-weighted-avg Available surfaces: (sym wall_tim_cu wall_cu_fluid wall_orifice wall_heat inlet_jet return_slot return_slot:015 sym:016 sym:017 wall_tim_cu-shadow wall_cu_fluid-shadow)
return_slot () pressure no

           Area-Weighted Average
                 Static Pressure                 [Pa]
-------------------------------- --------------------
                     return_slot                    0

> /report/fluxes/mass-flow yes inlet_jet 
Error: Please answer y[es] or n[o].
Error Object: inlet_jet

Error: Please answer y[es] or n[o].
Error Object: inlet_jet
Transcript Stop Time:  09:43:45, 25 Sep 2026 中国标准时间 
Total Transcript Time: 7 Minute 42 Second.
