; i300 resave. Auto Range on, Global Range off, one variable per file.
(display "LOCAL wall_heat_temperature.png")
/display/objects/edit
p001t
range-option
auto-range-on
global-range?
no
quit
quit
/display/objects/display
p001t
/display/views/camera/projection
orthographic
/display/views/camera/position
0
0
0.04792
/display/views/camera/target
0
0
-0.00208
/display/views/camera/up-vector
-1
0
0
/display/views/auto-scale
/display/views/camera/zoom-camera
0.72
/display/views/camera/roll-camera
-0.13
/display/save-picture
D:/agents2026/agents2026/agents/AIDCtms/coolingplate/design/cfd/uc01b_2.4x3.0lessmesh12cells/figs12cells/i300/wall_heat_temperature.png
yes
(display "LOCAL wall_heat_center_temperature.png")
/display/objects/edit
p002t
range-option
auto-range-on
global-range?
no
quit
quit
/display/objects/display
p002t
/display/views/camera/projection
orthographic
/display/views/camera/position
0
0
0.04792
/display/views/camera/target
0
0
-0.00208
/display/views/camera/up-vector
-1
0
0
/display/views/auto-scale
/display/views/camera/zoom-camera
0.72
/display/views/camera/roll-camera
-0.13
/display/save-picture
D:/agents2026/agents2026/agents/AIDCtms/coolingplate/design/cfd/uc01b_2.4x3.0lessmesh12cells/figs12cells/i300/wall_heat_center_temperature.png
(display "LOCAL ztim_mid_temperature.png")
/display/objects/edit
p003t
range-option
auto-range-on
global-range?
no
quit
quit
/display/objects/display
p003t
/display/views/camera/projection
orthographic
/display/views/camera/position
0
0
0.0479636
/display/views/camera/target
0
0
-0.0020364
/display/views/camera/up-vector
-1
0
0
/display/views/auto-scale
/display/views/camera/zoom-camera
0.72
/display/views/camera/roll-camera
-0.13
/display/save-picture
D:/agents2026/agents2026/agents/AIDCtms/coolingplate/design/cfd/uc01b_2.4x3.0lessmesh12cells/figs12cells/i300/ztim_mid_temperature.png
(display "LOCAL ztim_mid_center_temperature.png")
/display/objects/edit
p004t
range-option
auto-range-on
global-range?
no
quit
quit
/display/objects/display
p004t
/display/views/camera/projection
orthographic
/display/views/camera/position
0
0
0.0479636
/display/views/camera/target
0
0
-0.0020364
/display/views/camera/up-vector
-1
0
0
/display/views/auto-scale
/display/views/camera/zoom-camera
0.72
/display/views/camera/roll-camera
-0.13
/display/save-picture
D:/agents2026/agents2026/agents/AIDCtms/coolingplate/design/cfd/uc01b_2.4x3.0lessmesh12cells/figs12cells/i300/ztim_mid_center_temperature.png
(display "LOCAL ztimcu_temperature.png")
/display/objects/edit
p005t
range-option
auto-range-on
global-range?
no
quit
quit
/display/objects/display
p005t
/display/views/camera/projection
orthographic
/display/views/camera/position
0
0
0.048
/display/views/camera/target
0
0
-0.002
/display/views/camera/up-vector
-1
0
0
/display/views/auto-scale
/display/views/camera/zoom-camera
0.72
/display/views/camera/roll-camera
-0.13
/display/save-picture
D:/agents2026/agents2026/agents/AIDCtms/coolingplate/design/cfd/uc01b_2.4x3.0lessmesh12cells/figs12cells/i300/ztimcu_temperature.png
(display "LOCAL ztimcu_center_temperature.png")
/display/objects/edit
p006t
range-option
auto-range-on
global-range?
no
quit
quit
/display/objects/display
p006t
/display/views/camera/projection
orthographic
/display/views/camera/position
0
0
0.048
/display/views/camera/target
0
0
-0.002
/display/views/camera/up-vector
-1
0
0
/display/views/auto-scale
/display/views/camera/zoom-camera
0.72
/display/views/camera/roll-camera
-0.13
/display/save-picture
D:/agents2026/agents2026/agents/AIDCtms/coolingplate/design/cfd/uc01b_2.4x3.0lessmesh12cells/figs12cells/i300/ztimcu_center_temperature.png
(display "LOCAL zcu_mid_temperature.png")
/display/objects/edit
p007t
range-option
auto-range-on
global-range?
no
quit
quit
/display/objects/display
p007t
/display/views/camera/projection
orthographic
/display/views/camera/position
0
0
0.048972
/display/views/camera/target
0
0
-0.001028
/display/views/camera/up-vector
-1
0
0
/display/views/auto-scale
/display/views/camera/zoom-camera
0.72
/display/views/camera/roll-camera
-0.13
/display/save-picture
D:/agents2026/agents2026/agents/AIDCtms/coolingplate/design/cfd/uc01b_2.4x3.0lessmesh12cells/figs12cells/i300/zcu_mid_temperature.png
(display "LOCAL zcu_mid_center_temperature.png")
/display/objects/edit
p008t
range-option
auto-range-on
global-range?
no
quit
quit
/display/objects/display
p008t
/display/views/camera/projection
orthographic
/display/views/camera/position
0
0
0.048972
/display/views/camera/target
0
0
-0.001028
/display/views/camera/up-vector
-1
0
0
/display/views/auto-scale
/display/views/camera/zoom-camera
0.72
/display/views/camera/roll-camera
-0.13
/display/save-picture
D:/agents2026/agents2026/agents/AIDCtms/coolingplate/design/cfd/uc01b_2.4x3.0lessmesh12cells/figs12cells/i300/zcu_mid_center_temperature.png
(display "LOCAL z0_temperature.png")
/display/objects/edit
p009t
range-option
auto-range-on
global-range?
no
quit
quit
/display/objects/display
p009t
/display/views/camera/projection
orthographic
/display/views/camera/position
0
0
0.05
/display/views/camera/target
0
0
0
/display/views/camera/up-vector
-1
0
0
/display/views/auto-scale
/display/views/camera/zoom-camera
0.72
/display/views/camera/roll-camera
-0.13
/display/save-picture
D:/agents2026/agents2026/agents/AIDCtms/coolingplate/design/cfd/uc01b_2.4x3.0lessmesh12cells/figs12cells/i300/z0_temperature.png
(display "LOCAL z0_center_temperature.png")
/display/objects/edit
p010t
range-option
auto-range-on
global-range?
no
quit
quit
/display/objects/display
p010t
/display/views/camera/projection
orthographic
/display/views/camera/position
0
0
0.05
/display/views/camera/target
0
0
0
/display/views/camera/up-vector
-1
0
0
/display/views/auto-scale
/display/views/camera/zoom-camera
0.72
/display/views/camera/roll-camera
-0.13
/display/save-picture
D:/agents2026/agents2026/agents/AIDCtms/coolingplate/design/cfd/uc01b_2.4x3.0lessmesh12cells/figs12cells/i300/z0_center_temperature.png
(display "LOCAL zrib_mid_temperature.png")
/display/objects/edit
p011t
range-option
auto-range-on
global-range?
no
quit
quit
/display/objects/display
p011t
/display/views/camera/projection
orthographic
/display/views/camera/position
0
0
0.05067
/display/views/camera/target
0
0
0.00067
/display/views/camera/up-vector
-1
0
0
/display/views/auto-scale
/display/views/camera/zoom-camera
0.72
/display/views/camera/roll-camera
-0.13
/display/save-picture
D:/agents2026/agents2026/agents/AIDCtms/coolingplate/design/cfd/uc01b_2.4x3.0lessmesh12cells/figs12cells/i300/zrib_mid_temperature.png
(display "LOCAL zrib_mid_center_temperature.png")
/display/objects/edit
p012t
range-option
auto-range-on
global-range?
no
quit
quit
/display/objects/display
p012t
/display/views/camera/projection
orthographic
/display/views/camera/position
0
0
0.05067
/display/views/camera/target
0
0
0.00067
/display/views/camera/up-vector
-1
0
0
/display/views/auto-scale
/display/views/camera/zoom-camera
0.72
/display/views/camera/roll-camera
-0.13
/display/save-picture
D:/agents2026/agents2026/agents/AIDCtms/coolingplate/design/cfd/uc01b_2.4x3.0lessmesh12cells/figs12cells/i300/zrib_mid_center_temperature.png
(display "LOCAL zrib_solid_temperature.png")
/display/objects/edit
p013t
range-option
auto-range-on
global-range?
no
quit
quit
/display/objects/display
p013t
/display/views/camera/projection
orthographic
/display/views/camera/position
0
0
0.0515
/display/views/camera/target
0
0
0.0015
/display/views/camera/up-vector
-1
0
0
/display/views/auto-scale
/display/views/camera/zoom-camera
0.72
/display/views/camera/roll-camera
-0.13
/display/save-picture
D:/agents2026/agents2026/agents/AIDCtms/coolingplate/design/cfd/uc01b_2.4x3.0lessmesh12cells/figs12cells/i300/zrib_solid_temperature.png
(display "LOCAL zrib_solid_center_temperature.png")
/display/objects/edit
p014t
range-option
auto-range-on
global-range?
no
quit
quit
/display/objects/display
p014t
/display/views/camera/projection
orthographic
/display/views/camera/position
0
0
0.0515
/display/views/camera/target
0
0
0.0015
/display/views/camera/up-vector
-1
0
0
/display/views/auto-scale
/display/views/camera/zoom-camera
0.72
/display/views/camera/roll-camera
-0.13
/display/save-picture
D:/agents2026/agents2026/agents/AIDCtms/coolingplate/design/cfd/uc01b_2.4x3.0lessmesh12cells/figs12cells/i300/zrib_solid_center_temperature.png
(display "LOCAL zorif_slot_temperature.png")
/display/objects/edit
p015t
range-option
auto-range-on
global-range?
no
quit
quit
/display/objects/display
p015t
/display/views/camera/projection
orthographic
/display/views/camera/position
0
0
0.05475
/display/views/camera/target
0
0
0.00475
/display/views/camera/up-vector
-1
0
0
/display/views/auto-scale
/display/views/camera/zoom-camera
0.72
/display/views/camera/roll-camera
-0.13
/display/save-picture
D:/agents2026/agents2026/agents/AIDCtms/coolingplate/design/cfd/uc01b_2.4x3.0lessmesh12cells/figs12cells/i300/zorif_slot_temperature.png
(display "LOCAL zorif_slot_velocity.png")
/display/objects/edit
p016v
range-option
auto-range-on
global-range?
no
quit
quit
/display/objects/display
p016v
/display/views/camera/projection
orthographic
/display/views/camera/position
0
0
0.05475
/display/views/camera/target
0
0
0.00475
/display/views/camera/up-vector
-1
0
0
/display/views/auto-scale
/display/views/camera/zoom-camera
0.72
/display/views/camera/roll-camera
-0.13
/display/save-picture
D:/agents2026/agents2026/agents/AIDCtms/coolingplate/design/cfd/uc01b_2.4x3.0lessmesh12cells/figs12cells/i300/zorif_slot_velocity.png
(display "LOCAL zorif_slot_center_temperature.png")
/display/objects/edit
p017t
range-option
auto-range-on
global-range?
no
quit
quit
/display/objects/display
p017t
/display/views/camera/projection
orthographic
/display/views/camera/position
0
0
0.05475
/display/views/camera/target
0
0
0.00475
/display/views/camera/up-vector
-1
0
0
/display/views/auto-scale
/display/views/camera/zoom-camera
0.72
/display/views/camera/roll-camera
-0.13
/display/save-picture
D:/agents2026/agents2026/agents/AIDCtms/coolingplate/design/cfd/uc01b_2.4x3.0lessmesh12cells/figs12cells/i300/zorif_slot_center_temperature.png
(display "LOCAL zorif_slot_center_velocity.png")
/display/objects/edit
p018v
range-option
auto-range-on
global-range?
no
quit
quit
/display/objects/display
p018v
/display/views/camera/projection
orthographic
/display/views/camera/position
0
0
0.05475
/display/views/camera/target
0
0
0.00475
/display/views/camera/up-vector
-1
0
0
/display/views/auto-scale
/display/views/camera/zoom-camera
0.72
/display/views/camera/roll-camera
-0.13
/display/save-picture
D:/agents2026/agents2026/agents/AIDCtms/coolingplate/design/cfd/uc01b_2.4x3.0lessmesh12cells/figs12cells/i300/zorif_slot_center_velocity.png
(display "LOCAL zmid_temperature.png")
/display/objects/edit
p019t
range-option
auto-range-on
global-range?
no
quit
quit
/display/objects/display
p019t
/display/views/camera/projection
orthographic
/display/views/camera/position
0
0
0.05067
/display/views/camera/target
0
0
0.00067
/display/views/camera/up-vector
-1
0
0
/display/views/auto-scale
/display/views/camera/zoom-camera
0.72
/display/views/camera/roll-camera
-0.13
/display/save-picture
D:/agents2026/agents2026/agents/AIDCtms/coolingplate/design/cfd/uc01b_2.4x3.0lessmesh12cells/figs12cells/i300/zmid_temperature.png
(display "LOCAL zmid_velocity.png")
/display/objects/edit
p020v
range-option
auto-range-on
global-range?
no
quit
quit
/display/objects/display
p020v
/display/views/camera/projection
orthographic
/display/views/camera/position
0
0
0.05067
/display/views/camera/target
0
0
0.00067
/display/views/camera/up-vector
-1
0
0
/display/views/auto-scale
/display/views/camera/zoom-camera
0.72
/display/views/camera/roll-camera
-0.13
/display/save-picture
D:/agents2026/agents2026/agents/AIDCtms/coolingplate/design/cfd/uc01b_2.4x3.0lessmesh12cells/figs12cells/i300/zmid_velocity.png
(display "LOCAL zmid_center_temperature.png")
/display/objects/edit
p021t
range-option
auto-range-on
global-range?
no
quit
quit
/display/objects/display
p021t
/display/views/camera/projection
orthographic
/display/views/camera/position
0
0
0.05067
/display/views/camera/target
0
0
0.00067
/display/views/camera/up-vector
-1
0
0
/display/views/auto-scale
/display/views/camera/zoom-camera
0.72
/display/views/camera/roll-camera
-0.13
/display/save-picture
D:/agents2026/agents2026/agents/AIDCtms/coolingplate/design/cfd/uc01b_2.4x3.0lessmesh12cells/figs12cells/i300/zmid_center_temperature.png
(display "LOCAL zmid_center_velocity.png")
/display/objects/edit
p022v
range-option
auto-range-on
global-range?
no
quit
quit
/display/objects/display
p022v
/display/views/camera/projection
orthographic
/display/views/camera/position
0
0
0.05067
/display/views/camera/target
0
0
0.00067
/display/views/camera/up-vector
-1
0
0
/display/views/auto-scale
/display/views/camera/zoom-camera
0.72
/display/views/camera/roll-camera
-0.13
/display/save-picture
D:/agents2026/agents2026/agents/AIDCtms/coolingplate/design/cfd/uc01b_2.4x3.0lessmesh12cells/figs12cells/i300/zmid_center_velocity.png
(display "LOCAL zgap_temperature.png")
/display/objects/edit
p023t
range-option
auto-range-on
global-range?
no
quit
quit
/display/objects/display
p023t
/display/views/camera/projection
orthographic
/display/views/camera/position
0
0
0.052426
/display/views/camera/target
0
0
0.002426
/display/views/camera/up-vector
-1
0
0
/display/views/auto-scale
/display/views/camera/zoom-camera
0.72
/display/views/camera/roll-camera
-0.13
/display/save-picture
D:/agents2026/agents2026/agents/AIDCtms/coolingplate/design/cfd/uc01b_2.4x3.0lessmesh12cells/figs12cells/i300/zgap_temperature.png
(display "LOCAL zgap_velocity.png")
/display/objects/edit
p024v
range-option
auto-range-on
global-range?
no
quit
quit
/display/objects/display
p024v
/display/views/camera/projection
orthographic
/display/views/camera/position
0
0
0.052426
/display/views/camera/target
0
0
0.002426
/display/views/camera/up-vector
-1
0
0
/display/views/auto-scale
/display/views/camera/zoom-camera
0.72
/display/views/camera/roll-camera
-0.13
/display/save-picture
D:/agents2026/agents2026/agents/AIDCtms/coolingplate/design/cfd/uc01b_2.4x3.0lessmesh12cells/figs12cells/i300/zgap_velocity.png
(display "LOCAL zgap_center_temperature.png")
/display/objects/edit
p025t
range-option
auto-range-on
global-range?
no
quit
quit
/display/objects/display
p025t
/display/views/camera/projection
orthographic
/display/views/camera/position
0
0
0.052426
/display/views/camera/target
0
0
0.002426
/display/views/camera/up-vector
-1
0
0
/display/views/auto-scale
/display/views/camera/zoom-camera
0.72
/display/views/camera/roll-camera
-0.13
/display/save-picture
D:/agents2026/agents2026/agents/AIDCtms/coolingplate/design/cfd/uc01b_2.4x3.0lessmesh12cells/figs12cells/i300/zgap_center_temperature.png
(display "LOCAL zgap_center_velocity.png")
/display/objects/edit
p026v
range-option
auto-range-on
global-range?
no
quit
quit
/display/objects/display
p026v
/display/views/camera/projection
orthographic
/display/views/camera/position
0
0
0.052426
/display/views/camera/target
0
0
0.002426
/display/views/camera/up-vector
-1
0
0
/display/views/auto-scale
/display/views/camera/zoom-camera
0.72
/display/views/camera/roll-camera
-0.13
/display/save-picture
D:/agents2026/agents2026/agents/AIDCtms/coolingplate/design/cfd/uc01b_2.4x3.0lessmesh12cells/figs12cells/i300/zgap_center_velocity.png
(display "LOCAL zorif_temperature.png")
/display/objects/edit
p027t
range-option
auto-range-on
global-range?
no
quit
quit
/display/objects/display
p027t
/display/views/camera/projection
orthographic
/display/views/camera/position
0
0
0.05475
/display/views/camera/target
0
0
0.00475
/display/views/camera/up-vector
-1
0
0
/display/views/auto-scale
/display/views/camera/zoom-camera
0.72
/display/views/camera/roll-camera
-0.13
/display/save-picture
D:/agents2026/agents2026/agents/AIDCtms/coolingplate/design/cfd/uc01b_2.4x3.0lessmesh12cells/figs12cells/i300/zorif_temperature.png
(display "LOCAL zorif_velocity.png")
/display/objects/edit
p028v
range-option
auto-range-on
global-range?
no
quit
quit
/display/objects/display
p028v
/display/views/camera/projection
orthographic
/display/views/camera/position
0
0
0.05475
/display/views/camera/target
0
0
0.00475
/display/views/camera/up-vector
-1
0
0
/display/views/auto-scale
/display/views/camera/zoom-camera
0.72
/display/views/camera/roll-camera
-0.13
/display/save-picture
D:/agents2026/agents2026/agents/AIDCtms/coolingplate/design/cfd/uc01b_2.4x3.0lessmesh12cells/figs12cells/i300/zorif_velocity.png
(display "LOCAL zorif_center_temperature.png")
/display/objects/edit
p029t
range-option
auto-range-on
global-range?
no
quit
quit
/display/objects/display
p029t
/display/views/camera/projection
orthographic
/display/views/camera/position
0
0
0.05475
/display/views/camera/target
0
0
0.00475
/display/views/camera/up-vector
-1
0
0
/display/views/auto-scale
/display/views/camera/zoom-camera
0.72
/display/views/camera/roll-camera
-0.13
/display/save-picture
D:/agents2026/agents2026/agents/AIDCtms/coolingplate/design/cfd/uc01b_2.4x3.0lessmesh12cells/figs12cells/i300/zorif_center_temperature.png
(display "LOCAL zorif_center_velocity.png")
/display/objects/edit
p030v
range-option
auto-range-on
global-range?
no
quit
quit
/display/objects/display
p030v
/display/views/camera/projection
orthographic
/display/views/camera/position
0
0
0.05475
/display/views/camera/target
0
0
0.00475
/display/views/camera/up-vector
-1
0
0
/display/views/auto-scale
/display/views/camera/zoom-camera
0.72
/display/views/camera/roll-camera
-0.13
/display/save-picture
D:/agents2026/agents2026/agents/AIDCtms/coolingplate/design/cfd/uc01b_2.4x3.0lessmesh12cells/figs12cells/i300/zorif_center_velocity.png
(display "LOCAL slitin_temperature.png")
/display/objects/edit
p031t
range-option
auto-range-on
global-range?
no
quit
quit
/display/objects/display
p031t
/display/views/camera/projection
orthographic
/display/views/camera/position
0
0
0.0535
/display/views/camera/target
0
0
0.0035
/display/views/camera/up-vector
-1
0
0
/display/views/auto-scale
/display/views/camera/zoom-camera
0.72
/display/views/camera/roll-camera
-0.13
/display/save-picture
D:/agents2026/agents2026/agents/AIDCtms/coolingplate/design/cfd/uc01b_2.4x3.0lessmesh12cells/figs12cells/i300/slitin_temperature.png
(display "LOCAL slitin_velocity.png")
/display/objects/edit
p032v
range-option
auto-range-on
global-range?
no
quit
quit
/display/objects/display
p032v
/display/views/camera/projection
orthographic
/display/views/camera/position
0
0
0.0535
/display/views/camera/target
0
0
0.0035
/display/views/camera/up-vector
-1
0
0
/display/views/auto-scale
/display/views/camera/zoom-camera
0.72
/display/views/camera/roll-camera
-0.13
/display/save-picture
D:/agents2026/agents2026/agents/AIDCtms/coolingplate/design/cfd/uc01b_2.4x3.0lessmesh12cells/figs12cells/i300/slitin_velocity.png
(display "LOCAL slitin_center_temperature.png")
/display/objects/edit
p033t
range-option
auto-range-on
global-range?
no
quit
quit
/display/objects/display
p033t
/display/views/camera/projection
orthographic
/display/views/camera/position
0
0
0.0535
/display/views/camera/target
0
0
0.0035
/display/views/camera/up-vector
-1
0
0
/display/views/auto-scale
/display/views/camera/zoom-camera
0.72
/display/views/camera/roll-camera
-0.13
/display/save-picture
D:/agents2026/agents2026/agents/AIDCtms/coolingplate/design/cfd/uc01b_2.4x3.0lessmesh12cells/figs12cells/i300/slitin_center_temperature.png
(display "LOCAL slitin_center_velocity.png")
/display/objects/edit
p034v
range-option
auto-range-on
global-range?
no
quit
quit
/display/objects/display
p034v
/display/views/camera/projection
orthographic
/display/views/camera/position
0
0
0.0535
/display/views/camera/target
0
0
0.0035
/display/views/camera/up-vector
-1
0
0
/display/views/auto-scale
/display/views/camera/zoom-camera
0.72
/display/views/camera/roll-camera
-0.13
/display/save-picture
D:/agents2026/agents2026/agents/AIDCtms/coolingplate/design/cfd/uc01b_2.4x3.0lessmesh12cells/figs12cells/i300/slitin_center_velocity.png
(display "LOCAL zreturn_mid_temperature.png")
/display/objects/edit
p035t
range-option
auto-range-on
global-range?
no
quit
quit
/display/objects/display
p035t
/display/views/camera/projection
orthographic
/display/views/camera/position
0
0
0.05475
/display/views/camera/target
0
0
0.00475
/display/views/camera/up-vector
-1
0
0
/display/views/auto-scale
/display/views/camera/zoom-camera
0.72
/display/views/camera/roll-camera
-0.13
/display/save-picture
D:/agents2026/agents2026/agents/AIDCtms/coolingplate/design/cfd/uc01b_2.4x3.0lessmesh12cells/figs12cells/i300/zreturn_mid_temperature.png
(display "LOCAL zreturn_mid_velocity.png")
/display/objects/edit
p036v
range-option
auto-range-on
global-range?
no
quit
quit
/display/objects/display
p036v
/display/views/camera/projection
orthographic
/display/views/camera/position
0
0
0.05475
/display/views/camera/target
0
0
0.00475
/display/views/camera/up-vector
-1
0
0
/display/views/auto-scale
/display/views/camera/zoom-camera
0.72
/display/views/camera/roll-camera
-0.13
/display/save-picture
D:/agents2026/agents2026/agents/AIDCtms/coolingplate/design/cfd/uc01b_2.4x3.0lessmesh12cells/figs12cells/i300/zreturn_mid_velocity.png
(display "LOCAL zreturn_mid_center_temperature.png")
/display/objects/edit
p037t
range-option
auto-range-on
global-range?
no
quit
quit
/display/objects/display
p037t
/display/views/camera/projection
orthographic
/display/views/camera/position
0
0
0.05475
/display/views/camera/target
0
0
0.00475
/display/views/camera/up-vector
-1
0
0
/display/views/auto-scale
/display/views/camera/zoom-camera
0.72
/display/views/camera/roll-camera
-0.13
/display/save-picture
D:/agents2026/agents2026/agents/AIDCtms/coolingplate/design/cfd/uc01b_2.4x3.0lessmesh12cells/figs12cells/i300/zreturn_mid_center_temperature.png
(display "LOCAL zreturn_mid_center_velocity.png")
/display/objects/edit
p038v
range-option
auto-range-on
global-range?
no
quit
quit
/display/objects/display
p038v
/display/views/camera/projection
orthographic
/display/views/camera/position
0
0
0.05475
/display/views/camera/target
0
0
0.00475
/display/views/camera/up-vector
-1
0
0
/display/views/auto-scale
/display/views/camera/zoom-camera
0.72
/display/views/camera/roll-camera
-0.13
/display/save-picture
D:/agents2026/agents2026/agents/AIDCtms/coolingplate/design/cfd/uc01b_2.4x3.0lessmesh12cells/figs12cells/i300/zreturn_mid_center_velocity.png
(display "LOCAL y0_temperature.png")
/display/objects/edit
p039t
range-option
auto-range-on
global-range?
no
quit
quit
/display/objects/display
p039t
/display/views/camera/projection
orthographic
/display/views/camera/position
0
0.0512
0.003
/display/views/camera/target
0
0.0012
0.003
/display/views/camera/up-vector
0
0
1
/display/views/auto-scale
/display/views/camera/zoom-camera
0.72
/display/views/camera/roll-camera
-0.13
/display/save-picture
D:/agents2026/agents2026/agents/AIDCtms/coolingplate/design/cfd/uc01b_2.4x3.0lessmesh12cells/figs12cells/i300/y0_temperature.png
(display "LOCAL y0_velocity.png")
/display/objects/edit
p040v
range-option
auto-range-on
global-range?
no
quit
quit
/display/objects/display
p040v
/display/views/camera/projection
orthographic
/display/views/camera/position
0
0.0512
0.003
/display/views/camera/target
0
0.0012
0.003
/display/views/camera/up-vector
0
0
1
/display/views/auto-scale
/display/views/camera/zoom-camera
0.72
/display/views/camera/roll-camera
-0.13
/display/save-picture
D:/agents2026/agents2026/agents/AIDCtms/coolingplate/design/cfd/uc01b_2.4x3.0lessmesh12cells/figs12cells/i300/y0_velocity.png
(display "LOCAL yside_temperature.png")
/display/objects/edit
p041t
range-option
auto-range-on
global-range?
no
quit
quit
/display/objects/display
p041t
/display/views/camera/projection
orthographic
/display/views/camera/position
0
0.052
0.003
/display/views/camera/target
0
0.002
0.003
/display/views/camera/up-vector
0
0
1
/display/views/auto-scale
/display/views/camera/zoom-camera
0.72
/display/views/camera/roll-camera
-0.13
/display/save-picture
D:/agents2026/agents2026/agents/AIDCtms/coolingplate/design/cfd/uc01b_2.4x3.0lessmesh12cells/figs12cells/i300/yside_temperature.png
(display "LOCAL yside_velocity.png")
/display/objects/edit
p042v
range-option
auto-range-on
global-range?
no
quit
quit
/display/objects/display
p042v
/display/views/camera/projection
orthographic
/display/views/camera/position
0
0.052
0.003
/display/views/camera/target
0
0.002
0.003
/display/views/camera/up-vector
0
0
1
/display/views/auto-scale
/display/views/camera/zoom-camera
0.72
/display/views/camera/roll-camera
-0.13
/display/save-picture
D:/agents2026/agents2026/agents/AIDCtms/coolingplate/design/cfd/uc01b_2.4x3.0lessmesh12cells/figs12cells/i300/yside_velocity.png
(display "LOCAL x0_temperature.png")
/display/objects/edit
p043t
range-option
auto-range-on
global-range?
no
quit
quit
/display/objects/display
p043t
/display/views/camera/projection
orthographic
/display/views/camera/position
0.08
0
0.003
/display/views/camera/target
0
0
0.003
/display/views/camera/up-vector
0
0
1
/display/views/auto-scale
/display/views/camera/zoom-camera
0.72
/display/views/camera/roll-camera
-0.13
/display/save-picture
D:/agents2026/agents2026/agents/AIDCtms/coolingplate/design/cfd/uc01b_2.4x3.0lessmesh12cells/figs12cells/i300/x0_temperature.png
(display "LOCAL x0_velocity.png")
/display/objects/edit
p044v
range-option
auto-range-on
global-range?
no
quit
quit
/display/objects/display
p044v
/display/views/camera/projection
orthographic
/display/views/camera/position
0.08
0
0.003
/display/views/camera/target
0
0
0.003
/display/views/camera/up-vector
0
0
1
/display/views/auto-scale
/display/views/camera/zoom-camera
0.72
/display/views/camera/roll-camera
-0.13
/display/save-picture
D:/agents2026/agents2026/agents/AIDCtms/coolingplate/design/cfd/uc01b_2.4x3.0lessmesh12cells/figs12cells/i300/x0_velocity.png
(display "LOCAL x0_center_temperature.png")
/display/objects/edit
p045t
range-option
auto-range-on
global-range?
no
quit
quit
/display/objects/display
p045t
/display/views/camera/projection
orthographic
/display/views/camera/position
0.08
0
0.003
/display/views/camera/target
0
0
0.003
/display/views/camera/up-vector
0
0
1
/display/views/auto-scale
/display/views/camera/zoom-camera
0.72
/display/views/camera/roll-camera
-0.13
/display/save-picture
D:/agents2026/agents2026/agents/AIDCtms/coolingplate/design/cfd/uc01b_2.4x3.0lessmesh12cells/figs12cells/i300/x0_center_temperature.png
(display "LOCAL x0_center_velocity.png")
/display/objects/edit
p046v
range-option
auto-range-on
global-range?
no
quit
quit
/display/objects/display
p046v
/display/views/camera/projection
orthographic
/display/views/camera/position
0.08
0
0.003
/display/views/camera/target
0
0
0.003
/display/views/camera/up-vector
0
0
1
/display/views/auto-scale
/display/views/camera/zoom-camera
0.72
/display/views/camera/roll-camera
-0.13
/display/save-picture
D:/agents2026/agents2026/agents/AIDCtms/coolingplate/design/cfd/uc01b_2.4x3.0lessmesh12cells/figs12cells/i300/x0_center_velocity.png
(display "LOCAL xmid_temperature.png")
/display/objects/edit
p047t
range-option
auto-range-on
global-range?
no
quit
quit
/display/objects/display
p047t
/display/views/camera/projection
orthographic
/display/views/camera/position
0.080566
0
0.003
/display/views/camera/target
0.000566
0
0.003
/display/views/camera/up-vector
0
0
1
/display/views/auto-scale
/display/views/camera/zoom-camera
0.72
/display/views/camera/roll-camera
-0.13
/display/save-picture
D:/agents2026/agents2026/agents/AIDCtms/coolingplate/design/cfd/uc01b_2.4x3.0lessmesh12cells/figs12cells/i300/xmid_temperature.png
(display "LOCAL xmid_velocity.png")
/display/objects/edit
p048v
range-option
auto-range-on
global-range?
no
quit
quit
/display/objects/display
p048v
/display/views/camera/projection
orthographic
/display/views/camera/position
0.080566
0
0.003
/display/views/camera/target
0.000566
0
0.003
/display/views/camera/up-vector
0
0
1
/display/views/auto-scale
/display/views/camera/zoom-camera
0.72
/display/views/camera/roll-camera
-0.13
/display/save-picture
D:/agents2026/agents2026/agents/AIDCtms/coolingplate/design/cfd/uc01b_2.4x3.0lessmesh12cells/figs12cells/i300/xmid_velocity.png
(display "LOCAL xmid_center_temperature.png")
/display/objects/edit
p049t
range-option
auto-range-on
global-range?
no
quit
quit
/display/objects/display
p049t
/display/views/camera/projection
orthographic
/display/views/camera/position
0.080566
0
0.003
/display/views/camera/target
0.000566
0
0.003
/display/views/camera/up-vector
0
0
1
/display/views/auto-scale
/display/views/camera/zoom-camera
0.72
/display/views/camera/roll-camera
-0.13
/display/save-picture
D:/agents2026/agents2026/agents/AIDCtms/coolingplate/design/cfd/uc01b_2.4x3.0lessmesh12cells/figs12cells/i300/xmid_center_temperature.png
(display "LOCAL xmid_center_velocity.png")
/display/objects/edit
p050v
range-option
auto-range-on
global-range?
no
quit
quit
/display/objects/display
p050v
/display/views/camera/projection
orthographic
/display/views/camera/position
0.080566
0
0.003
/display/views/camera/target
0.000566
0
0.003
/display/views/camera/up-vector
0
0
1
/display/views/auto-scale
/display/views/camera/zoom-camera
0.72
/display/views/camera/roll-camera
-0.13
/display/save-picture
D:/agents2026/agents2026/agents/AIDCtms/coolingplate/design/cfd/uc01b_2.4x3.0lessmesh12cells/figs12cells/i300/xmid_center_velocity.png
(display "LOCAL x13_temperature.png")
/display/objects/edit
p051t
range-option
auto-range-on
global-range?
no
quit
quit
/display/objects/display
p051t
/display/views/camera/projection
orthographic
/display/views/camera/position
0.0813
0
0.003
/display/views/camera/target
0.0013
0
0.003
/display/views/camera/up-vector
0
0
1
/display/views/auto-scale
/display/views/camera/zoom-camera
0.72
/display/views/camera/roll-camera
-0.13
/display/save-picture
D:/agents2026/agents2026/agents/AIDCtms/coolingplate/design/cfd/uc01b_2.4x3.0lessmesh12cells/figs12cells/i300/x13_temperature.png
(display "LOCAL x13_velocity.png")
/display/objects/edit
p052v
range-option
auto-range-on
global-range?
no
quit
quit
/display/objects/display
p052v
/display/views/camera/projection
orthographic
/display/views/camera/position
0.0813
0
0.003
/display/views/camera/target
0.0013
0
0.003
/display/views/camera/up-vector
0
0
1
/display/views/auto-scale
/display/views/camera/zoom-camera
0.72
/display/views/camera/roll-camera
-0.13
/display/save-picture
D:/agents2026/agents2026/agents/AIDCtms/coolingplate/design/cfd/uc01b_2.4x3.0lessmesh12cells/figs12cells/i300/x13_velocity.png
(display "LOCAL x13_center_temperature.png")
/display/objects/edit
p053t
range-option
auto-range-on
global-range?
no
quit
quit
/display/objects/display
p053t
/display/views/camera/projection
orthographic
/display/views/camera/position
0.0813
0
0.003
/display/views/camera/target
0.0013
0
0.003
/display/views/camera/up-vector
0
0
1
/display/views/auto-scale
/display/views/camera/zoom-camera
0.72
/display/views/camera/roll-camera
-0.13
/display/save-picture
D:/agents2026/agents2026/agents/AIDCtms/coolingplate/design/cfd/uc01b_2.4x3.0lessmesh12cells/figs12cells/i300/x13_center_temperature.png
(display "LOCAL x13_center_velocity.png")
/display/objects/edit
p054v
range-option
auto-range-on
global-range?
no
quit
quit
/display/objects/display
p054v
/display/views/camera/projection
orthographic
/display/views/camera/position
0.0813
0
0.003
/display/views/camera/target
0.0013
0
0.003
/display/views/camera/up-vector
0
0
1
/display/views/auto-scale
/display/views/camera/zoom-camera
0.72
/display/views/camera/roll-camera
-0.13
/display/save-picture
D:/agents2026/agents2026/agents/AIDCtms/coolingplate/design/cfd/uc01b_2.4x3.0lessmesh12cells/figs12cells/i300/x13_center_velocity.png
(display "LOCAL x04_temperature.png")
/display/objects/edit
p055t
range-option
auto-range-on
global-range?
no
quit
quit
/display/objects/display
p055t
/display/views/camera/projection
orthographic
/display/views/camera/position
0.0804
0
0.003
/display/views/camera/target
0.0004
0
0.003
/display/views/camera/up-vector
0
0
1
/display/views/auto-scale
/display/views/camera/zoom-camera
0.72
/display/views/camera/roll-camera
-0.13
/display/save-picture
D:/agents2026/agents2026/agents/AIDCtms/coolingplate/design/cfd/uc01b_2.4x3.0lessmesh12cells/figs12cells/i300/x04_temperature.png
(display "LOCAL x04_velocity.png")
/display/objects/edit
p056v
range-option
auto-range-on
global-range?
no
quit
quit
/display/objects/display
p056v
/display/views/camera/projection
orthographic
/display/views/camera/position
0.0804
0
0.003
/display/views/camera/target
0.0004
0
0.003
/display/views/camera/up-vector
0
0
1
/display/views/auto-scale
/display/views/camera/zoom-camera
0.72
/display/views/camera/roll-camera
-0.13
/display/save-picture
D:/agents2026/agents2026/agents/AIDCtms/coolingplate/design/cfd/uc01b_2.4x3.0lessmesh12cells/figs12cells/i300/x04_velocity.png
(display "LOCAL x04_center_temperature.png")
/display/objects/edit
p057t
range-option
auto-range-on
global-range?
no
quit
quit
/display/objects/display
p057t
/display/views/camera/projection
orthographic
/display/views/camera/position
0.0804
0
0.003
/display/views/camera/target
0.0004
0
0.003
/display/views/camera/up-vector
0
0
1
/display/views/auto-scale
/display/views/camera/zoom-camera
0.72
/display/views/camera/roll-camera
-0.13
/display/save-picture
D:/agents2026/agents2026/agents/AIDCtms/coolingplate/design/cfd/uc01b_2.4x3.0lessmesh12cells/figs12cells/i300/x04_center_temperature.png
(display "LOCAL x04_center_velocity.png")
/display/objects/edit
p058v
range-option
auto-range-on
global-range?
no
quit
quit
/display/objects/display
p058v
/display/views/camera/projection
orthographic
/display/views/camera/position
0.0804
0
0.003
/display/views/camera/target
0.0004
0
0.003
/display/views/camera/up-vector
0
0
1
/display/views/auto-scale
/display/views/camera/zoom-camera
0.72
/display/views/camera/roll-camera
-0.13
/display/save-picture
D:/agents2026/agents2026/agents/AIDCtms/coolingplate/design/cfd/uc01b_2.4x3.0lessmesh12cells/figs12cells/i300/x04_center_velocity.png
(display "LOCAL x11_temperature.png")
/display/objects/edit
p059t
range-option
auto-range-on
global-range?
no
quit
quit
/display/objects/display
p059t
/display/views/camera/projection
orthographic
/display/views/camera/position
0.0811
0
0.003
/display/views/camera/target
0.0011
0
0.003
/display/views/camera/up-vector
0
0
1
/display/views/auto-scale
/display/views/camera/zoom-camera
0.72
/display/views/camera/roll-camera
-0.13
/display/save-picture
D:/agents2026/agents2026/agents/AIDCtms/coolingplate/design/cfd/uc01b_2.4x3.0lessmesh12cells/figs12cells/i300/x11_temperature.png
(display "LOCAL x11_velocity.png")
/display/objects/edit
p060v
range-option
auto-range-on
global-range?
no
quit
quit
/display/objects/display
p060v
/display/views/camera/projection
orthographic
/display/views/camera/position
0.0811
0
0.003
/display/views/camera/target
0.0011
0
0.003
/display/views/camera/up-vector
0
0
1
/display/views/auto-scale
/display/views/camera/zoom-camera
0.72
/display/views/camera/roll-camera
-0.13
/display/save-picture
D:/agents2026/agents2026/agents/AIDCtms/coolingplate/design/cfd/uc01b_2.4x3.0lessmesh12cells/figs12cells/i300/x11_velocity.png
(display "LOCAL x11_center_temperature.png")
/display/objects/edit
p061t
range-option
auto-range-on
global-range?
no
quit
quit
/display/objects/display
p061t
/display/views/camera/projection
orthographic
/display/views/camera/position
0.0811
0
0.003
/display/views/camera/target
0.0011
0
0.003
/display/views/camera/up-vector
0
0
1
/display/views/auto-scale
/display/views/camera/zoom-camera
0.72
/display/views/camera/roll-camera
-0.13
/display/save-picture
D:/agents2026/agents2026/agents/AIDCtms/coolingplate/design/cfd/uc01b_2.4x3.0lessmesh12cells/figs12cells/i300/x11_center_temperature.png
(display "LOCAL x11_center_velocity.png")
/display/objects/edit
p062v
range-option
auto-range-on
global-range?
no
quit
quit
/display/objects/display
p062v
/display/views/camera/projection
orthographic
/display/views/camera/position
0.0811
0
0.003
/display/views/camera/target
0.0011
0
0.003
/display/views/camera/up-vector
0
0
1
/display/views/auto-scale
/display/views/camera/zoom-camera
0.72
/display/views/camera/roll-camera
-0.13
/display/save-picture
D:/agents2026/agents2026/agents/AIDCtms/coolingplate/design/cfd/uc01b_2.4x3.0lessmesh12cells/figs12cells/i300/x11_center_velocity.png
(display "LOCAL y04_temperature.png")
/display/objects/edit
p063t
range-option
auto-range-on
global-range?
no
quit
quit
/display/objects/display
p063t
/display/views/camera/projection
orthographic
/display/views/camera/position
0
0.0516
0.003
/display/views/camera/target
0
0.0016
0.003
/display/views/camera/up-vector
0
0
1
/display/views/auto-scale
/display/views/camera/zoom-camera
0.72
/display/views/camera/roll-camera
-0.13
/display/save-picture
D:/agents2026/agents2026/agents/AIDCtms/coolingplate/design/cfd/uc01b_2.4x3.0lessmesh12cells/figs12cells/i300/y04_temperature.png
(display "LOCAL y04_velocity.png")
/display/objects/edit
p064v
range-option
auto-range-on
global-range?
no
quit
quit
/display/objects/display
p064v
/display/views/camera/projection
orthographic
/display/views/camera/position
0
0.0516
0.003
/display/views/camera/target
0
0.0016
0.003
/display/views/camera/up-vector
0
0
1
/display/views/auto-scale
/display/views/camera/zoom-camera
0.72
/display/views/camera/roll-camera
-0.13
/display/save-picture
D:/agents2026/agents2026/agents/AIDCtms/coolingplate/design/cfd/uc01b_2.4x3.0lessmesh12cells/figs12cells/i300/y04_velocity.png
(display "LOCAL y10_temperature.png")
/display/objects/edit
p065t
range-option
auto-range-on
global-range?
no
quit
quit
/display/objects/display
p065t
/display/views/camera/projection
orthographic
/display/views/camera/position
0
0.0522
0.003
/display/views/camera/target
0
0.0022
0.003
/display/views/camera/up-vector
0
0
1
/display/views/auto-scale
/display/views/camera/zoom-camera
0.72
/display/views/camera/roll-camera
-0.13
/display/save-picture
D:/agents2026/agents2026/agents/AIDCtms/coolingplate/design/cfd/uc01b_2.4x3.0lessmesh12cells/figs12cells/i300/y10_temperature.png
(display "LOCAL y10_velocity.png")
/display/objects/edit
p066v
range-option
auto-range-on
global-range?
no
quit
quit
/display/objects/display
p066v
/display/views/camera/projection
orthographic
/display/views/camera/position
0
0.0522
0.003
/display/views/camera/target
0
0.0022
0.003
/display/views/camera/up-vector
0
0
1
/display/views/auto-scale
/display/views/camera/zoom-camera
0.72
/display/views/camera/roll-camera
-0.13
/display/save-picture
D:/agents2026/agents2026/agents/AIDCtms/coolingplate/design/cfd/uc01b_2.4x3.0lessmesh12cells/figs12cells/i300/y10_velocity.png
(display "LOCAL z015_temperature.png")
/display/objects/edit
p067t
range-option
auto-range-on
global-range?
no
quit
quit
/display/objects/display
p067t
/display/views/camera/projection
orthographic
/display/views/camera/position
0
0
0.050192
/display/views/camera/target
0
0
0.000192
/display/views/camera/up-vector
-1
0
0
/display/views/auto-scale
/display/views/camera/zoom-camera
0.72
/display/views/camera/roll-camera
-0.13
/display/save-picture
D:/agents2026/agents2026/agents/AIDCtms/coolingplate/design/cfd/uc01b_2.4x3.0lessmesh12cells/figs12cells/i300/z015_temperature.png
(display "LOCAL z015_velocity.png")
/display/objects/edit
p068v
range-option
auto-range-on
global-range?
no
quit
quit
/display/objects/display
p068v
/display/views/camera/projection
orthographic
/display/views/camera/position
0
0
0.050192
/display/views/camera/target
0
0
0.000192
/display/views/camera/up-vector
-1
0
0
/display/views/auto-scale
/display/views/camera/zoom-camera
0.72
/display/views/camera/roll-camera
-0.13
/display/save-picture
D:/agents2026/agents2026/agents/AIDCtms/coolingplate/design/cfd/uc01b_2.4x3.0lessmesh12cells/figs12cells/i300/z015_velocity.png
(display "LOCAL z015_center_temperature.png")
/display/objects/edit
p069t
range-option
auto-range-on
global-range?
no
quit
quit
/display/objects/display
p069t
/display/views/camera/projection
orthographic
/display/views/camera/position
0
0
0.050192
/display/views/camera/target
0
0
0.000192
/display/views/camera/up-vector
-1
0
0
/display/views/auto-scale
/display/views/camera/zoom-camera
0.72
/display/views/camera/roll-camera
-0.13
/display/save-picture
D:/agents2026/agents2026/agents/AIDCtms/coolingplate/design/cfd/uc01b_2.4x3.0lessmesh12cells/figs12cells/i300/z015_center_temperature.png
(display "LOCAL z015_center_velocity.png")
/display/objects/edit
p070v
range-option
auto-range-on
global-range?
no
quit
quit
/display/objects/display
p070v
/display/views/camera/projection
orthographic
/display/views/camera/position
0
0
0.050192
/display/views/camera/target
0
0
0.000192
/display/views/camera/up-vector
-1
0
0
/display/views/auto-scale
/display/views/camera/zoom-camera
0.72
/display/views/camera/roll-camera
-0.13
/display/save-picture
D:/agents2026/agents2026/agents/AIDCtms/coolingplate/design/cfd/uc01b_2.4x3.0lessmesh12cells/figs12cells/i300/z015_center_velocity.png
(display "LOCAL z35_temperature.png")
/display/objects/edit
p071t
range-option
auto-range-on
global-range?
no
quit
quit
/display/objects/display
p071t
/display/views/camera/projection
orthographic
/display/views/camera/position
0
0
0.0535
/display/views/camera/target
0
0
0.0035
/display/views/camera/up-vector
-1
0
0
/display/views/auto-scale
/display/views/camera/zoom-camera
0.72
/display/views/camera/roll-camera
-0.13
/display/save-picture
D:/agents2026/agents2026/agents/AIDCtms/coolingplate/design/cfd/uc01b_2.4x3.0lessmesh12cells/figs12cells/i300/z35_temperature.png
(display "LOCAL z35_velocity.png")
/display/objects/edit
p072v
range-option
auto-range-on
global-range?
no
quit
quit
/display/objects/display
p072v
/display/views/camera/projection
orthographic
/display/views/camera/position
0
0
0.0535
/display/views/camera/target
0
0
0.0035
/display/views/camera/up-vector
-1
0
0
/display/views/auto-scale
/display/views/camera/zoom-camera
0.72
/display/views/camera/roll-camera
-0.13
/display/save-picture
D:/agents2026/agents2026/agents/AIDCtms/coolingplate/design/cfd/uc01b_2.4x3.0lessmesh12cells/figs12cells/i300/z35_velocity.png
(display "LOCAL z35_center_temperature.png")
/display/objects/edit
p073t
range-option
auto-range-on
global-range?
no
quit
quit
/display/objects/display
p073t
/display/views/camera/projection
orthographic
/display/views/camera/position
0
0
0.0535
/display/views/camera/target
0
0
0.0035
/display/views/camera/up-vector
-1
0
0
/display/views/auto-scale
/display/views/camera/zoom-camera
0.72
/display/views/camera/roll-camera
-0.13
/display/save-picture
D:/agents2026/agents2026/agents/AIDCtms/coolingplate/design/cfd/uc01b_2.4x3.0lessmesh12cells/figs12cells/i300/z35_center_temperature.png
(display "LOCAL z35_center_velocity.png")
/display/objects/edit
p074v
range-option
auto-range-on
global-range?
no
quit
quit
/display/objects/display
p074v
/display/views/camera/projection
orthographic
/display/views/camera/position
0
0
0.0535
/display/views/camera/target
0
0
0.0035
/display/views/camera/up-vector
-1
0
0
/display/views/auto-scale
/display/views/camera/zoom-camera
0.72
/display/views/camera/roll-camera
-0.13
/display/save-picture
D:/agents2026/agents2026/agents/AIDCtms/coolingplate/design/cfd/uc01b_2.4x3.0lessmesh12cells/figs12cells/i300/z35_center_velocity.png
(display "LOCAL z70_temperature.png")
/display/objects/edit
p075t
range-option
auto-range-on
global-range?
no
quit
quit
/display/objects/display
p075t
/display/views/camera/projection
orthographic
/display/views/camera/position
0
0
0.057
/display/views/camera/target
0
0
0.007
/display/views/camera/up-vector
-1
0
0
/display/views/auto-scale
/display/views/camera/zoom-camera
0.72
/display/views/camera/roll-camera
-0.13
/display/save-picture
D:/agents2026/agents2026/agents/AIDCtms/coolingplate/design/cfd/uc01b_2.4x3.0lessmesh12cells/figs12cells/i300/z70_temperature.png
(display "LOCAL z70_velocity.png")
/display/objects/edit
p076v
range-option
auto-range-on
global-range?
no
quit
quit
/display/objects/display
p076v
/display/views/camera/projection
orthographic
/display/views/camera/position
0
0
0.057
/display/views/camera/target
0
0
0.007
/display/views/camera/up-vector
-1
0
0
/display/views/auto-scale
/display/views/camera/zoom-camera
0.72
/display/views/camera/roll-camera
-0.13
/display/save-picture
D:/agents2026/agents2026/agents/AIDCtms/coolingplate/design/cfd/uc01b_2.4x3.0lessmesh12cells/figs12cells/i300/z70_velocity.png
(display "LOCAL z70_center_temperature.png")
/display/objects/edit
p077t
range-option
auto-range-on
global-range?
no
quit
quit
/display/objects/display
p077t
/display/views/camera/projection
orthographic
/display/views/camera/position
0
0
0.057
/display/views/camera/target
0
0
0.007
/display/views/camera/up-vector
-1
0
0
/display/views/auto-scale
/display/views/camera/zoom-camera
0.72
/display/views/camera/roll-camera
-0.13
/display/save-picture
D:/agents2026/agents2026/agents/AIDCtms/coolingplate/design/cfd/uc01b_2.4x3.0lessmesh12cells/figs12cells/i300/z70_center_temperature.png
(display "LOCAL z70_center_velocity.png")
/display/objects/edit
p078v
range-option
auto-range-on
global-range?
no
quit
quit
/display/objects/display
p078v
/display/views/camera/projection
orthographic
/display/views/camera/position
0
0
0.057
/display/views/camera/target
0
0
0.007
/display/views/camera/up-vector
-1
0
0
/display/views/auto-scale
/display/views/camera/zoom-camera
0.72
/display/views/camera/roll-camera
-0.13
/display/save-picture
D:/agents2026/agents2026/agents/AIDCtms/coolingplate/design/cfd/uc01b_2.4x3.0lessmesh12cells/figs12cells/i300/z70_center_velocity.png
(display "LOCAL y0_global_temperature.png")
/display/objects/edit
p079t
range-option
auto-range-on
global-range?
no
quit
quit
/display/objects/display
p079t
/display/views/camera/projection
orthographic
/display/views/camera/position
0
0.05
0.003
/display/views/camera/target
0
0
0.003
/display/views/camera/up-vector
0
0
1
/display/views/auto-scale
/display/views/camera/zoom-camera
0.72
/display/views/camera/roll-camera
-0.13
/display/save-picture
D:/agents2026/agents2026/agents/AIDCtms/coolingplate/design/cfd/uc01b_2.4x3.0lessmesh12cells/figs12cells/i300/y0_global_temperature.png
(display "LOCAL y0_global_velocity.png")
/display/objects/edit
p080v
range-option
auto-range-on
global-range?
no
quit
quit
/display/objects/display
p080v
/display/views/camera/projection
orthographic
/display/views/camera/position
0
0.05
0.003
/display/views/camera/target
0
0
0.003
/display/views/camera/up-vector
0
0
1
/display/views/auto-scale
/display/views/camera/zoom-camera
0.72
/display/views/camera/roll-camera
-0.13
/display/save-picture
D:/agents2026/agents2026/agents/AIDCtms/coolingplate/design/cfd/uc01b_2.4x3.0lessmesh12cells/figs12cells/i300/y0_global_velocity.png
(display "LOCAL y04_global_temperature.png")
/display/objects/edit
p081t
range-option
auto-range-on
global-range?
no
quit
quit
/display/objects/display
p081t
/display/views/camera/projection
orthographic
/display/views/camera/position
0
0.0504
0.003
/display/views/camera/target
0
0.0004
0.003
/display/views/camera/up-vector
0
0
1
/display/views/auto-scale
/display/views/camera/zoom-camera
0.72
/display/views/camera/roll-camera
-0.13
/display/save-picture
D:/agents2026/agents2026/agents/AIDCtms/coolingplate/design/cfd/uc01b_2.4x3.0lessmesh12cells/figs12cells/i300/y04_global_temperature.png
(display "LOCAL y04_global_velocity.png")
/display/objects/edit
p082v
range-option
auto-range-on
global-range?
no
quit
quit
/display/objects/display
p082v
/display/views/camera/projection
orthographic
/display/views/camera/position
0
0.0504
0.003
/display/views/camera/target
0
0.0004
0.003
/display/views/camera/up-vector
0
0
1
/display/views/auto-scale
/display/views/camera/zoom-camera
0.72
/display/views/camera/roll-camera
-0.13
/display/save-picture
D:/agents2026/agents2026/agents/AIDCtms/coolingplate/design/cfd/uc01b_2.4x3.0lessmesh12cells/figs12cells/i300/y04_global_velocity.png
(display "LOCAL yside_global_temperature.png")
/display/objects/edit
p083t
range-option
auto-range-on
global-range?
no
quit
quit
/display/objects/display
p083t
/display/views/camera/projection
orthographic
/display/views/camera/position
0
0.0508
0.003
/display/views/camera/target
0
0.0008
0.003
/display/views/camera/up-vector
0
0
1
/display/views/auto-scale
/display/views/camera/zoom-camera
0.72
/display/views/camera/roll-camera
-0.13
/display/save-picture
D:/agents2026/agents2026/agents/AIDCtms/coolingplate/design/cfd/uc01b_2.4x3.0lessmesh12cells/figs12cells/i300/yside_global_temperature.png
(display "LOCAL yside_global_velocity.png")
/display/objects/edit
p084v
range-option
auto-range-on
global-range?
no
quit
quit
/display/objects/display
p084v
/display/views/camera/projection
orthographic
/display/views/camera/position
0
0.0508
0.003
/display/views/camera/target
0
0.0008
0.003
/display/views/camera/up-vector
0
0
1
/display/views/auto-scale
/display/views/camera/zoom-camera
0.72
/display/views/camera/roll-camera
-0.13
/display/save-picture
D:/agents2026/agents2026/agents/AIDCtms/coolingplate/design/cfd/uc01b_2.4x3.0lessmesh12cells/figs12cells/i300/yside_global_velocity.png
(display "LOCAL y10_global_temperature.png")
/display/objects/edit
p085t
range-option
auto-range-on
global-range?
no
quit
quit
/display/objects/display
p085t
/display/views/camera/projection
orthographic
/display/views/camera/position
0
0.051
0.003
/display/views/camera/target
0
0.001
0.003
/display/views/camera/up-vector
0
0
1
/display/views/auto-scale
/display/views/camera/zoom-camera
0.72
/display/views/camera/roll-camera
-0.13
/display/save-picture
D:/agents2026/agents2026/agents/AIDCtms/coolingplate/design/cfd/uc01b_2.4x3.0lessmesh12cells/figs12cells/i300/y10_global_temperature.png
(display "LOCAL y10_global_velocity.png")
/display/objects/edit
p086v
range-option
auto-range-on
global-range?
no
quit
quit
/display/objects/display
p086v
/display/views/camera/projection
orthographic
/display/views/camera/position
0
0.051
0.003
/display/views/camera/target
0
0.001
0.003
/display/views/camera/up-vector
0
0
1
/display/views/auto-scale
/display/views/camera/zoom-camera
0.72
/display/views/camera/roll-camera
-0.13
/display/save-picture
D:/agents2026/agents2026/agents/AIDCtms/coolingplate/design/cfd/uc01b_2.4x3.0lessmesh12cells/figs12cells/i300/y10_global_velocity.png
(display "LOCAL outlet_y_front_temperature.png")
/display/objects/edit
p087t
range-option
auto-range-on
global-range?
no
quit
quit
/display/objects/display
p087t
/display/views/camera/projection
orthographic
/display/views/camera/position
0
0.0644
0.003
/display/views/camera/target
0
0.0144
0.003
/display/views/camera/up-vector
0
0
1
/display/views/auto-scale
/display/views/camera/zoom-camera
0.72
/display/views/camera/roll-camera
-0.13
/display/save-picture
D:/agents2026/agents2026/agents/AIDCtms/coolingplate/design/cfd/uc01b_2.4x3.0lessmesh12cells/figs12cells/i300/outlet_y_front_temperature.png
(display "LOCAL outlet_y_front_velocity.png")
/display/objects/edit
p088v
range-option
auto-range-on
global-range?
no
quit
quit
/display/objects/display
p088v
/display/views/camera/projection
orthographic
/display/views/camera/position
0
0.0644
0.003
/display/views/camera/target
0
0.0144
0.003
/display/views/camera/up-vector
0
0
1
/display/views/auto-scale
/display/views/camera/zoom-camera
0.72
/display/views/camera/roll-camera
-0.13
/display/save-picture
D:/agents2026/agents2026/agents/AIDCtms/coolingplate/design/cfd/uc01b_2.4x3.0lessmesh12cells/figs12cells/i300/outlet_y_front_velocity.png
(display "LOCAL outlet_y_back_temperature.png")
/display/objects/edit
p089t
range-option
auto-range-on
global-range?
no
quit
quit
/display/objects/display
p089t
/display/views/camera/projection
orthographic
/display/views/camera/position
0
0.0356
0.003
/display/views/camera/target
0
-0.0144
0.003
/display/views/camera/up-vector
0
0
1
/display/views/auto-scale
/display/views/camera/zoom-camera
0.72
/display/views/camera/roll-camera
-0.13
/display/save-picture
D:/agents2026/agents2026/agents/AIDCtms/coolingplate/design/cfd/uc01b_2.4x3.0lessmesh12cells/figs12cells/i300/outlet_y_back_temperature.png
(display "LOCAL outlet_y_back_velocity.png")
/display/objects/edit
p090v
range-option
auto-range-on
global-range?
no
quit
quit
/display/objects/display
p090v
/display/views/camera/projection
orthographic
/display/views/camera/position
0
0.0356
0.003
/display/views/camera/target
0
-0.0144
0.003
/display/views/camera/up-vector
0
0
1
/display/views/auto-scale
/display/views/camera/zoom-camera
0.72
/display/views/camera/roll-camera
-0.13
/display/save-picture
D:/agents2026/agents2026/agents/AIDCtms/coolingplate/design/cfd/uc01b_2.4x3.0lessmesh12cells/figs12cells/i300/outlet_y_back_velocity.png
(display "LOCAL return_temperature.png")
/display/objects/edit
p091t
range-option
auto-range-on
global-range?
no
quit
quit
/display/objects/display
p091t
/display/views/camera/projection
orthographic
/display/views/camera/position
0
0
0.058
/display/views/camera/target
0
0
0.008
/display/views/camera/up-vector
-1
0
0
/display/views/auto-scale
/display/views/camera/zoom-camera
0.72
/display/views/camera/roll-camera
-0.13
/display/save-picture
D:/agents2026/agents2026/agents/AIDCtms/coolingplate/design/cfd/uc01b_2.4x3.0lessmesh12cells/figs12cells/i300/return_temperature.png
(display "LOCAL return_velocity.png")
/display/objects/edit
p092v
range-option
auto-range-on
global-range?
no
quit
quit
/display/objects/display
p092v
/display/views/camera/projection
orthographic
/display/views/camera/position
0
0
0.058
/display/views/camera/target
0
0
0.008
/display/views/camera/up-vector
-1
0
0
/display/views/auto-scale
/display/views/camera/zoom-camera
0.72
/display/views/camera/roll-camera
-0.13
/display/save-picture
D:/agents2026/agents2026/agents/AIDCtms/coolingplate/design/cfd/uc01b_2.4x3.0lessmesh12cells/figs12cells/i300/return_velocity.png
(display "CAPTURE-I300-LOCAL-DONE")
