; i300 contours. One new object per picture so Auto Range follows that surface.
/preferences/graphics/colormap-settings/number-format-type
general
/preferences/graphics/colormap-settings/number-format-precision
5
/display/set/contours/auto-range
yes
/surface/plane-surface sxym2036 xy -0.0020364
/surface/iso-clip
y-coordinate
csxym2036
sxym2036
0
0.0024
/surface/plane-surface sxym2000 xy -0.002
/surface/iso-clip
y-coordinate
csxym2000
sxym2000
0
0.0024
/surface/plane-surface sxym1028 xy -0.001028
/surface/iso-clip
y-coordinate
csxym1028
sxym1028
0
0.0024
/surface/iso-clip
y-coordinate
cp-z0
p-z0
0
0.0024
/surface/iso-clip
y-coordinate
cslot-z
slot-z
0
0.0024
/surface/plane-surface sxy1500 xy 0.0015
/surface/iso-clip
y-coordinate
csxy1500
sxy1500
0
0.0024
/surface/plane-surface sxy4750 xy 0.00475
/surface/iso-clip
y-coordinate
csxy4750
sxy4750
0
0.0024
/surface/plane-surface sxy2426 xy 0.002426
/surface/iso-clip
y-coordinate
csxy2426
sxy2426
0
0.0024
/surface/plane-surface sxy3500 xy 0.0035
/surface/iso-clip
x-coordinate
sxy3500p
sxy3500
0.0011
0.0015
/surface/iso-clip
x-coordinate
sxy3500n
sxy3500
-0.0015
-0.0011
/surface/iso-clip
y-coordinate
csxy3500
sxy3500
0
0.0024
/surface/iso-clip
x-coordinate
csxy3500p
csxy3500
0.0011
0.0015
/surface/iso-clip
x-coordinate
csxy3500n
csxy3500
-0.0015
-0.0011
/surface/iso-clip
x-coordinate
sxy4750p
sxy4750
0.0011
0.0015
/surface/iso-clip
x-coordinate
sxy4750n
sxy4750
-0.0015
-0.0011
/surface/iso-clip
x-coordinate
csxy4750p
csxy4750
0.0011
0.0015
/surface/iso-clip
x-coordinate
csxy4750n
csxy4750
-0.0015
-0.0011
/surface/iso-clip
y-coordinate
cslot-y
slot-y
0
0.0024
/surface/plane-surface szx2000 zx 0.002
/surface/iso-clip
y-coordinate
cszx2000
szx2000
0
0.0024
/surface/iso-clip
y-coordinate
ccut-x0
cut-x0
0
0.0024
/surface/plane-surface syz566 yz 0.000566
/surface/iso-clip
y-coordinate
csyz566
syz566
0
0.0024
/surface/plane-surface syz1300 yz 0.0013
/surface/iso-clip
y-coordinate
csyz1300
syz1300
0
0.0024
/surface/plane-surface syz400 yz 0.0004
/surface/iso-clip
y-coordinate
csyz400
syz400
0
0.0024
/surface/plane-surface syz1100 yz 0.0011
/surface/iso-clip
y-coordinate
csyz1100
syz1100
0
0.0024
/surface/plane-surface szx1600 zx 0.0016
/surface/iso-clip
y-coordinate
cszx1600
szx1600
0
0.0024
/surface/plane-surface szx2200 zx 0.0022
/surface/iso-clip
y-coordinate
cszx2200
szx2200
0
0.0024
/surface/plane-surface sxy192 xy 0.000192
/surface/iso-clip
y-coordinate
csxy192
sxy192
0
0.0024
/surface/plane-surface sxy7000 xy 0.007
/surface/iso-clip
y-coordinate
csxy7000
sxy7000
0
0.0024
/surface/plane-surface szx0 zx 0
/surface/iso-clip
y-coordinate
cszx0
szx0
0
0.0024
/surface/plane-surface szx400 zx 0.0004
/surface/iso-clip
y-coordinate
cszx400
szx400
0
0.0024
/surface/plane-surface szx800 zx 0.0008
/surface/iso-clip
y-coordinate
cszx800
szx800
0
0.0024
/surface/plane-surface szx1000 zx 0.001
/surface/iso-clip
y-coordinate
cszx1000
szx1000
0
0.0024
/surface/iso-clip
y-coordinate
cwall_heat
wall_heat
0
0.0024
/surface/iso-clip
y-coordinate
coutlet_y_front
outlet_y_front
0
0.0024
/surface/iso-clip
y-coordinate
coutlet_y_back
outlet_y_back
0
0.0024
/surface/iso-clip
y-coordinate
creturn_slot
return_slot
0
0.0024
(display "SURFACES-DONE")
(display "SHOT wall_heat_T_T")
/display/objects/create
contour
p001t
field
temperature
surfaces-list
wall_heat
()
quit
/display/objects/display
p001t
/display/views/camera/projection
orthographic
/display/views/camera/position
0
0
0.04792
/display/views/camera/target
0
0
-0.00208
/display/views/camera/up-vector
-1
0
0
/display/views/auto-scale
/display/views/camera/zoom-camera
0.72
/display/views/camera/roll-camera
-0.13
/display/save-picture
D:/agents2026/agents2026/agents/AIDCtms/coolingplate/design/cfd/uc01b_2.4x3.0lessmesh12cells/figs12cells/fluent_native/i300/wall_heat_T_T.png
(display "SHOT wall_heat_T_center_T")
/display/objects/create
contour
p002t
field
temperature
surfaces-list
cwall_heat
()
quit
/display/objects/display
p002t
/display/views/camera/projection
orthographic
/display/views/camera/position
0
0
0.04792
/display/views/camera/target
0
0
-0.00208
/display/views/camera/up-vector
-1
0
0
/display/views/auto-scale
/display/views/camera/zoom-camera
0.72
/display/views/camera/roll-camera
-0.13
/display/save-picture
D:/agents2026/agents2026/agents/AIDCtms/coolingplate/design/cfd/uc01b_2.4x3.0lessmesh12cells/figs12cells/fluent_native/i300/wall_heat_T_center_T.png
(display "SHOT ztim_mid_T_T")
/display/objects/create
contour
p003t
field
temperature
surfaces-list
sxym2036
()
quit
/display/objects/display
p003t
/display/views/camera/projection
orthographic
/display/views/camera/position
0
0
0.0479636
/display/views/camera/target
0
0
-0.0020364
/display/views/camera/up-vector
-1
0
0
/display/views/auto-scale
/display/views/camera/zoom-camera
0.72
/display/views/camera/roll-camera
-0.13
/display/save-picture
D:/agents2026/agents2026/agents/AIDCtms/coolingplate/design/cfd/uc01b_2.4x3.0lessmesh12cells/figs12cells/fluent_native/i300/ztim_mid_T_T.png
(display "SHOT ztim_mid_T_center_T")
/display/objects/create
contour
p004t
field
temperature
surfaces-list
csxym2036
()
quit
/display/objects/display
p004t
/display/views/camera/projection
orthographic
/display/views/camera/position
0
0
0.0479636
/display/views/camera/target
0
0
-0.0020364
/display/views/camera/up-vector
-1
0
0
/display/views/auto-scale
/display/views/camera/zoom-camera
0.72
/display/views/camera/roll-camera
-0.13
/display/save-picture
D:/agents2026/agents2026/agents/AIDCtms/coolingplate/design/cfd/uc01b_2.4x3.0lessmesh12cells/figs12cells/fluent_native/i300/ztim_mid_T_center_T.png
(display "SHOT ztimcu_T_T")
/display/objects/create
contour
p005t
field
temperature
surfaces-list
sxym2000
()
quit
/display/objects/display
p005t
/display/views/camera/projection
orthographic
/display/views/camera/position
0
0
0.048
/display/views/camera/target
0
0
-0.002
/display/views/camera/up-vector
-1
0
0
/display/views/auto-scale
/display/views/camera/zoom-camera
0.72
/display/views/camera/roll-camera
-0.13
/display/save-picture
D:/agents2026/agents2026/agents/AIDCtms/coolingplate/design/cfd/uc01b_2.4x3.0lessmesh12cells/figs12cells/fluent_native/i300/ztimcu_T_T.png
(display "SHOT ztimcu_T_center_T")
/display/objects/create
contour
p006t
field
temperature
surfaces-list
csxym2000
()
quit
/display/objects/display
p006t
/display/views/camera/projection
orthographic
/display/views/camera/position
0
0
0.048
/display/views/camera/target
0
0
-0.002
/display/views/camera/up-vector
-1
0
0
/display/views/auto-scale
/display/views/camera/zoom-camera
0.72
/display/views/camera/roll-camera
-0.13
/display/save-picture
D:/agents2026/agents2026/agents/AIDCtms/coolingplate/design/cfd/uc01b_2.4x3.0lessmesh12cells/figs12cells/fluent_native/i300/ztimcu_T_center_T.png
(display "SHOT zcu_mid_T_T")
/display/objects/create
contour
p007t
field
temperature
surfaces-list
sxym1028
()
quit
/display/objects/display
p007t
/display/views/camera/projection
orthographic
/display/views/camera/position
0
0
0.048972
/display/views/camera/target
0
0
-0.001028
/display/views/camera/up-vector
-1
0
0
/display/views/auto-scale
/display/views/camera/zoom-camera
0.72
/display/views/camera/roll-camera
-0.13
/display/save-picture
D:/agents2026/agents2026/agents/AIDCtms/coolingplate/design/cfd/uc01b_2.4x3.0lessmesh12cells/figs12cells/fluent_native/i300/zcu_mid_T_T.png
(display "SHOT zcu_mid_T_center_T")
/display/objects/create
contour
p008t
field
temperature
surfaces-list
csxym1028
()
quit
/display/objects/display
p008t
/display/views/camera/projection
orthographic
/display/views/camera/position
0
0
0.048972
/display/views/camera/target
0
0
-0.001028
/display/views/camera/up-vector
-1
0
0
/display/views/auto-scale
/display/views/camera/zoom-camera
0.72
/display/views/camera/roll-camera
-0.13
/display/save-picture
D:/agents2026/agents2026/agents/AIDCtms/coolingplate/design/cfd/uc01b_2.4x3.0lessmesh12cells/figs12cells/fluent_native/i300/zcu_mid_T_center_T.png
(display "SHOT z0_T_T")
/display/objects/create
contour
p009t
field
temperature
surfaces-list
p-z0
()
quit
/display/objects/display
p009t
/display/views/camera/projection
orthographic
/display/views/camera/position
0
0
0.05
/display/views/camera/target
0
0
0
/display/views/camera/up-vector
-1
0
0
/display/views/auto-scale
/display/views/camera/zoom-camera
0.72
/display/views/camera/roll-camera
-0.13
/display/save-picture
D:/agents2026/agents2026/agents/AIDCtms/coolingplate/design/cfd/uc01b_2.4x3.0lessmesh12cells/figs12cells/fluent_native/i300/z0_T_T.png
(display "SHOT z0_T_center_T")
/display/objects/create
contour
p010t
field
temperature
surfaces-list
cp-z0
()
quit
/display/objects/display
p010t
/display/views/camera/projection
orthographic
/display/views/camera/position
0
0
0.05
/display/views/camera/target
0
0
0
/display/views/camera/up-vector
-1
0
0
/display/views/auto-scale
/display/views/camera/zoom-camera
0.72
/display/views/camera/roll-camera
-0.13
/display/save-picture
D:/agents2026/agents2026/agents/AIDCtms/coolingplate/design/cfd/uc01b_2.4x3.0lessmesh12cells/figs12cells/fluent_native/i300/z0_T_center_T.png
(display "SHOT zrib_mid_T_T")
/display/objects/create
contour
p011t
field
temperature
surfaces-list
slot-z
()
quit
/display/objects/display
p011t
/display/views/camera/projection
orthographic
/display/views/camera/position
0
0
0.05067
/display/views/camera/target
0
0
0.00067
/display/views/camera/up-vector
-1
0
0
/display/views/auto-scale
/display/views/camera/zoom-camera
0.72
/display/views/camera/roll-camera
-0.13
/display/save-picture
D:/agents2026/agents2026/agents/AIDCtms/coolingplate/design/cfd/uc01b_2.4x3.0lessmesh12cells/figs12cells/fluent_native/i300/zrib_mid_T_T.png
(display "SHOT zrib_mid_T_center_T")
/display/objects/create
contour
p012t
field
temperature
surfaces-list
cslot-z
()
quit
/display/objects/display
p012t
/display/views/camera/projection
orthographic
/display/views/camera/position
0
0
0.05067
/display/views/camera/target
0
0
0.00067
/display/views/camera/up-vector
-1
0
0
/display/views/auto-scale
/display/views/camera/zoom-camera
0.72
/display/views/camera/roll-camera
-0.13
/display/save-picture
D:/agents2026/agents2026/agents/AIDCtms/coolingplate/design/cfd/uc01b_2.4x3.0lessmesh12cells/figs12cells/fluent_native/i300/zrib_mid_T_center_T.png
(display "SHOT zrib_solid_T_T")
/display/objects/create
contour
p013t
field
temperature
surfaces-list
sxy1500
()
quit
/display/objects/display
p013t
/display/views/camera/projection
orthographic
/display/views/camera/position
0
0
0.0515
/display/views/camera/target
0
0
0.0015
/display/views/camera/up-vector
-1
0
0
/display/views/auto-scale
/display/views/camera/zoom-camera
0.72
/display/views/camera/roll-camera
-0.13
/display/save-picture
D:/agents2026/agents2026/agents/AIDCtms/coolingplate/design/cfd/uc01b_2.4x3.0lessmesh12cells/figs12cells/fluent_native/i300/zrib_solid_T_T.png
(display "SHOT zrib_solid_T_center_T")
/display/objects/create
contour
p014t
field
temperature
surfaces-list
csxy1500
()
quit
/display/objects/display
p014t
/display/views/camera/projection
orthographic
/display/views/camera/position
0
0
0.0515
/display/views/camera/target
0
0
0.0015
/display/views/camera/up-vector
-1
0
0
/display/views/auto-scale
/display/views/camera/zoom-camera
0.72
/display/views/camera/roll-camera
-0.13
/display/save-picture
D:/agents2026/agents2026/agents/AIDCtms/coolingplate/design/cfd/uc01b_2.4x3.0lessmesh12cells/figs12cells/fluent_native/i300/zrib_solid_T_center_T.png
(display "SHOT zorif_slot_vel_T")
/display/objects/create
contour
p015t
field
temperature
surfaces-list
sxy4750
()
quit
/display/objects/display
p015t
/display/views/camera/projection
orthographic
/display/views/camera/position
0
0
0.05475
/display/views/camera/target
0
0
0.00475
/display/views/camera/up-vector
-1
0
0
/display/views/auto-scale
/display/views/camera/zoom-camera
0.72
/display/views/camera/roll-camera
-0.13
/display/save-picture
D:/agents2026/agents2026/agents/AIDCtms/coolingplate/design/cfd/uc01b_2.4x3.0lessmesh12cells/figs12cells/fluent_native/i300/zorif_slot_vel_T.png
(display "SHOT zorif_slot_vel_V")
/display/objects/create
contour
p016v
field
velocity-magnitude
surfaces-list
sxy4750
()
quit
/display/objects/display
p016v
/display/views/camera/projection
orthographic
/display/views/camera/position
0
0
0.05475
/display/views/camera/target
0
0
0.00475
/display/views/camera/up-vector
-1
0
0
/display/views/auto-scale
/display/views/camera/zoom-camera
0.72
/display/views/camera/roll-camera
-0.13
/display/save-picture
D:/agents2026/agents2026/agents/AIDCtms/coolingplate/design/cfd/uc01b_2.4x3.0lessmesh12cells/figs12cells/fluent_native/i300/zorif_slot_vel_V.png
(display "SHOT zorif_slot_vel_center_T")
/display/objects/create
contour
p017t
field
temperature
surfaces-list
csxy4750
()
quit
/display/objects/display
p017t
/display/views/camera/projection
orthographic
/display/views/camera/position
0
0
0.05475
/display/views/camera/target
0
0
0.00475
/display/views/camera/up-vector
-1
0
0
/display/views/auto-scale
/display/views/camera/zoom-camera
0.72
/display/views/camera/roll-camera
-0.13
/display/save-picture
D:/agents2026/agents2026/agents/AIDCtms/coolingplate/design/cfd/uc01b_2.4x3.0lessmesh12cells/figs12cells/fluent_native/i300/zorif_slot_vel_center_T.png
(display "SHOT zorif_slot_vel_center_V")
/display/objects/create
contour
p018v
field
velocity-magnitude
surfaces-list
csxy4750
()
quit
/display/objects/display
p018v
/display/views/camera/projection
orthographic
/display/views/camera/position
0
0
0.05475
/display/views/camera/target
0
0
0.00475
/display/views/camera/up-vector
-1
0
0
/display/views/auto-scale
/display/views/camera/zoom-camera
0.72
/display/views/camera/roll-camera
-0.13
/display/save-picture
D:/agents2026/agents2026/agents/AIDCtms/coolingplate/design/cfd/uc01b_2.4x3.0lessmesh12cells/figs12cells/fluent_native/i300/zorif_slot_vel_center_V.png
(display "SHOT zmid_TV_T")
/display/objects/create
contour
p019t
field
temperature
surfaces-list
slot-z
()
quit
/display/objects/display
p019t
/display/views/camera/projection
orthographic
/display/views/camera/position
0
0
0.05067
/display/views/camera/target
0
0
0.00067
/display/views/camera/up-vector
-1
0
0
/display/views/auto-scale
/display/views/camera/zoom-camera
0.72
/display/views/camera/roll-camera
-0.13
/display/save-picture
D:/agents2026/agents2026/agents/AIDCtms/coolingplate/design/cfd/uc01b_2.4x3.0lessmesh12cells/figs12cells/fluent_native/i300/zmid_TV_T.png
(display "SHOT zmid_TV_V")
/display/objects/create
contour
p020v
field
velocity-magnitude
surfaces-list
slot-z
()
quit
/display/objects/display
p020v
/display/views/camera/projection
orthographic
/display/views/camera/position
0
0
0.05067
/display/views/camera/target
0
0
0.00067
/display/views/camera/up-vector
-1
0
0
/display/views/auto-scale
/display/views/camera/zoom-camera
0.72
/display/views/camera/roll-camera
-0.13
/display/save-picture
D:/agents2026/agents2026/agents/AIDCtms/coolingplate/design/cfd/uc01b_2.4x3.0lessmesh12cells/figs12cells/fluent_native/i300/zmid_TV_V.png
(display "SHOT zmid_TV_center_T")
/display/objects/create
contour
p021t
field
temperature
surfaces-list
cslot-z
()
quit
/display/objects/display
p021t
/display/views/camera/projection
orthographic
/display/views/camera/position
0
0
0.05067
/display/views/camera/target
0
0
0.00067
/display/views/camera/up-vector
-1
0
0
/display/views/auto-scale
/display/views/camera/zoom-camera
0.72
/display/views/camera/roll-camera
-0.13
/display/save-picture
D:/agents2026/agents2026/agents/AIDCtms/coolingplate/design/cfd/uc01b_2.4x3.0lessmesh12cells/figs12cells/fluent_native/i300/zmid_TV_center_T.png
(display "SHOT zmid_TV_center_V")
/display/objects/create
contour
p022v
field
velocity-magnitude
surfaces-list
cslot-z
()
quit
/display/objects/display
p022v
/display/views/camera/projection
orthographic
/display/views/camera/position
0
0
0.05067
/display/views/camera/target
0
0
0.00067
/display/views/camera/up-vector
-1
0
0
/display/views/auto-scale
/display/views/camera/zoom-camera
0.72
/display/views/camera/roll-camera
-0.13
/display/save-picture
D:/agents2026/agents2026/agents/AIDCtms/coolingplate/design/cfd/uc01b_2.4x3.0lessmesh12cells/figs12cells/fluent_native/i300/zmid_TV_center_V.png
(display "SHOT zgap_TV_T")
/display/objects/create
contour
p023t
field
temperature
surfaces-list
sxy2426
()
quit
/display/objects/display
p023t
/display/views/camera/projection
orthographic
/display/views/camera/position
0
0
0.052426
/display/views/camera/target
0
0
0.002426
/display/views/camera/up-vector
-1
0
0
/display/views/auto-scale
/display/views/camera/zoom-camera
0.72
/display/views/camera/roll-camera
-0.13
/display/save-picture
D:/agents2026/agents2026/agents/AIDCtms/coolingplate/design/cfd/uc01b_2.4x3.0lessmesh12cells/figs12cells/fluent_native/i300/zgap_TV_T.png
(display "SHOT zgap_TV_V")
/display/objects/create
contour
p024v
field
velocity-magnitude
surfaces-list
sxy2426
()
quit
/display/objects/display
p024v
/display/views/camera/projection
orthographic
/display/views/camera/position
0
0
0.052426
/display/views/camera/target
0
0
0.002426
/display/views/camera/up-vector
-1
0
0
/display/views/auto-scale
/display/views/camera/zoom-camera
0.72
/display/views/camera/roll-camera
-0.13
/display/save-picture
D:/agents2026/agents2026/agents/AIDCtms/coolingplate/design/cfd/uc01b_2.4x3.0lessmesh12cells/figs12cells/fluent_native/i300/zgap_TV_V.png
(display "SHOT zgap_TV_center_T")
/display/objects/create
contour
p025t
field
temperature
surfaces-list
csxy2426
()
quit
/display/objects/display
p025t
/display/views/camera/projection
orthographic
/display/views/camera/position
0
0
0.052426
/display/views/camera/target
0
0
0.002426
/display/views/camera/up-vector
-1
0
0
/display/views/auto-scale
/display/views/camera/zoom-camera
0.72
/display/views/camera/roll-camera
-0.13
/display/save-picture
D:/agents2026/agents2026/agents/AIDCtms/coolingplate/design/cfd/uc01b_2.4x3.0lessmesh12cells/figs12cells/fluent_native/i300/zgap_TV_center_T.png
(display "SHOT zgap_TV_center_V")
/display/objects/create
contour
p026v
field
velocity-magnitude
surfaces-list
csxy2426
()
quit
/display/objects/display
p026v
/display/views/camera/projection
orthographic
/display/views/camera/position
0
0
0.052426
/display/views/camera/target
0
0
0.002426
/display/views/camera/up-vector
-1
0
0
/display/views/auto-scale
/display/views/camera/zoom-camera
0.72
/display/views/camera/roll-camera
-0.13
/display/save-picture
D:/agents2026/agents2026/agents/AIDCtms/coolingplate/design/cfd/uc01b_2.4x3.0lessmesh12cells/figs12cells/fluent_native/i300/zgap_TV_center_V.png
(display "SHOT zorif_TV_T")
/display/objects/create
contour
p027t
field
temperature
surfaces-list
sxy4750
()
quit
/display/objects/display
p027t
/display/views/camera/projection
orthographic
/display/views/camera/position
0
0
0.05475
/display/views/camera/target
0
0
0.00475
/display/views/camera/up-vector
-1
0
0
/display/views/auto-scale
/display/views/camera/zoom-camera
0.72
/display/views/camera/roll-camera
-0.13
/display/save-picture
D:/agents2026/agents2026/agents/AIDCtms/coolingplate/design/cfd/uc01b_2.4x3.0lessmesh12cells/figs12cells/fluent_native/i300/zorif_TV_T.png
(display "SHOT zorif_TV_V")
/display/objects/create
contour
p028v
field
velocity-magnitude
surfaces-list
sxy4750
()
quit
/display/objects/display
p028v
/display/views/camera/projection
orthographic
/display/views/camera/position
0
0
0.05475
/display/views/camera/target
0
0
0.00475
/display/views/camera/up-vector
-1
0
0
/display/views/auto-scale
/display/views/camera/zoom-camera
0.72
/display/views/camera/roll-camera
-0.13
/display/save-picture
D:/agents2026/agents2026/agents/AIDCtms/coolingplate/design/cfd/uc01b_2.4x3.0lessmesh12cells/figs12cells/fluent_native/i300/zorif_TV_V.png
(display "SHOT zorif_TV_center_T")
/display/objects/create
contour
p029t
field
temperature
surfaces-list
csxy4750
()
quit
/display/objects/display
p029t
/display/views/camera/projection
orthographic
/display/views/camera/position
0
0
0.05475
/display/views/camera/target
0
0
0.00475
/display/views/camera/up-vector
-1
0
0
/display/views/auto-scale
/display/views/camera/zoom-camera
0.72
/display/views/camera/roll-camera
-0.13
/display/save-picture
D:/agents2026/agents2026/agents/AIDCtms/coolingplate/design/cfd/uc01b_2.4x3.0lessmesh12cells/figs12cells/fluent_native/i300/zorif_TV_center_T.png
(display "SHOT zorif_TV_center_V")
/display/objects/create
contour
p030v
field
velocity-magnitude
surfaces-list
csxy4750
()
quit
/display/objects/display
p030v
/display/views/camera/projection
orthographic
/display/views/camera/position
0
0
0.05475
/display/views/camera/target
0
0
0.00475
/display/views/camera/up-vector
-1
0
0
/display/views/auto-scale
/display/views/camera/zoom-camera
0.72
/display/views/camera/roll-camera
-0.13
/display/save-picture
D:/agents2026/agents2026/agents/AIDCtms/coolingplate/design/cfd/uc01b_2.4x3.0lessmesh12cells/figs12cells/fluent_native/i300/zorif_TV_center_V.png
(display "SHOT slitin_TV_T")
/display/objects/create
contour
p031t
field
temperature
surfaces-list
sxy3500p
sxy3500n
()
quit
/display/objects/display
p031t
/display/views/camera/projection
orthographic
/display/views/camera/position
0
0
0.0535
/display/views/camera/target
0
0
0.0035
/display/views/camera/up-vector
-1
0
0
/display/views/auto-scale
/display/views/camera/zoom-camera
0.72
/display/views/camera/roll-camera
-0.13
/display/save-picture
D:/agents2026/agents2026/agents/AIDCtms/coolingplate/design/cfd/uc01b_2.4x3.0lessmesh12cells/figs12cells/fluent_native/i300/slitin_TV_T.png
(display "SHOT slitin_TV_V")
/display/objects/create
contour
p032v
field
velocity-magnitude
surfaces-list
sxy3500p
sxy3500n
()
quit
/display/objects/display
p032v
/display/views/camera/projection
orthographic
/display/views/camera/position
0
0
0.0535
/display/views/camera/target
0
0
0.0035
/display/views/camera/up-vector
-1
0
0
/display/views/auto-scale
/display/views/camera/zoom-camera
0.72
/display/views/camera/roll-camera
-0.13
/display/save-picture
D:/agents2026/agents2026/agents/AIDCtms/coolingplate/design/cfd/uc01b_2.4x3.0lessmesh12cells/figs12cells/fluent_native/i300/slitin_TV_V.png
(display "SHOT slitin_TV_center_T")
/display/objects/create
contour
p033t
field
temperature
surfaces-list
csxy3500p
csxy3500n
()
quit
/display/objects/display
p033t
/display/views/camera/projection
orthographic
/display/views/camera/position
0
0
0.0535
/display/views/camera/target
0
0
0.0035
/display/views/camera/up-vector
-1
0
0
/display/views/auto-scale
/display/views/camera/zoom-camera
0.72
/display/views/camera/roll-camera
-0.13
/display/save-picture
D:/agents2026/agents2026/agents/AIDCtms/coolingplate/design/cfd/uc01b_2.4x3.0lessmesh12cells/figs12cells/fluent_native/i300/slitin_TV_center_T.png
(display "SHOT slitin_TV_center_V")
/display/objects/create
contour
p034v
field
velocity-magnitude
surfaces-list
csxy3500p
csxy3500n
()
quit
/display/objects/display
p034v
/display/views/camera/projection
orthographic
/display/views/camera/position
0
0
0.0535
/display/views/camera/target
0
0
0.0035
/display/views/camera/up-vector
-1
0
0
/display/views/auto-scale
/display/views/camera/zoom-camera
0.72
/display/views/camera/roll-camera
-0.13
/display/save-picture
D:/agents2026/agents2026/agents/AIDCtms/coolingplate/design/cfd/uc01b_2.4x3.0lessmesh12cells/figs12cells/fluent_native/i300/slitin_TV_center_V.png
(display "SHOT zreturn_mid_TV_T")
/display/objects/create
contour
p035t
field
temperature
surfaces-list
sxy4750p
sxy4750n
()
quit
/display/objects/display
p035t
/display/views/camera/projection
orthographic
/display/views/camera/position
0
0
0.05475
/display/views/camera/target
0
0
0.00475
/display/views/camera/up-vector
-1
0
0
/display/views/auto-scale
/display/views/camera/zoom-camera
0.72
/display/views/camera/roll-camera
-0.13
/display/save-picture
D:/agents2026/agents2026/agents/AIDCtms/coolingplate/design/cfd/uc01b_2.4x3.0lessmesh12cells/figs12cells/fluent_native/i300/zreturn_mid_TV_T.png
(display "SHOT zreturn_mid_TV_V")
/display/objects/create
contour
p036v
field
velocity-magnitude
surfaces-list
sxy4750p
sxy4750n
()
quit
/display/objects/display
p036v
/display/views/camera/projection
orthographic
/display/views/camera/position
0
0
0.05475
/display/views/camera/target
0
0
0.00475
/display/views/camera/up-vector
-1
0
0
/display/views/auto-scale
/display/views/camera/zoom-camera
0.72
/display/views/camera/roll-camera
-0.13
/display/save-picture
D:/agents2026/agents2026/agents/AIDCtms/coolingplate/design/cfd/uc01b_2.4x3.0lessmesh12cells/figs12cells/fluent_native/i300/zreturn_mid_TV_V.png
(display "SHOT zreturn_mid_TV_center_T")
/display/objects/create
contour
p037t
field
temperature
surfaces-list
csxy4750p
csxy4750n
()
quit
/display/objects/display
p037t
/display/views/camera/projection
orthographic
/display/views/camera/position
0
0
0.05475
/display/views/camera/target
0
0
0.00475
/display/views/camera/up-vector
-1
0
0
/display/views/auto-scale
/display/views/camera/zoom-camera
0.72
/display/views/camera/roll-camera
-0.13
/display/save-picture
D:/agents2026/agents2026/agents/AIDCtms/coolingplate/design/cfd/uc01b_2.4x3.0lessmesh12cells/figs12cells/fluent_native/i300/zreturn_mid_TV_center_T.png
(display "SHOT zreturn_mid_TV_center_V")
/display/objects/create
contour
p038v
field
velocity-magnitude
surfaces-list
csxy4750p
csxy4750n
()
quit
/display/objects/display
p038v
/display/views/camera/projection
orthographic
/display/views/camera/position
0
0
0.05475
/display/views/camera/target
0
0
0.00475
/display/views/camera/up-vector
-1
0
0
/display/views/auto-scale
/display/views/camera/zoom-camera
0.72
/display/views/camera/roll-camera
-0.13
/display/save-picture
D:/agents2026/agents2026/agents/AIDCtms/coolingplate/design/cfd/uc01b_2.4x3.0lessmesh12cells/figs12cells/fluent_native/i300/zreturn_mid_TV_center_V.png
(display "SHOT y0_TV_T")
/display/objects/create
contour
p039t
field
temperature
surfaces-list
slot-y
()
quit
/display/objects/display
p039t
/display/views/camera/projection
orthographic
/display/views/camera/position
0
0.0512
0.003
/display/views/camera/target
0
0.0012
0.003
/display/views/camera/up-vector
0
0
1
/display/views/auto-scale
/display/views/camera/zoom-camera
0.72
/display/views/camera/roll-camera
-0.13
/display/save-picture
D:/agents2026/agents2026/agents/AIDCtms/coolingplate/design/cfd/uc01b_2.4x3.0lessmesh12cells/figs12cells/fluent_native/i300/y0_TV_T.png
(display "SHOT y0_TV_V")
/display/objects/create
contour
p040v
field
velocity-magnitude
surfaces-list
slot-y
()
quit
/display/objects/display
p040v
/display/views/camera/projection
orthographic
/display/views/camera/position
0
0.0512
0.003
/display/views/camera/target
0
0.0012
0.003
/display/views/camera/up-vector
0
0
1
/display/views/auto-scale
/display/views/camera/zoom-camera
0.72
/display/views/camera/roll-camera
-0.13
/display/save-picture
D:/agents2026/agents2026/agents/AIDCtms/coolingplate/design/cfd/uc01b_2.4x3.0lessmesh12cells/figs12cells/fluent_native/i300/y0_TV_V.png
(display "SHOT yside_TV_T")
/display/objects/create
contour
p041t
field
temperature
surfaces-list
szx2000
()
quit
/display/objects/display
p041t
/display/views/camera/projection
orthographic
/display/views/camera/position
0
0.052
0.003
/display/views/camera/target
0
0.002
0.003
/display/views/camera/up-vector
0
0
1
/display/views/auto-scale
/display/views/camera/zoom-camera
0.72
/display/views/camera/roll-camera
-0.13
/display/save-picture
D:/agents2026/agents2026/agents/AIDCtms/coolingplate/design/cfd/uc01b_2.4x3.0lessmesh12cells/figs12cells/fluent_native/i300/yside_TV_T.png
(display "SHOT yside_TV_V")
/display/objects/create
contour
p042v
field
velocity-magnitude
surfaces-list
szx2000
()
quit
/display/objects/display
p042v
/display/views/camera/projection
orthographic
/display/views/camera/position
0
0.052
0.003
/display/views/camera/target
0
0.002
0.003
/display/views/camera/up-vector
0
0
1
/display/views/auto-scale
/display/views/camera/zoom-camera
0.72
/display/views/camera/roll-camera
-0.13
/display/save-picture
D:/agents2026/agents2026/agents/AIDCtms/coolingplate/design/cfd/uc01b_2.4x3.0lessmesh12cells/figs12cells/fluent_native/i300/yside_TV_V.png
(display "SHOT x0_TV_T")
/display/objects/create
contour
p043t
field
temperature
surfaces-list
cut-x0
()
quit
/display/objects/display
p043t
/display/views/camera/projection
orthographic
/display/views/camera/position
0.08
0
0.003
/display/views/camera/target
0
0
0.003
/display/views/camera/up-vector
0
0
1
/display/views/auto-scale
/display/views/camera/zoom-camera
0.72
/display/views/camera/roll-camera
-0.13
/display/save-picture
D:/agents2026/agents2026/agents/AIDCtms/coolingplate/design/cfd/uc01b_2.4x3.0lessmesh12cells/figs12cells/fluent_native/i300/x0_TV_T.png
(display "SHOT x0_TV_V")
/display/objects/create
contour
p044v
field
velocity-magnitude
surfaces-list
cut-x0
()
quit
/display/objects/display
p044v
/display/views/camera/projection
orthographic
/display/views/camera/position
0.08
0
0.003
/display/views/camera/target
0
0
0.003
/display/views/camera/up-vector
0
0
1
/display/views/auto-scale
/display/views/camera/zoom-camera
0.72
/display/views/camera/roll-camera
-0.13
/display/save-picture
D:/agents2026/agents2026/agents/AIDCtms/coolingplate/design/cfd/uc01b_2.4x3.0lessmesh12cells/figs12cells/fluent_native/i300/x0_TV_V.png
(display "SHOT x0_TV_center_T")
/display/objects/create
contour
p045t
field
temperature
surfaces-list
ccut-x0
()
quit
/display/objects/display
p045t
/display/views/camera/projection
orthographic
/display/views/camera/position
0.08
0
0.003
/display/views/camera/target
0
0
0.003
/display/views/camera/up-vector
0
0
1
/display/views/auto-scale
/display/views/camera/zoom-camera
0.72
/display/views/camera/roll-camera
-0.13
/display/save-picture
D:/agents2026/agents2026/agents/AIDCtms/coolingplate/design/cfd/uc01b_2.4x3.0lessmesh12cells/figs12cells/fluent_native/i300/x0_TV_center_T.png
(display "SHOT x0_TV_center_V")
/display/objects/create
contour
p046v
field
velocity-magnitude
surfaces-list
ccut-x0
()
quit
/display/objects/display
p046v
/display/views/camera/projection
orthographic
/display/views/camera/position
0.08
0
0.003
/display/views/camera/target
0
0
0.003
/display/views/camera/up-vector
0
0
1
/display/views/auto-scale
/display/views/camera/zoom-camera
0.72
/display/views/camera/roll-camera
-0.13
/display/save-picture
D:/agents2026/agents2026/agents/AIDCtms/coolingplate/design/cfd/uc01b_2.4x3.0lessmesh12cells/figs12cells/fluent_native/i300/x0_TV_center_V.png
(display "SHOT xmid_TV_T")
/display/objects/create
contour
p047t
field
temperature
surfaces-list
syz566
()
quit
/display/objects/display
p047t
/display/views/camera/projection
orthographic
/display/views/camera/position
0.080566
0
0.003
/display/views/camera/target
0.000566
0
0.003
/display/views/camera/up-vector
0
0
1
/display/views/auto-scale
/display/views/camera/zoom-camera
0.72
/display/views/camera/roll-camera
-0.13
/display/save-picture
D:/agents2026/agents2026/agents/AIDCtms/coolingplate/design/cfd/uc01b_2.4x3.0lessmesh12cells/figs12cells/fluent_native/i300/xmid_TV_T.png
(display "SHOT xmid_TV_V")
/display/objects/create
contour
p048v
field
velocity-magnitude
surfaces-list
syz566
()
quit
/display/objects/display
p048v
/display/views/camera/projection
orthographic
/display/views/camera/position
0.080566
0
0.003
/display/views/camera/target
0.000566
0
0.003
/display/views/camera/up-vector
0
0
1
/display/views/auto-scale
/display/views/camera/zoom-camera
0.72
/display/views/camera/roll-camera
-0.13
/display/save-picture
D:/agents2026/agents2026/agents/AIDCtms/coolingplate/design/cfd/uc01b_2.4x3.0lessmesh12cells/figs12cells/fluent_native/i300/xmid_TV_V.png
(display "SHOT xmid_TV_center_T")
/display/objects/create
contour
p049t
field
temperature
surfaces-list
csyz566
()
quit
/display/objects/display
p049t
/display/views/camera/projection
orthographic
/display/views/camera/position
0.080566
0
0.003
/display/views/camera/target
0.000566
0
0.003
/display/views/camera/up-vector
0
0
1
/display/views/auto-scale
/display/views/camera/zoom-camera
0.72
/display/views/camera/roll-camera
-0.13
/display/save-picture
D:/agents2026/agents2026/agents/AIDCtms/coolingplate/design/cfd/uc01b_2.4x3.0lessmesh12cells/figs12cells/fluent_native/i300/xmid_TV_center_T.png
(display "SHOT xmid_TV_center_V")
/display/objects/create
contour
p050v
field
velocity-magnitude
surfaces-list
csyz566
()
quit
/display/objects/display
p050v
/display/views/camera/projection
orthographic
/display/views/camera/position
0.080566
0
0.003
/display/views/camera/target
0.000566
0
0.003
/display/views/camera/up-vector
0
0
1
/display/views/auto-scale
/display/views/camera/zoom-camera
0.72
/display/views/camera/roll-camera
-0.13
/display/save-picture
D:/agents2026/agents2026/agents/AIDCtms/coolingplate/design/cfd/uc01b_2.4x3.0lessmesh12cells/figs12cells/fluent_native/i300/xmid_TV_center_V.png
(display "SHOT x13_TV_T")
/display/objects/create
contour
p051t
field
temperature
surfaces-list
syz1300
()
quit
/display/objects/display
p051t
/display/views/camera/projection
orthographic
/display/views/camera/position
0.0813
0
0.003
/display/views/camera/target
0.0013
0
0.003
/display/views/camera/up-vector
0
0
1
/display/views/auto-scale
/display/views/camera/zoom-camera
0.72
/display/views/camera/roll-camera
-0.13
/display/save-picture
D:/agents2026/agents2026/agents/AIDCtms/coolingplate/design/cfd/uc01b_2.4x3.0lessmesh12cells/figs12cells/fluent_native/i300/x13_TV_T.png
(display "SHOT x13_TV_V")
/display/objects/create
contour
p052v
field
velocity-magnitude
surfaces-list
syz1300
()
quit
/display/objects/display
p052v
/display/views/camera/projection
orthographic
/display/views/camera/position
0.0813
0
0.003
/display/views/camera/target
0.0013
0
0.003
/display/views/camera/up-vector
0
0
1
/display/views/auto-scale
/display/views/camera/zoom-camera
0.72
/display/views/camera/roll-camera
-0.13
/display/save-picture
D:/agents2026/agents2026/agents/AIDCtms/coolingplate/design/cfd/uc01b_2.4x3.0lessmesh12cells/figs12cells/fluent_native/i300/x13_TV_V.png
(display "SHOT x13_TV_center_T")
/display/objects/create
contour
p053t
field
temperature
surfaces-list
csyz1300
()
quit
/display/objects/display
p053t
/display/views/camera/projection
orthographic
/display/views/camera/position
0.0813
0
0.003
/display/views/camera/target
0.0013
0
0.003
/display/views/camera/up-vector
0
0
1
/display/views/auto-scale
/display/views/camera/zoom-camera
0.72
/display/views/camera/roll-camera
-0.13
/display/save-picture
D:/agents2026/agents2026/agents/AIDCtms/coolingplate/design/cfd/uc01b_2.4x3.0lessmesh12cells/figs12cells/fluent_native/i300/x13_TV_center_T.png
(display "SHOT x13_TV_center_V")
/display/objects/create
contour
p054v
field
velocity-magnitude
surfaces-list
csyz1300
()
quit
/display/objects/display
p054v
/display/views/camera/projection
orthographic
/display/views/camera/position
0.0813
0
0.003
/display/views/camera/target
0.0013
0
0.003
/display/views/camera/up-vector
0
0
1
/display/views/auto-scale
/display/views/camera/zoom-camera
0.72
/display/views/camera/roll-camera
-0.13
/display/save-picture
D:/agents2026/agents2026/agents/AIDCtms/coolingplate/design/cfd/uc01b_2.4x3.0lessmesh12cells/figs12cells/fluent_native/i300/x13_TV_center_V.png
(display "SHOT x04_TV_T")
/display/objects/create
contour
p055t
field
temperature
surfaces-list
syz400
()
quit
/display/objects/display
p055t
/display/views/camera/projection
orthographic
/display/views/camera/position
0.0804
0
0.003
/display/views/camera/target
0.0004
0
0.003
/display/views/camera/up-vector
0
0
1
/display/views/auto-scale
/display/views/camera/zoom-camera
0.72
/display/views/camera/roll-camera
-0.13
/display/save-picture
D:/agents2026/agents2026/agents/AIDCtms/coolingplate/design/cfd/uc01b_2.4x3.0lessmesh12cells/figs12cells/fluent_native/i300/x04_TV_T.png
(display "SHOT x04_TV_V")
/display/objects/create
contour
p056v
field
velocity-magnitude
surfaces-list
syz400
()
quit
/display/objects/display
p056v
/display/views/camera/projection
orthographic
/display/views/camera/position
0.0804
0
0.003
/display/views/camera/target
0.0004
0
0.003
/display/views/camera/up-vector
0
0
1
/display/views/auto-scale
/display/views/camera/zoom-camera
0.72
/display/views/camera/roll-camera
-0.13
/display/save-picture
D:/agents2026/agents2026/agents/AIDCtms/coolingplate/design/cfd/uc01b_2.4x3.0lessmesh12cells/figs12cells/fluent_native/i300/x04_TV_V.png
(display "SHOT x04_TV_center_T")
/display/objects/create
contour
p057t
field
temperature
surfaces-list
csyz400
()
quit
/display/objects/display
p057t
/display/views/camera/projection
orthographic
/display/views/camera/position
0.0804
0
0.003
/display/views/camera/target
0.0004
0
0.003
/display/views/camera/up-vector
0
0
1
/display/views/auto-scale
/display/views/camera/zoom-camera
0.72
/display/views/camera/roll-camera
-0.13
/display/save-picture
D:/agents2026/agents2026/agents/AIDCtms/coolingplate/design/cfd/uc01b_2.4x3.0lessmesh12cells/figs12cells/fluent_native/i300/x04_TV_center_T.png
(display "SHOT x04_TV_center_V")
/display/objects/create
contour
p058v
field
velocity-magnitude
surfaces-list
csyz400
()
quit
/display/objects/display
p058v
/display/views/camera/projection
orthographic
/display/views/camera/position
0.0804
0
0.003
/display/views/camera/target
0.0004
0
0.003
/display/views/camera/up-vector
0
0
1
/display/views/auto-scale
/display/views/camera/zoom-camera
0.72
/display/views/camera/roll-camera
-0.13
/display/save-picture
D:/agents2026/agents2026/agents/AIDCtms/coolingplate/design/cfd/uc01b_2.4x3.0lessmesh12cells/figs12cells/fluent_native/i300/x04_TV_center_V.png
(display "SHOT x11_TV_T")
/display/objects/create
contour
p059t
field
temperature
surfaces-list
syz1100
()
quit
/display/objects/display
p059t
/display/views/camera/projection
orthographic
/display/views/camera/position
0.0811
0
0.003
/display/views/camera/target
0.0011
0
0.003
/display/views/camera/up-vector
0
0
1
/display/views/auto-scale
/display/views/camera/zoom-camera
0.72
/display/views/camera/roll-camera
-0.13
/display/save-picture
D:/agents2026/agents2026/agents/AIDCtms/coolingplate/design/cfd/uc01b_2.4x3.0lessmesh12cells/figs12cells/fluent_native/i300/x11_TV_T.png
(display "SHOT x11_TV_V")
/display/objects/create
contour
p060v
field
velocity-magnitude
surfaces-list
syz1100
()
quit
/display/objects/display
p060v
/display/views/camera/projection
orthographic
/display/views/camera/position
0.0811
0
0.003
/display/views/camera/target
0.0011
0
0.003
/display/views/camera/up-vector
0
0
1
/display/views/auto-scale
/display/views/camera/zoom-camera
0.72
/display/views/camera/roll-camera
-0.13
/display/save-picture
D:/agents2026/agents2026/agents/AIDCtms/coolingplate/design/cfd/uc01b_2.4x3.0lessmesh12cells/figs12cells/fluent_native/i300/x11_TV_V.png
(display "SHOT x11_TV_center_T")
/display/objects/create
contour
p061t
field
temperature
surfaces-list
csyz1100
()
quit
/display/objects/display
p061t
/display/views/camera/projection
orthographic
/display/views/camera/position
0.0811
0
0.003
/display/views/camera/target
0.0011
0
0.003
/display/views/camera/up-vector
0
0
1
/display/views/auto-scale
/display/views/camera/zoom-camera
0.72
/display/views/camera/roll-camera
-0.13
/display/save-picture
D:/agents2026/agents2026/agents/AIDCtms/coolingplate/design/cfd/uc01b_2.4x3.0lessmesh12cells/figs12cells/fluent_native/i300/x11_TV_center_T.png
(display "SHOT x11_TV_center_V")
/display/objects/create
contour
p062v
field
velocity-magnitude
surfaces-list
csyz1100
()
quit
/display/objects/display
p062v
/display/views/camera/projection
orthographic
/display/views/camera/position
0.0811
0
0.003
/display/views/camera/target
0.0011
0
0.003
/display/views/camera/up-vector
0
0
1
/display/views/auto-scale
/display/views/camera/zoom-camera
0.72
/display/views/camera/roll-camera
-0.13
/display/save-picture
D:/agents2026/agents2026/agents/AIDCtms/coolingplate/design/cfd/uc01b_2.4x3.0lessmesh12cells/figs12cells/fluent_native/i300/x11_TV_center_V.png
(display "SHOT y04_TV_T")
/display/objects/create
contour
p063t
field
temperature
surfaces-list
szx1600
()
quit
/display/objects/display
p063t
/display/views/camera/projection
orthographic
/display/views/camera/position
0
0.0516
0.003
/display/views/camera/target
0
0.0016
0.003
/display/views/camera/up-vector
0
0
1
/display/views/auto-scale
/display/views/camera/zoom-camera
0.72
/display/views/camera/roll-camera
-0.13
/display/save-picture
D:/agents2026/agents2026/agents/AIDCtms/coolingplate/design/cfd/uc01b_2.4x3.0lessmesh12cells/figs12cells/fluent_native/i300/y04_TV_T.png
(display "SHOT y04_TV_V")
/display/objects/create
contour
p064v
field
velocity-magnitude
surfaces-list
szx1600
()
quit
/display/objects/display
p064v
/display/views/camera/projection
orthographic
/display/views/camera/position
0
0.0516
0.003
/display/views/camera/target
0
0.0016
0.003
/display/views/camera/up-vector
0
0
1
/display/views/auto-scale
/display/views/camera/zoom-camera
0.72
/display/views/camera/roll-camera
-0.13
/display/save-picture
D:/agents2026/agents2026/agents/AIDCtms/coolingplate/design/cfd/uc01b_2.4x3.0lessmesh12cells/figs12cells/fluent_native/i300/y04_TV_V.png
(display "SHOT y10_TV_T")
/display/objects/create
contour
p065t
field
temperature
surfaces-list
szx2200
()
quit
/display/objects/display
p065t
/display/views/camera/projection
orthographic
/display/views/camera/position
0
0.0522
0.003
/display/views/camera/target
0
0.0022
0.003
/display/views/camera/up-vector
0
0
1
/display/views/auto-scale
/display/views/camera/zoom-camera
0.72
/display/views/camera/roll-camera
-0.13
/display/save-picture
D:/agents2026/agents2026/agents/AIDCtms/coolingplate/design/cfd/uc01b_2.4x3.0lessmesh12cells/figs12cells/fluent_native/i300/y10_TV_T.png
(display "SHOT y10_TV_V")
/display/objects/create
contour
p066v
field
velocity-magnitude
surfaces-list
szx2200
()
quit
/display/objects/display
p066v
/display/views/camera/projection
orthographic
/display/views/camera/position
0
0.0522
0.003
/display/views/camera/target
0
0.0022
0.003
/display/views/camera/up-vector
0
0
1
/display/views/auto-scale
/display/views/camera/zoom-camera
0.72
/display/views/camera/roll-camera
-0.13
/display/save-picture
D:/agents2026/agents2026/agents/AIDCtms/coolingplate/design/cfd/uc01b_2.4x3.0lessmesh12cells/figs12cells/fluent_native/i300/y10_TV_V.png
(display "SHOT z015_TV_T")
/display/objects/create
contour
p067t
field
temperature
surfaces-list
sxy192
()
quit
/display/objects/display
p067t
/display/views/camera/projection
orthographic
/display/views/camera/position
0
0
0.050192
/display/views/camera/target
0
0
0.000192
/display/views/camera/up-vector
-1
0
0
/display/views/auto-scale
/display/views/camera/zoom-camera
0.72
/display/views/camera/roll-camera
-0.13
/display/save-picture
D:/agents2026/agents2026/agents/AIDCtms/coolingplate/design/cfd/uc01b_2.4x3.0lessmesh12cells/figs12cells/fluent_native/i300/z015_TV_T.png
(display "SHOT z015_TV_V")
/display/objects/create
contour
p068v
field
velocity-magnitude
surfaces-list
sxy192
()
quit
/display/objects/display
p068v
/display/views/camera/projection
orthographic
/display/views/camera/position
0
0
0.050192
/display/views/camera/target
0
0
0.000192
/display/views/camera/up-vector
-1
0
0
/display/views/auto-scale
/display/views/camera/zoom-camera
0.72
/display/views/camera/roll-camera
-0.13
/display/save-picture
D:/agents2026/agents2026/agents/AIDCtms/coolingplate/design/cfd/uc01b_2.4x3.0lessmesh12cells/figs12cells/fluent_native/i300/z015_TV_V.png
(display "SHOT z015_TV_center_T")
/display/objects/create
contour
p069t
field
temperature
surfaces-list
csxy192
()
quit
/display/objects/display
p069t
/display/views/camera/projection
orthographic
/display/views/camera/position
0
0
0.050192
/display/views/camera/target
0
0
0.000192
/display/views/camera/up-vector
-1
0
0
/display/views/auto-scale
/display/views/camera/zoom-camera
0.72
/display/views/camera/roll-camera
-0.13
/display/save-picture
D:/agents2026/agents2026/agents/AIDCtms/coolingplate/design/cfd/uc01b_2.4x3.0lessmesh12cells/figs12cells/fluent_native/i300/z015_TV_center_T.png
(display "SHOT z015_TV_center_V")
/display/objects/create
contour
p070v
field
velocity-magnitude
surfaces-list
csxy192
()
quit
/display/objects/display
p070v
/display/views/camera/projection
orthographic
/display/views/camera/position
0
0
0.050192
/display/views/camera/target
0
0
0.000192
/display/views/camera/up-vector
-1
0
0
/display/views/auto-scale
/display/views/camera/zoom-camera
0.72
/display/views/camera/roll-camera
-0.13
/display/save-picture
D:/agents2026/agents2026/agents/AIDCtms/coolingplate/design/cfd/uc01b_2.4x3.0lessmesh12cells/figs12cells/fluent_native/i300/z015_TV_center_V.png
(display "SHOT z35_TV_T")
/display/objects/create
contour
p071t
field
temperature
surfaces-list
sxy3500
()
quit
/display/objects/display
p071t
/display/views/camera/projection
orthographic
/display/views/camera/position
0
0
0.0535
/display/views/camera/target
0
0
0.0035
/display/views/camera/up-vector
-1
0
0
/display/views/auto-scale
/display/views/camera/zoom-camera
0.72
/display/views/camera/roll-camera
-0.13
/display/save-picture
D:/agents2026/agents2026/agents/AIDCtms/coolingplate/design/cfd/uc01b_2.4x3.0lessmesh12cells/figs12cells/fluent_native/i300/z35_TV_T.png
(display "SHOT z35_TV_V")
/display/objects/create
contour
p072v
field
velocity-magnitude
surfaces-list
sxy3500
()
quit
/display/objects/display
p072v
/display/views/camera/projection
orthographic
/display/views/camera/position
0
0
0.0535
/display/views/camera/target
0
0
0.0035
/display/views/camera/up-vector
-1
0
0
/display/views/auto-scale
/display/views/camera/zoom-camera
0.72
/display/views/camera/roll-camera
-0.13
/display/save-picture
D:/agents2026/agents2026/agents/AIDCtms/coolingplate/design/cfd/uc01b_2.4x3.0lessmesh12cells/figs12cells/fluent_native/i300/z35_TV_V.png
(display "SHOT z35_TV_center_T")
/display/objects/create
contour
p073t
field
temperature
surfaces-list
csxy3500
()
quit
/display/objects/display
p073t
/display/views/camera/projection
orthographic
/display/views/camera/position
0
0
0.0535
/display/views/camera/target
0
0
0.0035
/display/views/camera/up-vector
-1
0
0
/display/views/auto-scale
/display/views/camera/zoom-camera
0.72
/display/views/camera/roll-camera
-0.13
/display/save-picture
D:/agents2026/agents2026/agents/AIDCtms/coolingplate/design/cfd/uc01b_2.4x3.0lessmesh12cells/figs12cells/fluent_native/i300/z35_TV_center_T.png
(display "SHOT z35_TV_center_V")
/display/objects/create
contour
p074v
field
velocity-magnitude
surfaces-list
csxy3500
()
quit
/display/objects/display
p074v
/display/views/camera/projection
orthographic
/display/views/camera/position
0
0
0.0535
/display/views/camera/target
0
0
0.0035
/display/views/camera/up-vector
-1
0
0
/display/views/auto-scale
/display/views/camera/zoom-camera
0.72
/display/views/camera/roll-camera
-0.13
/display/save-picture
D:/agents2026/agents2026/agents/AIDCtms/coolingplate/design/cfd/uc01b_2.4x3.0lessmesh12cells/figs12cells/fluent_native/i300/z35_TV_center_V.png
(display "SHOT z70_TV_T")
/display/objects/create
contour
p075t
field
temperature
surfaces-list
sxy7000
()
quit
/display/objects/display
p075t
/display/views/camera/projection
orthographic
/display/views/camera/position
0
0
0.057
/display/views/camera/target
0
0
0.007
/display/views/camera/up-vector
-1
0
0
/display/views/auto-scale
/display/views/camera/zoom-camera
0.72
/display/views/camera/roll-camera
-0.13
/display/save-picture
D:/agents2026/agents2026/agents/AIDCtms/coolingplate/design/cfd/uc01b_2.4x3.0lessmesh12cells/figs12cells/fluent_native/i300/z70_TV_T.png
(display "SHOT z70_TV_V")
/display/objects/create
contour
p076v
field
velocity-magnitude
surfaces-list
sxy7000
()
quit
/display/objects/display
p076v
/display/views/camera/projection
orthographic
/display/views/camera/position
0
0
0.057
/display/views/camera/target
0
0
0.007
/display/views/camera/up-vector
-1
0
0
/display/views/auto-scale
/display/views/camera/zoom-camera
0.72
/display/views/camera/roll-camera
-0.13
/display/save-picture
D:/agents2026/agents2026/agents/AIDCtms/coolingplate/design/cfd/uc01b_2.4x3.0lessmesh12cells/figs12cells/fluent_native/i300/z70_TV_V.png
(display "SHOT z70_TV_center_T")
/display/objects/create
contour
p077t
field
temperature
surfaces-list
csxy7000
()
quit
/display/objects/display
p077t
/display/views/camera/projection
orthographic
/display/views/camera/position
0
0
0.057
/display/views/camera/target
0
0
0.007
/display/views/camera/up-vector
-1
0
0
/display/views/auto-scale
/display/views/camera/zoom-camera
0.72
/display/views/camera/roll-camera
-0.13
/display/save-picture
D:/agents2026/agents2026/agents/AIDCtms/coolingplate/design/cfd/uc01b_2.4x3.0lessmesh12cells/figs12cells/fluent_native/i300/z70_TV_center_T.png
(display "SHOT z70_TV_center_V")
/display/objects/create
contour
p078v
field
velocity-magnitude
surfaces-list
csxy7000
()
quit
/display/objects/display
p078v
/display/views/camera/projection
orthographic
/display/views/camera/position
0
0
0.057
/display/views/camera/target
0
0
0.007
/display/views/camera/up-vector
-1
0
0
/display/views/auto-scale
/display/views/camera/zoom-camera
0.72
/display/views/camera/roll-camera
-0.13
/display/save-picture
D:/agents2026/agents2026/agents/AIDCtms/coolingplate/design/cfd/uc01b_2.4x3.0lessmesh12cells/figs12cells/fluent_native/i300/z70_TV_center_V.png
(display "SHOT y0_global_TV_T")
/display/objects/create
contour
p079t
field
temperature
surfaces-list
szx0
()
quit
/display/objects/display
p079t
/display/views/camera/projection
orthographic
/display/views/camera/position
0
0.05
0.003
/display/views/camera/target
0
0
0.003
/display/views/camera/up-vector
0
0
1
/display/views/auto-scale
/display/views/camera/zoom-camera
0.72
/display/views/camera/roll-camera
-0.13
/display/save-picture
D:/agents2026/agents2026/agents/AIDCtms/coolingplate/design/cfd/uc01b_2.4x3.0lessmesh12cells/figs12cells/fluent_native/i300/y0_global_TV_T.png
(display "SHOT y0_global_TV_V")
/display/objects/create
contour
p080v
field
velocity-magnitude
surfaces-list
szx0
()
quit
/display/objects/display
p080v
/display/views/camera/projection
orthographic
/display/views/camera/position
0
0.05
0.003
/display/views/camera/target
0
0
0.003
/display/views/camera/up-vector
0
0
1
/display/views/auto-scale
/display/views/camera/zoom-camera
0.72
/display/views/camera/roll-camera
-0.13
/display/save-picture
D:/agents2026/agents2026/agents/AIDCtms/coolingplate/design/cfd/uc01b_2.4x3.0lessmesh12cells/figs12cells/fluent_native/i300/y0_global_TV_V.png
(display "SHOT y04_global_TV_T")
/display/objects/create
contour
p081t
field
temperature
surfaces-list
szx400
()
quit
/display/objects/display
p081t
/display/views/camera/projection
orthographic
/display/views/camera/position
0
0.0504
0.003
/display/views/camera/target
0
0.0004
0.003
/display/views/camera/up-vector
0
0
1
/display/views/auto-scale
/display/views/camera/zoom-camera
0.72
/display/views/camera/roll-camera
-0.13
/display/save-picture
D:/agents2026/agents2026/agents/AIDCtms/coolingplate/design/cfd/uc01b_2.4x3.0lessmesh12cells/figs12cells/fluent_native/i300/y04_global_TV_T.png
(display "SHOT y04_global_TV_V")
/display/objects/create
contour
p082v
field
velocity-magnitude
surfaces-list
szx400
()
quit
/display/objects/display
p082v
/display/views/camera/projection
orthographic
/display/views/camera/position
0
0.0504
0.003
/display/views/camera/target
0
0.0004
0.003
/display/views/camera/up-vector
0
0
1
/display/views/auto-scale
/display/views/camera/zoom-camera
0.72
/display/views/camera/roll-camera
-0.13
/display/save-picture
D:/agents2026/agents2026/agents/AIDCtms/coolingplate/design/cfd/uc01b_2.4x3.0lessmesh12cells/figs12cells/fluent_native/i300/y04_global_TV_V.png
(display "SHOT yside_global_TV_T")
/display/objects/create
contour
p083t
field
temperature
surfaces-list
szx800
()
quit
/display/objects/display
p083t
/display/views/camera/projection
orthographic
/display/views/camera/position
0
0.0508
0.003
/display/views/camera/target
0
0.0008
0.003
/display/views/camera/up-vector
0
0
1
/display/views/auto-scale
/display/views/camera/zoom-camera
0.72
/display/views/camera/roll-camera
-0.13
/display/save-picture
D:/agents2026/agents2026/agents/AIDCtms/coolingplate/design/cfd/uc01b_2.4x3.0lessmesh12cells/figs12cells/fluent_native/i300/yside_global_TV_T.png
(display "SHOT yside_global_TV_V")
/display/objects/create
contour
p084v
field
velocity-magnitude
surfaces-list
szx800
()
quit
/display/objects/display
p084v
/display/views/camera/projection
orthographic
/display/views/camera/position
0
0.0508
0.003
/display/views/camera/target
0
0.0008
0.003
/display/views/camera/up-vector
0
0
1
/display/views/auto-scale
/display/views/camera/zoom-camera
0.72
/display/views/camera/roll-camera
-0.13
/display/save-picture
D:/agents2026/agents2026/agents/AIDCtms/coolingplate/design/cfd/uc01b_2.4x3.0lessmesh12cells/figs12cells/fluent_native/i300/yside_global_TV_V.png
(display "SHOT y10_global_TV_T")
/display/objects/create
contour
p085t
field
temperature
surfaces-list
szx1000
()
quit
/display/objects/display
p085t
/display/views/camera/projection
orthographic
/display/views/camera/position
0
0.051
0.003
/display/views/camera/target
0
0.001
0.003
/display/views/camera/up-vector
0
0
1
/display/views/auto-scale
/display/views/camera/zoom-camera
0.72
/display/views/camera/roll-camera
-0.13
/display/save-picture
D:/agents2026/agents2026/agents/AIDCtms/coolingplate/design/cfd/uc01b_2.4x3.0lessmesh12cells/figs12cells/fluent_native/i300/y10_global_TV_T.png
(display "SHOT y10_global_TV_V")
/display/objects/create
contour
p086v
field
velocity-magnitude
surfaces-list
szx1000
()
quit
/display/objects/display
p086v
/display/views/camera/projection
orthographic
/display/views/camera/position
0
0.051
0.003
/display/views/camera/target
0
0.001
0.003
/display/views/camera/up-vector
0
0
1
/display/views/auto-scale
/display/views/camera/zoom-camera
0.72
/display/views/camera/roll-camera
-0.13
/display/save-picture
D:/agents2026/agents2026/agents/AIDCtms/coolingplate/design/cfd/uc01b_2.4x3.0lessmesh12cells/figs12cells/fluent_native/i300/y10_global_TV_V.png
(display "SHOT outlet_y_front_TV_T")
/display/objects/create
contour
p087t
field
temperature
surfaces-list
outlet_y_front
()
quit
/display/objects/display
p087t
/display/views/camera/projection
orthographic
/display/views/camera/position
0
0.0644
0.003
/display/views/camera/target
0
0.0144
0.003
/display/views/camera/up-vector
0
0
1
/display/views/auto-scale
/display/views/camera/zoom-camera
0.72
/display/views/camera/roll-camera
-0.13
/display/save-picture
D:/agents2026/agents2026/agents/AIDCtms/coolingplate/design/cfd/uc01b_2.4x3.0lessmesh12cells/figs12cells/fluent_native/i300/outlet_y_front_TV_T.png
(display "SHOT outlet_y_front_TV_V")
/display/objects/create
contour
p088v
field
velocity-magnitude
surfaces-list
outlet_y_front
()
quit
/display/objects/display
p088v
/display/views/camera/projection
orthographic
/display/views/camera/position
0
0.0644
0.003
/display/views/camera/target
0
0.0144
0.003
/display/views/camera/up-vector
0
0
1
/display/views/auto-scale
/display/views/camera/zoom-camera
0.72
/display/views/camera/roll-camera
-0.13
/display/save-picture
D:/agents2026/agents2026/agents/AIDCtms/coolingplate/design/cfd/uc01b_2.4x3.0lessmesh12cells/figs12cells/fluent_native/i300/outlet_y_front_TV_V.png
(display "SHOT outlet_y_back_TV_T")
/display/objects/create
contour
p089t
field
temperature
surfaces-list
outlet_y_back
()
quit
/display/objects/display
p089t
/display/views/camera/projection
orthographic
/display/views/camera/position
0
0.0356
0.003
/display/views/camera/target
0
-0.0144
0.003
/display/views/camera/up-vector
0
0
1
/display/views/auto-scale
/display/views/camera/zoom-camera
0.72
/display/views/camera/roll-camera
-0.13
/display/save-picture
D:/agents2026/agents2026/agents/AIDCtms/coolingplate/design/cfd/uc01b_2.4x3.0lessmesh12cells/figs12cells/fluent_native/i300/outlet_y_back_TV_T.png
(display "SHOT outlet_y_back_TV_V")
/display/objects/create
contour
p090v
field
velocity-magnitude
surfaces-list
outlet_y_back
()
quit
/display/objects/display
p090v
/display/views/camera/projection
orthographic
/display/views/camera/position
0
0.0356
0.003
/display/views/camera/target
0
-0.0144
0.003
/display/views/camera/up-vector
0
0
1
/display/views/auto-scale
/display/views/camera/zoom-camera
0.72
/display/views/camera/roll-camera
-0.13
/display/save-picture
D:/agents2026/agents2026/agents/AIDCtms/coolingplate/design/cfd/uc01b_2.4x3.0lessmesh12cells/figs12cells/fluent_native/i300/outlet_y_back_TV_V.png
(display "SHOT return_TV_T")
/display/objects/create
contour
p091t
field
temperature
surfaces-list
return_slot
()
quit
/display/objects/display
p091t
/display/views/camera/projection
orthographic
/display/views/camera/position
0
0
0.058
/display/views/camera/target
0
0
0.008
/display/views/camera/up-vector
-1
0
0
/display/views/auto-scale
/display/views/camera/zoom-camera
0.72
/display/views/camera/roll-camera
-0.13
/display/save-picture
D:/agents2026/agents2026/agents/AIDCtms/coolingplate/design/cfd/uc01b_2.4x3.0lessmesh12cells/figs12cells/fluent_native/i300/return_TV_T.png
(display "SHOT return_TV_V")
/display/objects/create
contour
p092v
field
velocity-magnitude
surfaces-list
return_slot
()
quit
/display/objects/display
p092v
/display/views/camera/projection
orthographic
/display/views/camera/position
0
0
0.058
/display/views/camera/target
0
0
0.008
/display/views/camera/up-vector
-1
0
0
/display/views/auto-scale
/display/views/camera/zoom-camera
0.72
/display/views/camera/roll-camera
-0.13
/display/save-picture
D:/agents2026/agents2026/agents/AIDCtms/coolingplate/design/cfd/uc01b_2.4x3.0lessmesh12cells/figs12cells/fluent_native/i300/return_TV_V.png
(display "CAPTURE-I300-DONE")
