/file/read-case-data
D:/agents2026/agents2026/agents/AIDCtms/coolingplate/design/cfd/uc01b_2.4x3.0lessmesh12cells/fluent/uc01b_cht_less_12y_i300.cas.h5
(display "CASE-I300-LOADED")
/preferences/graphics/colormap-settings/number-format-type
general
/preferences/graphics/colormap-settings/number-format-precision
5
/display/objects/create
contour
wallheat
field
temperature
surfaces-list
wall_heat
()
coloring
banded
quit
node-values?
no
boundary-values?
yes
range-option
auto-range-on
global-range?
no
quit
quit
/display/objects/display
wallheat
/display/views/camera/projection
orthographic
/display/views/camera/position
0
0
0.04792
/display/views/camera/target
0
0
-0.00208
/display/views/camera/up-vector
-1
0
0
/display/views/auto-scale
/display/views/camera/zoom-camera
0.72
/display/views/camera/roll-camera
-0.13
/display/save-picture
D:/agents2026/agents2026/agents/AIDCtms/coolingplate/design/cfd/uc01b_2.4x3.0lessmesh12cells/figs12cells/i300/wall_heat_temperature.png
yes
(display "WALL-SAVED")
/display/set/picture/use-window-resolution?
no
/display/set/picture/x-resolution
2400
/display/set/picture/y-resolution
720
(display "RES-OK")
/display/objects/display
wallheat
/display/views/camera/projection
orthographic
/display/views/camera/position
0
0
0.04792
/display/views/camera/target
0
0
-0.00208
/display/views/camera/up-vector
-1
0
0
/display/views/auto-scale
/display/views/camera/zoom-camera
0.72
/display/views/camera/roll-camera
-0.13
/display/save-picture
D:/agents2026/agents2026/agents/AIDCtms/coolingplate/design/cfd/uc01b_2.4x3.0lessmesh12cells/figs12cells/i300/wall_heat_temperature.png
yes
(display "WALL-RESAVED")
/surface/plane-surface yzp0 yz 0
/display/objects/create
contour
x0temp
field
temperature
surfaces-list
yzp0
()
coloring
banded
quit
node-values?
no
range-option
auto-range-on
global-range?
no
quit
quit
/display/objects/display
x0temp
/display/views/camera/projection
orthographic
/display/views/camera/position
0.08
0
0.003
/display/views/camera/target
0
0
0.003
/display/views/camera/up-vector
0
0
1
/display/views/auto-scale
/display/views/camera/zoom-camera
0.72
/display/views/camera/roll-camera
-0.13
/display/save-picture
D:/agents2026/agents2026/agents/AIDCtms/coolingplate/design/cfd/uc01b_2.4x3.0lessmesh12cells/figs12cells/i300/x0_temperature.png
/display/objects/create
contour
x0vel
field
velocity-magnitude
surfaces-list
yzp0
()
coloring
banded
quit
node-values?
no
range-option
auto-range-on
global-range?
no
quit
quit
/display/objects/display
x0vel
/display/views/camera/projection
orthographic
/display/views/camera/position
0.08
0
0.003
/display/views/camera/target
0
0
0.003
/display/views/camera/up-vector
0
0
1
/display/views/auto-scale
/display/views/camera/zoom-camera
0.72
/display/views/camera/roll-camera
-0.13
/display/save-picture
D:/agents2026/agents2026/agents/AIDCtms/coolingplate/design/cfd/uc01b_2.4x3.0lessmesh12cells/figs12cells/i300/x0_velocity.png
(display "SAMPLE-DONE")
