(display "SMOOTH-PROBE")
/display/annotation/edit
text-0
text
"z=-2.08 mm"
quit
/display/objects/create
contour
pwall
field
temperature
surfaces-list
wall_heat
()
coloring
smooth
node-values?
no
boundary-values?
yes
range-option
auto-range-on
global-range?
no
quit
annotations-list
1
text-0
quit
/display/objects/display
pwall
/display/views/camera/projection
orthographic
/display/views/camera/position
0
0
0.04792
/display/views/camera/target
0
0
-0.00208
/display/views/camera/up-vector
-1
0
0
/display/views/auto-scale
/display/views/camera/zoom-camera
0.72
/display/views/camera/roll-camera
-0.13
/display/save-picture
D:/agents2026/agents2026/agents/AIDCtms/coolingplate/design/cfd/uc01b_2.4x3.0lessmesh12cells/figs12cells/i600/probe_wall_temperature.png
/display/annotation/edit
text-0
text
"x=0 mm"
quit
/display/objects/create
contour
px0t
field
temperature
surfaces-list
yzp0
()
coloring
smooth
node-values?
yes
range-option
auto-range-on
global-range?
no
quit
annotations-list
1
text-0
quit
/display/objects/display
px0t
/display/views/camera/projection
orthographic
/display/views/camera/position
0.08
0
0.003
/display/views/camera/target
0
0
0.003
/display/views/camera/up-vector
0
0
1
/display/views/auto-scale
/display/views/camera/zoom-camera
0.72
/display/views/camera/roll-camera
-0.13
/display/save-picture
D:/agents2026/agents2026/agents/AIDCtms/coolingplate/design/cfd/uc01b_2.4x3.0lessmesh12cells/figs12cells/i600/probe_x0_temperature.png
(display "SMOOTH-PROBE-DONE")
