/file/set-batch-options yes no no
/file/start-transcript "D:/agents2026/agents2026/agents/AIDCtms/coolingplate/design/cfd/uc01b_2.4x3.0lessmesh12cells/logs/fluent_12y_report_i600b.log"
/file/read-case-data "D:/agents2026/agents2026/agents/AIDCtms/coolingplate/design/cfd/uc01b_2.4x3.0lessmesh12cells/fluent/uc01b_cht_less_12y_i600.cas.h5"
(display "REPORT-BEGIN i600")
/report/surface-integrals/area-weighted-avg
wall_heat
()
temperature
no
/report/surface-integrals/area-weighted-avg
wall_heat
()
heat-flux
no
/report/surface-integrals/facet-min
wall_heat
()
temperature
no
/report/surface-integrals/facet-max
wall_heat
()
temperature
no
/report/surface-integrals/area-weighted-avg
wall_tim_cu
()
temperature
no
/report/surface-integrals/area-weighted-avg
wall_cu_fluid
()
temperature
no
/report/surface-integrals/area-weighted-avg
inlet_jet_01
inlet_jet_02
inlet_jet_03
inlet_jet_04
inlet_jet_05
inlet_jet_06
inlet_jet_07
inlet_jet_08
inlet_jet_09
inlet_jet_10
inlet_jet_11
inlet_jet_12
()
temperature
no
/report/surface-integrals/area-weighted-avg
inlet_jet_01
inlet_jet_02
inlet_jet_03
inlet_jet_04
inlet_jet_05
inlet_jet_06
inlet_jet_07
inlet_jet_08
inlet_jet_09
inlet_jet_10
inlet_jet_11
inlet_jet_12
()
pressure
no
/report/surface-integrals/area-weighted-avg
inlet_jet_01
()
velocity-magnitude
no
/report/surface-integrals/area-weighted-avg
outlet_y_front
outlet_y_back
()
temperature
no
/report/surface-integrals/area-weighted-avg
outlet_y_front
outlet_y_back
()
pressure
no
/report/surface-integrals/mass-weighted-avg
outlet_y_front
outlet_y_back
()
temperature
no
/report/surface-integrals/mass-flow-rate
inlet_jet_01
inlet_jet_02
inlet_jet_03
inlet_jet_04
inlet_jet_05
inlet_jet_06
inlet_jet_07
inlet_jet_08
inlet_jet_09
inlet_jet_10
inlet_jet_11
inlet_jet_12
outlet_y_front
outlet_y_back
()
no
(display "REPORT-END i600")
/file/stop-transcript
/exit yes
