(display "VEC-BATCH")
(display "SHOT vx0")
/display/annotation/edit
text-0
text
"x=0 mm"
quit
/display/objects/display
vx0
/display/views/camera/projection
orthographic
/display/views/camera/position
0.08
0
0.003
/display/views/camera/target
0
0
0.003
/display/views/camera/up-vector
0
0
1
/display/views/auto-scale
/display/views/camera/zoom-camera
0.72
/display/views/camera/roll-camera
-0.13
/display/save-picture
D:/agents2026/agents2026/agents/AIDCtms/coolingplate/design/cfd/uc01b_2.4x3.0lessmesh12cells/figs12cells/i600/x0_velocity_vector.png
yes
(display "SHOT vx0c")
/display/annotation/edit
text-0
text
"x=0 mm center"
quit
/display/objects/create
vector
vx0c
vector-field
velocity
field
velocity-magnitude
surfaces-list
yzp0c
()
vector-opt
in-plane?
yes
quit
skip
12
range-option
auto-range-on
global-range?
no
quit
annotations-list
1
text-0
quit
/display/objects/display
vx0c
/display/views/camera/projection
orthographic
/display/views/camera/position
0.08
0
0.003
/display/views/camera/target
0
0
0.003
/display/views/camera/up-vector
0
0
1
/display/views/auto-scale
/display/views/camera/zoom-camera
0.72
/display/views/camera/roll-camera
-0.13
/display/save-picture
D:/agents2026/agents2026/agents/AIDCtms/coolingplate/design/cfd/uc01b_2.4x3.0lessmesh12cells/figs12cells/i600/x0_center_velocity_vector.png
(display "SHOT vxm")
/display/annotation/edit
text-0
text
"x=0.566 mm"
quit
/display/objects/create
vector
vxm
vector-field
velocity
field
velocity-magnitude
surfaces-list
yzp566
()
vector-opt
in-plane?
yes
quit
skip
12
range-option
auto-range-on
global-range?
no
quit
annotations-list
1
text-0
quit
/display/objects/display
vxm
/display/views/camera/projection
orthographic
/display/views/camera/position
0.080566
0
0.003
/display/views/camera/target
0.000566
0
0.003
/display/views/camera/up-vector
0
0
1
/display/views/auto-scale
/display/views/camera/zoom-camera
0.72
/display/views/camera/roll-camera
-0.13
/display/save-picture
D:/agents2026/agents2026/agents/AIDCtms/coolingplate/design/cfd/uc01b_2.4x3.0lessmesh12cells/figs12cells/i600/xmid_velocity_vector.png
(display "SHOT vxmc")
/display/annotation/edit
text-0
text
"x=0.566 mm center"
quit
/display/objects/create
vector
vxmc
vector-field
velocity
field
velocity-magnitude
surfaces-list
yzp566c
()
vector-opt
in-plane?
yes
quit
skip
12
range-option
auto-range-on
global-range?
no
quit
annotations-list
1
text-0
quit
/display/objects/display
vxmc
/display/views/camera/projection
orthographic
/display/views/camera/position
0.080566
0
0.003
/display/views/camera/target
0.000566
0
0.003
/display/views/camera/up-vector
0
0
1
/display/views/auto-scale
/display/views/camera/zoom-camera
0.72
/display/views/camera/roll-camera
-0.13
/display/save-picture
D:/agents2026/agents2026/agents/AIDCtms/coolingplate/design/cfd/uc01b_2.4x3.0lessmesh12cells/figs12cells/i600/xmid_center_velocity_vector.png
(display "SHOT vx13")
/display/annotation/edit
text-0
text
"x=1.3 mm"
quit
/display/objects/create
vector
vx13
vector-field
velocity
field
velocity-magnitude
surfaces-list
yzp1300
()
vector-opt
in-plane?
yes
quit
skip
12
range-option
auto-range-on
global-range?
no
quit
annotations-list
1
text-0
quit
/display/objects/display
vx13
/display/views/camera/projection
orthographic
/display/views/camera/position
0.0813
0
0.003
/display/views/camera/target
0.0013
0
0.003
/display/views/camera/up-vector
0
0
1
/display/views/auto-scale
/display/views/camera/zoom-camera
0.72
/display/views/camera/roll-camera
-0.13
/display/save-picture
D:/agents2026/agents2026/agents/AIDCtms/coolingplate/design/cfd/uc01b_2.4x3.0lessmesh12cells/figs12cells/i600/x13_velocity_vector.png
(display "SHOT vx13c")
/display/annotation/edit
text-0
text
"x=1.3 mm center"
quit
/display/objects/create
vector
vx13c
vector-field
velocity
field
velocity-magnitude
surfaces-list
yzp1300c
()
vector-opt
in-plane?
yes
quit
skip
12
range-option
auto-range-on
global-range?
no
quit
annotations-list
1
text-0
quit
/display/objects/display
vx13c
/display/views/camera/projection
orthographic
/display/views/camera/position
0.0813
0
0.003
/display/views/camera/target
0.0013
0
0.003
/display/views/camera/up-vector
0
0
1
/display/views/auto-scale
/display/views/camera/zoom-camera
0.72
/display/views/camera/roll-camera
-0.13
/display/save-picture
D:/agents2026/agents2026/agents/AIDCtms/coolingplate/design/cfd/uc01b_2.4x3.0lessmesh12cells/figs12cells/i600/x13_center_velocity_vector.png
(display "SHOT vx04")
/display/annotation/edit
text-0
text
"x=0.4 mm"
quit
/display/objects/create
vector
vx04
vector-field
velocity
field
velocity-magnitude
surfaces-list
yzp400
()
vector-opt
in-plane?
yes
quit
skip
12
range-option
auto-range-on
global-range?
no
quit
annotations-list
1
text-0
quit
/display/objects/display
vx04
/display/views/camera/projection
orthographic
/display/views/camera/position
0.0804
0
0.003
/display/views/camera/target
0.0004
0
0.003
/display/views/camera/up-vector
0
0
1
/display/views/auto-scale
/display/views/camera/zoom-camera
0.72
/display/views/camera/roll-camera
-0.13
/display/save-picture
D:/agents2026/agents2026/agents/AIDCtms/coolingplate/design/cfd/uc01b_2.4x3.0lessmesh12cells/figs12cells/i600/x04_velocity_vector.png
(display "SHOT vx04c")
/display/annotation/edit
text-0
text
"x=0.4 mm center"
quit
/display/objects/create
vector
vx04c
vector-field
velocity
field
velocity-magnitude
surfaces-list
yzp400c
()
vector-opt
in-plane?
yes
quit
skip
12
range-option
auto-range-on
global-range?
no
quit
annotations-list
1
text-0
quit
/display/objects/display
vx04c
/display/views/camera/projection
orthographic
/display/views/camera/position
0.0804
0
0.003
/display/views/camera/target
0.0004
0
0.003
/display/views/camera/up-vector
0
0
1
/display/views/auto-scale
/display/views/camera/zoom-camera
0.72
/display/views/camera/roll-camera
-0.13
/display/save-picture
D:/agents2026/agents2026/agents/AIDCtms/coolingplate/design/cfd/uc01b_2.4x3.0lessmesh12cells/figs12cells/i600/x04_center_velocity_vector.png
(display "SHOT vx11")
/display/annotation/edit
text-0
text
"x=1.1 mm"
quit
/display/objects/create
vector
vx11
vector-field
velocity
field
velocity-magnitude
surfaces-list
yzp1100
()
vector-opt
in-plane?
yes
quit
skip
12
range-option
auto-range-on
global-range?
no
quit
annotations-list
1
text-0
quit
/display/objects/display
vx11
/display/views/camera/projection
orthographic
/display/views/camera/position
0.0811
0
0.003
/display/views/camera/target
0.0011
0
0.003
/display/views/camera/up-vector
0
0
1
/display/views/auto-scale
/display/views/camera/zoom-camera
0.72
/display/views/camera/roll-camera
-0.13
/display/save-picture
D:/agents2026/agents2026/agents/AIDCtms/coolingplate/design/cfd/uc01b_2.4x3.0lessmesh12cells/figs12cells/i600/x11_velocity_vector.png
(display "SHOT vx11c")
/display/annotation/edit
text-0
text
"x=1.1 mm center"
quit
/display/objects/create
vector
vx11c
vector-field
velocity
field
velocity-magnitude
surfaces-list
yzp1100c
()
vector-opt
in-plane?
yes
quit
skip
12
range-option
auto-range-on
global-range?
no
quit
annotations-list
1
text-0
quit
/display/objects/display
vx11c
/display/views/camera/projection
orthographic
/display/views/camera/position
0.0811
0
0.003
/display/views/camera/target
0.0011
0
0.003
/display/views/camera/up-vector
0
0
1
/display/views/auto-scale
/display/views/camera/zoom-camera
0.72
/display/views/camera/roll-camera
-0.13
/display/save-picture
D:/agents2026/agents2026/agents/AIDCtms/coolingplate/design/cfd/uc01b_2.4x3.0lessmesh12cells/figs12cells/i600/x11_center_velocity_vector.png
(display "VEC-BATCH-DONE")
