(display "VEC-SPARSE")
(display "SHOT vx0")
/display/annotation/edit
text-0
text
"x=0 mm"
quit
/display/objects/edit
vx0
vector-opt
fixed-length?
yes
quit
scale
auto-scale?
no
scale-f
0.0005
quit
skip
24
quit
/display/objects/display
f044v
/display/objects/add-to-graphics
vx0
/display/views/camera/projection
orthographic
/display/views/camera/position
0.08
0
0.003
/display/views/camera/target
0
0
0.003
/display/views/camera/up-vector
0
0
1
/display/views/auto-scale
/display/views/camera/zoom-camera
0.72
/display/views/camera/roll-camera
-0.13
/display/save-picture
D:/agents2026/agents2026/agents/AIDCtms/coolingplate/design/cfd/uc01b_2.4x3.0lessmesh12cells/figs12cells/i600/x0_velocity_vector.png
yes
(display "SHOT vx0c")
/display/annotation/edit
text-0
text
"x=0 mm center"
quit
/display/objects/edit
vx0c
vector-opt
fixed-length?
yes
quit
scale
auto-scale?
no
scale-f
0.0005
quit
skip
24
quit
/display/objects/display
f046v
/display/objects/add-to-graphics
vx0c
/display/views/camera/projection
orthographic
/display/views/camera/position
0.08
0
0.003
/display/views/camera/target
0
0
0.003
/display/views/camera/up-vector
0
0
1
/display/views/auto-scale
/display/views/camera/zoom-camera
0.72
/display/views/camera/roll-camera
-0.13
/display/save-picture
D:/agents2026/agents2026/agents/AIDCtms/coolingplate/design/cfd/uc01b_2.4x3.0lessmesh12cells/figs12cells/i600/x0_center_velocity_vector.png
yes
(display "SHOT vxm")
/display/annotation/edit
text-0
text
"x=0.566 mm"
quit
/display/objects/edit
vxm
vector-opt
fixed-length?
yes
quit
scale
auto-scale?
no
scale-f
0.0005
quit
skip
24
quit
/display/objects/display
f048v
/display/objects/add-to-graphics
vxm
/display/views/camera/projection
orthographic
/display/views/camera/position
0.080566
0
0.003
/display/views/camera/target
0.000566
0
0.003
/display/views/camera/up-vector
0
0
1
/display/views/auto-scale
/display/views/camera/zoom-camera
0.72
/display/views/camera/roll-camera
-0.13
/display/save-picture
D:/agents2026/agents2026/agents/AIDCtms/coolingplate/design/cfd/uc01b_2.4x3.0lessmesh12cells/figs12cells/i600/xmid_velocity_vector.png
yes
(display "SHOT vxmc")
/display/annotation/edit
text-0
text
"x=0.566 mm center"
quit
/display/objects/edit
vxmc
vector-opt
fixed-length?
yes
quit
scale
auto-scale?
no
scale-f
0.0005
quit
skip
24
quit
/display/objects/display
f050v
/display/objects/add-to-graphics
vxmc
/display/views/camera/projection
orthographic
/display/views/camera/position
0.080566
0
0.003
/display/views/camera/target
0.000566
0
0.003
/display/views/camera/up-vector
0
0
1
/display/views/auto-scale
/display/views/camera/zoom-camera
0.72
/display/views/camera/roll-camera
-0.13
/display/save-picture
D:/agents2026/agents2026/agents/AIDCtms/coolingplate/design/cfd/uc01b_2.4x3.0lessmesh12cells/figs12cells/i600/xmid_center_velocity_vector.png
yes
(display "SHOT vx13")
/display/annotation/edit
text-0
text
"x=1.3 mm"
quit
/display/objects/edit
vx13
vector-opt
fixed-length?
yes
quit
scale
auto-scale?
no
scale-f
0.0005
quit
skip
24
quit
/display/objects/display
f052v
/display/objects/add-to-graphics
vx13
/display/views/camera/projection
orthographic
/display/views/camera/position
0.0813
0
0.003
/display/views/camera/target
0.0013
0
0.003
/display/views/camera/up-vector
0
0
1
/display/views/auto-scale
/display/views/camera/zoom-camera
0.72
/display/views/camera/roll-camera
-0.13
/display/save-picture
D:/agents2026/agents2026/agents/AIDCtms/coolingplate/design/cfd/uc01b_2.4x3.0lessmesh12cells/figs12cells/i600/x13_velocity_vector.png
yes
(display "SHOT vx13c")
/display/annotation/edit
text-0
text
"x=1.3 mm center"
quit
/display/objects/edit
vx13c
vector-opt
fixed-length?
yes
quit
scale
auto-scale?
no
scale-f
0.0005
quit
skip
24
quit
/display/objects/display
f054v
/display/objects/add-to-graphics
vx13c
/display/views/camera/projection
orthographic
/display/views/camera/position
0.0813
0
0.003
/display/views/camera/target
0.0013
0
0.003
/display/views/camera/up-vector
0
0
1
/display/views/auto-scale
/display/views/camera/zoom-camera
0.72
/display/views/camera/roll-camera
-0.13
/display/save-picture
D:/agents2026/agents2026/agents/AIDCtms/coolingplate/design/cfd/uc01b_2.4x3.0lessmesh12cells/figs12cells/i600/x13_center_velocity_vector.png
yes
(display "SHOT vx04")
/display/annotation/edit
text-0
text
"x=0.4 mm"
quit
/display/objects/edit
vx04
vector-opt
fixed-length?
yes
quit
scale
auto-scale?
no
scale-f
0.0005
quit
skip
24
quit
/display/objects/display
f056v
/display/objects/add-to-graphics
vx04
/display/views/camera/projection
orthographic
/display/views/camera/position
0.0804
0
0.003
/display/views/camera/target
0.0004
0
0.003
/display/views/camera/up-vector
0
0
1
/display/views/auto-scale
/display/views/camera/zoom-camera
0.72
/display/views/camera/roll-camera
-0.13
/display/save-picture
D:/agents2026/agents2026/agents/AIDCtms/coolingplate/design/cfd/uc01b_2.4x3.0lessmesh12cells/figs12cells/i600/x04_velocity_vector.png
yes
(display "SHOT vx04c")
/display/annotation/edit
text-0
text
"x=0.4 mm center"
quit
/display/objects/edit
vx04c
vector-opt
fixed-length?
yes
quit
scale
auto-scale?
no
scale-f
0.0005
quit
skip
24
quit
/display/objects/display
f058v
/display/objects/add-to-graphics
vx04c
/display/views/camera/projection
orthographic
/display/views/camera/position
0.0804
0
0.003
/display/views/camera/target
0.0004
0
0.003
/display/views/camera/up-vector
0
0
1
/display/views/auto-scale
/display/views/camera/zoom-camera
0.72
/display/views/camera/roll-camera
-0.13
/display/save-picture
D:/agents2026/agents2026/agents/AIDCtms/coolingplate/design/cfd/uc01b_2.4x3.0lessmesh12cells/figs12cells/i600/x04_center_velocity_vector.png
yes
(display "SHOT vx11")
/display/annotation/edit
text-0
text
"x=1.1 mm"
quit
/display/objects/edit
vx11
vector-opt
fixed-length?
yes
quit
scale
auto-scale?
no
scale-f
0.0005
quit
skip
24
quit
/display/objects/display
f060v
/display/objects/add-to-graphics
vx11
/display/views/camera/projection
orthographic
/display/views/camera/position
0.0811
0
0.003
/display/views/camera/target
0.0011
0
0.003
/display/views/camera/up-vector
0
0
1
/display/views/auto-scale
/display/views/camera/zoom-camera
0.72
/display/views/camera/roll-camera
-0.13
/display/save-picture
D:/agents2026/agents2026/agents/AIDCtms/coolingplate/design/cfd/uc01b_2.4x3.0lessmesh12cells/figs12cells/i600/x11_velocity_vector.png
yes
(display "SHOT vx11c")
/display/annotation/edit
text-0
text
"x=1.1 mm center"
quit
/display/objects/edit
vx11c
vector-opt
fixed-length?
yes
quit
scale
auto-scale?
no
scale-f
0.0005
quit
skip
24
quit
/display/objects/display
f062v
/display/objects/add-to-graphics
vx11c
/display/views/camera/projection
orthographic
/display/views/camera/position
0.0811
0
0.003
/display/views/camera/target
0.0011
0
0.003
/display/views/camera/up-vector
0
0
1
/display/views/auto-scale
/display/views/camera/zoom-camera
0.72
/display/views/camera/roll-camera
-0.13
/display/save-picture
D:/agents2026/agents2026/agents/AIDCtms/coolingplate/design/cfd/uc01b_2.4x3.0lessmesh12cells/figs12cells/i600/x11_center_velocity_vector.png
yes
(display "VEC-SPARSE-DONE")
