/display/objects/display
yslott
/display/views/camera/projection
orthographic
/display/views/camera/position
0
0.0512
0.003
/display/views/camera/target
0
0.0012
0.003
/display/views/camera/up-vector
0
0
1
/display/views/auto-scale
/display/views/camera/zoom-camera
0.72
/display/views/camera/roll-camera
-0.13
/display/save-picture
D:/agents2026/agents2026/agents/AIDCtms/coolingplate/design/cfd/uc01b_2.4x3.0lessmesh12cells/figs12cells/fluent_native/verify_y_T.png
/display/objects/create
contour
z0v
field
velocity-magnitude
surfaces-list
p-z0
()
quit
/display/objects/display
z0v
/display/views/camera/projection
orthographic
/display/views/camera/position
0
0
0.05
/display/views/camera/target
0
0
0
/display/views/camera/up-vector
-1
0
0
/display/views/auto-scale
/display/views/camera/zoom-camera
0.72
/display/views/camera/roll-camera
-0.13
/display/save-picture
D:/agents2026/agents2026/agents/AIDCtms/coolingplate/design/cfd/uc01b_2.4x3.0lessmesh12cells/figs12cells/fluent_native/verify_z0_V.png
(display "VERIFY-REST2-DONE")
