; Verify object creation and the other two camera orientations.
/surface/plane-surface p-z0 xy 0
/display/objects/create
contour
z0t
field
temperature
surfaces-list
p-z0
()
quit
/display/objects/display
z0t
/display/views/camera/projection
orthographic
/display/views/camera/position
0
0
0.05
/display/views/camera/target
0
0
0
/display/views/camera/up-vector
-1
0
0
/display/views/auto-scale
/display/views/camera/zoom-camera
0.72
/display/views/camera/roll-camera
-0.13
/display/save-picture
D:/agents2026/agents2026/agents/AIDCtms/coolingplate/design/cfd/uc01b_2.4x3.0lessmesh12cells/figs12cells/fluent_native/verify_z0_T.png
/display/objects/create
contour
yslotT
field
temperature
surfaces-list
slot-y
()
quit
/display/objects/display
yslotT
/display/views/camera/projection
orthographic
/display/views/camera/position
0
0.0512
0.003
/display/views/camera/target
0
0.0012
0.003
/display/views/camera/up-vector
0
0
1
/display/views/auto-scale
/display/views/camera/zoom-camera
0.72
/display/views/camera/roll-camera
-0.13
/display/save-picture
D:/agents2026/agents2026/agents/AIDCtms/coolingplate/design/cfd/uc01b_2.4x3.0lessmesh12cells/figs12cells/fluent_native/verify_y_T.png
(display "VERIFY-PLANES-DONE")
