(display "ZCU-LAYER")
/surface/plane-surface zcu1 xy -0.00198
/surface/iso-clip
y-coordinate
zcu1c
zcu1
0
0.0024
/display/set/picture/use-window-resolution?
no
/display/set/picture/x-resolution
4800
/display/set/picture/y-resolution
720
/display/annotation/edit
text-0
text
"z=-1.98 mm"
quit
/display/objects/create
contour
zcu1t
field
temperature
surfaces-list
zcu1
()
coloring
smooth
node-values?
yes
range-option
auto-range-on
global-range?
no
quit
annotations-list
1
text-0
quit
/display/objects/display
zcu1t
/display/views/camera/projection
orthographic
/display/views/camera/position
0
0
0.04802
/display/views/camera/target
0
0
-0.00198
/display/views/camera/up-vector
-1
0
0
/display/views/auto-scale
/display/views/camera/zoom-camera
0.72
/display/views/camera/roll-camera
-0.13
/display/save-picture
D:/agents2026/agents2026/agents/AIDCtms/coolingplate/design/cfd/uc01b_2.4x3.0lessmesh12cells/figs12cells/i600/ztimcu_temperature.png
yes
/display/set/picture/use-window-resolution?
no
/display/set/picture/x-resolution
1600
/display/set/picture/y-resolution
1400
/display/annotation/edit
text-0
text
"z=-1.98 mm center"
quit
/display/objects/create
contour
zcu1ct
field
temperature
surfaces-list
zcu1c
()
coloring
smooth
node-values?
yes
range-option
auto-range-on
global-range?
no
quit
annotations-list
1
text-0
quit
/display/objects/display
zcu1ct
/display/views/camera/projection
orthographic
/display/views/camera/position
0
0
0.04802
/display/views/camera/target
0
0
-0.00198
/display/views/camera/up-vector
-1
0
0
/display/views/auto-scale
/display/views/camera/zoom-camera
0.72
/display/views/camera/roll-camera
-0.13
/display/save-picture
D:/agents2026/agents2026/agents/AIDCtms/coolingplate/design/cfd/uc01b_2.4x3.0lessmesh12cells/figs12cells/i600/ztimcu_center_temperature.png
yes
/display/set/picture/use-window-resolution?
no
/display/set/picture/x-resolution
2400
/display/set/picture/y-resolution
720
(display "ZCU-LAYER-DONE")
