(display "ZM002")
/display/set/picture/use-window-resolution?
no
/display/set/picture/x-resolution
2400
/display/set/picture/y-resolution
720
/surface/plane-surface zm002 xy -2e-05
/surface/iso-clip
y-coordinate
zm002c
zm002
0
0.0024
/display/annotation/edit
text-0
text
"z=-0.02 mm"
quit
/display/objects/create
contour
zm002t
field
temperature
surfaces-list
zm002
()
coloring
smooth
node-values?
yes
range-option
auto-range-on
global-range?
no
quit
annotations-list
1
text-0
quit
/display/objects/display
zm002t
/display/views/camera/projection
orthographic
/display/views/camera/position
0
0
0.04998
/display/views/camera/target
0
0
-2e-05
/display/views/camera/up-vector
-1
0
0
/display/views/auto-scale
/display/views/camera/zoom-camera
0.72
/display/views/camera/roll-camera
-0.13
/display/save-picture
D:/agents2026/agents2026/agents/AIDCtms/coolingplate/design/cfd/uc01b_2.4x3.0lessmesh12cells/figs12cells/i600/zm002_temperature.png
/display/annotation/edit
text-0
text
"z=-0.02 mm center"
quit
/display/objects/create
contour
zm002ct
field
temperature
surfaces-list
zm002c
()
coloring
smooth
node-values?
yes
range-option
auto-range-on
global-range?
no
quit
annotations-list
1
text-0
quit
/display/objects/display
zm002ct
/display/views/camera/projection
orthographic
/display/views/camera/position
0
0
0.04998
/display/views/camera/target
0
0
-2e-05
/display/views/camera/up-vector
-1
0
0
/display/views/auto-scale
/display/views/camera/zoom-camera
0.72
/display/views/camera/roll-camera
-0.13
/display/save-picture
D:/agents2026/agents2026/agents/AIDCtms/coolingplate/design/cfd/uc01b_2.4x3.0lessmesh12cells/figs12cells/i600/zm002_center_temperature.png
(display "ZM002-DONE")
