; m425: latest mesh 4259680 HEXA. Fresh init. Do not continue the old bc216 field.
; inlet_jet is ONE hole: mass-flow 1.225e-4 kg/s. wall_heat flux 579282 W/m2.
; No set-batch-options (exit-on-error would close the GUI on a TUI mismatch).
/file/confirm-overwrite yes
/file/start-transcript "D:/agents2026/agents2026/agents/AIDCtms/coolingplate/design/cfd/uc01b_2.4x3.0lessmesh/logs/fluent_cht_less_m425_gpu.log"
/file/read-case "D:/agents2026/agents2026/agents/AIDCtms/coolingplate/design/cfd/uc01b_2.4x3.0lessmesh/mesh/uc01b_cht_less.msh"
/mesh/check
/define/boundary-conditions/list-zones
/define/boundary-conditions/zone-type return_slot:015 wall
/define/models/energy yes
no
no
no
no
/define/models/viscous/kw-sst yes
/define/materials/copy fluid water-liquid
/define/materials/copy solid copper
/define/materials/change-create
water-liquid
water-liquid
yes
constant
992.2
yes
constant
4179
yes
constant
0.631
yes
constant
6.53e-4
no
no
no
/define/materials/change-create
copper
copper
yes
constant
8960
yes
constant
385
yes
constant
390
/define/materials/change-create
aluminum
tim2
yes
constant
2800
yes
constant
1000
yes
constant
8.818342
yes
/define/boundary-conditions/fluid
fluid
yes
water-liquid
no
no
no
no
0
no
0
no
0
no
0
no
0
no
1
no
no
no
no
no
/define/boundary-conditions/solid
solid_cu
yes
copper
no
no
no
no
0
no
0
no
0
no
0
no
0
no
1
no
no
no
/define/boundary-conditions/solid
solid_tim2
yes
tim2
no
no
no
no
0
no
0
no
0
no
0
no
0
no
1
no
no
no
/define/boundary-conditions/zone-type inlet_jet mass-flow-inlet
/define/boundary-conditions/zone-type return_slot pressure-outlet
/define/boundary-conditions/zone-type SYM symmetry
/define/boundary-conditions/set/mass-flow-inlet inlet_jet () mass-flow no 1.225e-4 t no 313.15 q
/define/boundary-conditions/set/pressure-outlet return_slot () t no 313.15 q
/define/boundary-conditions/wall
wall_heat
no
0
no
0
no
yes
heat-flux
no
579282
no
no
1
/report/reference-values/temperature 313.15
/define/operating-conditions/operating-pressure 101325
; --- solver: coupled + pseudo-transient ---
/solve/set/p-v-coupling 24
/solve/set/pseudo-transient yes
yes
1
1
0
yes
1
/solve/set/discretization-scheme/pressure 10
/solve/set/discretization-scheme/mom 0
/solve/set/discretization-scheme/k 0
/solve/set/discretization-scheme/omega 0
/solve/set/discretization-scheme/temperature 0
/solve/monitors/residual/print? yes
/solve/monitors/residual/plot? yes
/solve/monitors/residual/criterion-type 0
/solve/monitors/residual/check-convergence? no
no
no
no
no
no
no
/solve/initialize/set-defaults/temperature 313.15
/solve/initialize/hyb-initialization
; startup first-order, no early stop
/solve/iterate 300
; second-order + required residual criteria
/solve/set/discretization-scheme/pressure 12
/solve/set/discretization-scheme/mom 1
/solve/set/discretization-scheme/k 1
/solve/set/discretization-scheme/omega 1
/solve/set/discretization-scheme/temperature 1
/solve/monitors/residual/check-convergence? yes
yes
yes
yes
yes
yes
yes
/solve/monitors/residual/convergence-criteria
1e-4
1e-4
1e-4
1e-4
1e-6
1e-3
1e-3
/solve/iterate 4000
/file/write-case-data "D:/agents2026/agents2026/agents/AIDCtms/coolingplate/design/cfd/uc01b_2.4x3.0lessmesh/fluent/uc01b_cht_less_m425_bc216"
/define/boundary-conditions/list-zones
/report/surface-integrals/area-weighted-avg inlet_jet () temperature no
/report/surface-integrals/area-weighted-avg return_slot () temperature no
/report/surface-integrals/area-weighted-avg wall_heat () temperature no
/report/surface-integrals/area-weighted-avg wall_heat () heat-flux no
/report/surface-integrals/area-weighted-avg wall_cu_fluid () temperature no
/report/surface-integrals/area-weighted-avg wall_tim_cu () temperature no
/report/surface-integrals/area-weighted-avg inlet_jet () pressure no
/report/surface-integrals/area-weighted-avg return_slot () pressure no
; do not use /report/fluxes/mass-flow yes inlet_jet  (prompt expects y/n)
/file/stop-transcript
; GUI stays open. No /exit.
