Transcript Start Time:  23:43:49, 25 Sep 2026 中国标准时间 
Current Directory: "D:\agents2026\agents2026\agents\AIDCtms\coolingplate\design\cfd\uc01b_2.4x3.0lessmesh12cells"

Build Time: Feb  2 2026 16:22:05 EST  Build Id: 10262 
Executable Path: E:/cae/programfiles/Ansys2026/ANSYS Inc261/v261/fluent/ntbin/win64/fluent.exe

------------------------------------------------------------------------------------
ID    Hostname         Core  O.S.         PID    CPU Model Name                    
------------------------------------------------------------------------------------
n3    DESKTOP-JHEHF28  4/32  Windows-x64  44884  Intel(R) Core(TM) i9-14900KF      
n2    DESKTOP-JHEHF28  3/32  Windows-x64  32660  Intel(R) Core(TM) i9-14900KF      
n1    DESKTOP-JHEHF28  2/32  Windows-x64  44368  Intel(R) Core(TM) i9-14900KF      
n0*   DESKTOP-JHEHF28  1/32  Windows-x64  35008  Intel(R) Core(TM) i9-14900KF      
host  DESKTOP-JHEHF28        Windows-x64  44728  Intel(R) Core(TM) i9-14900KF      

MPI Option Selected: intel
Selected system interconnect: default
------------------------------------------------------------------------------------

Cortex Process ID: 46092 
License Server Path: 1055@localhost 


> /file/read-case "D:/agents2026/agents2026/agents/AIDCtms/coolingplate/design/cfd/uc01b_2.4x3.0lessmesh12cells/mesh/uc01b_cht_less_12y.msh"
Reading "D:/agents2026/agents2026/agents/AIDCtms/coolingplate/design/cfd/uc01b_2.4x3.0lessmesh12cells/mesh/uc01b_cht_less_12y.msh"...

Buffering for file scan...

28410606 nodes.
12679440 hexahedral cells, zone  2.
14441328 hexahedral cells, zone  3.
  884736 hexahedral cells, zone  4.
82535208 quadrilateral interior faces, zone  5.
    3724 quadrilateral velocity-inlet faces, zone  6.
    3724 quadrilateral velocity-inlet faces, zone  7.
    3724 quadrilateral velocity-inlet faces, zone  8.
    3724 quadrilateral velocity-inlet faces, zone  9.
    3724 quadrilateral velocity-inlet faces, zone 10.
    3724 quadrilateral velocity-inlet faces, zone 11.
    3724 quadrilateral velocity-inlet faces, zone 12.
    3724 quadrilateral velocity-inlet faces, zone 13.
    3724 quadrilateral velocity-inlet faces, zone 14.
    3724 quadrilateral velocity-inlet faces, zone 15.
    3724 quadrilateral velocity-inlet faces, zone 16.
    3724 quadrilateral velocity-inlet faces, zone 17.
    5292 quadrilateral interface faces, zone 18.
    5292 quadrilateral interface faces, zone 19.
   10196 quadrilateral interface faces, zone 20.
   10196 quadrilateral interface faces, zone 21.
     512 quadrilateral interface faces, zone 22.
     512 quadrilateral interface faces, zone 23.
    5292 quadrilateral interface faces, zone 24.
    5292 quadrilateral interface faces, zone 25.
   10196 quadrilateral interface faces, zone 26.
   10196 quadrilateral interface faces, zone 27.
     512 quadrilateral interface faces, zone 28.
     512 quadrilateral interface faces, zone 29.
    5292 quadrilateral interface faces, zone 30.
    5292 quadrilateral interface faces, zone 31.
   10196 quadrilateral interface faces, zone 32.
   10196 quadrilateral interface faces, zone 33.
     512 quadrilateral interface faces, zone 34.
     512 quadrilateral interface faces, zone 35.
    5292 quadrilateral interface faces, zone 36.
    5292 quadrilateral interface faces, zone 37.
   10196 quadrilateral interface faces, zone 38.
   10196 quadrilateral interface faces, zone 39.
     512 quadrilateral interface faces, zone 40.
     512 quadrilateral interface faces, zone 41.
    5292 quadrilateral interface faces, zone 42.
    5292 quadrilateral interface faces, zone 43.
   10196 quadrilateral interface faces, zone 44.
   10196 quadrilateral interface faces, zone 45.
     512 quadrilateral interface faces, zone 46.
     512 quadrilateral interface faces, zone 47.
    5292 quadrilateral interface faces, zone 48.
    5292 quadrilateral interface faces, zone 49.
   10196 quadrilateral interface faces, zone 50.
   10196 quadrilateral interface faces, zone 51.
     512 quadrilateral interface faces, zone 52.
     512 quadrilateral interface faces, zone 53.
    5292 quadrilateral interface faces, zone 54.
    5292 quadrilateral interface faces, zone 55.
   10196 quadrilateral interface faces, zone 56.
   10196 quadrilateral interface faces, zone 57.
     512 quadrilateral interface faces, zone 58.
     512 quadrilateral interface faces, zone 59.
    5292 quadrilateral interface faces, zone 60.
    5292 quadrilateral interface faces, zone 61.
   10196 quadrilateral interface faces, zone 62.
   10196 quadrilateral interface faces, zone 63.
     512 quadrilateral interface faces, zone 64.
     512 quadrilateral interface faces, zone 65.
    5292 quadrilateral interface faces, zone 66.
    5292 quadrilateral interface faces, zone 67.
   10196 quadrilateral interface faces, zone 68.
   10196 quadrilateral interface faces, zone 69.
     512 quadrilateral interface faces, zone 70.
     512 quadrilateral interface faces, zone 71.
    5292 quadrilateral interface faces, zone 72.
    5292 quadrilateral interface faces, zone 73.
   10196 quadrilateral interface faces, zone 74.
   10196 quadrilateral interface faces, zone 75.
     512 quadrilateral interface faces, zone 76.
     512 quadrilateral interface faces, zone 77.
    5292 quadrilateral interface faces, zone 78.
    5292 quadrilateral interface faces, zone 79.
   10196 quadrilateral interface faces, zone 80.
   10196 quadrilateral interface faces, zone 81.
     512 quadrilateral interface faces, zone 82.
     512 quadrilateral interface faces, zone 83.
  176496 quadrilateral pressure-outlet faces, zone 84.
    5292 quadrilateral pressure-outlet faces, zone 85.
    5292 quadrilateral pressure-outlet faces, zone 86.
  221184 quadrilateral wall faces, zone 87.
   14592 quadrilateral wall faces, zone 88.
  680640 quadrilateral wall faces, zone 89.
  221184 quadrilateral wall faces, zone 90.
   10708 quadrilateral wall faces, zone 91.
   10708 quadrilateral wall faces, zone 92.
  318000 quadrilateral symmetry faces, zone 93.

Building...
     mesh
	auto partitioning mesh by Metis (fast),
	distributing mesh
		parts....,
      interior -> interior (5) and interior:094 (94)
      interior -> interior (5) and interior:095 (95)
      return_slot -> return_slot (84) and return_slot:096 (96)
      wall_y_front -> wall_y_front (91) and wall_y_front:097 (97)
      wall_y_back -> wall_y_back (92) and wall_y_back:098 (98)
      sym -> sym (93) and sym:099 (99)
      sym -> sym (93) and sym:100 (100)
		faces....,
Note: Separating interior zone 5 into zones 5 and 94. 
Note: Separating interior zone 5 into zones 5 and 95. 
Note: Separating pressure-outlet zone 84 into zones 84 and 96. 
Note: Separating wall zone 91 into zones 91 and 97. 
Note: Separating wall zone 92 into zones 92 and 98. 
Note: Separating symmetry zone 93 into zones 93 and 99. 
Note: Separating symmetry zone 93 into zones 93 and 100. 
		nodes....,
		cells....,
        bandwidth reduction using Reverse Cuthill-McKee: 957662/9820 = 97.5216
     materials,
     interface,
     domains,
     zones,
	wall_cu_fluid-shadow
	wall_tim_cu-shadow
	sym:100
	sym:099
	wall_y_back:098
	wall_y_front:097
	return_slot:096
	interior:095
	interior:094
	sym
	wall_y_back
	wall_y_front
	wall_tim_cu
	wall_cu_fluid
	wall_orifice
	wall_heat
	outlet_y_back
	outlet_y_front
	return_slot
	itm_11b
	itm_11a
	icu_11b
	icu_11a
	ifl_11b
	ifl_11a
	itm_10b
	itm_10a
	icu_10b
	icu_10a
	ifl_10b
	ifl_10a
	itm_09b
	itm_09a
	icu_09b
	icu_09a
	ifl_09b
	ifl_09a
	itm_08b
	itm_08a
	icu_08b
	icu_08a
	ifl_08b
	ifl_08a
	itm_07b
	itm_07a
	icu_07b
	icu_07a
	ifl_07b
	ifl_07a
	itm_06b
	itm_06a
	icu_06b
	icu_06a
	ifl_06b
	ifl_06a
	itm_05b
	itm_05a
	icu_05b
	icu_05a
	ifl_05b
	ifl_05a
	itm_04b
	itm_04a
	icu_04b
	icu_04a
	ifl_04b
	ifl_04a
	itm_03b
	itm_03a
	icu_03b
	icu_03a
	ifl_03b
	ifl_03a
	itm_02b
	itm_02a
	icu_02b
	icu_02a
	ifl_02b
	ifl_02a
	itm_01b
	itm_01a
	icu_01b
	icu_01a
	ifl_01b
	ifl_01a
	inlet_jet_12
	inlet_jet_11
	inlet_jet_10
	inlet_jet_09
	inlet_jet_08
	inlet_jet_07
	inlet_jet_06
	inlet_jet_05
	inlet_jet_04
	inlet_jet_03
	inlet_jet_02
	inlet_jet_01
	interior
	solid_tim2
	solid_cu
	fluid
Warning: Flow boundary zone (return_slot:096) is adjacent to a solid zone (solid_cu). 
 This problem MUST be fixed before 
         solution can proceed!

     parallel,
Warning: Flow boundary zone (return_slot:096) is adjacent to a solid zone (solid_cu). 
 This problem MUST be fixed before 
         solution can proceed!

Warning: Flow boundary zone (return_slot:096) is adjacent to a solid zone (solid_cu). 
 This problem MUST be fixed before 
         solution can proceed!

Done.

Preparing mesh for display...
Done.


> /mesh/check

 Domain Extents:
   x-coordinate: min (m) = -1.500000e-03, max (m) = 1.500000e-03
   y-coordinate: min (m) = -1.440000e-02, max (m) = 1.440000e-02
   z-coordinate: min (m) = -2.080000e-03, max (m) = 8.000000e-03
 Volume statistics:
   minimum volume (m3): 1.142093e-17
   maximum volume (m3): 1.121492e-12
     total volume (m3): 7.011271e-07
 Face area statistics:
   minimum face area (m2): 2.846120e-12
   maximum face area (m2): 1.337415e-08
 Checking mesh............................
WARNING: Unassigned interface zone detected for interface ifl_01a
WARNING: Unassigned interface zone detected for interface ifl_01b
WARNING: Unassigned interface zone detected for interface icu_01a
WARNING: Unassigned interface zone detected for interface icu_01b
WARNING: Unassigned interface zone detected for interface itm_01a
WARNING: Unassigned interface zone detected for interface itm_01b
WARNING: Unassigned interface zone detected for interface ifl_02a
WARNING: Unassigned interface zone detected for interface ifl_02b
WARNING: Unassigned interface zone detected for interface icu_02a
WARNING: Unassigned interface zone detected for interface icu_02b
WARNING: Unassigned interface zone detected for interface itm_02a
WARNING: Unassigned interface zone detected for interface itm_02b
WARNING: Unassigned interface zone detected for interface ifl_03a
WARNING: Unassigned interface zone detected for interface ifl_03b
WARNING: Unassigned interface zone detected for interface icu_03a
WARNING: Unassigned interface zone detected for interface icu_03b
WARNING: Unassigned interface zone detected for interface itm_03a
WARNING: Unassigned interface zone detected for interface itm_03b
WARNING: Unassigned interface zone detected for interface ifl_04a
WARNING: Unassigned interface zone detected for interface ifl_04b
WARNING: Unassigned interface zone detected for interface icu_04a
WARNING: Unassigned interface zone detected for interface icu_04b
WARNING: Unassigned interface zone detected for interface itm_04a
WARNING: Unassigned interface zone detected for interface itm_04b
WARNING: Unassigned interface zone detected for interface ifl_05a
WARNING: Unassigned interface zone detected for interface ifl_05b
WARNING: Unassigned interface zone detected for interface icu_05a
WARNING: Unassigned interface zone detected for interface icu_05b
WARNING: Unassigned interface zone detected for interface itm_05a
WARNING: Unassigned interface zone detected for interface itm_05b
WARNING: Unassigned interface zone detected for interface ifl_06a
WARNING: Unassigned interface zone detected for interface ifl_06b
WARNING: Unassigned interface zone detected for interface icu_06a
WARNING: Unassigned interface zone detected for interface icu_06b
WARNING: Unassigned interface zone detected for interface itm_06a
WARNING: Unassigned interface zone detected for interface itm_06b
WARNING: Unassigned interface zone detected for interface ifl_07a
WARNING: Unassigned interface zone detected for interface ifl_07b
WARNING: Unassigned interface zone detected for interface icu_07a
WARNING: Unassigned interface zone detected for interface icu_07b
WARNING: Unassigned interface zone detected for interface itm_07a
WARNING: Unassigned interface zone detected for interface itm_07b
WARNING: Unassigned interface zone detected for interface ifl_08a
WARNING: Unassigned interface zone detected for interface ifl_08b
WARNING: Unassigned interface zone detected for interface icu_08a
WARNING: Unassigned interface zone detected for interface icu_08b
WARNING: Unassigned interface zone detected for interface itm_08a
WARNING: Unassigned interface zone detected for interface itm_08b
WARNING: Unassigned interface zone detected for interface ifl_09a
WARNING: Unassigned interface zone detected for interface ifl_09b
WARNING: Unassigned interface zone detected for interface icu_09a
WARNING: Unassigned interface zone detected for interface icu_09b
WARNING: Unassigned interface zone detected for interface itm_09a
WARNING: Unassigned interface zone detected for interface itm_09b
WARNING: Unassigned interface zone detected for interface ifl_10a
WARNING: Unassigned interface zone detected for interface ifl_10b
WARNING: Unassigned interface zone detected for interface icu_10a
WARNING: Unassigned interface zone detected for interface icu_10b
WARNING: Unassigned interface zone detected for interface itm_10a
WARNING: Unassigned interface zone detected for interface itm_10b
WARNING: Unassigned interface zone detected for interface ifl_11a
WARNING: Unassigned interface zone detected for interface ifl_11b
WARNING: Unassigned interface zone detected for interface icu_11a
WARNING: Unassigned interface zone detected for interface icu_11b
WARNING: Unassigned interface zone detected for interface itm_11a
WARNING: Unassigned interface zone detected for interface itm_11b..............
 Done.

WARNING: Mesh check failed.

To get more detailed information about the mesh check failure
increase the mesh check verbosity via the text command:
/mesh/check-verbosity

> /define/boundary-conditions/list-zones
  id  name                       type                adj-zone-material     wall-material         kind
----  -------------------------  ------------------  --------------------  --------------------  ----
   2  fluid                      fluid               air                                         cell
   3  solid_cu                   solid               aluminum                                    cell
   4  solid_tim2                 solid               aluminum                                    cell
   5  interior                   interior                                                        face
   6  inlet_jet_01               mass-flow-inlet                                                 face
   7  inlet_jet_02               mass-flow-inlet                                                 face
   8  inlet_jet_03               mass-flow-inlet                                                 face
   9  inlet_jet_04               mass-flow-inlet                                                 face
  10  inlet_jet_05               mass-flow-inlet                                                 face
  11  inlet_jet_06               mass-flow-inlet                                                 face
  12  inlet_jet_07               mass-flow-inlet                                                 face
  13  inlet_jet_08               mass-flow-inlet                                                 face
  14  inlet_jet_09               mass-flow-inlet                                                 face
  15  inlet_jet_10               mass-flow-inlet                                                 face
  16  inlet_jet_11               mass-flow-inlet                                                 face
  17  inlet_jet_12               mass-flow-inlet                                                 face
  18  ifl_01a                    interface                                                       face
  19  ifl_01b                    interface                                                       face
  20  icu_01a                    interface                                                       face
  21  icu_01b                    interface                                                       face
  22  itm_01a                    interface                                                       face
  23  itm_01b                    interface                                                       face
  24  ifl_02a                    interface                                                       face
  25  ifl_02b                    interface                                                       face
  26  icu_02a                    interface                                                       face
  27  icu_02b                    interface                                                       face
  28  itm_02a                    interface                                                       face
  29  itm_02b                    interface                                                       face
  30  ifl_03a                    interface                                                       face
  31  ifl_03b                    interface                                                       face
  32  icu_03a                    interface                                                       face
  33  icu_03b                    interface                                                       face
  34  itm_03a                    interface                                                       face
  35  itm_03b                    interface                                                       face
  36  ifl_04a                    interface                                                       face
  37  ifl_04b                    interface                                                       face
  38  icu_04a                    interface                                                       face
  39  icu_04b                    interface                                                       face
  40  itm_04a                    interface                                                       face
  41  itm_04b                    interface                                                       face
  42  ifl_05a                    interface                                                       face
  43  ifl_05b                    interface                                                       face
  44  icu_05a                    interface                                                       face
  45  icu_05b                    interface                                                       face
  46  itm_05a                    interface                                                       face
  47  itm_05b                    interface                                                       face
  48  ifl_06a                    interface                                                       face
  49  ifl_06b                    interface                                                       face
  50  icu_06a                    interface                                                       face
  51  icu_06b                    interface                                                       face
  52  itm_06a                    interface                                                       face
  53  itm_06b                    interface                                                       face
  54  ifl_07a                    interface                                                       face
  55  ifl_07b                    interface                                                       face
  56  icu_07a                    interface                                                       face
  57  icu_07b                    interface                                                       face
  58  itm_07a                    interface                                                       face
  59  itm_07b                    interface                                                       face
  60  ifl_08a                    interface                                                       face
  61  ifl_08b                    interface                                                       face
  62  icu_08a                    interface                                                       face
  63  icu_08b                    interface                                                       face
  64  itm_08a                    interface                                                       face
  65  itm_08b                    interface                                                       face
  66  ifl_09a                    interface                                                       face
  67  ifl_09b                    interface                                                       face
  68  icu_09a                    interface                                                       face
  69  icu_09b                    interface                                                       face
  70  itm_09a                    interface                                                       face
  71  itm_09b                    interface                                                       face
  72  ifl_10a                    interface                                                       face
  73  ifl_10b                    interface                                                       face
  74  icu_10a                    interface                                                       face
  75  icu_10b                    interface                                                       face
  76  itm_10a                    interface                                                       face
  77  itm_10b                    interface                                                       face
  78  ifl_11a                    interface                                                       face
  79  ifl_11b                    interface                                                       face
  80  icu_11a                    interface                                                       face
  81  icu_11b                    interface                                                       face
  82  itm_11a                    interface                                                       face
  83  itm_11b                    interface                                                       face
  84  return_slot                pressure-outlet                                                 face
  85  outlet_y_front             pressure-outlet                                                 face
  86  outlet_y_back              pressure-outlet                                                 face
  87  wall_heat                  wall                aluminum              aluminum              face
  88  wall_orifice               wall                air                   aluminum              face
  89  wall_cu_fluid              wall                air                   aluminum              face
  90  wall_tim_cu                wall                aluminum              aluminum              face
  91  wall_y_front               wall                aluminum              aluminum              face
  92  wall_y_back                wall                aluminum              aluminum              face
  93  sym                        symmetry                                                        face
  94  interior:094               interior                                                        face
  95  interior:095               interior                                                        face
  96  return_slot:096            pressure-outlet                                                 face
  97  wall_y_front:097           wall                aluminum              aluminum              face
  98  wall_y_back:098            wall                aluminum              aluminum              face
  99  sym:099                    symmetry                                                        face
 100  sym:100                    symmetry                                                        face
 101  wall_tim_cu-shadow         wall                aluminum              aluminum              face
 102  wall_cu_fluid-shadow       wall                aluminum              aluminum              face

> /define/boundary-conditions/zone-type interior interior

> /define/boundary-conditions/zone-type inlet_jet_01 mass-flow-inlet

> /define/boundary-conditions/zone-type inlet_jet_02 mass-flow-inlet

> /define/boundary-conditions/zone-type inlet_jet_03 mass-flow-inlet

> /define/boundary-conditions/zone-type inlet_jet_04 mass-flow-inlet

> /define/boundary-conditions/zone-type inlet_jet_05 mass-flow-inlet

> /define/boundary-conditions/zone-type inlet_jet_06 mass-flow-inlet

> /define/boundary-conditions/zone-type inlet_jet_07 mass-flow-inlet

> /define/boundary-conditions/zone-type inlet_jet_08 mass-flow-inlet

> /define/boundary-conditions/zone-type inlet_jet_09 mass-flow-inlet

> /define/boundary-conditions/zone-type inlet_jet_10 mass-flow-inlet

> /define/boundary-conditions/zone-type inlet_jet_11 mass-flow-inlet

> /define/boundary-conditions/zone-type inlet_jet_12 mass-flow-inlet

> /define/boundary-conditions/zone-type return_slot wall

> /define/boundary-conditions/zone-type outlet_y_front pressure-outlet

> /define/boundary-conditions/zone-type outlet_y_back pressure-outlet

> /define/boundary-conditions/zone-type wall_y_front wall

> /define/boundary-conditions/zone-type wall_y_back wall

> /define/boundary-conditions/zone-type SYM symmetry

> /define/boundary-conditions/zone-type ifl_01a interface

> /define/boundary-conditions/zone-type ifl_01b interface

> /define/boundary-conditions/zone-type icu_01a interface

> /define/boundary-conditions/zone-type icu_01b interface

> /define/boundary-conditions/zone-type itm_01a interface

> /define/boundary-conditions/zone-type itm_01b interface

> /define/boundary-conditions/zone-type ifl_02a interface

> /define/boundary-conditions/zone-type ifl_02b interface

> /define/boundary-conditions/zone-type icu_02a interface

> /define/boundary-conditions/zone-type icu_02b interface

> /define/boundary-conditions/zone-type itm_02a interface

> /define/boundary-conditions/zone-type itm_02b interface

> /define/boundary-conditions/zone-type ifl_03a interface

> /define/boundary-conditions/zone-type ifl_03b interface

> /define/boundary-conditions/zone-type icu_03a interface

> /define/boundary-conditions/zone-type icu_03b interface

> /define/boundary-conditions/zone-type itm_03a interface

> /define/boundary-conditions/zone-type itm_03b interface

> /define/boundary-conditions/zone-type ifl_04a interface

> /define/boundary-conditions/zone-type ifl_04b interface

> /define/boundary-conditions/zone-type icu_04a interface

> /define/boundary-conditions/zone-type icu_04b interface

> /define/boundary-conditions/zone-type itm_04a interface

> /define/boundary-conditions/zone-type itm_04b interface

> /define/boundary-conditions/zone-type ifl_05a interface

> /define/boundary-conditions/zone-type ifl_05b interface

> /define/boundary-conditions/zone-type icu_05a interface

> /define/boundary-conditions/zone-type icu_05b interface

> /define/boundary-conditions/zone-type itm_05a interface

> /define/boundary-conditions/zone-type itm_05b interface

> /define/boundary-conditions/zone-type ifl_06a interface

> /define/boundary-conditions/zone-type ifl_06b interface

> /define/boundary-conditions/zone-type icu_06a interface

> /define/boundary-conditions/zone-type icu_06b interface

> /define/boundary-conditions/zone-type itm_06a interface

> /define/boundary-conditions/zone-type itm_06b interface

> /define/boundary-conditions/zone-type ifl_07a interface

> /define/boundary-conditions/zone-type ifl_07b interface

> /define/boundary-conditions/zone-type icu_07a interface

> /define/boundary-conditions/zone-type icu_07b interface

> /define/boundary-conditions/zone-type itm_07a interface

> /define/boundary-conditions/zone-type itm_07b interface

> /define/boundary-conditions/zone-type ifl_08a interface

> /define/boundary-conditions/zone-type ifl_08b interface

> /define/boundary-conditions/zone-type icu_08a interface

> /define/boundary-conditions/zone-type icu_08b interface

> /define/boundary-conditions/zone-type itm_08a interface

> /define/boundary-conditions/zone-type itm_08b interface

> /define/boundary-conditions/zone-type ifl_09a interface

> /define/boundary-conditions/zone-type ifl_09b interface

> /define/boundary-conditions/zone-type icu_09a interface

> /define/boundary-conditions/zone-type icu_09b interface

> /define/boundary-conditions/zone-type itm_09a interface

> /define/boundary-conditions/zone-type itm_09b interface

> /define/boundary-conditions/zone-type ifl_10a interface

> /define/boundary-conditions/zone-type ifl_10b interface

> /define/boundary-conditions/zone-type icu_10a interface

> /define/boundary-conditions/zone-type icu_10b interface

> /define/boundary-conditions/zone-type itm_10a interface

> /define/boundary-conditions/zone-type itm_10b interface

> /define/boundary-conditions/zone-type ifl_11a interface

> /define/boundary-conditions/zone-type ifl_11b interface

> /define/boundary-conditions/zone-type icu_11a interface

> /define/boundary-conditions/zone-type icu_11b interface

> /define/boundary-conditions/zone-type itm_11a interface

> /define/boundary-conditions/zone-type itm_11b interface

> /define/mesh-interfaces/create
mesh-interface name: ["intf"] ifl-01
automatic pairing of all wall and interface zones? [yes] ifl_01a

Error: Please answer y[es] or n[o].
Error Object: ifl_01a

Error: Please answer y[es] or n[o].
Error Object: ifl_01a
Transcript Stop Time:  23:49:26, 25 Sep 2026 中国标准时间 
Total Transcript Time: 5 Minute 36 Second.
