2026-09-26 10:50:01 watcher started
2026-09-26 10:50:01 iter=69
2026-09-26 10:50:21 iter=69
2026-09-26 10:50:41 iter=69
2026-09-26 10:51:01 iter=69
2026-09-26 10:51:21 iter=69
2026-09-26 10:51:41 iter=69
2026-09-26 10:52:01 iter=70
2026-09-26 10:52:21 iter=70
2026-09-26 10:52:41 iter=70
2026-09-26 10:53:01 iter=70
2026-09-26 10:53:21 iter=70
2026-09-26 10:53:41 iter=70
2026-09-26 10:54:01 iter=70
2026-09-26 10:54:21 iter=71
2026-09-26 10:54:41 iter=71
2026-09-26 10:55:01 iter=71
2026-09-26 10:55:21 iter=71
2026-09-26 10:55:41 iter=71
2026-09-26 10:56:01 iter=71
2026-09-26 10:56:21 iter=71
2026-09-26 10:56:41 iter=71
2026-09-26 10:57:01 iter=71
2026-09-26 10:57:21 iter=71
2026-09-26 10:57:41 iter=71
2026-09-26 10:58:01 iter=72
2026-09-26 10:58:21 iter=72
2026-09-26 10:58:41 iter=72
2026-09-26 10:59:01 iter=72
2026-09-26 10:59:21 iter=72
2026-09-26 10:59:41 iter=72
2026-09-26 11:00:01 iter=72
2026-09-26 11:00:21 iter=72
2026-09-26 11:00:41 iter=72
2026-09-26 11:01:01 iter=72
2026-09-26 11:01:21 iter=72
2026-09-26 11:01:41 iter=72
2026-09-26 11:02:01 iter=72
2026-09-26 11:02:22 iter=72
2026-09-26 11:02:42 iter=72
2026-09-26 11:03:02 iter=73
2026-09-26 11:03:22 iter=73
2026-09-26 11:03:42 iter=73
2026-09-26 11:04:02 iter=73
2026-09-26 11:04:22 iter=73
2026-09-26 11:04:42 iter=73
2026-09-26 11:05:02 iter=73
2026-09-26 11:05:22 iter=73
2026-09-26 11:05:42 iter=73
2026-09-26 11:06:02 iter=73
2026-09-26 11:06:22 iter=74
2026-09-26 11:06:42 iter=74
2026-09-26 11:07:02 iter=74
2026-09-26 11:07:22 iter=74
2026-09-26 11:07:42 iter=74
2026-09-26 11:08:02 iter=74
2026-09-26 11:08:22 iter=74
2026-09-26 11:08:42 iter=74
2026-09-26 11:09:02 iter=74
2026-09-26 11:09:22 iter=74
2026-09-26 11:09:42 iter=74
2026-09-26 11:10:02 iter=74
2026-09-26 11:10:22 iter=74
2026-09-26 11:10:42 iter=74
2026-09-26 11:11:02 iter=74
2026-09-26 11:11:22 iter=75
2026-09-26 11:11:42 iter=75
2026-09-26 11:12:02 iter=75
2026-09-26 11:12:22 iter=75
2026-09-26 11:12:42 iter=75
2026-09-26 11:13:02 iter=75
2026-09-26 11:13:22 iter=75
2026-09-26 11:13:42 iter=75
2026-09-26 11:14:02 iter=75
2026-09-26 11:14:22 iter=75
2026-09-26 11:14:42 iter=75
2026-09-26 11:15:02 iter=75
2026-09-26 11:15:23 iter=75
2026-09-26 11:15:43 iter=75
2026-09-26 11:16:03 iter=75
2026-09-26 11:16:23 iter=75
2026-09-26 11:16:43 iter=75
2026-09-26 11:17:03 iter=76
2026-09-26 11:17:23 iter=76
2026-09-26 11:17:43 iter=76
2026-09-26 11:18:03 iter=76
2026-09-26 11:18:23 iter=76
2026-09-26 11:18:43 iter=76
2026-09-26 11:19:03 iter=76
2026-09-26 11:19:23 iter=76
2026-09-26 11:19:43 iter=76
2026-09-26 11:20:03 iter=76
2026-09-26 11:20:23 iter=76
2026-09-26 11:20:43 iter=77
2026-09-26 11:21:03 iter=77
2026-09-26 11:21:23 iter=77
2026-09-26 11:21:43 iter=77
2026-09-26 11:22:03 iter=77
2026-09-26 11:22:23 iter=77
2026-09-26 11:22:43 iter=77
2026-09-26 11:23:03 iter=78
2026-09-26 11:23:23 iter=78
2026-09-26 11:23:43 iter=78
2026-09-26 11:24:03 iter=78
2026-09-26 11:24:23 iter=78
2026-09-26 11:24:43 iter=78
2026-09-26 11:25:03 iter=78
2026-09-26 11:25:23 iter=78
2026-09-26 11:25:43 iter=78
2026-09-26 11:26:03 iter=79
2026-09-26 11:26:23 iter=79
2026-09-26 11:26:43 iter=79
2026-09-26 11:27:03 iter=79
2026-09-26 11:27:23 iter=79
2026-09-26 11:27:43 iter=79
2026-09-26 11:28:03 iter=79
2026-09-26 11:28:23 iter=79
2026-09-26 11:28:43 iter=79
2026-09-26 11:29:03 iter=79
2026-09-26 11:29:23 iter=80
2026-09-26 11:29:44 iter=80
2026-09-26 11:30:04 iter=80
2026-09-26 11:30:24 iter=80
2026-09-26 11:30:44 iter=80
2026-09-26 11:31:04 iter=80
2026-09-26 11:31:24 iter=80
2026-09-26 11:31:44 iter=80
2026-09-26 11:32:04 iter=80
2026-09-26 11:32:24 iter=81
2026-09-26 11:32:44 iter=81
2026-09-26 11:33:04 iter=81
2026-09-26 11:33:24 iter=81
2026-09-26 11:33:44 iter=81
2026-09-26 11:34:04 iter=81
2026-09-26 11:34:24 iter=81
2026-09-26 11:34:44 iter=81
2026-09-26 11:35:04 iter=81
2026-09-26 11:35:24 iter=81
2026-09-26 11:35:44 iter=81
2026-09-26 11:36:04 iter=82
2026-09-26 11:36:24 iter=82
2026-09-26 11:36:44 iter=82
2026-09-26 11:37:04 iter=82
2026-09-26 11:37:24 iter=82
2026-09-26 11:37:44 iter=82
2026-09-26 11:38:04 iter=82
2026-09-26 11:38:24 iter=82
2026-09-26 11:38:44 iter=82
2026-09-26 11:39:04 iter=82
2026-09-26 11:39:24 iter=82
2026-09-26 11:39:44 iter=82
2026-09-26 11:40:04 iter=83
2026-09-26 11:40:24 iter=83
2026-09-26 11:40:44 iter=83
2026-09-26 11:41:04 iter=83
2026-09-26 11:41:24 iter=83
2026-09-26 11:41:44 iter=83
2026-09-26 11:42:04 iter=83
2026-09-26 11:42:25 iter=83
2026-09-26 11:42:45 iter=83
2026-09-26 11:43:05 iter=83
2026-09-26 11:43:25 iter=84
2026-09-26 11:43:45 iter=84
2026-09-26 11:44:05 iter=84
2026-09-26 11:44:25 iter=84
2026-09-26 11:44:45 iter=84
2026-09-26 11:45:05 iter=84
2026-09-26 11:45:25 iter=84
2026-09-26 11:45:45 iter=85
2026-09-26 11:46:05 iter=85
2026-09-26 11:46:25 iter=85
2026-09-26 11:46:45 iter=85
2026-09-26 11:47:05 iter=85
2026-09-26 11:47:25 iter=85
2026-09-26 11:47:45 iter=85
2026-09-26 11:48:05 iter=85
2026-09-26 11:48:25 iter=85
2026-09-26 11:48:45 iter=86
2026-09-26 11:49:05 iter=86
2026-09-26 11:49:25 iter=86
2026-09-26 11:49:45 iter=86
2026-09-26 11:50:05 iter=86
2026-09-26 11:50:25 iter=86
2026-09-26 11:50:45 iter=86
2026-09-26 11:51:05 iter=86
2026-09-26 11:51:25 iter=86
2026-09-26 11:51:45 iter=87
2026-09-26 11:52:05 iter=87
2026-09-26 11:52:25 iter=87
2026-09-26 11:52:45 iter=87
2026-09-26 11:53:05 iter=87
2026-09-26 11:53:25 iter=87
2026-09-26 11:53:45 iter=87
2026-09-26 11:54:05 iter=87
2026-09-26 11:54:25 iter=87
2026-09-26 11:54:45 iter=87
2026-09-26 11:55:05 iter=87
2026-09-26 11:55:25 iter=88
2026-09-26 11:55:46 iter=88
2026-09-26 11:56:06 iter=88
2026-09-26 11:56:26 iter=88
2026-09-26 11:56:46 iter=88
2026-09-26 11:57:06 iter=88
2026-09-26 11:57:26 iter=88
2026-09-26 11:57:46 iter=88
2026-09-26 11:58:06 iter=88
2026-09-26 11:58:26 iter=88
2026-09-26 11:58:46 iter=88
2026-09-26 11:59:06 iter=88
2026-09-26 11:59:26 iter=88
2026-09-26 11:59:46 iter=88
2026-09-26 12:00:06 iter=88
2026-09-26 12:00:26 iter=88
2026-09-26 12:00:46 iter=88
2026-09-26 12:01:06 iter=88
2026-09-26 12:01:26 iter=89
2026-09-26 12:01:46 iter=89
2026-09-26 12:02:06 iter=89
2026-09-26 12:02:26 iter=89
2026-09-26 12:02:46 iter=89
2026-09-26 12:03:06 iter=89
2026-09-26 12:03:26 iter=89
2026-09-26 12:03:46 iter=89
2026-09-26 12:04:06 iter=89
2026-09-26 12:04:26 iter=89
2026-09-26 12:04:46 iter=89
2026-09-26 12:05:06 iter=89
2026-09-26 12:05:26 iter=90
2026-09-26 12:05:46 iter=90
2026-09-26 12:06:06 iter=90
2026-09-26 12:06:26 iter=90
2026-09-26 12:06:46 iter=90
2026-09-26 12:07:06 iter=90
2026-09-26 12:07:26 iter=90
2026-09-26 12:07:46 iter=90
2026-09-26 12:08:06 iter=90
2026-09-26 12:08:26 iter=90
2026-09-26 12:08:46 iter=91
2026-09-26 12:09:07 iter=91
2026-09-26 12:09:27 iter=91
2026-09-26 12:09:47 iter=91
2026-09-26 12:10:07 iter=91
2026-09-26 12:10:27 iter=91
2026-09-26 12:10:47 iter=91
2026-09-26 12:11:07 iter=92
2026-09-26 12:11:27 iter=92
2026-09-26 12:11:47 iter=92
2026-09-26 12:12:07 iter=92
2026-09-26 12:12:27 iter=92
2026-09-26 12:12:47 iter=92
2026-09-26 12:13:07 iter=92
2026-09-26 12:13:27 iter=93
2026-09-26 12:13:47 iter=93
2026-09-26 12:14:07 iter=93
2026-09-26 12:14:27 iter=93
2026-09-26 12:14:47 iter=93
2026-09-26 12:15:07 iter=93
2026-09-26 12:15:27 iter=93
2026-09-26 12:15:47 iter=94
2026-09-26 12:16:07 iter=94
2026-09-26 12:16:27 iter=94
2026-09-26 12:16:47 iter=94
2026-09-26 12:17:07 iter=94
2026-09-26 12:17:27 iter=94
2026-09-26 12:17:47 iter=94
2026-09-26 12:18:07 iter=94
2026-09-26 12:18:27 iter=94
2026-09-26 12:18:47 iter=95
2026-09-26 12:19:07 iter=95
2026-09-26 12:19:27 iter=95
2026-09-26 12:19:47 iter=95
2026-09-26 12:20:07 iter=95
2026-09-26 12:20:27 iter=95
2026-09-26 12:20:47 iter=95
2026-09-26 12:21:07 iter=95
2026-09-26 12:21:27 iter=95
2026-09-26 12:21:47 iter=96
2026-09-26 12:22:07 iter=96
2026-09-26 12:22:27 iter=96
2026-09-26 12:22:48 iter=96
2026-09-26 12:23:08 iter=96
2026-09-26 12:23:28 iter=96
2026-09-26 12:23:48 iter=96
2026-09-26 12:24:08 iter=96
2026-09-26 12:24:28 iter=96
2026-09-26 12:24:48 iter=97
2026-09-26 12:25:08 iter=97
2026-09-26 12:25:28 iter=97
2026-09-26 12:25:48 iter=97
2026-09-26 12:26:08 iter=97
2026-09-26 12:26:28 iter=97
2026-09-26 12:26:48 iter=97
2026-09-26 12:27:08 iter=97
2026-09-26 12:27:28 iter=97
2026-09-26 12:27:48 iter=97
2026-09-26 12:28:08 iter=97
2026-09-26 12:28:28 iter=97
2026-09-26 12:28:48 iter=98
2026-09-26 12:29:08 iter=98
2026-09-26 12:29:28 iter=98
2026-09-26 12:29:48 iter=98
2026-09-26 12:30:08 iter=98
2026-09-26 12:30:28 iter=98
2026-09-26 12:30:48 iter=98
2026-09-26 12:31:08 iter=98
2026-09-26 12:31:28 iter=98
2026-09-26 12:31:48 iter=98
2026-09-26 12:32:08 iter=98
2026-09-26 12:32:28 iter=98
2026-09-26 12:32:48 iter=98
2026-09-26 12:33:08 iter=99
2026-09-26 12:33:28 iter=99
2026-09-26 12:33:48 iter=99
2026-09-26 12:34:08 iter=99
2026-09-26 12:34:28 iter=99
2026-09-26 12:34:48 iter=99
2026-09-26 12:35:08 iter=99
2026-09-26 12:35:28 iter=99
2026-09-26 12:35:48 iter=99
2026-09-26 12:36:09 iter=100
2026-09-26 12:36:29 iter=100
2026-09-26 12:36:49 iter=100
2026-09-26 12:37:09 iter=100
2026-09-26 12:37:29 iter=100
2026-09-26 12:37:49 iter=100
2026-09-26 12:38:09 iter=100
2026-09-26 12:38:29 iter=100
2026-09-26 12:38:49 iter=100
2026-09-26 12:39:09 iter=100
2026-09-26 12:39:29 iter=100
2026-09-26 12:39:49 iter=101
2026-09-26 12:40:09 iter=101
2026-09-26 12:40:29 iter=101
2026-09-26 12:40:49 iter=101
2026-09-26 12:41:09 iter=101
2026-09-26 12:41:29 iter=101
2026-09-26 12:41:49 iter=101
2026-09-26 12:42:09 iter=101
2026-09-26 12:42:29 iter=101
2026-09-26 12:42:49 iter=101
2026-09-26 12:43:09 iter=101
2026-09-26 12:43:29 iter=101
2026-09-26 12:43:49 iter=101
2026-09-26 12:44:09 iter=102
2026-09-26 12:44:29 iter=102
2026-09-26 12:44:49 iter=102
2026-09-26 12:45:09 iter=102
2026-09-26 12:45:29 iter=102
2026-09-26 12:45:49 iter=102
2026-09-26 12:46:09 iter=102
2026-09-26 12:46:29 iter=102
2026-09-26 12:46:49 iter=102
2026-09-26 12:47:09 iter=102
2026-09-26 12:47:29 iter=102
2026-09-26 12:47:49 iter=102
2026-09-26 12:48:09 iter=102
2026-09-26 12:48:29 iter=103
2026-09-26 12:48:49 iter=103
2026-09-26 12:49:09 iter=103
2026-09-26 12:49:29 iter=103
2026-09-26 12:49:50 iter=103
2026-09-26 12:50:10 iter=103
2026-09-26 12:50:30 iter=103
2026-09-26 12:50:50 iter=103
2026-09-26 12:51:10 iter=103
2026-09-26 12:51:30 iter=103
2026-09-26 12:51:50 iter=103
2026-09-26 12:52:10 iter=103
2026-09-26 12:52:30 iter=104
2026-09-26 12:52:50 iter=104
2026-09-26 12:53:10 iter=104
2026-09-26 12:53:30 iter=104
2026-09-26 12:53:50 iter=104
2026-09-26 12:54:10 iter=104
2026-09-26 12:54:30 iter=104
2026-09-26 12:54:50 iter=104
2026-09-26 12:55:10 iter=104
2026-09-26 12:55:30 iter=104
2026-09-26 12:55:50 iter=104
2026-09-26 12:56:10 iter=104
2026-09-26 12:56:30 iter=105
2026-09-26 12:56:50 iter=105
2026-09-26 12:57:10 iter=105
2026-09-26 12:57:30 iter=105
2026-09-26 12:57:50 iter=105
2026-09-26 12:58:10 iter=105
2026-09-26 12:58:30 iter=105
2026-09-26 12:58:50 iter=105
2026-09-26 12:59:10 iter=105
2026-09-26 12:59:30 iter=105
2026-09-26 12:59:50 iter=105
2026-09-26 13:00:10 iter=105
2026-09-26 13:00:30 iter=106
2026-09-26 13:00:50 iter=106
2026-09-26 13:01:10 iter=106
2026-09-26 13:01:30 iter=106
2026-09-26 13:01:50 iter=106
2026-09-26 13:02:10 iter=106
2026-09-26 13:02:30 iter=106
2026-09-26 13:02:51 iter=107
2026-09-26 13:03:11 iter=107
2026-09-26 13:03:31 iter=107
2026-09-26 13:03:51 iter=107
2026-09-26 13:04:11 iter=107
2026-09-26 13:04:31 iter=107
2026-09-26 13:04:51 iter=107
2026-09-26 13:05:11 iter=107
2026-09-26 13:05:31 iter=108
2026-09-26 13:05:51 iter=108
2026-09-26 13:06:11 iter=108
2026-09-26 13:06:31 iter=108
2026-09-26 13:06:51 iter=108
2026-09-26 13:07:11 iter=108
2026-09-26 13:07:31 iter=108
2026-09-26 13:07:51 iter=108
2026-09-26 13:08:11 iter=108
2026-09-26 13:08:31 iter=108
2026-09-26 13:08:51 iter=109
2026-09-26 13:09:11 iter=109
2026-09-26 13:09:31 iter=109
2026-09-26 13:09:51 iter=109
2026-09-26 13:10:11 iter=109
2026-09-26 13:10:31 iter=109
2026-09-26 13:10:51 iter=109
2026-09-26 13:11:11 iter=109
2026-09-26 13:11:31 iter=109
2026-09-26 13:11:51 iter=109
2026-09-26 13:12:11 iter=110
2026-09-26 13:12:31 iter=110
2026-09-26 13:12:51 iter=110
2026-09-26 13:13:11 iter=110
2026-09-26 13:13:31 iter=110
2026-09-26 13:13:51 iter=110
2026-09-26 13:14:11 iter=110
2026-09-26 13:14:31 iter=110
2026-09-26 13:14:51 iter=110
2026-09-26 13:15:12 iter=111
2026-09-26 13:15:32 iter=111
2026-09-26 13:15:52 iter=111
2026-09-26 13:16:12 iter=111
2026-09-26 13:16:32 iter=111
2026-09-26 13:16:52 iter=111
2026-09-26 13:17:12 iter=111
2026-09-26 13:17:32 iter=111
2026-09-26 13:17:52 iter=111
2026-09-26 13:18:12 iter=112
2026-09-26 13:18:32 iter=112
2026-09-26 13:18:52 iter=112
2026-09-26 13:19:12 iter=112
2026-09-26 13:19:32 iter=112
2026-09-26 13:19:52 iter=112
2026-09-26 13:20:12 iter=112
2026-09-26 13:20:32 iter=112
2026-09-26 13:20:52 iter=112
2026-09-26 13:21:12 iter=112
2026-09-26 13:21:32 iter=112
2026-09-26 13:21:52 iter=112
2026-09-26 13:22:12 iter=113
2026-09-26 13:22:32 iter=113
2026-09-26 13:22:52 iter=113
2026-09-26 13:23:12 iter=113
2026-09-26 13:23:32 iter=113
2026-09-26 13:23:52 iter=113
2026-09-26 13:24:12 iter=113
2026-09-26 13:24:32 iter=113
2026-09-26 13:24:52 iter=113
2026-09-26 13:25:12 iter=113
2026-09-26 13:25:32 iter=113
2026-09-26 13:25:52 iter=114
2026-09-26 13:26:12 iter=114
2026-09-26 13:26:32 iter=114
2026-09-26 13:26:52 iter=114
2026-09-26 13:27:12 iter=114
2026-09-26 13:27:32 iter=114
2026-09-26 13:27:52 iter=114
2026-09-26 13:28:12 iter=114
2026-09-26 13:28:33 iter=114
2026-09-26 13:28:53 iter=114
2026-09-26 13:29:13 iter=114
2026-09-26 13:29:33 iter=115
2026-09-26 13:29:53 iter=115
2026-09-26 13:30:13 iter=115
2026-09-26 13:30:33 iter=115
2026-09-26 13:30:53 iter=115
2026-09-26 13:31:13 iter=115
2026-09-26 13:31:33 iter=115
2026-09-26 13:31:53 iter=115
2026-09-26 13:32:13 iter=115
2026-09-26 13:32:33 iter=115
2026-09-26 13:32:53 iter=115
2026-09-26 13:33:13 iter=116
2026-09-26 13:33:33 iter=116
2026-09-26 13:33:53 iter=116
2026-09-26 13:34:13 iter=116
2026-09-26 13:34:33 iter=116
2026-09-26 13:34:53 iter=116
2026-09-26 13:35:13 iter=117
2026-09-26 13:35:33 iter=117
2026-09-26 13:35:53 iter=117
2026-09-26 13:36:13 iter=117
2026-09-26 13:36:33 iter=117
2026-09-26 13:36:53 iter=117
2026-09-26 13:37:13 iter=117
2026-09-26 13:37:33 iter=117
2026-09-26 13:37:53 iter=117
2026-09-26 13:38:13 iter=118
2026-09-26 13:38:33 iter=118
2026-09-26 13:38:53 iter=118
2026-09-26 13:39:13 iter=118
2026-09-26 13:39:33 iter=118
2026-09-26 13:39:53 iter=118
2026-09-26 13:40:13 iter=118
2026-09-26 13:40:33 iter=118
2026-09-26 13:40:53 iter=118
2026-09-26 13:41:13 iter=118
2026-09-26 13:41:33 iter=118
2026-09-26 13:41:53 iter=118
2026-09-26 13:42:14 iter=118
2026-09-26 13:42:34 iter=119
2026-09-26 13:42:54 iter=119
2026-09-26 13:43:14 iter=119
2026-09-26 13:43:34 iter=119
2026-09-26 13:43:54 iter=119
2026-09-26 13:44:14 iter=119
2026-09-26 13:44:34 iter=119
2026-09-26 13:44:54 iter=119
2026-09-26 13:45:14 iter=120
2026-09-26 13:45:34 iter=120
2026-09-26 13:45:54 iter=120
2026-09-26 13:46:14 iter=120
2026-09-26 13:46:34 iter=120
2026-09-26 13:46:54 iter=120
2026-09-26 13:47:14 iter=120
2026-09-26 13:47:34 iter=120
2026-09-26 13:47:54 iter=120
2026-09-26 13:48:14 iter=120
2026-09-26 13:48:34 iter=121
2026-09-26 13:48:54 iter=121
2026-09-26 13:49:14 iter=121
2026-09-26 13:49:34 iter=121
2026-09-26 13:49:54 iter=121
2026-09-26 13:50:14 iter=121
2026-09-26 13:50:34 iter=121
2026-09-26 13:50:54 iter=121
2026-09-26 13:51:14 iter=121
2026-09-26 13:51:34 iter=121
2026-09-26 13:51:54 iter=121
2026-09-26 13:52:14 iter=121
2026-09-26 13:52:34 iter=121
2026-09-26 13:52:54 iter=121
2026-09-26 13:53:14 iter=121
2026-09-26 13:53:34 iter=121
2026-09-26 13:53:54 iter=121
2026-09-26 13:54:14 iter=121
2026-09-26 13:54:34 iter=122
2026-09-26 13:54:54 iter=122
2026-09-26 13:55:14 iter=122
2026-09-26 13:55:34 iter=122
2026-09-26 13:55:55 iter=122
2026-09-26 13:56:15 iter=122
2026-09-26 13:56:35 iter=122
2026-09-26 13:56:55 iter=122
2026-09-26 13:57:15 iter=122
2026-09-26 13:57:35 iter=122
2026-09-26 13:57:55 iter=123
2026-09-26 13:58:15 iter=123
2026-09-26 13:58:35 iter=123
2026-09-26 13:58:55 iter=123
2026-09-26 13:59:15 iter=123
2026-09-26 13:59:35 iter=123
2026-09-26 13:59:55 iter=123
2026-09-26 14:00:15 iter=123
2026-09-26 14:00:35 iter=123
2026-09-26 14:00:55 iter=123
2026-09-26 14:01:15 iter=123
2026-09-26 14:01:35 iter=124
2026-09-26 14:01:55 iter=124
2026-09-26 14:02:15 iter=124
2026-09-26 14:02:35 iter=124
2026-09-26 14:02:55 iter=124
2026-09-26 14:03:15 iter=124
2026-09-26 14:03:35 iter=124
2026-09-26 14:03:55 iter=124
2026-09-26 14:04:15 iter=124
2026-09-26 14:04:35 iter=124
2026-09-26 14:04:55 iter=124
2026-09-26 14:05:15 iter=124
2026-09-26 14:05:35 iter=125
2026-09-26 14:05:55 iter=125
2026-09-26 14:06:15 iter=125
2026-09-26 14:06:35 iter=125
2026-09-26 14:06:55 iter=125
2026-09-26 14:07:15 iter=125
2026-09-26 14:07:35 iter=125
2026-09-26 14:07:55 iter=125
2026-09-26 14:08:15 iter=125
2026-09-26 14:08:35 iter=125
2026-09-26 14:08:56 iter=126
2026-09-26 14:09:16 iter=126
2026-09-26 14:09:36 iter=126
2026-09-26 14:09:56 iter=126
2026-09-26 14:10:16 iter=126
2026-09-26 14:10:36 iter=126
2026-09-26 14:10:56 iter=126
2026-09-26 14:11:16 iter=126
2026-09-26 14:11:36 iter=126
2026-09-26 14:11:56 iter=126
2026-09-26 14:12:16 iter=126
2026-09-26 14:12:36 iter=126
2026-09-26 14:12:56 iter=126
2026-09-26 14:13:16 iter=127
2026-09-26 14:13:36 iter=127
2026-09-26 14:13:56 iter=127
2026-09-26 14:14:16 iter=127
2026-09-26 14:14:36 iter=127
2026-09-26 14:14:56 iter=127
2026-09-26 14:15:16 iter=127
2026-09-26 14:15:36 iter=127
2026-09-26 14:15:56 iter=127
2026-09-26 14:16:16 iter=127
2026-09-26 14:16:36 iter=128
2026-09-26 14:16:56 iter=128
2026-09-26 14:17:16 iter=128
2026-09-26 14:17:36 iter=128
2026-09-26 14:17:56 iter=128
2026-09-26 14:18:16 iter=128
2026-09-26 14:18:36 iter=128
2026-09-26 14:18:56 iter=128
2026-09-26 14:19:16 iter=128
2026-09-26 14:19:37 iter=129
2026-09-26 14:19:57 iter=129
2026-09-26 14:20:17 iter=129
2026-09-26 14:20:37 iter=129
2026-09-26 14:20:57 iter=129
2026-09-26 14:21:17 iter=129
2026-09-26 14:21:37 iter=129
2026-09-26 14:21:57 iter=129
2026-09-26 14:22:17 iter=130
2026-09-26 14:22:37 iter=130
2026-09-26 14:22:57 iter=130
2026-09-26 14:23:17 iter=130
2026-09-26 14:23:37 iter=130
2026-09-26 14:23:57 iter=130
2026-09-26 14:24:17 iter=130
2026-09-26 14:24:37 iter=130
2026-09-26 14:24:57 iter=130
2026-09-26 14:25:17 iter=130
2026-09-26 14:25:37 iter=130
2026-09-26 14:25:57 iter=130
2026-09-26 14:26:17 iter=131
2026-09-26 14:26:37 iter=131
2026-09-26 14:26:57 iter=131
2026-09-26 14:27:17 iter=131
2026-09-26 14:27:37 iter=131
2026-09-26 14:27:57 iter=131
2026-09-26 14:28:17 iter=131
2026-09-26 14:28:37 iter=131
2026-09-26 14:28:57 iter=131
2026-09-26 14:29:17 iter=131
2026-09-26 14:29:37 iter=131
2026-09-26 14:29:57 iter=132
2026-09-26 14:30:18 iter=132
2026-09-26 14:30:38 iter=132
2026-09-26 14:30:58 iter=132
2026-09-26 14:31:18 iter=132
2026-09-26 14:31:38 iter=132
2026-09-26 14:31:58 iter=132
2026-09-26 14:32:18 iter=132
2026-09-26 14:32:38 iter=133
2026-09-26 14:32:58 iter=133
2026-09-26 14:33:18 iter=133
2026-09-26 14:33:38 iter=133
2026-09-26 14:33:58 iter=133
2026-09-26 14:34:18 iter=133
2026-09-26 14:34:38 iter=133
2026-09-26 14:34:58 iter=133
2026-09-26 14:35:18 iter=133
2026-09-26 14:35:38 iter=133
2026-09-26 14:35:58 iter=133
2026-09-26 14:36:18 iter=133
2026-09-26 14:36:38 iter=134
2026-09-26 14:36:58 iter=134
2026-09-26 14:37:18 iter=134
2026-09-26 14:37:38 iter=134
2026-09-26 14:37:58 iter=134
2026-09-26 14:38:18 iter=134
2026-09-26 14:38:38 iter=134
2026-09-26 14:38:58 iter=134
2026-09-26 14:39:18 iter=134
2026-09-26 14:39:38 iter=134
2026-09-26 14:39:58 iter=134
2026-09-26 14:40:18 iter=134
2026-09-26 14:40:38 iter=134
2026-09-26 14:40:58 iter=134
2026-09-26 14:41:18 iter=134
2026-09-26 14:41:38 iter=134
2026-09-26 14:41:59 iter=135
2026-09-26 14:42:19 iter=135
2026-09-26 14:42:39 iter=135
2026-09-26 14:42:59 iter=135
2026-09-26 14:43:19 iter=135
2026-09-26 14:43:39 iter=135
2026-09-26 14:43:59 iter=135
2026-09-26 14:44:19 iter=135
2026-09-26 14:44:39 iter=136
2026-09-26 14:44:59 iter=136
2026-09-26 14:45:19 iter=136
2026-09-26 14:45:39 iter=136
2026-09-26 14:45:59 iter=136
2026-09-26 14:46:19 iter=136
2026-09-26 14:46:39 iter=137
2026-09-26 14:46:59 iter=137
2026-09-26 14:47:19 iter=137
2026-09-26 14:47:39 iter=137
2026-09-26 14:47:59 iter=137
2026-09-26 14:48:19 iter=137
2026-09-26 14:48:39 iter=137
2026-09-26 14:48:59 iter=137
2026-09-26 14:49:19 iter=137
2026-09-26 14:49:39 iter=137
2026-09-26 14:49:59 iter=138
2026-09-26 14:50:19 iter=138
2026-09-26 14:50:39 iter=138
2026-09-26 14:50:59 iter=138
2026-09-26 14:51:19 iter=138
2026-09-26 14:51:39 iter=138
2026-09-26 14:51:59 iter=138
2026-09-26 14:52:19 iter=138
2026-09-26 14:52:39 iter=138
2026-09-26 14:52:59 iter=138
2026-09-26 14:53:19 iter=138
2026-09-26 14:53:39 iter=138
2026-09-26 14:54:00 iter=139
2026-09-26 14:54:20 iter=139
2026-09-26 14:54:40 iter=139
2026-09-26 14:55:00 iter=139
2026-09-26 14:55:20 iter=139
2026-09-26 14:55:40 iter=139
2026-09-26 14:56:00 iter=139
2026-09-26 14:56:20 iter=139
2026-09-26 14:56:40 iter=139
2026-09-26 14:57:00 iter=140
2026-09-26 14:57:20 iter=140
2026-09-26 14:57:40 iter=140
2026-09-26 14:58:00 iter=140
2026-09-26 14:58:26 watcher started
2026-09-26 14:58:26 iter=140
2026-09-26 14:58:26 journal tail set to save converged i140, then i200 and every 200 steps
2026-09-26 14:58:27 interrupt sent
2026-09-26 14:58:42 after interrupt iter=140
2026-09-26 14:58:57 after interrupt iter=140
2026-09-26 14:59:12 after interrupt iter=140
2026-09-26 14:59:27 after interrupt iter=140
2026-09-26 14:59:42 after interrupt iter=140
2026-09-26 14:59:57 after interrupt iter=140
2026-09-26 15:00:12 after interrupt iter=141
2026-09-26 15:00:27 after interrupt iter=141
2026-09-26 15:00:42 after interrupt iter=141
2026-09-26 15:00:57 after interrupt iter=141
2026-09-26 15:01:27 foreground interrupt at iter=141
2026-09-26 15:01:28 foreground ctrl+c sent at iter=141
2026-09-26 15:01:43 check iter=141
2026-09-26 15:01:58 check iter=141
2026-09-26 15:02:13 check iter=141
2026-09-26 15:02:28 check iter=141
2026-09-26 15:02:43 check iter=141
2026-09-26 15:02:58 check iter=142
2026-09-26 15:03:13 check iter=142
2026-09-26 15:03:28 check iter=142
2026-09-26 15:03:43 check iter=142
2026-09-26 15:03:58 check iter=142
2026-09-26 15:04:13 check iter=142
2026-09-26 15:04:28 check iter=142
2026-09-26 15:04:43 check iter=142
2026-09-26 15:04:58 check iter=142
2026-09-26 15:05:13 check iter=142
2026-09-26 15:05:28 check iter=142
2026-09-26 15:05:28 interrupt failed at iter=142; restored i300 then every 200 steps
