; HBM 2 mm sample: XY wall, YZ channel, ZX stack. Do not solve. Do not exit.
/preferences/graphics/colormap-settings/number-format-type
general
/preferences/graphics/colormap-settings/number-format-precision
5
/preferences/graphics/graphics-effects/grid-plane-enabled
no
/display/set/picture/use-window-resolution?
no
(display "REPORT-BEGIN i200")
/report/surface-integrals/area-weighted-avg
wall_heat
()
temperature
no
/report/surface-integrals/facet-max
wall_heat
()
temperature
no
/report/surface-integrals/facet-min
wall_heat
()
temperature
no
/report/surface-integrals/area-weighted-avg
wall_cu_fluid
()
temperature
no
/report/surface-integrals/area-weighted-avg
outlet
()
temperature
no
/report/surface-integrals/mass-weighted-avg
outlet
()
temperature
no
/report/surface-integrals/area-weighted-avg
inlet
()
velocity-magnitude
no
/report/surface-integrals/area
wall_heat
()
no
(display "REPORT-END i200")
(display "ANNO-PICK")
/display/annotation/annotate
"z=-2.08 mm"
"None"
(display "ANNO-PLACED")
/display/annotation/edit
text-0
font-name
"Microsoft YaHei"
font-size
"24"
quit
/surface/plane-surface x550 yz 0.0055
/surface/plane-surface y185 zx 0.0185
/display/annotation/edit
text-0
text
"z=-2.08 mm"
quit
/display/objects/create
contour
wallheat
field
temperature
surfaces-list
wall_heat
()
coloring
smooth
node-values?
no
boundary-values?
yes
range-option
auto-range-on
global-range?
no
quit
annotations-list
1
text-0
quit
/display/objects/display
wallheat
/display/set/picture/x-resolution
2400
/display/set/picture/y-resolution
560
/display/views/camera/projection
orthographic
/display/views/camera/position
0.0055
0.025
0.04792
/display/views/camera/target
0.0055
0.025
-0.00208
/display/views/camera/up-vector
-1
0
0
/display/views/auto-scale
/display/views/camera/zoom-camera
0.72
/display/views/camera/roll-camera
-0.13
/display/save-picture
D:/agents2026/agents2026/agents/AIDCtms/coolingplate/design/cfd_HBM/figs/i200/wall_heat_temperature.png
(display "SAVED wall_heat_temperature.png")
/display/annotation/edit
text-0
text
"x=5.5 mm"
quit
/display/objects/create
contour
x550t
field
temperature
surfaces-list
x550
()
coloring
smooth
node-values?
yes
range-option
auto-range-on
global-range?
no
quit
annotations-list
1
text-0
quit
/display/objects/display
x550t
/display/set/picture/x-resolution
2400
/display/set/picture/y-resolution
560
/display/views/camera/projection
orthographic
/display/views/camera/position
0.0855
0.025
0.002
/display/views/camera/target
0.0055
0.025
0.002
/display/views/camera/up-vector
0
0
1
/display/views/auto-scale
/display/views/camera/zoom-camera
0.72
/display/views/camera/roll-camera
-0.13
/display/save-picture
D:/agents2026/agents2026/agents/AIDCtms/coolingplate/design/cfd_HBM/figs/i200/x550_temperature.png
(display "SAVED x550_temperature.png")
/display/annotation/edit
text-0
text
"Y=18.5 mm"
quit
/display/objects/create
contour
y185t
field
temperature
surfaces-list
y185
()
coloring
smooth
node-values?
yes
range-option
auto-range-on
global-range?
no
quit
annotations-list
1
text-0
quit
/display/objects/display
y185t
/display/set/picture/x-resolution
1400
/display/set/picture/y-resolution
1200
/display/views/camera/projection
orthographic
/display/views/camera/position
0.0055
0.0685
0.002
/display/views/camera/target
0.0055
0.0185
0.002
/display/views/camera/up-vector
0
0
1
/display/views/auto-scale
/display/views/camera/zoom-camera
0.72
/display/views/camera/roll-camera
-0.13
/display/save-picture
D:/agents2026/agents2026/agents/AIDCtms/coolingplate/design/cfd_HBM/figs/i200/y185_temperature.png
(display "SAVED y185_temperature.png")
(display "SAMPLE-DONE")
