Transcript Start Time:  10:12:28, 27 Sep 2026 中国标准时间 
Current Directory: "D:\agents2026\agents2026\agents\AIDCtms\coolingplate\design\cfd_HBM"

Build Time: Feb  2 2026 16:22:05 EST  Build Id: 10262 
Executable Path: E:/cae/programfiles/Ansys2026/ANSYS Inc261/v261/fluent/ntbin/win64/fluent.exe

------------------------------------------------------------------------------------
ID    Hostname         Core  O.S.         PID    CPU Model Name                    
------------------------------------------------------------------------------------
n0*   DESKTOP-JHEHF28  1/32  Windows-x64  64012  Intel(R) Core(TM) i9-14900KF      
host  DESKTOP-JHEHF28        Windows-x64  61324  Intel(R) Core(TM) i9-14900KF      

MPI Option Selected: intel
Selected system interconnect: default
------------------------------------------------------------------------------------

Cortex Process ID: 43920 
License Server Path: 1055@localhost 


> /file/auto-save/case-frequency

> 1

Error: invalid command
Error Object: "1"
Transcript Stop Time:  10:12:31, 27 Sep 2026 中国标准时间 
Total Transcript Time: 0 Minute 3 Second.
