resume jou 1851 /preferences/graphics/colormap-settings/number-format-type pos 140
1851 /preferences/graphics/colormap-settings/number-format-type
1852 float
1853 /preferences/graphics/colormap-settings/number-format-precision
1854 0
1855 /display/annotation/edit
1856 text-0
1857 text
1858 "z=-0.008 mm"
1859 quit
1860 /display/objects/create
1861 contour
1862 qz008f
1863 field
1864 heat-flux
1865 surfaces-list
1866 zm008
1867 ()
1868 coloring
1869 smooth
1870 node-values?
1871 yes
1872 range-option
1873 auto-range-on
1874 global-range?
1875 no
1876 quit
1877 annotations-list
1878 1
1879 text-0
1880 quit
1881 /display/objects/display
1882 qz008f
1883 /display/set/picture/x-resolution
1884 2400
1885 /display/set/picture/y-resolution
1886 560
1887 /display/views/camera/projection
1888 orthographic
1889 /display/views/camera/position
1890 0.0055
1891 0.025
1892 0.049992
1893 /display/views/camera/target
1894 0.0055
1895 0.025
1896 -0.000008
1897 /display/views/camera/up-vector
1898 -1
1899 0
1900 0
1901 /display/views/auto-scale
1902 /display/views/camera/zoom-camera
1903 0.72
1904 /display/views/camera/roll-camera
1905 -0.13
1906 /display/save-picture
1907 D:/agents2026/agents2026/agents/AIDCtms/coolingplate/design/cfd_HBM/figs/cf_i200/zm008_heatflux.png
1908 yes
1909 /display/annotation/edit
1910 text-0
1911 text
1912 "z=2.004 mm"
1913 quit
1914 /display/objects/create
1915 contour
1916 qz2004f
1917 field
1918 heat-flux
1919 surfaces-list
1920 qz2004
1921 ()
1922 coloring
1923 smooth
1924 node-values?
1925 yes
1926 range-option
1927 auto-range-on
1928 global-range?
1929 no
1930 quit
1931 annotations-list
1932 1
1933 text-0
1934 quit
1935 /display/objects/display
1936 qz2004f
1937 /display/views/camera/position
1938 0.0055
1939 0.025
1940 0.052004
1941 /display/views/camera/target
1942 0.0055
1943 0.025
1944 0.002004
1945 /display/save-picture
1946 D:/agents2026/agents2026/agents/AIDCtms/coolingplate/design/cfd_HBM/figs/cf_i200/z2004_heatflux.png
1947 yes
1948 (display "QFIX-DONE")
1949 /file/stop-transcript
DRIVER-DONE
