
> /define/boundary-conditions/set/pressure-outlet
(outlet_hi outlet_lo)
zone(s) to set boundary conditions(1) [outlet_hi] outlet_lo
zone(s) to set boundary conditions(2) [outlet_lo] outlet_hi
zone(s) to set boundary conditions(3) [()] ()

Setting to change (use "info" for descriptions)> info
targeted-mf-boundary?          : Specify targeted mass flow rate
avg-press-spec?                : Average Pressure Specification?
radial?                        : Radial Equilibrium Pressure Distribution
prevent-reverse-flow?          : Build artificial walls to prevent reverse flow?
p-backflow-spec-gen            : Backflow Pressure Specification
direction-spec                 : Backflow Direction Specification Method
t0                             : Backflow Total Temperature
p-profile-multiplier           : Pressure Profile Multiplier
gauge-pressure                 : Gauge Pressure
frame-of-reference             : Backflow Reference Frame

Setting to change (use "info" for descriptions)> prevent-reverse-flow?
Build artificial walls to prevent reverse flow? [no] yes

Setting to change (use "info" for descriptions)> q

> /file/read-journal
Journal file names [()] D:/agents2026/agents2026/agents/AIDCtms/coolingplate/design/cfd_HBM/fluent/hbm_c_norf_continue.jou
Journal file names [()] ewitongdt
Journal file names [()] ()

Reading journal file D:/agents2026/agents2026/agents/AIDCtms/coolingplate/design/cfd_HBM/fluent/hbm_c_norf_continue.jou...

> ; Continue from iter 200 after prevent-reverse-flow on both outlets.
; Do not reinitialize. Do not exit. Do not stop before 200 more steps.
/solve/iterate 200

  iter  continuity  x-velocity  y-velocity  z-velocity      energy     time/iter
   200  1.5583e-04  7.1760e-08  1.3477e-08  4.4272e-08  5.7009e-08  1:33:02  200
   201  4.3678e-04  9.9754e-07  9.1516e-07  2.7625e-07  5.7999e-08  1:32:28  199

 Artificial walls on 1522 faces (49.9% area) of pressure-outlet 11 to prevent fluid from flowing into the boundary.

 Artificial walls on 1958 faces (54.0% area) of pressure-outlet 12 to prevent fluid from flowing into the boundary.
        Stabilizing pressure coupled to enhance linear solver robustness.
   202  4.0420e-02  1.4827e-06  1.7361e-06  3.2556e-06  6.2178e-08  1:42:54  198

 Artificial walls on 1902 faces (62.9% area) of pressure-outlet 11 to prevent fluid from flowing into the boundary.

 Artificial walls on 2332 faces (64.9% area) of pressure-outlet 12 to prevent fluid from flowing into the boundary.
   203  3.1153e-02  1.3274e-05  2.9006e-05  4.8412e-05  6.2729e-08  1:38:30  197

 Artificial walls on 1994 faces (65.3% area) of pressure-outlet 11 to prevent fluid from flowing into the boundary.

 Artificial walls on 2446 faces (68.5% area) of pressure-outlet 12 to prevent fluid from flowing into the boundary.
   204  2.0314e-02  1.6009e-05  3.5869e-05  5.1410e-05  6.2593e-08  1:34:38  196

 Artificial walls on 2002 faces (65.6% area) of pressure-outlet 11 to prevent fluid from flowing into the boundary.

 Artificial walls on 2462 faces (68.8% area) of pressure-outlet 12 to prevent fluid from flowing into the boundary.
   205  1.3858e-02  1.4050e-05  2.9456e-05  3.9872e-05  6.2114e-08  1:31:31  195

 Artificial walls on 2002 faces (65.6% area) of pressure-outlet 11 to prevent fluid from flowing into the boundary.

 Artificial walls on 2480 faces (69.3% area) of pressure-outlet 12 to prevent fluid from flowing into the boundary.
        Stabilizing pressure coupled to enhance linear solver robustness.
   206  1.0327e-02  1.1315e-05  2.3961e-05  2.9690e-05  6.2219e-08  1:33:04  194

 Artificial walls on 2004 faces (65.7% area) of pressure-outlet 11 to prevent fluid from flowing into the boundary.

 Artificial walls on 2480 faces (69.3% area) of pressure-outlet 12 to prevent fluid from flowing into the boundary.
        Stabilizing pressure coupled to enhance linear solver robustness.
   207  7.9832e-03  9.0126e-06  2.0385e-05  2.2815e-05  6.1503e-08  2:00:44  193

 Artificial walls on 2004 faces (65.7% area) of pressure-outlet 11 to prevent fluid from flowing into the boundary.

 Artificial walls on 2480 faces (69.3% area) of pressure-outlet 12 to prevent fluid from flowing into the boundary.
   208  6.4818e-03  7.6770e-06  1.7957e-05  1.9687e-05  6.1160e-08  2:13:43  192

 Artificial walls on 2008 faces (65.8% area) of pressure-outlet 11 to prevent fluid from flowing into the boundary.

 Artificial walls on 2480 faces (69.3% area) of pressure-outlet 12 to prevent fluid from flowing into the boundary.
        Stabilizing pressure coupled to enhance linear solver robustness.
   209  5.6305e-03  6.8243e-06  1.5977e-05  1.7437e-05  6.1061e-08  2:23:47  191

 Artificial walls on 2008 faces (65.8% area) of pressure-outlet 11 to prevent fluid from flowing into the boundary.

 Artificial walls on 2480 faces (69.3% area) of pressure-outlet 12 to prevent fluid from flowing into the boundary.
   210  5.0117e-03  6.1923e-06  1.4422e-05  1.5791e-05  6.0736e-08  2:22:41  190

 Artificial walls on 2010 faces (65.9% area) of pressure-outlet 11 to prevent fluid from flowing into the boundary.

 Artificial walls on 2480 faces (69.3% area) of pressure-outlet 12 to prevent fluid from flowing into the boundary.

  iter  continuity  x-velocity  y-velocity  z-velocity      energy     time/iter
   211  4.6200e-03  5.5840e-06  1.2767e-05  1.4253e-05  6.0867e-08  2:22:30  189

 Artificial walls on 2010 faces (65.9% area) of pressure-outlet 11 to prevent fluid from flowing into the boundary.

 Artificial walls on 2480 faces (69.3% area) of pressure-outlet 12 to prevent fluid from flowing into the boundary.
        Stabilizing pressure coupled to enhance linear solver robustness.
   212  4.2942e-03  5.0575e-06  1.1435e-05  1.2875e-05  6.0077e-08  2:32:36  188

 Artificial walls on 2013 faces (66.0% area) of pressure-outlet 11 to prevent fluid from flowing into the boundary.

 Artificial walls on 2480 faces (69.3% area) of pressure-outlet 12 to prevent fluid from flowing into the boundary.
        Stabilizing pressure coupled to enhance linear solver robustness.
   213  4.0134e-03  4.6117e-06  1.0249e-05  1.1719e-05  6.0325e-08  2:50:20  187

 Artificial walls on 2015 faces (66.0% area) of pressure-outlet 11 to prevent fluid from flowing into the boundary.

 Artificial walls on 2480 faces (69.3% area) of pressure-outlet 12 to prevent fluid from flowing into the boundary.
        Stabilizing pressure coupled to enhance linear solver robustness.
   214  3.6915e-03  4.1909e-06  9.0816e-06  1.0601e-05  5.9896e-08  3:07:58  186

 Artificial walls on 2015 faces (66.0% area) of pressure-outlet 11 to prevent fluid from flowing into the boundary.

 Artificial walls on 2480 faces (69.3% area) of pressure-outlet 12 to prevent fluid from flowing into the boundary.
        Stabilizing pressure coupled to enhance linear solver robustness.
   215  3.5013e-03  3.8250e-06  8.3811e-06  9.5466e-06  5.9881e-08  3:24:37  185
(cx-use-window-id 51)

 Artificial walls on 2016 faces (66.0% area) of pressure-outlet 11 to prevent fluid from flowing into the boundary.

 Artificial walls on 2480 faces (69.3% area) of pressure-outlet 12 to prevent fluid from flowing into the boundary.
        Stabilizing pressure coupled to enhance linear solver robustness.
   216  3.1759e-03  3.4537e-06  7.2420e-06  8.5273e-06  5.9355e-08  3:04:53  184

 Artificial walls on 2016 faces (66.0% area) of pressure-outlet 11 to prevent fluid from flowing into the boundary.

 Artificial walls on 2480 faces (69.3% area) of pressure-outlet 12 to prevent fluid from flowing into the boundary.
        Stabilizing pressure coupled to enhance linear solver robustness.
   217  2.8870e-03  3.0954e-06  6.4787e-06  7.5297e-06  5.9142e-08  3:01:36  183

 Artificial walls on 2016 faces (66.0% area) of pressure-outlet 11 to prevent fluid from flowing into the boundary.

 Artificial walls on 2480 faces (69.3% area) of pressure-outlet 12 to prevent fluid from flowing into the boundary.
        Stabilizing pressure coupled to enhance linear solver robustness.
   218  2.6699e-03  2.7621e-06  5.8540e-06  6.6542e-06  5.8747e-08  3:17:53  182

 Artificial walls on 2018 faces (66.1% area) of pressure-outlet 11 to prevent fluid from flowing into the boundary.

 Artificial walls on 2480 faces (69.3% area) of pressure-outlet 12 to prevent fluid from flowing into the boundary.
        Stabilizing pressure coupled to enhance linear solver robustness.
   219  2.3986e-03  2.4466e-06  5.1500e-06  5.8413e-06  5.8744e-08  3:30:28  181

 Artificial walls on 2020 faces (66.1% area) of pressure-outlet 11 to prevent fluid from flowing into the boundary.

 Artificial walls on 2480 faces (69.3% area) of pressure-outlet 12 to prevent fluid from flowing into the boundary.
        Stabilizing pressure coupled to enhance linear solver robustness.
   220  2.1245e-03  2.1538e-06  4.4737e-06  5.1036e-06  5.9085e-08  3:40:09  180

 Artificial walls on 2020 faces (66.1% area) of pressure-outlet 11 to prevent fluid from flowing into the boundary.

 Artificial walls on 2480 faces (69.3% area) of pressure-outlet 12 to prevent fluid from flowing into the boundary.
   221  1.8799e-03  1.9124e-06  3.9418e-06  4.4536e-06  5.8470e-08  3:37:58  179

 Artificial walls on 2020 faces (66.1% area) of pressure-outlet 11 to prevent fluid from flowing into the boundary.

 Artificial walls on 2480 faces (69.3% area) of pressure-outlet 12 to prevent fluid from flowing into the boundary.
        Stabilizing pressure coupled to enhance linear solver robustness.

  iter  continuity  x-velocity  y-velocity  z-velocity      energy     time/iter
   222  1.6845e-03  1.7119e-06  3.5948e-06  3.9079e-06  5.8670e-08  3:43:17  178

 Artificial walls on 2020 faces (66.1% area) of pressure-outlet 11 to prevent fluid from flowing into the boundary.

 Artificial walls on 2480 faces (69.3% area) of pressure-outlet 12 to prevent fluid from flowing into the boundary.
   223  1.4938e-03  1.5607e-06  3.1207e-06  3.4709e-06  5.8353e-08  3:21:03  177

 Artificial walls on 2020 faces (66.1% area) of pressure-outlet 11 to prevent fluid from flowing into the boundary.

 Artificial walls on 2480 faces (69.3% area) of pressure-outlet 12 to prevent fluid from flowing into the boundary.
        Stabilizing pressure coupled to enhance linear solver robustness.
   224  1.3647e-03  1.4292e-06  2.8790e-06  3.1167e-06  5.8841e-08  3:09:19  176

 Artificial walls on 2020 faces (66.1% area) of pressure-outlet 11 to prevent fluid from flowing into the boundary.

 Artificial walls on 2480 faces (69.3% area) of pressure-outlet 12 to prevent fluid from flowing into the boundary.
        Stabilizing pressure coupled to enhance linear solver robustness.
   225  1.2690e-03  1.3398e-06  2.5849e-06  2.8725e-06  5.8447e-08  3:00:52  175

 Artificial walls on 2020 faces (66.1% area) of pressure-outlet 11 to prevent fluid from flowing into the boundary.

 Artificial walls on 2480 faces (69.3% area) of pressure-outlet 12 to prevent fluid from flowing into the boundary.
        Stabilizing pressure coupled to enhance linear solver robustness.
   226  1.2874e-03  1.2908e-06  2.6869e-06  2.7303e-06  5.8540e-08  2:56:12  174

 Artificial walls on 2020 faces (66.1% area) of pressure-outlet 11 to prevent fluid from flowing into the boundary.

 Artificial walls on 2480 faces (69.3% area) of pressure-outlet 12 to prevent fluid from flowing into the boundary.
        Stabilizing pressure coupled to enhance linear solver robustness.
   227  1.1537e-03  1.1879e-06  2.2481e-06  2.4836e-06  5.8112e-08  2:55:40  173

 Artificial walls on 2020 faces (66.1% area) of pressure-outlet 11 to prevent fluid from flowing into the boundary.

 Artificial walls on 2480 faces (69.3% area) of pressure-outlet 12 to prevent fluid from flowing into the boundary.
        Stabilizing pressure coupled to enhance linear solver robustness.
   228  1.0692e-03  1.1033e-06  2.0387e-06  2.2880e-06  5.8348e-08  2:54:11  172

 Artificial walls on 2020 faces (66.1% area) of pressure-outlet 11 to prevent fluid from flowing into the boundary.

 Artificial walls on 2480 faces (69.3% area) of pressure-outlet 12 to prevent fluid from flowing into the boundary.
        Stabilizing pressure coupled to enhance linear solver robustness.
   229  9.8625e-04  1.0151e-06  1.8550e-06  2.0947e-06  5.8307e-08  2:52:14  171

 Artificial walls on 2020 faces (66.1% area) of pressure-outlet 11 to prevent fluid from flowing into the boundary.

 Artificial walls on 2480 faces (69.3% area) of pressure-outlet 12 to prevent fluid from flowing into the boundary.
        Stabilizing pressure coupled to enhance linear solver robustness.
   230  9.1814e-04  9.3150e-07  1.6989e-06  1.9238e-06  5.8467e-08  2:45:54  170

 Artificial walls on 2020 faces (66.1% area) of pressure-outlet 11 to prevent fluid from flowing into the boundary.

 Artificial walls on 2480 faces (69.3% area) of pressure-outlet 12 to prevent fluid from flowing into the boundary.
        Stabilizing pressure coupled to enhance linear solver robustness.
   231  8.7885e-04  8.5321e-07  1.6502e-06  1.7737e-06  5.7952e-08  2:42:32  169

 Artificial walls on 2022 faces (66.1% area) of pressure-outlet 11 to prevent fluid from flowing into the boundary.

 Artificial walls on 2480 faces (69.3% area) of pressure-outlet 12 to prevent fluid from flowing into the boundary.
        Stabilizing pressure coupled to enhance linear solver robustness.
   232  8.0897e-04  7.7766e-07  1.4457e-06  1.6468e-06  5.8352e-08  2:37:40  168

 Artificial walls on 2022 faces (66.1% area) of pressure-outlet 11 to prevent fluid from flowing into the boundary.

 Artificial walls on 2480 faces (69.3% area) of pressure-outlet 12 to prevent fluid from flowing into the boundary.
        Stabilizing pressure coupled to enhance linear solver robustness.

  iter  continuity  x-velocity  y-velocity  z-velocity      energy     time/iter
   233  7.5365e-04  7.1068e-07  1.3084e-06  1.5117e-06  5.8101e-08  2:33:24  167

 Artificial walls on 2022 faces (66.1% area) of pressure-outlet 11 to prevent fluid from flowing into the boundary.

 Artificial walls on 2480 faces (69.3% area) of pressure-outlet 12 to prevent fluid from flowing into the boundary.
        Stabilizing pressure coupled to enhance linear solver robustness.
   234  7.0490e-04  6.5145e-07  1.2158e-06  1.3871e-06  5.8202e-08  2:33:33  166

 Artificial walls on 2022 faces (66.1% area) of pressure-outlet 11 to prevent fluid from flowing into the boundary.

 Artificial walls on 2480 faces (69.3% area) of pressure-outlet 12 to prevent fluid from flowing into the boundary.
        Stabilizing pressure coupled to enhance linear solver robustness.
   235  6.5406e-04  5.9680e-07  1.0624e-06  1.2607e-06  5.7427e-08  2:32:26  165

 Artificial walls on 2022 faces (66.1% area) of pressure-outlet 11 to prevent fluid from flowing into the boundary.

 Artificial walls on 2480 faces (69.3% area) of pressure-outlet 12 to prevent fluid from flowing into the boundary.
        Stabilizing pressure coupled to enhance linear solver robustness.
   236  6.2060e-04  5.4901e-07  9.9752e-07  1.1511e-06  5.7629e-08  2:32:56  164

 Artificial walls on 2022 faces (66.1% area) of pressure-outlet 11 to prevent fluid from flowing into the boundary.

 Artificial walls on 2480 faces (69.3% area) of pressure-outlet 12 to prevent fluid from flowing into the boundary.
        Stabilizing pressure coupled to enhance linear solver robustness.
   237  5.8532e-04  5.0503e-07  9.0733e-07  1.0532e-06  5.7004e-08  2:31:54  163

 Artificial walls on 2022 faces (66.1% area) of pressure-outlet 11 to prevent fluid from flowing into the boundary.

 Artificial walls on 2480 faces (69.3% area) of pressure-outlet 12 to prevent fluid from flowing into the boundary.
        Stabilizing pressure coupled to enhance linear solver robustness.
   238  5.4552e-04  4.6152e-07  8.3124e-07  9.5306e-07  5.7468e-08  2:32:43  162

 Artificial walls on 2022 faces (66.1% area) of pressure-outlet 11 to prevent fluid from flowing into the boundary.

 Artificial walls on 2480 faces (69.3% area) of pressure-outlet 12 to prevent fluid from flowing into the boundary.
        Stabilizing pressure coupled to enhance linear solver robustness.
   239  4.9836e-04  4.1773e-07  7.0061e-07  8.5009e-07  5.7261e-08  2:28:44  161

 Artificial walls on 2022 faces (66.1% area) of pressure-outlet 11 to prevent fluid from flowing into the boundary.

 Artificial walls on 2480 faces (69.3% area) of pressure-outlet 12 to prevent fluid from flowing into the boundary.
        Stabilizing pressure coupled to enhance linear solver robustness.
   240  4.6160e-04  3.7678e-07  6.5113e-07  7.5567e-07  5.6885e-08  2:24:22  160

 Artificial walls on 2022 faces (66.1% area) of pressure-outlet 11 to prevent fluid from flowing into the boundary.

 Artificial walls on 2480 faces (69.3% area) of pressure-outlet 12 to prevent fluid from flowing into the boundary.
        Stabilizing pressure coupled to enhance linear solver robustness.
   241  4.2088e-04  3.3653e-07  5.4645e-07  6.6426e-07  5.7793e-08  2:20:35  159

 Artificial walls on 2022 faces (66.1% area) of pressure-outlet 11 to prevent fluid from flowing into the boundary.

 Artificial walls on 2480 faces (69.3% area) of pressure-outlet 12 to prevent fluid from flowing into the boundary.
        Stabilizing pressure coupled to enhance linear solver robustness.
   242  3.8878e-04  3.0188e-07  4.9030e-07  5.8789e-07  5.7278e-08  2:19:33  158

 Artificial walls on 2022 faces (66.1% area) of pressure-outlet 11 to prevent fluid from flowing into the boundary.

 Artificial walls on 2480 faces (69.3% area) of pressure-outlet 12 to prevent fluid from flowing into the boundary.
   243  3.5823e-04  2.7438e-07  4.1972e-07  5.2257e-07  5.7148e-08  2:12:01  157

 Artificial walls on 2022 faces (66.1% area) of pressure-outlet 11 to prevent fluid from flowing into the boundary.

 Artificial walls on 2480 faces (69.3% area) of pressure-outlet 12 to prevent fluid from flowing into the boundary.
        Stabilizing pressure coupled to enhance linear solver robustness.

  iter  continuity  x-velocity  y-velocity  z-velocity      energy     time/iter
   244  3.3401e-04  2.4815e-07  3.8273e-07  4.6282e-07  5.7209e-08  2:10:50  156

 Artificial walls on 2022 faces (66.1% area) of pressure-outlet 11 to prevent fluid from flowing into the boundary.

 Artificial walls on 2480 faces (69.3% area) of pressure-outlet 12 to prevent fluid from flowing into the boundary.
        Stabilizing pressure coupled to enhance linear solver robustness.
   245  3.1004e-04  2.3057e-07  3.3488e-07  4.1474e-07  5.6667e-08  2:12:19  155

 Artificial walls on 2022 faces (66.1% area) of pressure-outlet 11 to prevent fluid from flowing into the boundary.

 Artificial walls on 2480 faces (69.3% area) of pressure-outlet 12 to prevent fluid from flowing into the boundary.
        Stabilizing pressure coupled to enhance linear solver robustness.
   246  2.8935e-04  2.1425e-07  2.9529e-07  3.7066e-07  5.7006e-08  2:08:41  154

 Artificial walls on 2022 faces (66.1% area) of pressure-outlet 11 to prevent fluid from flowing into the boundary.

 Artificial walls on 2480 faces (69.3% area) of pressure-outlet 12 to prevent fluid from flowing into the boundary.
        Stabilizing pressure coupled to enhance linear solver robustness.
   247  2.7178e-04  1.9682e-07  2.6372e-07  3.3154e-07  5.7052e-08  2:07:03  153

 Artificial walls on 2022 faces (66.1% area) of pressure-outlet 11 to prevent fluid from flowing into the boundary.

 Artificial walls on 2480 faces (69.3% area) of pressure-outlet 12 to prevent fluid from flowing into the boundary.
        Stabilizing pressure coupled to enhance linear solver robustness.
   248  2.5869e-04  1.8486e-07  2.4402e-07  3.0154e-07  5.7065e-08  2:09:31  152

 Artificial walls on 2022 faces (66.1% area) of pressure-outlet 11 to prevent fluid from flowing into the boundary.

 Artificial walls on 2480 faces (69.3% area) of pressure-outlet 12 to prevent fluid from flowing into the boundary.
   249  2.4599e-04  1.7535e-07  2.0817e-07  2.7340e-07  5.6998e-08  2:03:15  151

 Artificial walls on 2022 faces (66.1% area) of pressure-outlet 11 to prevent fluid from flowing into the boundary.

 Artificial walls on 2480 faces (69.3% area) of pressure-outlet 12 to prevent fluid from flowing into the boundary.
        Stabilizing pressure coupled to enhance linear solver robustness.
   250  2.3690e-04  1.6775e-07  1.9407e-07  2.4788e-07  5.6849e-08  2:03:24  150

 Artificial walls on 2022 faces (66.1% area) of pressure-outlet 11 to prevent fluid from flowing into the boundary.

 Artificial walls on 2480 faces (69.3% area) of pressure-outlet 12 to prevent fluid from flowing into the boundary.
        Stabilizing pressure coupled to enhance linear solver robustness.
   251  2.2871e-04  1.5980e-07  1.7708e-07  2.2834e-07  5.7258e-08  2:04:57  149

 Artificial walls on 2022 faces (66.1% area) of pressure-outlet 11 to prevent fluid from flowing into the boundary.

 Artificial walls on 2480 faces (69.3% area) of pressure-outlet 12 to prevent fluid from flowing into the boundary.
        Stabilizing pressure coupled to enhance linear solver robustness.
   252  2.3640e-04  1.5902e-07  2.0886e-07  2.1908e-07  5.7045e-08  2:04:20  148

 Artificial walls on 2022 faces (66.1% area) of pressure-outlet 11 to prevent fluid from flowing into the boundary.

 Artificial walls on 2480 faces (69.3% area) of pressure-outlet 12 to prevent fluid from flowing into the boundary.
        Stabilizing pressure coupled to enhance linear solver robustness.
   253  2.2313e-04  1.5150e-07  1.6291e-07  1.9902e-07  5.6847e-08  2:06:15  147

 Artificial walls on 2022 faces (66.1% area) of pressure-outlet 11 to prevent fluid from flowing into the boundary.

 Artificial walls on 2480 faces (69.3% area) of pressure-outlet 12 to prevent fluid from flowing into the boundary.
        Stabilizing pressure coupled to enhance linear solver robustness.
   254  2.1585e-04  1.4534e-07  1.4187e-07  1.8730e-07  5.6492e-08  2:08:12  146

 Artificial walls on 2022 faces (66.1% area) of pressure-outlet 11 to prevent fluid from flowing into the boundary.

 Artificial walls on 2480 faces (69.3% area) of pressure-outlet 12 to prevent fluid from flowing into the boundary.
        Stabilizing pressure coupled to enhance linear solver robustness.

  iter  continuity  x-velocity  y-velocity  z-velocity      energy     time/iter
   255  2.0890e-04  1.3802e-07  1.2788e-07  1.7302e-07  5.6824e-08  2:09:35  145

 Artificial walls on 2022 faces (66.1% area) of pressure-outlet 11 to prevent fluid from flowing into the boundary.

 Artificial walls on 2480 faces (69.3% area) of pressure-outlet 12 to prevent fluid from flowing into the boundary.
        Stabilizing pressure coupled to enhance linear solver robustness.
   256  2.0564e-04  1.3486e-07  1.1690e-07  1.6147e-07  5.6562e-08  2:08:49  144

 Artificial walls on 2022 faces (66.1% area) of pressure-outlet 11 to prevent fluid from flowing into the boundary.

 Artificial walls on 2480 faces (69.3% area) of pressure-outlet 12 to prevent fluid from flowing into the boundary.
        Stabilizing pressure coupled to enhance linear solver robustness.
   257  2.0499e-04  1.3445e-07  1.1128e-07  1.5370e-07  5.7232e-08  2:10:23  143

 Artificial walls on 2022 faces (66.1% area) of pressure-outlet 11 to prevent fluid from flowing into the boundary.

 Artificial walls on 2480 faces (69.3% area) of pressure-outlet 12 to prevent fluid from flowing into the boundary.
        Stabilizing pressure coupled to enhance linear solver robustness.
   258  2.0006e-04  1.2872e-07  1.0348e-07  1.4363e-07  5.7122e-08  2:07:56  142

 Artificial walls on 2022 faces (66.1% area) of pressure-outlet 11 to prevent fluid from flowing into the boundary.

 Artificial walls on 2480 faces (69.3% area) of pressure-outlet 12 to prevent fluid from flowing into the boundary.
        Stabilizing pressure coupled to enhance linear solver robustness.
   259  1.9665e-04  1.2570e-07  9.2551e-08  1.3665e-07  5.6891e-08  2:08:40  141

 Artificial walls on 2022 faces (66.1% area) of pressure-outlet 11 to prevent fluid from flowing into the boundary.

 Artificial walls on 2480 faces (69.3% area) of pressure-outlet 12 to prevent fluid from flowing into the boundary.
        Stabilizing pressure coupled to enhance linear solver robustness.
   260  1.9437e-04  1.2332e-07  8.8479e-08  1.2877e-07  5.7206e-08  2:08:14  140

 Artificial walls on 2022 faces (66.1% area) of pressure-outlet 11 to prevent fluid from flowing into the boundary.

 Artificial walls on 2480 faces (69.3% area) of pressure-outlet 12 to prevent fluid from flowing into the boundary.
        Stabilizing pressure coupled to enhance linear solver robustness.
   261  1.9124e-04  1.1928e-07  8.0758e-08  1.2137e-07  5.6830e-08  2:06:16  139

 Artificial walls on 2022 faces (66.1% area) of pressure-outlet 11 to prevent fluid from flowing into the boundary.

 Artificial walls on 2480 faces (69.3% area) of pressure-outlet 12 to prevent fluid from flowing into the boundary.
        Stabilizing pressure coupled to enhance linear solver robustness.
   262  1.8870e-04  1.1534e-07  7.3761e-08  1.1385e-07  5.6917e-08  2:09:24  138

 Artificial walls on 2022 faces (66.1% area) of pressure-outlet 11 to prevent fluid from flowing into the boundary.

 Artificial walls on 2480 faces (69.3% area) of pressure-outlet 12 to prevent fluid from flowing into the boundary.
        Stabilizing pressure coupled to enhance linear solver robustness.
   263  1.8456e-04  1.0771e-07  7.7150e-08  1.0555e-07  5.7222e-08  2:10:40  137

 Artificial walls on 2022 faces (66.1% area) of pressure-outlet 11 to prevent fluid from flowing into the boundary.

 Artificial walls on 2480 faces (69.3% area) of pressure-outlet 12 to prevent fluid from flowing into the boundary.
        Stabilizing pressure coupled to enhance linear solver robustness.
   264  1.8315e-04  1.0923e-07  6.1844e-08  1.0088e-07  5.6703e-08  2:10:59  136

 Artificial walls on 2022 faces (66.1% area) of pressure-outlet 11 to prevent fluid from flowing into the boundary.

 Artificial walls on 2480 faces (69.3% area) of pressure-outlet 12 to prevent fluid from flowing into the boundary.
        Stabilizing pressure coupled to enhance linear solver robustness.
   265  1.8067e-04  1.0704e-07  5.5583e-08  9.4528e-08  5.6764e-08  2:08:38  135

 Artificial walls on 2022 faces (66.1% area) of pressure-outlet 11 to prevent fluid from flowing into the boundary.

 Artificial walls on 2480 faces (69.3% area) of pressure-outlet 12 to prevent fluid from flowing into the boundary.
        Stabilizing pressure coupled to enhance linear solver robustness.

  iter  continuity  x-velocity  y-velocity  z-velocity      energy     time/iter
   266  1.7744e-04  1.0345e-07  5.1300e-08  8.7760e-08  5.7015e-08  2:07:44  134

 Artificial walls on 2022 faces (66.1% area) of pressure-outlet 11 to prevent fluid from flowing into the boundary.

 Artificial walls on 2480 faces (69.3% area) of pressure-outlet 12 to prevent fluid from flowing into the boundary.
        Stabilizing pressure coupled to enhance linear solver robustness.
   267  1.7318e-04  9.6202e-08  5.1034e-08  8.1147e-08  5.7068e-08  2:05:34  133

 Artificial walls on 2022 faces (66.1% area) of pressure-outlet 11 to prevent fluid from flowing into the boundary.

 Artificial walls on 2480 faces (69.3% area) of pressure-outlet 12 to prevent fluid from flowing into the boundary.
        Stabilizing pressure coupled to enhance linear solver robustness.
   268  1.7071e-04  9.3143e-08  4.2646e-08  7.6024e-08  5.6395e-08  2:05:43  132

 Artificial walls on 2022 faces (66.1% area) of pressure-outlet 11 to prevent fluid from flowing into the boundary.

 Artificial walls on 2480 faces (69.3% area) of pressure-outlet 12 to prevent fluid from flowing into the boundary.
        Stabilizing pressure coupled to enhance linear solver robustness.
   269  1.6967e-04  9.2366e-08  3.9535e-08  7.1970e-08  5.7096e-08  2:04:39  131

 Artificial walls on 2022 faces (66.1% area) of pressure-outlet 11 to prevent fluid from flowing into the boundary.

 Artificial walls on 2480 faces (69.3% area) of pressure-outlet 12 to prevent fluid from flowing into the boundary.
        Stabilizing pressure coupled to enhance linear solver robustness.
   270  1.6768e-04  8.8703e-08  3.5022e-08  6.8036e-08  5.6806e-08  2:03:16  130

 Artificial walls on 2022 faces (66.1% area) of pressure-outlet 11 to prevent fluid from flowing into the boundary.

 Artificial walls on 2480 faces (69.3% area) of pressure-outlet 12 to prevent fluid from flowing into the boundary.
        Stabilizing pressure coupled to enhance linear solver robustness.
   271  1.6486e-04  8.3482e-08  3.2038e-08  6.2168e-08  5.6727e-08  2:03:00  129

 Artificial walls on 2022 faces (66.1% area) of pressure-outlet 11 to prevent fluid from flowing into the boundary.

 Artificial walls on 2480 faces (69.3% area) of pressure-outlet 12 to prevent fluid from flowing into the boundary.
        Stabilizing pressure coupled to enhance linear solver robustness.
   272  1.6555e-04  8.8630e-08  2.8904e-08  6.1990e-08  5.6945e-08  1:59:55  128

 Artificial walls on 2022 faces (66.1% area) of pressure-outlet 11 to prevent fluid from flowing into the boundary.

 Artificial walls on 2480 faces (69.3% area) of pressure-outlet 12 to prevent fluid from flowing into the boundary.
        Stabilizing pressure coupled to enhance linear solver robustness.
   273  1.6179e-04  7.9865e-08  2.6879e-08  5.5999e-08  5.6866e-08  1:59:28  127

 Artificial walls on 2022 faces (66.1% area) of pressure-outlet 11 to prevent fluid from flowing into the boundary.

 Artificial walls on 2480 faces (69.3% area) of pressure-outlet 12 to prevent fluid from flowing into the boundary.
        Stabilizing pressure coupled to enhance linear solver robustness.
   274  1.6152e-04  8.0478e-08  2.6703e-08  5.4530e-08  5.6803e-08  1:58:12  126

 Artificial walls on 2022 faces (66.1% area) of pressure-outlet 11 to prevent fluid from flowing into the boundary.

 Artificial walls on 2480 faces (69.3% area) of pressure-outlet 12 to prevent fluid from flowing into the boundary.
        Stabilizing pressure coupled to enhance linear solver robustness.
   275  1.6222e-04  8.1374e-08  2.3531e-08  5.4067e-08  5.6759e-08  1:55:07  125

 Artificial walls on 2022 faces (66.1% area) of pressure-outlet 11 to prevent fluid from flowing into the boundary.

 Artificial walls on 2480 faces (69.3% area) of pressure-outlet 12 to prevent fluid from flowing into the boundary.
        Stabilizing pressure coupled to enhance linear solver robustness.
   276  1.6336e-04  8.9946e-08  2.2657e-08  5.6254e-08  5.6500e-08  1:54:22  124

 Artificial walls on 2022 faces (66.1% area) of pressure-outlet 11 to prevent fluid from flowing into the boundary.

 Artificial walls on 2480 faces (69.3% area) of pressure-outlet 12 to prevent fluid from flowing into the boundary.
        Stabilizing pressure coupled to enhance linear solver robustness.

  iter  continuity  x-velocity  y-velocity  z-velocity      energy     time/iter
   277  1.5816e-04  8.0971e-08  2.1229e-08  5.1543e-08  5.6563e-08  1:50:29  123

 Artificial walls on 2022 faces (66.1% area) of pressure-outlet 11 to prevent fluid from flowing into the boundary.

 Artificial walls on 2480 faces (69.3% area) of pressure-outlet 12 to prevent fluid from flowing into the boundary.
   278  1.5580e-04  7.0759e-08  1.9405e-08  4.5739e-08  5.7145e-08  1:44:03  122

 Artificial walls on 2022 faces (66.1% area) of pressure-outlet 11 to prevent fluid from flowing into the boundary.

 Artificial walls on 2480 faces (69.3% area) of pressure-outlet 12 to prevent fluid from flowing into the boundary.
   279  1.5491e-04  6.8966e-08  1.7189e-08  4.4019e-08  5.7153e-08  1:39:10  121

 Artificial walls on 2022 faces (66.1% area) of pressure-outlet 11 to prevent fluid from flowing into the boundary.

 Artificial walls on 2480 faces (69.3% area) of pressure-outlet 12 to prevent fluid from flowing into the boundary.
   280  1.5293e-04  6.3756e-08  1.6187e-08  3.9800e-08  5.6761e-08  1:34:49  120

 Artificial walls on 2022 faces (66.1% area) of pressure-outlet 11 to prevent fluid from flowing into the boundary.

 Artificial walls on 2480 faces (69.3% area) of pressure-outlet 12 to prevent fluid from flowing into the boundary.
   281  1.5680e-04  7.4965e-08  1.5396e-08  4.4880e-08  5.6837e-08  1:31:20  119

 Artificial walls on 2022 faces (66.1% area) of pressure-outlet 11 to prevent fluid from flowing into the boundary.

 Artificial walls on 2480 faces (69.3% area) of pressure-outlet 12 to prevent fluid from flowing into the boundary.
   282  1.5561e-04  7.3751e-08  1.5494e-08  4.3949e-08  5.7145e-08  1:28:20  118

 Artificial walls on 2022 faces (66.1% area) of pressure-outlet 11 to prevent fluid from flowing into the boundary.

 Artificial walls on 2480 faces (69.3% area) of pressure-outlet 12 to prevent fluid from flowing into the boundary.
   283  1.5386e-04  6.9293e-08  1.4909e-08  4.1024e-08  5.7115e-08  1:25:51  117

 Artificial walls on 2022 faces (66.1% area) of pressure-outlet 11 to prevent fluid from flowing into the boundary.

 Artificial walls on 2480 faces (69.3% area) of pressure-outlet 12 to prevent fluid from flowing into the boundary.
   284  1.5406e-04  6.7755e-08  1.3981e-08  3.9641e-08  5.6508e-08  1:23:38  116

 Artificial walls on 2022 faces (66.1% area) of pressure-outlet 11 to prevent fluid from flowing into the boundary.

 Artificial walls on 2480 faces (69.3% area) of pressure-outlet 12 to prevent fluid from flowing into the boundary.
   285  1.5256e-04  6.2892e-08  1.3214e-08  3.7056e-08  5.7093e-08  1:21:47  115

 Artificial walls on 2022 faces (66.1% area) of pressure-outlet 11 to prevent fluid from flowing into the boundary.

 Artificial walls on 2480 faces (69.3% area) of pressure-outlet 12 to prevent fluid from flowing into the boundary.
   286  1.5182e-04  6.0758e-08  1.2652e-08  3.5836e-08  5.6746e-08  1:20:44  114

 Artificial walls on 2022 faces (66.1% area) of pressure-outlet 11 to prevent fluid from flowing into the boundary.

 Artificial walls on 2480 faces (69.3% area) of pressure-outlet 12 to prevent fluid from flowing into the boundary.
   287  1.5296e-04  6.3587e-08  1.2210e-08  3.6765e-08  5.7183e-08  1:19:44  113

 Artificial walls on 2022 faces (66.1% area) of pressure-outlet 11 to prevent fluid from flowing into the boundary.

 Artificial walls on 2480 faces (69.3% area) of pressure-outlet 12 to prevent fluid from flowing into the boundary.

  iter  continuity  x-velocity  y-velocity  z-velocity      energy     time/iter
   288  1.4964e-04  5.5766e-08  1.1850e-08  3.2566e-08  5.6847e-08  1:18:20  112

 Artificial walls on 2022 faces (66.1% area) of pressure-outlet 11 to prevent fluid from flowing into the boundary.

 Artificial walls on 2480 faces (69.3% area) of pressure-outlet 12 to prevent fluid from flowing into the boundary.
   289  1.5015e-04  5.8631e-08  1.1355e-08  3.3207e-08  5.6948e-08  1:17:28  111

 Artificial walls on 2022 faces (66.1% area) of pressure-outlet 11 to prevent fluid from flowing into the boundary.

 Artificial walls on 2480 faces (69.3% area) of pressure-outlet 12 to prevent fluid from flowing into the boundary.
   290  1.4938e-04  5.8600e-08  1.1277e-08  3.3372e-08  5.6745e-08  1:16:16  110

 Artificial walls on 2022 faces (66.1% area) of pressure-outlet 11 to prevent fluid from flowing into the boundary.

 Artificial walls on 2480 faces (69.3% area) of pressure-outlet 12 to prevent fluid from flowing into the boundary.
        Stabilizing pressure coupled to enhance linear solver robustness.
   291  1.5283e-04  6.6406e-08  1.1644e-08  3.7289e-08  5.6772e-08  1:17:45  109

 Artificial walls on 2022 faces (66.1% area) of pressure-outlet 11 to prevent fluid from flowing into the boundary.

 Artificial walls on 2480 faces (69.3% area) of pressure-outlet 12 to prevent fluid from flowing into the boundary.
   292  1.5302e-04  6.4894e-08  1.1857e-08  3.5638e-08  5.7011e-08  1:16:12  108

 Artificial walls on 2022 faces (66.1% area) of pressure-outlet 11 to prevent fluid from flowing into the boundary.

 Artificial walls on 2480 faces (69.3% area) of pressure-outlet 12 to prevent fluid from flowing into the boundary.
        Stabilizing pressure coupled to enhance linear solver robustness.
   293  1.5081e-04  5.6809e-08  1.1424e-08  3.2055e-08  5.6852e-08  1:17:12  107

 Artificial walls on 2022 faces (66.1% area) of pressure-outlet 11 to prevent fluid from flowing into the boundary.

 Artificial walls on 2480 faces (69.3% area) of pressure-outlet 12 to prevent fluid from flowing into the boundary.
   294  1.5447e-04  6.8658e-08  1.0677e-08  3.8123e-08  5.6845e-08  1:15:35  106

 Artificial walls on 2022 faces (66.1% area) of pressure-outlet 11 to prevent fluid from flowing into the boundary.

 Artificial walls on 2480 faces (69.3% area) of pressure-outlet 12 to prevent fluid from flowing into the boundary.
   295  1.4880e-04  5.6181e-08  1.1321e-08  3.1499e-08  5.6693e-08  1:13:41  105

 Artificial walls on 2022 faces (66.1% area) of pressure-outlet 11 to prevent fluid from flowing into the boundary.

 Artificial walls on 2480 faces (69.3% area) of pressure-outlet 12 to prevent fluid from flowing into the boundary.
        Stabilizing pressure coupled to enhance linear solver robustness.
   296  1.4756e-04  5.0224e-08  1.0193e-08  2.7879e-08  5.6751e-08  1:14:59  104

 Artificial walls on 2022 faces (66.1% area) of pressure-outlet 11 to prevent fluid from flowing into the boundary.

 Artificial walls on 2480 faces (69.3% area) of pressure-outlet 12 to prevent fluid from flowing into the boundary.
   297  1.5341e-04  6.3690e-08  9.6551e-09  3.5419e-08  5.7074e-08  1:13:28  103

 Artificial walls on 2022 faces (66.1% area) of pressure-outlet 11 to prevent fluid from flowing into the boundary.

 Artificial walls on 2480 faces (69.3% area) of pressure-outlet 12 to prevent fluid from flowing into the boundary.
   298  1.4843e-04  5.1793e-08  1.0610e-08  2.9325e-08  5.6627e-08  1:12:01  102

 Artificial walls on 2022 faces (66.1% area) of pressure-outlet 11 to prevent fluid from flowing into the boundary.

 Artificial walls on 2480 faces (69.3% area) of pressure-outlet 12 to prevent fluid from flowing into the boundary.

  iter  continuity  x-velocity  y-velocity  z-velocity      energy     time/iter
   299  1.5279e-04  6.5266e-08  1.0183e-08  3.6118e-08  5.7367e-08  1:10:34  101

 Artificial walls on 2022 faces (66.1% area) of pressure-outlet 11 to prevent fluid from flowing into the boundary.

 Artificial walls on 2480 faces (69.3% area) of pressure-outlet 12 to prevent fluid from flowing into the boundary.
   300  1.4950e-04  5.8196e-08  1.0628e-08  3.1870e-08  5.6878e-08  1:09:28  100

 Artificial walls on 2022 faces (66.1% area) of pressure-outlet 11 to prevent fluid from flowing into the boundary.

 Artificial walls on 2480 faces (69.3% area) of pressure-outlet 12 to prevent fluid from flowing into the boundary.
   301  1.4754e-04  4.8467e-08  9.6906e-09  2.6921e-08  5.6747e-08  1:08:36   99

 Artificial walls on 2022 faces (66.1% area) of pressure-outlet 11 to prevent fluid from flowing into the boundary.

 Artificial walls on 2480 faces (69.3% area) of pressure-outlet 12 to prevent fluid from flowing into the boundary.
        Stabilizing pressure coupled to enhance linear solver robustness.
   302  1.4688e-04  4.5752e-08  8.9440e-09  2.5533e-08  5.6950e-08  1:10:39   98

 Artificial walls on 2022 faces (66.1% area) of pressure-outlet 11 to prevent fluid from flowing into the boundary.

 Artificial walls on 2480 faces (69.3% area) of pressure-outlet 12 to prevent fluid from flowing into the boundary.
   303  1.4824e-04  5.4828e-08  8.5221e-09  2.9881e-08  5.6971e-08  1:08:51   97

 Artificial walls on 2022 faces (66.1% area) of pressure-outlet 11 to prevent fluid from flowing into the boundary.

 Artificial walls on 2480 faces (69.3% area) of pressure-outlet 12 to prevent fluid from flowing into the boundary.
   304  1.5106e-04  5.8820e-08  9.3414e-09  3.1996e-08  5.6856e-08  1:07:53   96

 Artificial walls on 2022 faces (66.1% area) of pressure-outlet 11 to prevent fluid from flowing into the boundary.

 Artificial walls on 2480 faces (69.3% area) of pressure-outlet 12 to prevent fluid from flowing into the boundary.
   305  1.5404e-04  6.8871e-08  1.0347e-08  3.5749e-08  5.6739e-08  1:06:37   95

 Artificial walls on 2022 faces (66.1% area) of pressure-outlet 11 to prevent fluid from flowing into the boundary.

 Artificial walls on 2480 faces (69.3% area) of pressure-outlet 12 to prevent fluid from flowing into the boundary.
   306  1.5029e-04  5.9340e-08  1.0522e-08  3.1973e-08  5.7220e-08  1:05:45   94

 Artificial walls on 2022 faces (66.1% area) of pressure-outlet 11 to prevent fluid from flowing into the boundary.

 Artificial walls on 2480 faces (69.3% area) of pressure-outlet 12 to prevent fluid from flowing into the boundary.
        Stabilizing pressure coupled to enhance linear solver robustness.
   307  1.4807e-04  5.2737e-08  9.7386e-09  2.8579e-08  5.6993e-08  1:06:42   93

 Artificial walls on 2022 faces (66.1% area) of pressure-outlet 11 to prevent fluid from flowing into the boundary.

 Artificial walls on 2480 faces (69.3% area) of pressure-outlet 12 to prevent fluid from flowing into the boundary.
        Stabilizing pressure coupled to enhance linear solver robustness.
   308  1.4760e-04  5.2570e-08  9.0531e-09  2.8337e-08  5.6883e-08  1:08:11   92

 Artificial walls on 2022 faces (66.1% area) of pressure-outlet 11 to prevent fluid from flowing into the boundary.

 Artificial walls on 2480 faces (69.3% area) of pressure-outlet 12 to prevent fluid from flowing into the boundary.
   309  1.4905e-04  5.5518e-08  8.9098e-09  2.9704e-08  5.6771e-08  1:06:32   91

 Artificial walls on 2022 faces (66.1% area) of pressure-outlet 11 to prevent fluid from flowing into the boundary.

 Artificial walls on 2480 faces (69.3% area) of pressure-outlet 12 to prevent fluid from flowing into the boundary.

  iter  continuity  x-velocity  y-velocity  z-velocity      energy     time/iter
   310  1.5525e-04  6.7940e-08  9.5885e-09  3.7615e-08  5.6317e-08  1:05:21   90

 Artificial walls on 2022 faces (66.1% area) of pressure-outlet 11 to prevent fluid from flowing into the boundary.

 Artificial walls on 2480 faces (69.3% area) of pressure-outlet 12 to prevent fluid from flowing into the boundary.
   311  1.5400e-04  6.8175e-08  1.0947e-08  3.7167e-08  5.6582e-08  1:04:01   89

 Artificial walls on 2022 faces (66.1% area) of pressure-outlet 11 to prevent fluid from flowing into the boundary.

 Artificial walls on 2480 faces (69.3% area) of pressure-outlet 12 to prevent fluid from flowing into the boundary.
   312  1.5491e-04  7.4221e-08  1.0888e-08  3.9090e-08  5.6913e-08  1:02:39   88

 Artificial walls on 2022 faces (66.1% area) of pressure-outlet 11 to prevent fluid from flowing into the boundary.

 Artificial walls on 2480 faces (69.3% area) of pressure-outlet 12 to prevent fluid from flowing into the boundary.
   313  1.5138e-04  6.7299e-08  1.1273e-08  3.6354e-08  5.6821e-08  1:01:26   87

 Artificial walls on 2022 faces (66.1% area) of pressure-outlet 11 to prevent fluid from flowing into the boundary.

 Artificial walls on 2480 faces (69.3% area) of pressure-outlet 12 to prevent fluid from flowing into the boundary.
        Stabilizing pressure coupled to enhance linear solver robustness.
   314  1.4955e-04  5.8124e-08  1.0403e-08  3.0810e-08  5.7135e-08  1:02:54   86

 Artificial walls on 2022 faces (66.1% area) of pressure-outlet 11 to prevent fluid from flowing into the boundary.

 Artificial walls on 2480 faces (69.3% area) of pressure-outlet 12 to prevent fluid from flowing into the boundary.
   315  1.5159e-04  6.0283e-08  9.2543e-09  3.2904e-08  5.6769e-08  1:01:34   85

 Artificial walls on 2022 faces (66.1% area) of pressure-outlet 11 to prevent fluid from flowing into the boundary.

 Artificial walls on 2480 faces (69.3% area) of pressure-outlet 12 to prevent fluid from flowing into the boundary.
   316  1.5396e-04  6.5596e-08  9.9106e-09  3.5196e-08  5.7003e-08  1:00:13   84

 Artificial walls on 2022 faces (66.1% area) of pressure-outlet 11 to prevent fluid from flowing into the boundary.

 Artificial walls on 2480 faces (69.3% area) of pressure-outlet 12 to prevent fluid from flowing into the boundary.
   317  1.5559e-04  7.2806e-08  1.0460e-08  3.8721e-08  5.7071e-08  0:58:53   83

 Artificial walls on 2022 faces (66.1% area) of pressure-outlet 11 to prevent fluid from flowing into the boundary.

 Artificial walls on 2480 faces (69.3% area) of pressure-outlet 12 to prevent fluid from flowing into the boundary.
   318  1.5077e-04  6.3370e-08  1.1006e-08  3.3731e-08  5.6847e-08  0:57:58   82

 Artificial walls on 2022 faces (66.1% area) of pressure-outlet 11 to prevent fluid from flowing into the boundary.

 Artificial walls on 2480 faces (69.3% area) of pressure-outlet 12 to prevent fluid from flowing into the boundary.
        Stabilizing pressure coupled to enhance linear solver robustness.
   319  1.5230e-04  6.5192e-08  1.0199e-08  3.4697e-08  5.6330e-08  0:59:13   81

 Artificial walls on 2022 faces (66.1% area) of pressure-outlet 11 to prevent fluid from flowing into the boundary.

 Artificial walls on 2480 faces (69.3% area) of pressure-outlet 12 to prevent fluid from flowing into the boundary.
   320  1.5204e-04  6.2790e-08  9.5608e-09  3.4250e-08  5.6557e-08  0:57:41   80

 Artificial walls on 2022 faces (66.1% area) of pressure-outlet 11 to prevent fluid from flowing into the boundary.

 Artificial walls on 2480 faces (69.3% area) of pressure-outlet 12 to prevent fluid from flowing into the boundary.

  iter  continuity  x-velocity  y-velocity  z-velocity      energy     time/iter
   321  1.5517e-04  6.8525e-08  1.0003e-08  3.7285e-08  5.6880e-08  0:57:01   79

 Artificial walls on 2022 faces (66.1% area) of pressure-outlet 11 to prevent fluid from flowing into the boundary.

 Artificial walls on 2480 faces (69.3% area) of pressure-outlet 12 to prevent fluid from flowing into the boundary.
   322  1.5625e-04  7.2129e-08  1.0778e-08  3.8076e-08  5.6415e-08  0:55:47   78

 Artificial walls on 2022 faces (66.1% area) of pressure-outlet 11 to prevent fluid from flowing into the boundary.

 Artificial walls on 2480 faces (69.3% area) of pressure-outlet 12 to prevent fluid from flowing into the boundary.
   323  1.5766e-04  7.4309e-08  1.0898e-08  3.9496e-08  5.6848e-08  0:54:32   77

 Artificial walls on 2022 faces (66.1% area) of pressure-outlet 11 to prevent fluid from flowing into the boundary.

 Artificial walls on 2480 faces (69.3% area) of pressure-outlet 12 to prevent fluid from flowing into the boundary.
   324  1.5493e-04  7.2128e-08  1.1524e-08  3.9008e-08  5.7303e-08  0:53:22   76

 Artificial walls on 2022 faces (66.1% area) of pressure-outlet 11 to prevent fluid from flowing into the boundary.

 Artificial walls on 2480 faces (69.3% area) of pressure-outlet 12 to prevent fluid from flowing into the boundary.
        Stabilizing pressure coupled to enhance linear solver robustness.
   325  1.5357e-04  7.1944e-08  1.1305e-08  3.8194e-08  5.7270e-08  0:54:56   75

 Artificial walls on 2022 faces (66.1% area) of pressure-outlet 11 to prevent fluid from flowing into the boundary.

 Artificial walls on 2480 faces (69.3% area) of pressure-outlet 12 to prevent fluid from flowing into the boundary.
   326  1.4905e-04  5.7107e-08  9.9911e-09  3.1826e-08  5.6767e-08  0:53:40   74

 Artificial walls on 2022 faces (66.1% area) of pressure-outlet 11 to prevent fluid from flowing into the boundary.

 Artificial walls on 2480 faces (69.3% area) of pressure-outlet 12 to prevent fluid from flowing into the boundary.
   327  1.5400e-04  6.7590e-08  9.6602e-09  3.6595e-08  5.6112e-08  0:52:30   73

 Artificial walls on 2022 faces (66.1% area) of pressure-outlet 11 to prevent fluid from flowing into the boundary.

 Artificial walls on 2480 faces (69.3% area) of pressure-outlet 12 to prevent fluid from flowing into the boundary.
   328  1.5427e-04  7.0138e-08  1.0607e-08  3.8106e-08  5.7063e-08  0:51:44   72

 Artificial walls on 2022 faces (66.1% area) of pressure-outlet 11 to prevent fluid from flowing into the boundary.

 Artificial walls on 2480 faces (69.3% area) of pressure-outlet 12 to prevent fluid from flowing into the boundary.
   329  1.5497e-04  7.2363e-08  1.0825e-08  3.8714e-08  5.7154e-08  0:51:25   71

 Artificial walls on 2022 faces (66.1% area) of pressure-outlet 11 to prevent fluid from flowing into the boundary.

 Artificial walls on 2480 faces (69.3% area) of pressure-outlet 12 to prevent fluid from flowing into the boundary.
        Stabilizing pressure coupled to enhance linear solver robustness.
   330  1.5290e-04  6.6830e-08  1.1255e-08  3.5914e-08  5.6729e-08  0:51:35   70

 Artificial walls on 2022 faces (66.1% area) of pressure-outlet 11 to prevent fluid from flowing into the boundary.

 Artificial walls on 2480 faces (69.3% area) of pressure-outlet 12 to prevent fluid from flowing into the boundary.
        Stabilizing pressure coupled to enhance linear solver robustness.
   331  1.4943e-04  6.0691e-08  1.0264e-08  3.2490e-08  5.6891e-08  0:52:34   69

 Artificial walls on 2022 faces (66.1% area) of pressure-outlet 11 to prevent fluid from flowing into the boundary.

 Artificial walls on 2480 faces (69.3% area) of pressure-outlet 12 to prevent fluid from flowing into the boundary.

  iter  continuity  x-velocity  y-velocity  z-velocity      energy     time/iter
   332  1.5417e-04  6.9215e-08  9.5670e-09  3.6774e-08  5.7349e-08  0:50:46   68

 Artificial walls on 2022 faces (66.1% area) of pressure-outlet 11 to prevent fluid from flowing into the boundary.

 Artificial walls on 2480 faces (69.3% area) of pressure-outlet 12 to prevent fluid from flowing into the boundary.
   333  1.5195e-04  6.2233e-08  9.9713e-09  3.3751e-08  5.6840e-08  0:49:11   67

 Artificial walls on 2022 faces (66.1% area) of pressure-outlet 11 to prevent fluid from flowing into the boundary.

 Artificial walls on 2480 faces (69.3% area) of pressure-outlet 12 to prevent fluid from flowing into the boundary.
   334  1.5250e-04  6.4468e-08  9.9223e-09  3.4390e-08  5.7234e-08  0:48:11   66

 Artificial walls on 2022 faces (66.1% area) of pressure-outlet 11 to prevent fluid from flowing into the boundary.

 Artificial walls on 2480 faces (69.3% area) of pressure-outlet 12 to prevent fluid from flowing into the boundary.
        Stabilizing pressure coupled to enhance linear solver robustness.
   335  1.5197e-04  6.4448e-08  1.0343e-08  3.3550e-08  5.6617e-08  0:48:19   65

 Artificial walls on 2022 faces (66.1% area) of pressure-outlet 11 to prevent fluid from flowing into the boundary.

 Artificial walls on 2480 faces (69.3% area) of pressure-outlet 12 to prevent fluid from flowing into the boundary.
        Stabilizing pressure coupled to enhance linear solver robustness.
   336  1.5066e-04  6.2521e-08  9.9974e-09  3.3073e-08  5.6693e-08  0:48:08   64

 Artificial walls on 2022 faces (66.1% area) of pressure-outlet 11 to prevent fluid from flowing into the boundary.

 Artificial walls on 2480 faces (69.3% area) of pressure-outlet 12 to prevent fluid from flowing into the boundary.
        Stabilizing pressure coupled to enhance linear solver robustness.
   337  1.4815e-04  5.3191e-08  9.7526e-09  2.8555e-08  5.7094e-08  0:49:07   63
