Transcript Start Time:  09:13:34, 02 Oct 2026 中国标准时间 
Current Directory: "D:\agents2026\agents2026\agents\AIDCtms\coolingplate\design\cfd_HBM"

Build Time: Feb  2 2026 16:22:05 EST  Build Id: 10262 
Executable Path: E:/cae/programfiles/Ansys2026/ANSYS Inc261/v261/fluent/ntbin/win64/fluent.exe

------------------------------------------------------------------------------------
ID    Hostname         Core  O.S.         PID    CPU Model Name                    
------------------------------------------------------------------------------------
n0*   DESKTOP-JHEHF28  1/32  Windows-x64  32828  Intel(R) Core(TM) i9-14900KF      
host  DESKTOP-JHEHF28        Windows-x64  21260  Intel(R) Core(TM) i9-14900KF      

MPI Option Selected: intel
Selected system interconnect: default
------------------------------------------------------------------------------------

Cortex Process ID: 36860 
License Server Path: 1055@localhost 


> /file/read-case-data "D:/agents2026/agents2026/agents/AIDCtms/coolingplate/design/cfd_HBM/fluent/hbm_d_slit_lt9m_gpu_i200.cas.h5"Fast-loading "E:\cae\programfiles\Ansys2026\ANSYS Inc261\v261\fluent\fluent26.1.0\\addons\afd\lib\hdfio.bin"
Done.

Reading from DESKTOP-JHEHF28:"D:/agents2026/agents2026/agents/AIDCtms/coolingplate/design/cfd_HBM/fluent/hbm_d_slit_lt9m_gpu_i200.cas.h5" in NODE0 mode ...
  Reading mesh ...
     8611968 cells,     3 cell zones ...
        4008000 hexahedral cells,  zone id: 2
        3912576 hexahedral cells,  zone id: 3
         691392 hexahedral cells,  zone id: 4
    26778736 faces,    16 face zones ...
          26592 quadrilateral wall faces,  zone id: 18
         105120 quadrilateral wall faces,  zone id: 17
           2496 quadrilateral wall faces,  zone id: 16
         127296 quadrilateral wall faces,  zone id: 15
        1944400 quadrilateral interior faces,  zone id: 14
       11303920 quadrilateral interior faces,  zone id: 13
       11644752 quadrilateral interior faces,  zone id: 5
         519968 quadrilateral wall faces,  zone id: 6
         519968 quadrilateral wall faces,  zone id: 20
         115232 quadrilateral wall faces,  zone id: 7
         115232 quadrilateral wall faces,  zone id: 19
           1456 quadrilateral mass-flow-inlet faces,  zone id: 8
         106368 quadrilateral pressure-outlet faces,  zone id: 9
         115232 quadrilateral wall faces,  zone id: 10
          66192 quadrilateral wall faces,  zone id: 11
          64512 quadrilateral wall faces,  zone id: 12
     9545352 nodes,     1 node zone  ...
  Done.


Building...
     mesh
     materials,
     interface,
     domains,
	mixture
     zones,
	wall_cu_fluid-shadow
	wall_tim_cu-shadow
	wall_side:018
	wall_side:017
	wall_adiabat:016
	wall_adiabat:015
	interior:014
	interior:013
	wall_tim_cu
	wall_cu_fluid
	interior
	inlet
	outlet
	wall_heat
	wall_adiabat
	wall_side
	solid_tim2
	solid_cu
	fluid
     parallel,
Done.

Reading from DESKTOP-JHEHF28:"D:/agents2026/agents2026/agents/AIDCtms/coolingplate/design/cfd_HBM/fluent/hbm_d_slit_lt9m_gpu_i200.dat.h5" in NODE0 mode ...


  Reading results.
Parallel variables...
Done.


> /report/surface-integrals/mass-weighted-avg
Available surfaces: (wall_side wall_heat inlet wall_tim_cu wall_cu_fluid outlet wall_adiabat wall_adiabat:015 wall_adiabat:016 wall_side:017 wall_side:018 wall_tim_cu-shadow wall_cu_fluid-shadow)
Select surface names/ids(1) [()] inlet
Select surface names/ids(2) [()] outlet
Select surface names/ids(3) [()] ()

mass-weighted-avg of> temperature
Write to file? [no] no

           Mass-Weighted Average
              Static Temperature                  [K]
-------------------------------- --------------------
                           inlet            313.14999
                          outlet            315.64413
                ---------------- --------------------
                             Net            314.39709

> /report/surface-integrals/area-weighted-avg
Available surfaces: (wall_side wall_heat inlet wall_tim_cu wall_cu_fluid outlet wall_adiabat wall_adiabat:015 wall_adiabat:016 wall_side:017 wall_side:018 wall_tim_cu-shadow wall_cu_fluid-shadow)
Select surface names/ids(1) [()] inlet
Select surface names/ids(2) [()] outlet
Select surface names/ids(3) [()] ()

area-weighted-avg of> temperature
Write to file? [no] no

           Area-Weighted Average
              Static Temperature                  [K]
-------------------------------- --------------------
                           inlet            313.14999
                          outlet            315.96764
                ---------------- --------------------
                             Net            315.65457

> /report/fluxes/heat-transfer
All boundary/interior zones [yes] no
Zone(1) [()] inlet
Zone(2) [()] outlet
Zone(3) [()] wall_heat
Zone(4) [()] ()
Write to file? [no] /file/stop-transcript

Error: Please answer y[es] or n[o].
Error Object: /file/stop-transcript

Error: Please answer y[es] or n[o].
Error Object: /file/stop-transcript

Warning: An error or interrupt occurred while reading the journal file.
Some commands may not have been completed.


