Transcript Start Time:  00:18:59, 02 Oct 2026 中国标准时间 
Current Directory: "D:\agents2026\agents2026\agents\AIDCtms\coolingplate\design\cfd_HBM"

Build Time: Feb  2 2026 16:22:05 EST  Build Id: 10262 
Executable Path: E:/cae/programfiles/Ansys2026/ANSYS Inc261/v261/fluent/ntbin/win64/fluent.exe

------------------------------------------------------------------------------------
ID    Hostname         Core  O.S.         PID    CPU Model Name                    
------------------------------------------------------------------------------------
n0*   DESKTOP-JHEHF28  1/32  Windows-x64  40188  Intel(R) Core(TM) i9-14900KF      
host  DESKTOP-JHEHF28        Windows-x64  40940  Intel(R) Core(TM) i9-14900KF      

MPI Option Selected: intel
Selected system interconnect: default
------------------------------------------------------------------------------------

Cortex Process ID: 41808 
License Server Path: 1055@localhost 


> /file/read-case "D:/agents2026/agents2026/agents/AIDCtms/coolingplate/design/cfd_HBM/mesh/hbm_d_slit_lt9m.msh"
Reading "D:/agents2026/agents2026/agents/AIDCtms/coolingplate/design/cfd_HBM/mesh/hbm_d_slit_lt9m.msh"...

Buffering for file scan...

10329189 nodes.
 4008000 hexahedral cells, zone  2.
 3912576 hexahedral cells, zone  3.
  691392 hexahedral cells, zone  4.
24893072 quadrilateral interior faces, zone  5.
  519968 quadrilateral wall faces, zone  6.
  115232 quadrilateral wall faces, zone  7.
    1456 quadrilateral velocity-inlet faces, zone  8.
  106368 quadrilateral pressure-outlet faces, zone  9.
  115232 quadrilateral wall faces, zone 10.
  195984 quadrilateral wall faces, zone 11.
  196224 quadrilateral wall faces, zone 12.

Building...
     mesh
      interior -> interior (5) and interior:013 (13)
      interior -> interior (5) and interior:014 (14)
      wall_adiabat -> wall_adiabat (11) and wall_adiabat:015 (15)
      wall_adiabat -> wall_adiabat (11) and wall_adiabat:016 (16)
      wall_side -> wall_side (12) and wall_side:017 (17)
      wall_side -> wall_side (12) and wall_side:018 (18)
Note: Separating interior zone 5 into zones 5 and 13. 
Note: Separating interior zone 5 into zones 5 and 14. 
Note: Separating wall zone 11 into zones 11 and 15. 
Note: Separating wall zone 11 into zones 11 and 16. 
Note: Separating wall zone 12 into zones 12 and 17. 
Note: Separating wall zone 12 into zones 12 and 18. 
     materials,
     interface,
     domains,
     zones,
	wall_cu_fluid-shadow
	wall_tim_cu-shadow
	wall_side:018
	wall_side:017
	wall_adiabat:016
	wall_adiabat:015
	interior:014
	interior:013
	wall_side
	wall_adiabat
	wall_heat
	outlet
	inlet
	wall_tim_cu
	wall_cu_fluid
	interior
	solid_tim2
	solid_cu
	fluid
     parallel,
Done.

Preparing mesh for display...
Done.


> /mesh/check

 Domain Extents:
   x-coordinate: min (m) = -4.000000e-03, max (m) = 1.500000e-02
   y-coordinate: min (m) = 0.000000e+00, max (m) = 5.000000e-02
   z-coordinate: min (m) = -2.080000e-03, max (m) = 8.000000e-03
 Volume statistics:
   minimum volume (m3): 3.199746e-15
   maximum volume (m3): 9.879971e-11
     total volume (m3): 6.242720e-06
 Face area statistics:
   minimum face area (m2): 1.066666e-10
   maximum face area (m2): 4.201237e-07
 Checking mesh................................
 Done.

> /define/boundary-conditions/list-zones
  id  name                       type                adj-zone-material     wall-material         kind
----  -------------------------  ------------------  --------------------  --------------------  ----
   2  fluid                      fluid               air                                         cell
   3  solid_cu                   solid               aluminum                                    cell
   4  solid_tim2                 solid               aluminum                                    cell
   5  interior                   interior                                                        face
   6  wall_cu_fluid              wall                air                   aluminum              face
   7  wall_tim_cu                wall                aluminum              aluminum              face
   8  inlet                      mass-flow-inlet                                                 face
   9  outlet                     pressure-outlet                                                 face
  10  wall_heat                  wall                aluminum              aluminum              face
  11  wall_adiabat               wall                air                   aluminum              face
  12  wall_side                  wall                air                   aluminum              face
  13  interior:013               interior                                                        face
  14  interior:014               interior                                                        face
  15  wall_adiabat:015           wall                aluminum              aluminum              face
  16  wall_adiabat:016           wall                aluminum              aluminum              face
  17  wall_side:017              wall                aluminum              aluminum              face
  18  wall_side:018              wall                aluminum              aluminum              face
  19  wall_tim_cu-shadow         wall                aluminum              aluminum              face
  20  wall_cu_fluid-shadow       wall                aluminum              aluminum              face

> /define/models/energy yes
Compute viscous energy work? [no] no
Include pressure work in energy equation? [no] no
Include kinetic energy in energy equation? [no] no
Include diffusion at inlets? [yes] no

> /define/models/viscous/laminar yes

> /define/materials/copy fluid water-liquid

Material "water-liquid" copied from database.


> /define/materials/copy solid copper

Material "copper" copied from database.


> /define/materials/change-create

material-name> water-liquid
material name [water-liquid] water-liquid
water-liquid is a fluid
change Density? [no] yes

Density
methods: (constant piecewise-linear piecewise-polynomial polynomial real-gas-soave-redlich-kwong real-gas-peng-robinson expression compressible-liquid ideal-gas incompressible-ideal-gas boussinesq)
new method [constant] constant
value (in [kg/m^3]) [998.2] 1022.5

change Cp (Specific Heat)? [no] yes

Cp (Specific Heat)
methods: (kinetic-theory constant piecewise-linear piecewise-polynomial polynomial)
new method [constant] constant
value (in [J/(kg K)]) [4182] 3900

change Thermal Conductivity? [no] yes

Thermal Conductivity
methods: (kinetic-theory constant piecewise-linear piecewise-polynomial polynomial expression)
new method [constant] constant
value (in [W/(m K)]) [0.6] 0.476

change Viscosity? [no] yes

Viscosity
methods: (kinetic-theory constant expression piecewise-linear piecewise-polynomial polynomial sutherland carreau non-newtonian-power-law)
new method [constant] constant
value (in [kg/(m s)]) [0.001003] 1.58e-3

change Molecular Weight? [no] no
change Thermal Expansion Coefficient? [no] no
change Speed of Sound? [no] no

> /define/materials/change-create

material-name> copper
material name [copper] copper
copper is a solid
change Density? [no] yes

Density
methods: (constant user-defined)
new method [constant] constant
value (in [kg/m^3]) [8978] 8960

change Cp (Specific Heat)? [no] yes

Cp (Specific Heat)
methods: (constant piecewise-linear piecewise-polynomial polynomial)
new method [constant] constant
value (in [J/(kg K)]) [381] 385

change Thermal Conductivity? [no] yes

Thermal Conductivity
methods: (constant piecewise-linear piecewise-polynomial polynomial cyl-orthotropic orthotropic anisotropic user-defined)
new method [constant] constant
value (in [W/(m K)]) [387.6] 390


> /define/materials/change-create

material-name> aluminum
material name [aluminum] tim2
tim2 is a solid
change Density? [no] yes

Density
methods: (constant user-defined)
new method [constant] constant
value (in [kg/m^3]) [2719] 2800

change Cp (Specific Heat)? [no] yes

Cp (Specific Heat)
methods: (constant piecewise-linear piecewise-polynomial polynomial)
new method [constant] constant
value (in [J/(kg K)]) [871] 1000

change Thermal Conductivity? [no] yes

Thermal Conductivity
methods: (constant piecewise-linear piecewise-polynomial polynomial cyl-orthotropic orthotropic anisotropic user-defined)
new method [constant] constant
value (in [W/(m K)]) [202.4] 8.818342


Change/Create material and Overwrite aluminum? [no] yes

> /define/boundary-conditions/fluid
(fluid)
zone id/name [fluid] fluid
material-name [air]: Change current value? [no] yes

material-name [air]> water-liquid
Specify source terms? [no] no
Specify fixed values? [no] no
Frame Motion? [no] no
Use Profile for Reference Frame X-Origin of Rotation-Axis? [no] no
Reference Frame X-Origin of Rotation-Axis (constant or expression) (in [m]) [0] 0
Use Profile for Reference Frame Y-Origin of Rotation-Axis? [no] no
Reference Frame Y-Origin of Rotation-Axis (constant or expression) (in [m]) [0] 0
Use Profile for Reference Frame Z-Origin of Rotation-Axis? [no] no
Reference Frame Z-Origin of Rotation-Axis (constant or expression) (in [m]) [0] 0
Use Profile for Reference Frame X-Component of Rotation-Axis? [no] no
Reference Frame X-Component of Rotation-Axis (constant or expression) [0] 0
Use Profile for Reference Frame Y-Component of Rotation-Axis? [no] no
Reference Frame Y-Component of Rotation-Axis (constant or expression) [0] 0
Use Profile for Reference Frame Z-Component of Rotation-Axis? [no] no
Reference Frame Z-Component of Rotation-Axis (constant or expression) [1] 1
Mesh Motion? [no] no
Enter yes or no to continue [no] no
Porous zone? [no] no
3D Fan Zone? [no] no

> /define/boundary-conditions/solid
(solid_cu solid_tim2)
zone id/name [solid_cu] solid_cu
material-name [tim2]: Change current value? [no] yes

material-name [tim2]> copper
Specify source terms? [no] no
Specify fixed values? [no] no
Frame Motion? [no] no
Use Profile for Reference Frame X-Origin of Rotation-Axis? [no] no
Reference Frame X-Origin of Rotation-Axis (constant or expression) (in [m]) [0] 0
Use Profile for Reference Frame Y-Origin of Rotation-Axis? [no] no
Reference Frame Y-Origin of Rotation-Axis (constant or expression) (in [m]) [0] 0
Use Profile for Reference Frame Z-Origin of Rotation-Axis? [no] no
Reference Frame Z-Origin of Rotation-Axis (constant or expression) (in [m]) [0] 0
Use Profile for Reference Frame X-Component of Rotation-Axis? [no] no
Reference Frame X-Component of Rotation-Axis (constant or expression) [0] 0
Use Profile for Reference Frame Y-Component of Rotation-Axis? [no] no
Reference Frame Y-Component of Rotation-Axis (constant or expression) [0] 0
Use Profile for Reference Frame Z-Component of Rotation-Axis? [no] no
Reference Frame Z-Component of Rotation-Axis (constant or expression) [1] 1
Mesh Motion? [no] no
Solid Motion? [no] no
Enter yes or no to continue [no] no

> /define/boundary-conditions/solid
(solid_cu solid_tim2)
zone id/name [solid_cu] solid_tim2
material-name [tim2]: Change current value? [no] yes

material-name [tim2]> tim2
Specify source terms? [no] no
Specify fixed values? [no] no
Frame Motion? [no] no
Use Profile for Reference Frame X-Origin of Rotation-Axis? [no] no
Reference Frame X-Origin of Rotation-Axis (constant or expression) (in [m]) [0] 0
Use Profile for Reference Frame Y-Origin of Rotation-Axis? [no] no
Reference Frame Y-Origin of Rotation-Axis (constant or expression) (in [m]) [0] 0
Use Profile for Reference Frame Z-Origin of Rotation-Axis? [no] no
Reference Frame Z-Origin of Rotation-Axis (constant or expression) (in [m]) [0] 0
Use Profile for Reference Frame X-Component of Rotation-Axis? [no] no
Reference Frame X-Component of Rotation-Axis (constant or expression) [0] 0
Use Profile for Reference Frame Y-Component of Rotation-Axis? [no] no
Reference Frame Y-Component of Rotation-Axis (constant or expression) [0] 0
Use Profile for Reference Frame Z-Component of Rotation-Axis? [no] no
Reference Frame Z-Component of Rotation-Axis (constant or expression) [1] 1
Mesh Motion? [no] no
Solid Motion? [no] no
Enter yes or no to continue [no] no

> /define/boundary-conditions/zone-type inlet mass-flow-inlet

> /define/boundary-conditions/zone-type outlet pressure-outlet

> /define/boundary-conditions/zone-type wall_heat wall

> /define/boundary-conditions/zone-type wall_adiabat wall

> /define/boundary-conditions/zone-type wall_side wall

> /define/boundary-conditions/set/mass-flow-inlet inlet () mass-flow no 1.0225e-2 t no 313.15 q

> /define/boundary-conditions/set/pressure-outlet outlet () t no 313.15 q

> /define/boundary-conditions/wall
(wall_side wall_adiabat wall_heat wall_cu_fluid wall_tim_cu wall_adiabat:015 wall_adiabat:016 wall_side:017 wall_side:018 wall_tim_cu-shadow wall_cu_fluid-shadow)
zone id/name [wall_side] wall_heat
Use Profile for Wall Thickness? [no] no
Wall Thickness (constant or expression) (in [m]) [0] 0
Use Profile for Heat Generation Rate? [no] no
Heat Generation Rate (constant or expression) (in [W/m^3]) [0] 0
material-name [tim2]: Change current value? [no] no
Thermal BC Type [heat-flux]: Change current value? [no] yes

Thermal BC Type [heat-flux]> heat-flux
Use Profile for Heat Flux? [no] no
Heat Flux (constant or expression) (in [W/m^2]) [0] 205000
Enable shell conduction? [no] no
Use Profile for Convective Augmentation Factor? [no] no
Convective Augmentation Factor (constant or expression) [1] 1

> /report/reference-values/temperature 313.15

> /define/operating-conditions/operating-pressure 101325

> /solve/set/p-v-coupling 24

> /solve/set/pseudo-transient yes
Activate automatic time step size calculation? [yes] yes
Length scale calculation methods: (0 1 2)
0 - Aggressive 
1 - Conservative 
2 - User-Specified 
Length Scale Calculation Method [1] 1
Auto time step scaling factor (constant or expression) [1] 1
Auto time verbosity [0] 0
Activate automatic time step size calculation for solid zone? [yes] yes
Auto time step scale factor for solid zone [1] 1

> /solve/set/discretization-scheme/pressure 10

GPU solver defaults are activated for the following unsupported settings (1)
======================================
Area    Settings  From  To            
--------------------------------------
solver  pressure        second order  


> /solve/set/discretization-scheme/mom 0

> /solve/set/discretization-scheme/temperature 0

> /solve/monitors/residual/print? yes

> /solve/monitors/residual/plot? yes

> /solve/monitors/residual/criterion-type Available options: (absolute none)
0

> /solve/monitors/residual/check-convergence? no
Check convergence of x-velocity residuals? [yes] no
Check convergence of y-velocity residuals? [yes] no
Check convergence of z-velocity residuals? [yes] no
Check convergence of energy residuals? [yes] no

> /file/auto-save/root-name "D:/agents2026/agents2026/agents/AIDCtms/coolingplate/design/cfd_HBM/fluent/hbm_d_slit_lt9m_gpu"

> /file/auto-save/data-frequency 200

> /file/auto-save/case-frequency
Available options: ("if-case-is-modified" "each-time" "if-mesh-is-modified")
Case save frequency ["if-case-is-modified"] each-time

> /solve/initialize/set-defaults/temperature 313.15

> /solve/initialize/initialize-flow
Preparing GPU solver, please wait ...
------------------------------------------------------------------------------------------------------------------------
Rank  PID    Core  OS     Host             Device  Name                     Version  Memory(GB)   Bandwidth  Cores      
------------------------------------------------------------------------------------------------------------------------
0     40188  1/32  win64  DESKTOP-JHEHF28  0/1     NVIDIA GeForce RTX 4090  8.9      23.99/22.44  961.395    128x128    
------------------------------------------------------------------------------------------------------------------------
Done

> /solve/iterate 200

  iter  continuity  x-velocity  y-velocity  z-velocity      energy     time/iter
    activating bcgstab to improve linear solver convergence for coupled/solve
Reverse flow on 383 faces of outlet boundary (outlet).
     1  2.4291e-03  0.0000e+00  0.0000e+00  2.9287e-03  2.4075e-03  0:27:02  199
    activating bcgstab to improve linear solver convergence for coupled/solve
Reverse flow on 489 faces of outlet boundary (outlet).
     2  4.6405e-04  3.0869e-04  2.8285e-04  4.6330e-03  2.0296e-03  0:24:37  198
    activating bcgstab to improve linear solver convergence for coupled/solve
Reverse flow on 357 faces of outlet boundary (outlet).
     3  3.3608e-04  3.4099e-04  3.4871e-04  4.7163e-03  2.0522e-03  0:24:04  197
    activating bcgstab to improve linear solver convergence for coupled/solve
Reverse flow on 285 faces of outlet boundary (outlet).
     4  1.6215e-04  3.0572e-04  2.7198e-04  2.7173e-03  2.7194e-03  0:05:09  196
    activating bcgstab to improve linear solver convergence for coupled/solve
Reverse flow on 460 faces of outlet boundary (outlet).
     5  4.6405e-04  9.9708e-04  8.8348e-04  2.8644e-03  2.1986e-03  0:06:22  195
    activating bcgstab to improve linear solver convergence for coupled/solve
     6  2.5232e-04  6.2687e-04  5.3689e-04  1.6046e-03  3.8144e-03  0:07:28  194
    activating bcgstab to improve linear solver convergence for coupled/solve
Reverse flow on 15 faces of outlet boundary (outlet).
     7  2.4880e-04  1.5432e-03  6.5088e-04  2.9851e-03  3.9531e-03  0:14:11  193
    activating bcgstab to improve linear solver convergence for coupled/solve
     8  7.3280e-04  2.3317e-03  1.5036e-03  4.7141e-03  3.3506e-03  0:09:03  192
    activating bcgstab to improve linear solver convergence for coupled/solve
     9  6.5746e-04  1.4453e-03  8.5946e-04  2.6960e-03  2.5013e-03  0:10:19  191
    activating bcgstab to improve linear solver convergence for coupled/solve
    10  4.4522e-04  9.7175e-04  4.2230e-04  1.8090e-03  2.2069e-03  0:10:30  190
    activating bcgstab to improve linear solver convergence for coupled/solve
    11  3.7886e-04  8.1439e-04  4.4619e-04  1.7956e-03  1.8775e-03  0:12:10  189
    activating bcgstab to improve linear solver convergence for coupled/solve

  iter  continuity  x-velocity  y-velocity  z-velocity      energy     time/iter
    12  3.2036e-04  6.2521e-04  3.8461e-04  1.5647e-03  1.5455e-03  0:15:02  188
    activating bcgstab to improve linear solver convergence for coupled/solve
    13  2.5932e-04  4.7510e-04  3.0659e-04  1.2923e-03  1.2499e-03  0:19:29  187
    activating bcgstab to improve linear solver convergence for coupled/solve
    14  2.0405e-04  3.8045e-04  2.6273e-04  1.0554e-03  9.6368e-04  0:22:31  186
    activating bcgstab to improve linear solver convergence for coupled/solve
    15  1.5536e-04  3.0284e-04  2.5275e-04  8.3406e-04  7.2581e-04  0:22:24  185
    activating bcgstab to improve linear solver convergence for coupled/solve
    16  1.2478e-04  2.4927e-04  2.7810e-04  6.7403e-04  5.5845e-04  0:22:11  184
    activating bcgstab to improve linear solver convergence for coupled/solve
    17  1.0857e-04  2.0758e-04  2.9555e-04  5.5900e-04  4.4006e-04  0:22:03  183
    activating bcgstab to improve linear solver convergence for coupled/solve
    18  9.8539e-05  1.7594e-04  2.9189e-04  4.7082e-04  3.5766e-04  0:21:50  182
    activating bcgstab to improve linear solver convergence for coupled/solve
    19  8.8696e-05  1.5298e-04  2.6886e-04  3.9717e-04  2.9680e-04  0:21:43  181
    activating bcgstab to improve linear solver convergence for coupled/solve
    20  7.7772e-05  1.3504e-04  2.3376e-04  3.3247e-04  2.5203e-04  0:21:35  180
    activating bcgstab to improve linear solver convergence for coupled/solve
    21  6.6237e-05  1.1806e-04  1.9396e-04  2.7556e-04  2.1789e-04  0:21:26  179
    activating bcgstab to improve linear solver convergence for coupled/solve
    22  5.5364e-05  1.0042e-04  1.5557e-04  2.2686e-04  1.9082e-04  0:21:14  178
    activating bcgstab to improve linear solver convergence for coupled/solve

  iter  continuity  x-velocity  y-velocity  z-velocity      energy     time/iter
    23  4.6076e-05  8.3441e-05  1.2243e-04  1.8739e-04  1.6926e-04  0:21:09  177
    activating bcgstab to improve linear solver convergence for coupled/solve
    24  3.8755e-05  6.8495e-05  9.7140e-05  1.5733e-04  1.5223e-04  0:20:54  176
    activating bcgstab to improve linear solver convergence for coupled/solve
    25  3.3370e-05  5.7192e-05  8.0593e-05  1.3571e-04  1.3922e-04  0:20:13  175
    activating bcgstab to improve linear solver convergence for coupled/solve
    26  2.9581e-05  4.9842e-05  7.1966e-05  1.2074e-04  1.3023e-04  0:19:59  174
    activating bcgstab to improve linear solver convergence for coupled/solve
    27  2.6925e-05  4.5764e-05  6.8839e-05  1.1053e-04  1.2222e-04  0:19:51  173
    activating bcgstab to improve linear solver convergence for coupled/solve
    28  2.4922e-05  4.3695e-05  6.8170e-05  1.0340e-04  1.1454e-04  0:19:44  172
    activating bcgstab to improve linear solver convergence for coupled/solve
    29  2.3280e-05  4.2393e-05  6.7785e-05  9.8179e-05  1.0733e-04  0:19:37  171
    activating bcgstab to improve linear solver convergence for coupled/solve
    30  2.1833e-05  4.1180e-05  6.6903e-05  9.4138e-05  1.0055e-04  0:19:29  170
    activating bcgstab to improve linear solver convergence for coupled/solve
    31  2.0520e-05  3.9816e-05  6.5014e-05  9.0962e-05  9.4789e-05  0:19:22  169
    activating bcgstab to improve linear solver convergence for coupled/solve
    32  1.9306e-05  3.8254e-05  6.2796e-05  8.8389e-05  8.9405e-05  0:19:16  168
    activating bcgstab to improve linear solver convergence for coupled/solve
    33  1.8172e-05  3.6565e-05  6.0510e-05  8.6220e-05  8.4753e-05  0:19:08  167
    activating bcgstab to improve linear solver convergence for coupled/solve

  iter  continuity  x-velocity  y-velocity  z-velocity      energy     time/iter
    34  1.7120e-05  3.4901e-05  5.8660e-05  8.4201e-05  8.0175e-05  0:19:02  166
    activating bcgstab to improve linear solver convergence for coupled/solve
    35  1.6137e-05  3.3311e-05  5.6316e-05  8.2152e-05  7.6230e-05  0:18:55  165
    activating bcgstab to improve linear solver convergence for coupled/solve
    36  1.5225e-05  3.1756e-05  5.3733e-05  7.9936e-05  7.2931e-05  0:18:46  164
    activating bcgstab to improve linear solver convergence for coupled/solve
    37  1.4388e-05  3.0352e-05  5.2603e-05  7.7606e-05  7.1364e-05  0:18:40  163
    activating bcgstab to improve linear solver convergence for coupled/solve
    38  1.3614e-05  2.9079e-05  5.1201e-05  7.4950e-05  6.9042e-05  0:18:32  162
    activating bcgstab to improve linear solver convergence for coupled/solve
    39  1.2908e-05  2.7749e-05  4.9905e-05  7.2076e-05  6.6196e-05  0:18:25  161
    activating bcgstab to improve linear solver convergence for coupled/solve
    40  1.2267e-05  2.6526e-05  4.8573e-05  6.8906e-05  6.3119e-05  0:18:19  160
    activating bcgstab to improve linear solver convergence for coupled/solve
    41  1.1686e-05  2.5519e-05  4.8538e-05  6.5748e-05  6.0374e-05  0:18:12  159
    activating bcgstab to improve linear solver convergence for coupled/solve
    42  1.1172e-05  2.4554e-05  4.8108e-05  6.2443e-05  5.8013e-05  0:18:05  158
    activating bcgstab to improve linear solver convergence for coupled/solve
    43  1.0711e-05  2.3554e-05  4.6089e-05  5.9000e-05  5.6222e-05  0:17:59  157
    activating bcgstab to improve linear solver convergence for coupled/solve
    44  1.0286e-05  2.2801e-05  4.5114e-05  5.5799e-05  5.4830e-05  0:17:52  156
    activating bcgstab to improve linear solver convergence for coupled/solve

  iter  continuity  x-velocity  y-velocity  z-velocity      energy     time/iter
    45  9.8855e-06  2.2184e-05  4.5138e-05  5.2714e-05  5.4093e-05  0:17:45  155
    activating bcgstab to improve linear solver convergence for coupled/solve
    46  9.4977e-06  2.1623e-05  4.4791e-05  4.9764e-05  5.3389e-05  0:17:39  154
    activating bcgstab to improve linear solver convergence for coupled/solve
    47  9.1126e-06  2.0957e-05  4.2874e-05  4.6979e-05  5.2962e-05  0:17:30  153
    activating bcgstab to improve linear solver convergence for coupled/solve
    48  8.7373e-06  2.0458e-05  4.0344e-05  4.4256e-05  5.2869e-05  0:17:24  152
    activating bcgstab to improve linear solver convergence for coupled/solve
    49  8.3751e-06  2.0102e-05  3.9814e-05  4.2087e-05  5.2649e-05  0:17:17  151
    activating bcgstab to improve linear solver convergence for coupled/solve
    50  8.0239e-06  1.9722e-05  3.9354e-05  4.0259e-05  5.2466e-05  0:17:10  150
    activating bcgstab to improve linear solver convergence for coupled/solve
    51  7.6833e-06  1.9278e-05  3.8607e-05  3.8657e-05  5.2286e-05  0:17:03  149
    activating bcgstab to improve linear solver convergence for coupled/solve
    52  7.3630e-06  1.8945e-05  3.7395e-05  3.7224e-05  5.2195e-05  0:16:56  148
    activating bcgstab to improve linear solver convergence for coupled/solve
    53  7.0638e-06  1.8679e-05  3.5486e-05  3.5938e-05  5.1890e-05  0:16:50  147
    activating bcgstab to improve linear solver convergence for coupled/solve
    54  6.7815e-06  1.8316e-05  3.4341e-05  3.4957e-05  5.1432e-05  0:16:43  146
    activating bcgstab to improve linear solver convergence for coupled/solve
    55  6.5190e-06  1.8019e-05  3.4050e-05  3.4340e-05  5.0959e-05  0:16:37  145
    activating bcgstab to improve linear solver convergence for coupled/solve

  iter  continuity  x-velocity  y-velocity  z-velocity      energy     time/iter
    56  6.2817e-06  1.7756e-05  3.4075e-05  3.3845e-05  5.0619e-05  0:16:29  144
    activating bcgstab to improve linear solver convergence for coupled/solve
    57  6.0685e-06  1.7501e-05  3.3510e-05  3.3419e-05  4.9935e-05  0:16:22  143
    activating bcgstab to improve linear solver convergence for coupled/solve
    58  5.8724e-06  1.7266e-05  3.3044e-05  3.3137e-05  4.9182e-05  0:16:15  142
    activating bcgstab to improve linear solver convergence for coupled/solve
    59  5.6931e-06  1.7022e-05  3.1632e-05  3.2771e-05  4.8556e-05  0:16:08  141
    activating bcgstab to improve linear solver convergence for coupled/solve
    60  5.5339e-06  1.6778e-05  3.1136e-05  3.2564e-05  4.7854e-05  0:16:01  140
    activating bcgstab to improve linear solver convergence for coupled/solve
    61  5.3936e-06  1.6559e-05  3.0629e-05  3.2393e-05  4.7112e-05  0:15:56  139
    activating bcgstab to improve linear solver convergence for coupled/solve
    62  5.2665e-06  1.6338e-05  3.0132e-05  3.2274e-05  4.6306e-05  0:15:48  138
    activating bcgstab to improve linear solver convergence for coupled/solve
    63  5.1468e-06  1.6115e-05  3.0127e-05  3.2169e-05  4.5318e-05  0:15:42  137
    activating bcgstab to improve linear solver convergence for coupled/solve
    64  5.0295e-06  1.5897e-05  2.9967e-05  3.2029e-05  4.4402e-05  0:15:34  136
    activating bcgstab to improve linear solver convergence for coupled/solve
    65  4.9223e-06  1.5683e-05  2.9466e-05  3.1826e-05  4.3658e-05  0:15:27  135
    activating bcgstab to improve linear solver convergence for coupled/solve
    66  4.8282e-06  1.5473e-05  2.8956e-05  3.1640e-05  4.2911e-05  0:15:20  134
    activating bcgstab to improve linear solver convergence for coupled/solve

  iter  continuity  x-velocity  y-velocity  z-velocity      energy     time/iter
    67  4.7446e-06  1.5262e-05  2.8470e-05  3.1442e-05  4.2244e-05  0:15:13  133
    activating bcgstab to improve linear solver convergence for coupled/solve
    68  4.6659e-06  1.5041e-05  2.7774e-05  3.1208e-05  4.1577e-05  0:15:06  132
    activating bcgstab to improve linear solver convergence for coupled/solve
    69  4.5921e-06  1.4832e-05  2.7460e-05  3.1001e-05  4.0863e-05  0:14:59  131
    activating bcgstab to improve linear solver convergence for coupled/solve
    70  4.5177e-06  1.4603e-05  2.6894e-05  3.0802e-05  4.0015e-05  0:14:52  130
    activating bcgstab to improve linear solver convergence for coupled/solve
    71  4.4431e-06  1.4374e-05  2.6515e-05  3.0553e-05  3.9139e-05  0:14:45  129
    activating bcgstab to improve linear solver convergence for coupled/solve
    72  4.3715e-06  1.4134e-05  2.5884e-05  3.0207e-05  3.8252e-05  0:14:38  128
    activating bcgstab to improve linear solver convergence for coupled/solve
    73  4.3019e-06  1.3896e-05  2.5478e-05  2.9875e-05  3.7416e-05  0:14:32  127
    activating bcgstab to improve linear solver convergence for coupled/solve
    74  4.2325e-06  1.3675e-05  2.5342e-05  2.9582e-05  3.6474e-05  0:14:25  126
    activating bcgstab to improve linear solver convergence for coupled/solve
    75  4.1645e-06  1.3450e-05  2.5162e-05  2.9263e-05  3.5571e-05  0:14:17  125
    activating bcgstab to improve linear solver convergence for coupled/solve
    76  4.0990e-06  1.3222e-05  2.4856e-05  2.8948e-05  3.4686e-05  0:14:11  124
    activating bcgstab to improve linear solver convergence for coupled/solve
    77  4.0363e-06  1.2991e-05  2.4335e-05  2.8584e-05  3.3866e-05  0:14:04  123
    activating bcgstab to improve linear solver convergence for coupled/solve

  iter  continuity  x-velocity  y-velocity  z-velocity      energy     time/iter
    78  3.9761e-06  1.2778e-05  2.3916e-05  2.8224e-05  3.3120e-05  0:13:57  122
    activating bcgstab to improve linear solver convergence for coupled/solve
    79  3.9183e-06  1.2571e-05  2.3434e-05  2.7880e-05  3.2374e-05  0:13:52  121
    activating bcgstab to improve linear solver convergence for coupled/solve
    80  3.8621e-06  1.2361e-05  2.3116e-05  2.7560e-05  3.1562e-05  0:13:44  120
    activating bcgstab to improve linear solver convergence for coupled/solve
    81  3.8063e-06  1.2152e-05  2.2747e-05  2.7232e-05  3.0707e-05  0:13:37  119
    activating bcgstab to improve linear solver convergence for coupled/solve
    82  3.7506e-06  1.1955e-05  2.2422e-05  2.6917e-05  2.9918e-05  0:13:30  118
    activating bcgstab to improve linear solver convergence for coupled/solve
    83  3.6959e-06  1.1759e-05  2.2109e-05  2.6593e-05  2.9026e-05  0:13:23  117
    activating bcgstab to improve linear solver convergence for coupled/solve
    84  3.6419e-06  1.1567e-05  2.1849e-05  2.6285e-05  2.8017e-05  0:13:16  116
    activating bcgstab to improve linear solver convergence for coupled/solve
    85  3.5892e-06  1.1384e-05  2.1485e-05  2.5968e-05  2.7046e-05  0:13:10  115
    activating bcgstab to improve linear solver convergence for coupled/solve
    86  3.5393e-06  1.1209e-05  2.1000e-05  2.5668e-05  2.6247e-05  0:13:02  114
    activating bcgstab to improve linear solver convergence for coupled/solve
    87  3.4916e-06  1.1043e-05  2.0655e-05  2.5395e-05  2.5430e-05  0:12:55  113
    activating bcgstab to improve linear solver convergence for coupled/solve
    88  3.4467e-06  1.0885e-05  2.0421e-05  2.5151e-05  2.4596e-05  0:12:49  112
    activating bcgstab to improve linear solver convergence for coupled/solve

  iter  continuity  x-velocity  y-velocity  z-velocity      energy     time/iter
    89  3.4036e-06  1.0736e-05  2.0177e-05  2.4923e-05  2.3744e-05  0:12:42  111
    activating bcgstab to improve linear solver convergence for coupled/solve
    90  3.3615e-06  1.0587e-05  1.9790e-05  2.4691e-05  2.2890e-05  0:12:36  110
    activating bcgstab to improve linear solver convergence for coupled/solve
    91  3.3194e-06  1.0439e-05  1.9378e-05  2.4462e-05  2.2048e-05  0:12:28  109
    activating bcgstab to improve linear solver convergence for coupled/solve
    92  3.2791e-06  1.0297e-05  1.8958e-05  2.4243e-05  2.1243e-05  0:12:22  108
    activating bcgstab to improve linear solver convergence for coupled/solve
    93  3.2418e-06  1.0164e-05  1.8516e-05  2.4037e-05  2.0619e-05  0:12:15  107
    activating bcgstab to improve linear solver convergence for coupled/solve
    94  3.2067e-06  1.0026e-05  1.7904e-05  2.3788e-05  1.9965e-05  0:12:08  106
    activating bcgstab to improve linear solver convergence for coupled/solve
    95  3.1729e-06  9.8963e-06  1.7505e-05  2.3585e-05  1.9226e-05  0:12:02  105
    activating bcgstab to improve linear solver convergence for coupled/solve
    96  3.1396e-06  9.7793e-06  1.7265e-05  2.3411e-05  1.8451e-05  0:11:54  104
    activating bcgstab to improve linear solver convergence for coupled/solve
    97  3.1059e-06  9.6659e-06  1.7083e-05  2.3248e-05  1.7735e-05  0:11:48  103
    activating bcgstab to improve linear solver convergence for coupled/solve
    98  3.0719e-06  9.5545e-06  1.6921e-05  2.3095e-05  1.7013e-05  0:11:41  102
    activating bcgstab to improve linear solver convergence for coupled/solve
    99  3.0380e-06  9.4444e-06  1.6752e-05  2.2951e-05  1.6284e-05  0:11:34  101
    activating bcgstab to improve linear solver convergence for coupled/solve

  iter  continuity  x-velocity  y-velocity  z-velocity      energy     time/iter
   100  3.0048e-06  9.3391e-06  1.6568e-05  2.2813e-05  1.5614e-05  0:11:27  100
    activating bcgstab to improve linear solver convergence for coupled/solve
   101  2.9723e-06  9.2359e-06  1.6360e-05  2.2682e-05  1.4990e-05  0:11:20   99
    activating bcgstab to improve linear solver convergence for coupled/solve
   102  2.9407e-06  9.1298e-06  1.6048e-05  2.2548e-05  1.4483e-05  0:11:13   98
    activating bcgstab to improve linear solver convergence for coupled/solve
   103  2.9101e-06  9.0292e-06  1.5756e-05  2.2419e-05  1.4031e-05  0:11:06   97
    activating bcgstab to improve linear solver convergence for coupled/solve
   104  2.8802e-06  8.9282e-06  1.5482e-05  2.2291e-05  1.3631e-05  0:10:59   96
    activating bcgstab to improve linear solver convergence for coupled/solve
   105  2.8501e-06  8.8270e-06  1.5221e-05  2.2168e-05  1.3308e-05  0:10:53   95
    activating bcgstab to improve linear solver convergence for coupled/solve
   106  2.8211e-06  8.7257e-06  1.4864e-05  2.2038e-05  1.3049e-05  0:10:46   94
    activating bcgstab to improve linear solver convergence for coupled/solve
   107  2.7931e-06  8.6238e-06  1.4484e-05  2.1922e-05  1.2841e-05  0:10:40   93
    activating bcgstab to improve linear solver convergence for coupled/solve
   108  2.7656e-06  8.5265e-06  1.4213e-05  2.1823e-05  1.2608e-05  0:10:32   92
    activating bcgstab to improve linear solver convergence for coupled/solve
   109  2.7386e-06  8.4331e-06  1.3999e-05  2.1732e-05  1.2393e-05  0:10:25   91
    activating bcgstab to improve linear solver convergence for coupled/solve
   110  2.7123e-06  8.3432e-06  1.3822e-05  2.1648e-05  1.2107e-05  0:10:18   90
    activating bcgstab to improve linear solver convergence for coupled/solve

  iter  continuity  x-velocity  y-velocity  z-velocity      energy     time/iter
   111  2.6856e-06  8.2550e-06  1.3622e-05  2.1563e-05  1.1808e-05  0:10:11   89
    activating bcgstab to improve linear solver convergence for coupled/solve
   112  2.6591e-06  8.1673e-06  1.3407e-05  2.1477e-05  1.1473e-05  0:10:04   88
    activating bcgstab to improve linear solver convergence for coupled/solve
   113  2.6329e-06  8.0835e-06  1.3228e-05  2.1395e-05  1.1211e-05  0:09:58   87
    activating bcgstab to improve linear solver convergence for coupled/solve
   114  2.6073e-06  8.0008e-06  1.3073e-05  2.1308e-05  1.0923e-05  0:09:50   86
    activating bcgstab to improve linear solver convergence for coupled/solve
   115  2.5822e-06  7.9189e-06  1.2915e-05  2.1217e-05  1.0676e-05  0:09:44   85
    activating bcgstab to improve linear solver convergence for coupled/solve
   116  2.5578e-06  7.8394e-06  1.2767e-05  2.1128e-05  1.0432e-05  0:09:37   84
    activating bcgstab to improve linear solver convergence for coupled/solve
   117  2.5338e-06  7.7622e-06  1.2618e-05  2.1034e-05  1.0188e-05  0:09:30   83
    activating bcgstab to improve linear solver convergence for coupled/solve
   118  2.5105e-06  7.6868e-06  1.2449e-05  2.0928e-05  9.9554e-06  0:09:23   82
    activating bcgstab to improve linear solver convergence for coupled/solve
   119  2.4880e-06  7.6155e-06  1.2302e-05  2.0826e-05  9.7145e-06  0:09:16   81
    activating bcgstab to improve linear solver convergence for coupled/solve
   120  2.4662e-06  7.5468e-06  1.2172e-05  2.0724e-05  9.4687e-06  0:09:09   80
    activating bcgstab to improve linear solver convergence for coupled/solve
   121  2.4448e-06  7.4811e-06  1.2048e-05  2.0626e-05  9.2554e-06  0:09:03   79
    activating bcgstab to improve linear solver convergence for coupled/solve

  iter  continuity  x-velocity  y-velocity  z-velocity      energy     time/iter
   122  2.4242e-06  7.4177e-06  1.1919e-05  2.0528e-05  9.0567e-06  0:08:57   78
    activating bcgstab to improve linear solver convergence for coupled/solve
   123  2.4040e-06  7.3552e-06  1.1755e-05  2.0428e-05  8.9206e-06  0:08:48   77
    activating bcgstab to improve linear solver convergence for coupled/solve
   124  2.3844e-06  7.2955e-06  1.1610e-05  2.0329e-05  8.8215e-06  0:08:42   76
    activating bcgstab to improve linear solver convergence for coupled/solve
   125  2.3653e-06  7.2387e-06  1.1479e-05  2.0231e-05  8.6937e-06  0:08:28   75
    activating bcgstab to improve linear solver convergence for coupled/solve
   126  2.3468e-06  7.1846e-06  1.1358e-05  2.0131e-05  8.5621e-06  0:08:21   74
    activating bcgstab to improve linear solver convergence for coupled/solve
   127  2.3287e-06  7.1328e-06  1.1244e-05  2.0032e-05  8.4713e-06  0:08:14   73
    activating bcgstab to improve linear solver convergence for coupled/solve
   128  2.3112e-06  7.0825e-06  1.1133e-05  1.9933e-05  8.3943e-06  0:08:08   72
    activating bcgstab to improve linear solver convergence for coupled/solve
   129  2.2941e-06  7.0328e-06  1.1008e-05  1.9834e-05  8.2940e-06  0:08:01   71
    activating bcgstab to improve linear solver convergence for coupled/solve
   130  2.2774e-06  6.9853e-06  1.0886e-05  1.9733e-05  8.1750e-06  0:07:54   70
    activating bcgstab to improve linear solver convergence for coupled/solve
   131  2.2613e-06  6.9405e-06  1.0776e-05  1.9632e-05  8.0226e-06  0:07:48   69
    activating bcgstab to improve linear solver convergence for coupled/solve
   132  2.2457e-06  6.8970e-06  1.0664e-05  1.9529e-05  7.9236e-06  0:07:40   68
    activating bcgstab to improve linear solver convergence for coupled/solve

  iter  continuity  x-velocity  y-velocity  z-velocity      energy     time/iter
   133  2.2304e-06  6.8552e-06  1.0563e-05  1.9425e-05  7.8354e-06  0:07:34   67
    activating bcgstab to improve linear solver convergence for coupled/solve
   134  2.2157e-06  6.8142e-06  1.0472e-05  1.9319e-05  7.7310e-06  0:07:27   66
    activating bcgstab to improve linear solver convergence for coupled/solve
   135  2.2012e-06  6.7753e-06  1.0392e-05  1.9215e-05  7.6112e-06  0:07:21   65
    activating bcgstab to improve linear solver convergence for coupled/solve
   136  2.1871e-06  6.7382e-06  1.0318e-05  1.9111e-05  7.4783e-06  0:07:14   64
    activating bcgstab to improve linear solver convergence for coupled/solve
   137  2.1732e-06  6.7028e-06  1.0245e-05  1.9007e-05  7.3572e-06  0:07:07   63
    activating bcgstab to improve linear solver convergence for coupled/solve
   138  2.1598e-06  6.6688e-06  1.0176e-05  1.8900e-05  7.2483e-06  0:07:00   62
    activating bcgstab to improve linear solver convergence for coupled/solve
   139  2.1467e-06  6.6358e-06  1.0110e-05  1.8794e-05  7.1287e-06  0:06:53   61
    activating bcgstab to improve linear solver convergence for coupled/solve
   140  2.1341e-06  6.6032e-06  1.0019e-05  1.8685e-05  7.0148e-06  0:06:46   60
    activating bcgstab to improve linear solver convergence for coupled/solve
   141  2.1218e-06  6.5720e-06  9.9368e-06  1.8580e-05  6.8916e-06  0:06:39   59
    activating bcgstab to improve linear solver convergence for coupled/solve
   142  2.1098e-06  6.5419e-06  9.8649e-06  1.8477e-05  6.7760e-06  0:06:33   58
    activating bcgstab to improve linear solver convergence for coupled/solve
   143  2.0983e-06  6.5127e-06  9.8011e-06  1.8377e-05  6.6622e-06  0:06:26   57
    activating bcgstab to improve linear solver convergence for coupled/solve

  iter  continuity  x-velocity  y-velocity  z-velocity      energy     time/iter
   144  2.0869e-06  6.4835e-06  9.7421e-06  1.8277e-05  6.5386e-06  0:06:19   56
    activating bcgstab to improve linear solver convergence for coupled/solve
   145  2.0756e-06  6.4551e-06  9.6787e-06  1.8175e-05  6.4230e-06  0:06:13   55
    activating bcgstab to improve linear solver convergence for coupled/solve
   146  2.0647e-06  6.4275e-06  9.6136e-06  1.8071e-05  6.3052e-06  0:06:06   54
    activating bcgstab to improve linear solver convergence for coupled/solve
   147  2.0541e-06  6.4011e-06  9.5524e-06  1.7970e-05  6.1974e-06  0:05:59   53
    activating bcgstab to improve linear solver convergence for coupled/solve
   148  2.0438e-06  6.3759e-06  9.4957e-06  1.7865e-05  6.0813e-06  0:05:52   52
    activating bcgstab to improve linear solver convergence for coupled/solve
   149  2.0338e-06  6.3518e-06  9.4428e-06  1.7763e-05  5.9671e-06  0:05:45   51
    activating bcgstab to improve linear solver convergence for coupled/solve
   150  2.0241e-06  6.3286e-06  9.3920e-06  1.7664e-05  5.8747e-06  0:05:39   50
    activating bcgstab to improve linear solver convergence for coupled/solve
   151  2.0148e-06  6.3062e-06  9.3431e-06  1.7568e-05  5.7904e-06  0:05:32   49
    activating bcgstab to improve linear solver convergence for coupled/solve
   152  2.0057e-06  6.2840e-06  9.2951e-06  1.7473e-05  5.7181e-06  0:05:25   48
    activating bcgstab to improve linear solver convergence for coupled/solve
   153  1.9968e-06  6.2620e-06  9.2473e-06  1.7380e-05  5.6484e-06  0:05:19   47
    activating bcgstab to improve linear solver convergence for coupled/solve
   154  1.9882e-06  6.2403e-06  9.2005e-06  1.7288e-05  5.5714e-06  0:05:12   46
    activating bcgstab to improve linear solver convergence for coupled/solve

  iter  continuity  x-velocity  y-velocity  z-velocity      energy     time/iter
   155  1.9797e-06  6.2188e-06  9.1542e-06  1.7196e-05  5.5094e-06  0:05:05   45
    activating bcgstab to improve linear solver convergence for coupled/solve
   156  1.9714e-06  6.1975e-06  9.1086e-06  1.7102e-05  5.4453e-06  0:04:58   44
    activating bcgstab to improve linear solver convergence for coupled/solve
   157  1.9634e-06  6.1767e-06  9.0647e-06  1.7009e-05  5.3709e-06  0:04:51   43
    activating bcgstab to improve linear solver convergence for coupled/solve
   158  1.9556e-06  6.1568e-06  9.0225e-06  1.6918e-05  5.3201e-06  0:04:44   42
    activating bcgstab to improve linear solver convergence for coupled/solve
   159  1.9480e-06  6.1374e-06  8.9817e-06  1.6830e-05  5.2717e-06  0:04:38   41
    activating bcgstab to improve linear solver convergence for coupled/solve
   160  1.9405e-06  6.1180e-06  8.9419e-06  1.6742e-05  5.2049e-06  0:04:32   40
    activating bcgstab to improve linear solver convergence for coupled/solve
   161  1.9331e-06  6.0992e-06  8.9034e-06  1.6656e-05  5.1434e-06  0:04:24   39
    activating bcgstab to improve linear solver convergence for coupled/solve
   162  1.9260e-06  6.0807e-06  8.8661e-06  1.6573e-05  5.0755e-06  0:04:17   38
    activating bcgstab to improve linear solver convergence for coupled/solve
   163  1.9190e-06  6.0625e-06  8.8295e-06  1.6489e-05  4.9898e-06  0:04:10   37
    activating bcgstab to improve linear solver convergence for coupled/solve
   164  1.9120e-06  6.0440e-06  8.7923e-06  1.6405e-05  4.9302e-06  0:04:04   36
    activating bcgstab to improve linear solver convergence for coupled/solve
   165  1.9050e-06  6.0254e-06  8.7530e-06  1.6321e-05  4.8809e-06  0:03:57   35
    activating bcgstab to improve linear solver convergence for coupled/solve

  iter  continuity  x-velocity  y-velocity  z-velocity      energy     time/iter
   166  1.8983e-06  6.0073e-06  8.7136e-06  1.6240e-05  4.8383e-06  0:03:50   34
    activating bcgstab to improve linear solver convergence for coupled/solve
   167  1.8918e-06  5.9897e-06  8.6751e-06  1.6158e-05  4.7903e-06  0:03:43   33
    activating bcgstab to improve linear solver convergence for coupled/solve
   168  1.8854e-06  5.9724e-06  8.6375e-06  1.6075e-05  4.7482e-06  0:03:37   32
    activating bcgstab to improve linear solver convergence for coupled/solve
   169  1.8792e-06  5.9554e-06  8.6009e-06  1.5993e-05  4.6978e-06  0:03:30   31
    activating bcgstab to improve linear solver convergence for coupled/solve
   170  1.8730e-06  5.9382e-06  8.5629e-06  1.5912e-05  4.6296e-06  0:03:23   30
    activating bcgstab to improve linear solver convergence for coupled/solve
   171  1.8670e-06  5.9211e-06  8.5234e-06  1.5832e-05  4.5756e-06  0:03:16   29
    activating bcgstab to improve linear solver convergence for coupled/solve
   172  1.8611e-06  5.9045e-06  8.4844e-06  1.5755e-05  4.5220e-06  0:03:10   28
    activating bcgstab to improve linear solver convergence for coupled/solve
   173  1.8552e-06  5.8882e-06  8.4467e-06  1.5680e-05  4.4603e-06  0:03:03   27
    activating bcgstab to improve linear solver convergence for coupled/solve
   174  1.8495e-06  5.8719e-06  8.4110e-06  1.5605e-05  4.4111e-06  0:02:56   26
    activating bcgstab to improve linear solver convergence for coupled/solve
   175  1.8437e-06  5.8547e-06  8.3746e-06  1.5530e-05  4.3638e-06  0:02:49   25
    activating bcgstab to improve linear solver convergence for coupled/solve
   176  1.8381e-06  5.8375e-06  8.3395e-06  1.5455e-05  4.3196e-06  0:02:42   24
    activating bcgstab to improve linear solver convergence for coupled/solve

  iter  continuity  x-velocity  y-velocity  z-velocity      energy     time/iter
   177  1.8326e-06  5.8202e-06  8.2964e-06  1.5380e-05  4.2833e-06  0:02:36   23
    activating bcgstab to improve linear solver convergence for coupled/solve
   178  1.8271e-06  5.8035e-06  8.2571e-06  1.5304e-05  4.2506e-06  0:02:29   22
    activating bcgstab to improve linear solver convergence for coupled/solve
   179  1.8218e-06  5.7874e-06  8.2201e-06  1.5230e-05  4.2190e-06  0:02:22   21
    activating bcgstab to improve linear solver convergence for coupled/solve
   180  1.8165e-06  5.7718e-06  8.1851e-06  1.5156e-05  4.1854e-06  0:02:15   20
    activating bcgstab to improve linear solver convergence for coupled/solve
   181  1.8112e-06  5.7566e-06  8.1518e-06  1.5083e-05  4.1511e-06  0:02:09   19
    activating bcgstab to improve linear solver convergence for coupled/solve
   182  1.8060e-06  5.7416e-06  8.1191e-06  1.5011e-05  4.1277e-06  0:02:02   18
    activating bcgstab to improve linear solver convergence for coupled/solve
   183  1.8009e-06  5.7266e-06  8.0873e-06  1.4940e-05  4.0939e-06  0:01:55   17
    activating bcgstab to improve linear solver convergence for coupled/solve
   184  1.7959e-06  5.7116e-06  8.0562e-06  1.4871e-05  4.0623e-06  0:01:48   16
    activating bcgstab to improve linear solver convergence for coupled/solve
   185  1.7909e-06  5.6966e-06  8.0259e-06  1.4803e-05  4.0318e-06  0:01:42   15
    activating bcgstab to improve linear solver convergence for coupled/solve
   186  1.7859e-06  5.6819e-06  7.9959e-06  1.4734e-05  4.0003e-06  0:01:35   14
    activating bcgstab to improve linear solver convergence for coupled/solve
   187  1.7810e-06  5.6670e-06  7.9649e-06  1.4665e-05  3.9699e-06  0:01:28   13
    activating bcgstab to improve linear solver convergence for coupled/solve

  iter  continuity  x-velocity  y-velocity  z-velocity      energy     time/iter
   188  1.7761e-06  5.6523e-06  7.9348e-06  1.4597e-05  3.9442e-06  0:01:21   12
    activating bcgstab to improve linear solver convergence for coupled/solve
   189  1.7713e-06  5.6378e-06  7.9056e-06  1.4528e-05  3.9168e-06  0:01:15   11
    activating bcgstab to improve linear solver convergence for coupled/solve
   190  1.7665e-06  5.6234e-06  7.8772e-06  1.4461e-05  3.8876e-06  0:01:08   10
    activating bcgstab to improve linear solver convergence for coupled/solve
   191  1.7617e-06  5.6092e-06  7.8490e-06  1.4395e-05  3.8552e-06  0:01:01    9
    activating bcgstab to improve linear solver convergence for coupled/solve
   192  1.7570e-06  5.5949e-06  7.8213e-06  1.4329e-05  3.8084e-06  0:00:54    8
    activating bcgstab to improve linear solver convergence for coupled/solve
   193  1.7523e-06  5.5808e-06  7.7942e-06  1.4265e-05  3.7710e-06  0:00:47    7
    activating bcgstab to improve linear solver convergence for coupled/solve
   194  1.7476e-06  5.5668e-06  7.7674e-06  1.4200e-05  3.7493e-06  0:00:41    6
    activating bcgstab to improve linear solver convergence for coupled/solve
   195  1.7430e-06  5.5529e-06  7.7410e-06  1.4136e-05  3.7248e-06  0:00:34    5
    activating bcgstab to improve linear solver convergence for coupled/solve
   196  1.7384e-06  5.5390e-06  7.7152e-06  1.4072e-05  3.6905e-06  0:00:27    4
    activating bcgstab to improve linear solver convergence for coupled/solve
   197  1.7338e-06  5.5251e-06  7.6898e-06  1.4007e-05  3.6614e-06  0:00:20    3
    activating bcgstab to improve linear solver convergence for coupled/solve
   198  1.7293e-06  5.5112e-06  7.6649e-06  1.3943e-05  3.6320e-06  0:00:14    2
    activating bcgstab to improve linear solver convergence for coupled/solve

  iter  continuity  x-velocity  y-velocity  z-velocity      energy     time/iter
   199  1.7249e-06  5.4972e-06  7.6373e-06  1.3880e-05  3.6013e-06  0:00:07    1
    activating bcgstab to improve linear solver convergence for coupled/solve
Fast-loading "E:\cae\programfiles\Ansys2026\ANSYS Inc261\v261\fluent\fluent26.1.0\\addons\afd\lib\hdfio.bin"
Done.

Writing to DESKTOP-JHEHF28:"D:/agents2026/agents2026/agents/AIDCtms/coolingplate/design/cfd_HBM/fluent/hbm_d_slit_lt9m_gpu-1-00200.cas.h5" in NODE0 mode and compression level 1 ...
Grouping cells for Laplace smoothing ...
     8611968 cells,     3 zones ...
    26778736 faces,    16 zones ...
     9545352 nodes,     1 zone  ...
  Done.
Done.

Writing to DESKTOP-JHEHF28:"D:/agents2026/agents2026/agents/AIDCtms/coolingplate/design/cfd_HBM/fluent/hbm_d_slit_lt9m_gpu-1-00200.dat.h5" in NODE0 mode and compression level 1 ...
  Writing results.
Done.
Create new project file for writing: D:/agents2026/agents2026/agents/AIDCtms/coolingplate/design/cfd_HBM/fluent/hbm_d_slit_lt9m_gpu.flprj
   200  1.7205e-06  5.4831e-06  7.6101e-06  1.3818e-05  3.5704e-06  0:00:00    0
Done

> /file/write-case-data "D:/agents2026/agents2026/agents/AIDCtms/coolingplate/design/cfd_HBM/fluent/hbm_d_slit_lt9m_gpu_i200"
Writing to DESKTOP-JHEHF28:"D:/agents2026/agents2026/agents/AIDCtms/coolingplate/design/cfd_HBM/fluent/hbm_d_slit_lt9m_gpu_i200.cas.h5" in NODE0 mode and compression level 1 ...
Grouping cells for Laplace smoothing ...
     8611968 cells,     3 zones ...
    26778736 faces,    16 zones ...
     9545352 nodes,     1 zone  ...
  Done.
Done.

Writing to DESKTOP-JHEHF28:"D:/agents2026/agents2026/agents/AIDCtms/coolingplate/design/cfd_HBM/fluent/hbm_d_slit_lt9m_gpu_i200.dat.h5" in NODE0 mode and compression level 1 ...
  Writing results.
Done.


> (display "REPORT-BEGIN i200")
REPORT-BEGIN i200

> /report/surface-integrals/area-weighted-avg
Available surfaces: (wall_side wall_heat inlet wall_tim_cu wall_cu_fluid outlet wall_adiabat wall_adiabat:015 wall_adiabat:016 wall_side:017 wall_side:018 wall_tim_cu-shadow wall_cu_fluid-shadow)
Select surface names/ids(1) [()] wall_heat
Select surface names/ids(2) [()] ()

area-weighted-avg of> temperature
Write to file? [no] no

           Area-Weighted Average
              Static Temperature                  [K]
-------------------------------- --------------------
                       wall_heat            323.33135

> /report/surface-integrals/facet-max
Available surfaces: (wall_side wall_heat inlet wall_tim_cu wall_cu_fluid outlet wall_adiabat wall_adiabat:015 wall_adiabat:016 wall_side:017 wall_side:018 wall_tim_cu-shadow wall_cu_fluid-shadow)
Select surface names/ids(1) [()] wall_heat
Select surface names/ids(2) [()] ()

facet-max of> temperature
Write to file? [no] no

         Maximum of Facet Values
              Static Temperature                  [K]
-------------------------------- --------------------
                       wall_heat            323.72568

> /report/surface-integrals/facet-min
Available surfaces: (wall_side wall_heat inlet wall_tim_cu wall_cu_fluid outlet wall_adiabat wall_adiabat:015 wall_adiabat:016 wall_side:017 wall_side:018 wall_tim_cu-shadow wall_cu_fluid-shadow)
Select surface names/ids(1) [()] wall_heat
Select surface names/ids(2) [()] ()

facet-min of> temperature
Write to file? [no] no

         Minimum of Facet Values
              Static Temperature                  [K]
-------------------------------- --------------------
                       wall_heat            322.50095

> /report/surface-integrals/mass-flow-rate
Available surfaces: (wall_side wall_heat inlet wall_tim_cu wall_cu_fluid outlet wall_adiabat wall_adiabat:015 wall_adiabat:016 wall_side:017 wall_side:018 wall_tim_cu-shadow wall_cu_fluid-shadow)
Select surface names/ids(1) [()] inlet
Select surface names/ids(2) [()] outlet
Select surface names/ids(3) [()] ()
Write to file? [no] no

                  Mass Flow Rate               [kg/s]
-------------------------------- --------------------
                           inlet          0.010225003
                          outlet         -0.010225487
                ---------------- --------------------
                             Net       -4.8370411e-07

> (display "REPORT-END i200")
REPORT-END i200

> /file/stop-transcript
Transcript Stop Time:  00:45:26, 02 Oct 2026 中国标准时间 
Total Transcript Time: 26 Minute 26 Second.
