Transcript Start Time:  13:44:21, 29 Sep 2026 中国标准时间 
Current Directory: "D:\agents2026\agents2026\agents\AIDCtms\coolingplate\design\cfd_HBM"

Build Time: Feb  2 2026 16:22:05 EST  Build Id: 10262 
Executable Path: E:/cae/programfiles/Ansys2026/ANSYS Inc261/v261/fluent/ntbin/win64/fluent.exe

------------------------------------------------------------------------------------
ID    Hostname         Core  O.S.         PID    CPU Model Name                    
------------------------------------------------------------------------------------
n3    DESKTOP-JHEHF28  4/32  Windows-x64  17120  Intel(R) Core(TM) i9-14900KF      
n2    DESKTOP-JHEHF28  3/32  Windows-x64  30120  Intel(R) Core(TM) i9-14900KF      
n1    DESKTOP-JHEHF28  2/32  Windows-x64  11020  Intel(R) Core(TM) i9-14900KF      
n0*   DESKTOP-JHEHF28  1/32  Windows-x64  5840   Intel(R) Core(TM) i9-14900KF      
host  DESKTOP-JHEHF28        Windows-x64  28700  Intel(R) Core(TM) i9-14900KF      

MPI Option Selected: intel
Selected system interconnect: default
------------------------------------------------------------------------------------

Cortex Process ID: 9344 
License Server Path: 1055@localhost 


> /file/read-case "D:/agents2026/agents2026/agents/AIDCtms/coolingplate/design/cfd_HBM/mesh/hbm_c_w045h20.msh"
Reading "D:/agents2026/agents2026/agents/AIDCtms/coolingplate/design/cfd_HBM/mesh/hbm_c_w045h20.msh"...

Buffering for file scan...

10666614 nodes.
 1712500 hexahedral cells, zone  2.
 8354900 hexahedral cells, zone  3.
  275400 hexahedral cells, zone  4.
30532892 quadrilateral interior faces, zone  5.
  259038 quadrilateral wall faces, zone  6.
   45900 quadrilateral wall faces, zone  7.
    3520 quadrilateral velocity-inlet faces, zone  8.
    3520 quadrilateral velocity-inlet faces, zone  9.
    7700 quadrilateral velocity-inlet faces, zone 10.
    3060 quadrilateral pressure-outlet faces, zone 11.
    3570 quadrilateral pressure-outlet faces, zone 12.
   45900 quadrilateral wall faces, zone 13.
  273310 quadrilateral wall faces, zone 14.
   40560 quadrilateral wall faces, zone 15.

Building...
     mesh
	auto partitioning mesh by Metis (fast),
	distributing mesh
		parts....,
      interior -> interior (5) and interior:016 (16)
      interior -> interior (5) and interior:017 (17)
      wall_adiabat -> wall_adiabat (14) and wall_adiabat:018 (18)
      wall_adiabat -> wall_adiabat (14) and wall_adiabat:019 (19)
      wall_side -> wall_side (15) and wall_side:020 (20)
      wall_side -> wall_side (15) and wall_side:021 (21)
		faces....,
Note: Separating interior zone 5 into zones 5 and 16. 
Note: Separating interior zone 5 into zones 5 and 17. 
Note: Separating wall zone 14 into zones 14 and 18. 
Note: Separating wall zone 14 into zones 14 and 19. 
Note: Separating wall zone 15 into zones 15 and 20. 
Note: Separating wall zone 15 into zones 15 and 21. 
		nodes....,
		cells....,
        bandwidth reduction using Reverse Cuthill-McKee: 17764/15870 = 1.11934
     materials,
     interface,
     domains,
     zones,
	wall_cu_fluid-shadow
	wall_tim_cu-shadow
	wall_side:021
	wall_side:020
	wall_adiabat:019
	wall_adiabat:018
	interior:017
	interior:016
	wall_side
	wall_adiabat
	wall_heat
	outlet_hi
	outlet_lo
	inlet_mid
	inlet_hi
	inlet_lo
	wall_tim_cu
	wall_cu_fluid
	interior
	solid_tim2
	solid_cu
	fluid
     parallel,
Done.

Preparing mesh for display...
Done.


> /mesh/check

 Domain Extents:
   x-coordinate: min (m) = 0.000000e+00, max (m) = 1.100000e-02
   y-coordinate: min (m) = -7.000000e-03, max (m) = 5.700000e-02
   z-coordinate: min (m) = -2.080000e-03, max (m) = 6.000000e-03
 Volume statistics:
   minimum volume (m3): 3.199910e-15
   maximum volume (m3): 6.633068e-12
     total volume (m3): 5.670720e-06
 Face area statistics:
   minimum face area (m2): 6.400000e-11
   maximum face area (m2): 1.397147e-07
 Checking mesh..........................................
 Done.

> /define/boundary-conditions/list-zones
  id  name                       type                adj-zone-material     wall-material         kind
----  -------------------------  ------------------  --------------------  --------------------  ----
   2  fluid                      fluid               air                                         cell
   3  solid_cu                   solid               aluminum                                    cell
   4  solid_tim2                 solid               aluminum                                    cell
   5  interior                   interior                                                        face
   6  wall_cu_fluid              wall                air                   aluminum              face
   7  wall_tim_cu                wall                aluminum              aluminum              face
   8  inlet_lo                   mass-flow-inlet                                                 face
   9  inlet_hi                   mass-flow-inlet                                                 face
  10  inlet_mid                  mass-flow-inlet                                                 face
  11  outlet_lo                  pressure-outlet                                                 face
  12  outlet_hi                  pressure-outlet                                                 face
  13  wall_heat                  wall                aluminum              aluminum              face
  14  wall_adiabat               wall                air                   aluminum              face
  15  wall_side                  wall                air                   aluminum              face
  16  interior:016               interior                                                        face
  17  interior:017               interior                                                        face
  18  wall_adiabat:018           wall                aluminum              aluminum              face
  19  wall_adiabat:019           wall                aluminum              aluminum              face
  20  wall_side:020              wall                aluminum              aluminum              face
  21  wall_side:021              wall                aluminum              aluminum              face
  22  wall_tim_cu-shadow         wall                aluminum              aluminum              face
  23  wall_cu_fluid-shadow       wall                aluminum              aluminum              face

> /define/models/energy yes
Compute viscous energy work? [no] no
Include pressure work in energy equation? [no] no
Include kinetic energy in energy equation? [no] no
Include diffusion at inlets? [yes] no

> /define/models/viscous/laminar yes

> /define/materials/copy fluid water-liquid

Material "water-liquid" copied from database.


> /define/materials/copy solid copper

Material "copper" copied from database.


> /define/materials/change-create

material-name> water-liquid
material name [water-liquid] water-liquid
water-liquid is a fluid
change Density? [no] yes

Density
methods: (constant ideal-gas incompressible-ideal-gas rgp-table real-gas-soave-redlich-kwong real-gas-peng-robinson real-gas-aungier-redlich-kwong real-gas-redlich-kwong real-gas-nist boussinesq piecewise-linear piecewise-polynomial polynomial expression compressible-liquid user-defined)
new method [constant] constant
value (in [kg/m^3]) [998.2] 992.2

change Cp (Specific Heat)? [no] yes

Cp (Specific Heat)
methods: (constant piecewise-linear piecewise-polynomial polynomial nasa-9-piecewise-polynomial user-defined kinetic-theory)
new method [constant] constant
value (in [J/(kg K)]) [4182] 4179

change Thermal Conductivity? [no] yes

Thermal Conductivity
methods: (constant piecewise-linear piecewise-polynomial polynomial expression kinetic-theory user-defined)
new method [constant] constant
value (in [W/(m K)]) [0.6] 0.631

change Viscosity? [no] yes

Viscosity
methods: (constant piecewise-linear piecewise-polynomial polynomial expression power-law sutherland kinetic-theory cross herschel-bulkley carreau non-newtonian-power-law user-defined)
new method [constant] constant
value (in [kg/(m s)]) [0.001003] 6.53e-4

change Molecular Weight? [no] no
change Thermal Expansion Coefficient? [no] no
change Speed of Sound? [no] no

> /define/materials/change-create

material-name> copper
material name [copper] copper
copper is a solid
change Density? [no] yes

Density
methods: (constant expression user-defined)
new method [constant] constant
value (in [kg/m^3]) [8978] 8960

change Cp (Specific Heat)? [no] yes

Cp (Specific Heat)
methods: (constant piecewise-linear piecewise-polynomial polynomial nasa-9-piecewise-polynomial user-defined)
new method [constant] constant
value (in [J/(kg K)]) [381] 385

change Thermal Conductivity? [no] yes

Thermal Conductivity
methods: (constant piecewise-linear piecewise-polynomial polynomial expression cyl-orthotropic orthotropic anisotropic biaxial principal-axes-values user-defined-anisotropic-k user-defined)
new method [constant] constant
value (in [W/(m K)]) [387.6] 390


> /define/materials/change-create

material-name> aluminum
material name [aluminum] tim2
tim2 is a solid
change Density? [no] yes

Density
methods: (constant expression user-defined)
new method [constant] constant
value (in [kg/m^3]) [2719] 2800

change Cp (Specific Heat)? [no] yes

Cp (Specific Heat)
methods: (constant piecewise-linear piecewise-polynomial polynomial nasa-9-piecewise-polynomial user-defined)
new method [constant] constant
value (in [J/(kg K)]) [871] 1000

change Thermal Conductivity? [no] yes

Thermal Conductivity
methods: (constant piecewise-linear piecewise-polynomial polynomial expression cyl-orthotropic orthotropic anisotropic biaxial principal-axes-values user-defined-anisotropic-k user-defined)
new method [constant] constant
value (in [W/(m K)]) [202.4] 8.818342


Change/Create material and Overwrite aluminum? [no] yes

> /define/boundary-conditions/fluid
(fluid)
zone id/name [fluid] fluid
material-name [air]: Change current value? [no] yes

material-name [air]> water-liquid
Specify source terms? [no] no
Specify fixed values? [no] no
Frame Motion? [no] no
Use Profile for Reference Frame X-Origin of Rotation-Axis? [no] no
Reference Frame X-Origin of Rotation-Axis (constant or expression) (in [m]) [0] 0
Use Profile for Reference Frame Y-Origin of Rotation-Axis? [no] no
Reference Frame Y-Origin of Rotation-Axis (constant or expression) (in [m]) [0] 0
Use Profile for Reference Frame Z-Origin of Rotation-Axis? [no] no
Reference Frame Z-Origin of Rotation-Axis (constant or expression) (in [m]) [0] 0
Use Profile for Reference Frame X-Component of Rotation-Axis? [no] no
Reference Frame X-Component of Rotation-Axis (constant or expression) [0] 0
Use Profile for Reference Frame Y-Component of Rotation-Axis? [no] no
Reference Frame Y-Component of Rotation-Axis (constant or expression) [0] 0
Use Profile for Reference Frame Z-Component of Rotation-Axis? [no] no
Reference Frame Z-Component of Rotation-Axis (constant or expression) [1] 1
Mesh Motion? [no] no
Enter yes or no to continue [no] no
Porous zone? [no] no
3D Fan Zone? [no] no

> /define/boundary-conditions/solid
(solid_cu solid_tim2)
zone id/name [solid_cu] solid_cu
material-name [tim2]: Change current value? [no] yes

material-name [tim2]> copper
Specify source terms? [no] no
Specify fixed values? [no] no
Frame Motion? [no] no
Use Profile for Reference Frame X-Origin of Rotation-Axis? [no] no
Reference Frame X-Origin of Rotation-Axis (constant or expression) (in [m]) [0] 0
Use Profile for Reference Frame Y-Origin of Rotation-Axis? [no] no
Reference Frame Y-Origin of Rotation-Axis (constant or expression) (in [m]) [0] 0
Use Profile for Reference Frame Z-Origin of Rotation-Axis? [no] no
Reference Frame Z-Origin of Rotation-Axis (constant or expression) (in [m]) [0] 0
Use Profile for Reference Frame X-Component of Rotation-Axis? [no] no
Reference Frame X-Component of Rotation-Axis (constant or expression) [0] 0
Use Profile for Reference Frame Y-Component of Rotation-Axis? [no] no
Reference Frame Y-Component of Rotation-Axis (constant or expression) [0] 0
Use Profile for Reference Frame Z-Component of Rotation-Axis? [no] no
Reference Frame Z-Component of Rotation-Axis (constant or expression) [1] 1
Mesh Motion? [no] no
Solid Motion? [no] no
Enter yes or no to continue [no] no

> /define/boundary-conditions/solid
(solid_cu solid_tim2)
zone id/name [solid_cu] solid_tim2
material-name [tim2]: Change current value? [no] yes

material-name [tim2]> tim2
Specify source terms? [no] no
Specify fixed values? [no] no
Frame Motion? [no] no
Use Profile for Reference Frame X-Origin of Rotation-Axis? [no] no
Reference Frame X-Origin of Rotation-Axis (constant or expression) (in [m]) [0] 0
Use Profile for Reference Frame Y-Origin of Rotation-Axis? [no] no
Reference Frame Y-Origin of Rotation-Axis (constant or expression) (in [m]) [0] 0
Use Profile for Reference Frame Z-Origin of Rotation-Axis? [no] no
Reference Frame Z-Origin of Rotation-Axis (constant or expression) (in [m]) [0] 0
Use Profile for Reference Frame X-Component of Rotation-Axis? [no] no
Reference Frame X-Component of Rotation-Axis (constant or expression) [0] 0
Use Profile for Reference Frame Y-Component of Rotation-Axis? [no] no
Reference Frame Y-Component of Rotation-Axis (constant or expression) [0] 0
Use Profile for Reference Frame Z-Component of Rotation-Axis? [no] no
Reference Frame Z-Component of Rotation-Axis (constant or expression) [1] 1
Mesh Motion? [no] no
Solid Motion? [no] no
Enter yes or no to continue [no] no

> /define/boundary-conditions/zone-type inlet_lo mass-flow-inlet

> /define/boundary-conditions/zone-type inlet_hi mass-flow-inlet

> /define/boundary-conditions/zone-type inlet_mid mass-flow-inlet

> /define/boundary-conditions/zone-type outlet_lo pressure-outlet

> /define/boundary-conditions/zone-type outlet_hi pressure-outlet

> /define/boundary-conditions/zone-type wall_heat wall

> /define/boundary-conditions/zone-type wall_adiabat wall

> /define/boundary-conditions/zone-type wall_side wall

> /define/boundary-conditions/set/mass-flow-inlet inlet_lo () mass-flow no 1.20266667e-3 t no 313.15 q

> /define/boundary-conditions/set/mass-flow-inlet inlet_hi () mass-flow no 1.20266667e-3 t no 313.15 q

> /define/boundary-conditions/set/mass-flow-inlet inlet_mid () mass-flow no 9.02000000e-4 t no 313.15 q

> /define/boundary-conditions/set/pressure-outlet outlet_lo () t no 313.15 q

> /define/boundary-conditions/set/pressure-outlet outlet_hi () t no 313.15 q

> /define/boundary-conditions/wall
(wall_side wall_adiabat wall_heat wall_cu_fluid wall_tim_cu wall_adiabat:018 wall_adiabat:019 wall_side:020 wall_side:021 wall_tim_cu-shadow wall_cu_fluid-shadow)
zone id/name [wall_side] wall_heat
Use Profile for Wall Thickness? [no] no
Wall Thickness (constant or expression) (in [m]) [0] 0
Use Profile for Heat Generation Rate? [no] no
Heat Generation Rate (constant or expression) (in [W/m^3]) [0] 0
material-name [tim2]: Change current value? [no] no
Thermal BC Type [heat-flux]: Change current value? [no] yes

Thermal BC Type [heat-flux]> heat-flux
Use Profile for Heat Flux? [no] no
Heat Flux (constant or expression) (in [W/m^2]) [0] 205000
Enable shell conduction? [no] no
Use Profile for Convective Augmentation Factor? [no] no
Convective Augmentation Factor (constant or expression) [1] 1

> /report/reference-values/temperature 313.15

> /define/operating-conditions/operating-pressure 101325

> /solve/set/p-v-coupling 24

> /solve/set/pseudo-transient yes
Activate automatic time step size calculation? [yes] yes
Length scale calculation methods: (0 1 2)
0 - Aggressive 
1 - Conservative 
2 - User-Specified 
Length Scale Calculation Method [1] 1
Auto time step scaling factor (constant or expression) [1] 1
Auto time verbosity [0] 0
Activate automatic time step size calculation for solid zone? [yes] yes
Auto time step scale factor for solid zone [1] 1

> /solve/set/discretization-scheme/pressure 10

> /solve/set/discretization-scheme/mom 0

> /solve/set/discretization-scheme/temperature 0

> /solve/monitors/residual/print? yes

> /solve/monitors/residual/plot? yes

> /solve/monitors/residual/criterion-type Available options: (absolute none)
0

> /solve/monitors/residual/check-convergence? no
Check convergence of x-velocity residuals? [yes] no
Check convergence of y-velocity residuals? [yes] no
Check convergence of z-velocity residuals? [yes] no
Check convergence of energy residuals? [yes] no

> /file/auto-save/root-name "D:/agents2026/agents2026/agents/AIDCtms/coolingplate/design/cfd_HBM/fluent/hbm_c_w045h20"

> /file/auto-save/data-frequency 200

> /file/auto-save/case-frequency
Available options: ("if-case-is-modified" "each-time" "if-mesh-is-modified")
Case save frequency ["if-case-is-modified"] each-time

> /solve/initialize/set-defaults/temperature 313.15

> /solve/initialize/initialize-flow

> /solve/iterate 200

  iter  continuity  x-velocity  y-velocity  z-velocity      energy     time/iter
        Stabilizing pressure coupled to enhance linear solver robustness.
     1  1.0000e+00  0.0000e+00  9.2431e-04  0.0000e+00  7.7730e-08  1:44:16  199
        Stabilizing pressure coupled to enhance linear solver robustness.
     2  1.0000e+00  1.1992e-03  5.6225e-03  3.7240e-03  9.2109e-08  1:39:23  198

 Reversed flow on 499 faces (16.4% area) of pressure-outlet 11.
        Stabilizing pressure coupled to enhance linear solver robustness.
     3  5.3337e-01  5.9937e-04  3.4286e-03  1.7493e-03  8.7513e-08  1:37:36  197

 Reversed flow on 521 faces (17.7% area) of pressure-outlet 11.
        Stabilizing pressure coupled to enhance linear solver robustness.
     4  2.8992e-01  3.2481e-04  2.0811e-03  1.0058e-03  8.3183e-08  1:36:04  196

 Reversed flow on 1056 faces (34.8% area) of pressure-outlet 11.

 Reversed flow on 966 faces (25.4% area) of pressure-outlet 12.
        Stabilizing pressure coupled to enhance linear solver robustness.
     5  1.7268e-01  2.0755e-04  1.2766e-03  6.4746e-04  7.9187e-08  1:38:15  195

 Reversed flow on 1199 faces (39.0% area) of pressure-outlet 11.

 Reversed flow on 1457 faces (39.9% area) of pressure-outlet 12.
        Stabilizing pressure coupled to enhance linear solver robustness.
     6  1.0903e-01  1.2659e-04  7.7433e-04  4.1762e-04  7.6497e-08  1:42:41  194

 Reversed flow on 1255 faces (41.3% area) of pressure-outlet 11.

 Reversed flow on 1622 faces (44.2% area) of pressure-outlet 12.
        Stabilizing pressure coupled to enhance linear solver robustness.
     7  8.5634e-02  8.4453e-05  4.9378e-04  2.8877e-04  7.4484e-08  1:41:37  193

 Reversed flow on 1394 faces (44.9% area) of pressure-outlet 11.

 Reversed flow on 1696 faces (46.5% area) of pressure-outlet 12.
        Stabilizing pressure coupled to enhance linear solver robustness.
     8  5.5764e-02  5.4992e-05  3.0427e-04  1.9402e-04  7.2667e-08  1:45:55  192

 Reversed flow on 1455 faces (47.1% area) of pressure-outlet 11.

 Reversed flow on 1779 faces (48.8% area) of pressure-outlet 12.
        Stabilizing pressure coupled to enhance linear solver robustness.
     9  3.9271e-02  3.6951e-05  1.9355e-04  1.3532e-04  7.1273e-08  1:45:55  191

 Reversed flow on 1431 faces (46.7% area) of pressure-outlet 11.

 Reversed flow on 1845 faces (50.8% area) of pressure-outlet 12.
        Stabilizing pressure coupled to enhance linear solver robustness.
    10  2.9132e-02  2.6626e-05  1.2637e-04  9.4992e-05  6.9860e-08  1:47:02  190

 Reversed flow on 1450 faces (47.3% area) of pressure-outlet 11.

 Reversed flow on 1895 faces (52.0% area) of pressure-outlet 12.
        Stabilizing pressure coupled to enhance linear solver robustness.
    11  2.1958e-02  1.9917e-05  8.5610e-05  6.7908e-05  6.8542e-08  1:51:58  189

 Reversed flow on 1486 faces (48.5% area) of pressure-outlet 11.

 Reversed flow on 1935 faces (52.7% area) of pressure-outlet 12.
        Stabilizing pressure coupled to enhance linear solver robustness.

  iter  continuity  x-velocity  y-velocity  z-velocity      energy     time/iter
    12  1.6697e-02  1.5191e-05  5.9242e-05  4.9860e-05  6.7592e-08  1:51:36  188

 Reversed flow on 1501 faces (48.8% area) of pressure-outlet 11.

 Reversed flow on 1960 faces (53.3% area) of pressure-outlet 12.
        Stabilizing pressure coupled to enhance linear solver robustness.
    13  1.2863e-02  1.1213e-05  4.1567e-05  3.5607e-05  6.6516e-08  1:48:27  187

 Reversed flow on 1503 faces (48.9% area) of pressure-outlet 11.

 Reversed flow on 1960 faces (53.8% area) of pressure-outlet 12.
        Stabilizing pressure coupled to enhance linear solver robustness.
    14  1.0172e-02  8.5836e-06  3.0593e-05  2.6374e-05  6.5741e-08  1:47:04  186

 Reversed flow on 1508 faces (49.1% area) of pressure-outlet 11.

 Reversed flow on 1964 faces (54.1% area) of pressure-outlet 12.
        Stabilizing pressure coupled to enhance linear solver robustness.
    15  7.8281e-03  6.6867e-06  2.2381e-05  2.0370e-05  6.5003e-08  1:43:47  185

 Reversed flow on 1510 faces (49.1% area) of pressure-outlet 11.

 Reversed flow on 1962 faces (54.0% area) of pressure-outlet 12.
        Stabilizing pressure coupled to enhance linear solver robustness.
    16  6.2134e-03  5.3624e-06  1.7227e-05  1.6240e-05  6.4278e-08  1:42:53  184

 Reversed flow on 1514 faces (49.3% area) of pressure-outlet 11.

 Reversed flow on 1966 faces (54.1% area) of pressure-outlet 12.
        Stabilizing pressure coupled to enhance linear solver robustness.
    17  5.0369e-03  4.4523e-06  1.3508e-05  1.3443e-05  6.3675e-08  1:40:39  183

 Reversed flow on 1517 faces (49.5% area) of pressure-outlet 11.

 Reversed flow on 1983 faces (54.4% area) of pressure-outlet 12.
        Stabilizing pressure coupled to enhance linear solver robustness.
    18  4.3644e-03  3.8176e-06  1.1417e-05  1.1353e-05  6.3101e-08  1:40:07  182

 Reversed flow on 1520 faces (49.6% area) of pressure-outlet 11.

 Reversed flow on 1982 faces (54.3% area) of pressure-outlet 12.
        Stabilizing pressure coupled to enhance linear solver robustness.
    19  3.5907e-03  3.2960e-06  9.0933e-06  9.8369e-06  6.2553e-08  1:39:49  181

 Reversed flow on 1522 faces (49.8% area) of pressure-outlet 11.

 Reversed flow on 1983 faces (54.3% area) of pressure-outlet 12.
        Stabilizing pressure coupled to enhance linear solver robustness.
    20  3.0058e-03  2.8788e-06  7.4779e-06  8.5857e-06  6.2006e-08  1:39:02  180

 Reversed flow on 1515 faces (49.4% area) of pressure-outlet 11.

 Reversed flow on 1974 faces (54.0% area) of pressure-outlet 12.
        Stabilizing pressure coupled to enhance linear solver robustness.
    21  2.6205e-03  2.5410e-06  6.3620e-06  7.5054e-06  6.1743e-08  1:38:04  179

 Reversed flow on 1515 faces (49.4% area) of pressure-outlet 11.

 Reversed flow on 1971 faces (54.0% area) of pressure-outlet 12.
        Stabilizing pressure coupled to enhance linear solver robustness.
    22  2.2928e-03  2.2409e-06  5.3170e-06  6.5745e-06  6.1388e-08  1:37:07  178

 Reversed flow on 1513 faces (49.3% area) of pressure-outlet 11.

 Reversed flow on 1972 faces (54.1% area) of pressure-outlet 12.
        Stabilizing pressure coupled to enhance linear solver robustness.

  iter  continuity  x-velocity  y-velocity  z-velocity      energy     time/iter
    23  2.0653e-03  1.9891e-06  4.6023e-06  5.7747e-06  6.0960e-08  1:37:40  177

 Reversed flow on 1512 faces (49.3% area) of pressure-outlet 11.

 Reversed flow on 1970 faces (54.0% area) of pressure-outlet 12.
        Stabilizing pressure coupled to enhance linear solver robustness.
    24  1.8126e-03  1.7574e-06  3.8469e-06  5.0720e-06  6.0602e-08  1:36:38  176

 Reversed flow on 1511 faces (49.3% area) of pressure-outlet 11.

 Reversed flow on 1969 faces (53.9% area) of pressure-outlet 12.
        Stabilizing pressure coupled to enhance linear solver robustness.
    25  1.6462e-03  1.5699e-06  3.4279e-06  4.4867e-06  6.0366e-08  1:36:55  175

 Reversed flow on 1509 faces (49.3% area) of pressure-outlet 11.

 Reversed flow on 1963 faces (53.9% area) of pressure-outlet 12.
        Stabilizing pressure coupled to enhance linear solver robustness.
    26  1.4879e-03  1.3998e-06  2.9154e-06  3.9783e-06  6.0014e-08  1:38:08  174

 Reversed flow on 1505 faces (49.2% area) of pressure-outlet 11.

 Reversed flow on 1956 faces (53.7% area) of pressure-outlet 12.
        Stabilizing pressure coupled to enhance linear solver robustness.
    27  1.3451e-03  1.2528e-06  2.6293e-06  3.5602e-06  5.9777e-08  1:37:29  173

 Reversed flow on 1505 faces (49.1% area) of pressure-outlet 11.

 Reversed flow on 1955 faces (53.7% area) of pressure-outlet 12.
        Stabilizing pressure coupled to enhance linear solver robustness.
    28  1.3122e-03  1.1419e-06  2.7529e-06  3.2209e-06  5.9514e-08  1:37:39  172

 Reversed flow on 1504 faces (49.2% area) of pressure-outlet 11.

 Reversed flow on 1955 faces (53.7% area) of pressure-outlet 12.
        Stabilizing pressure coupled to enhance linear solver robustness.
    29  1.1117e-03  1.0091e-06  2.0579e-06  2.8833e-06  5.9387e-08  1:36:45  171

 Reversed flow on 1502 faces (49.1% area) of pressure-outlet 11.

 Reversed flow on 1955 faces (53.7% area) of pressure-outlet 12.
        Stabilizing pressure coupled to enhance linear solver robustness.
    30  9.9031e-04  9.0252e-07  1.7600e-06  2.5683e-06  5.9434e-08  1:35:45  170

 Reversed flow on 1500 faces (49.1% area) of pressure-outlet 11.

 Reversed flow on 1955 faces (53.7% area) of pressure-outlet 12.
        Stabilizing pressure coupled to enhance linear solver robustness.
    31  9.0313e-04  8.2000e-07  1.6075e-06  2.3302e-06  5.9229e-08  1:34:22  169

 Reversed flow on 1496 faces (48.9% area) of pressure-outlet 11.

 Reversed flow on 1952 faces (53.6% area) of pressure-outlet 12.
        Stabilizing pressure coupled to enhance linear solver robustness.
    32  8.4640e-04  7.5202e-07  1.5689e-06  2.1330e-06  5.9048e-08  1:33:48  168

 Reversed flow on 1496 faces (48.8% area) of pressure-outlet 11.

 Reversed flow on 1952 faces (53.6% area) of pressure-outlet 12.
        Stabilizing pressure coupled to enhance linear solver robustness.
    33  7.6549e-04  6.8238e-07  1.2918e-06  1.9323e-06  5.8820e-08  1:33:40  167

 Reversed flow on 1496 faces (48.8% area) of pressure-outlet 11.

 Reversed flow on 1951 faces (53.6% area) of pressure-outlet 12.

  iter  continuity  x-velocity  y-velocity  z-velocity      energy     time/iter
    34  7.0345e-04  6.2576e-07  1.1565e-06  1.7571e-06  5.8721e-08  1:28:46  166

 Reversed flow on 1501 faces (49.0% area) of pressure-outlet 11.

 Reversed flow on 1951 faces (53.6% area) of pressure-outlet 12.
        Stabilizing pressure coupled to enhance linear solver robustness.
    35  6.5157e-04  5.7434e-07  1.0930e-06  1.5936e-06  5.8537e-08  1:29:03  165

 Reversed flow on 1498 faces (48.9% area) of pressure-outlet 11.

 Reversed flow on 1951 faces (53.6% area) of pressure-outlet 12.
    36  6.0397e-04  5.3127e-07  9.7437e-07  1.4652e-06  5.8490e-08  1:25:43  164

 Reversed flow on 1498 faces (48.9% area) of pressure-outlet 11.

 Reversed flow on 1951 faces (53.6% area) of pressure-outlet 12.
    37  5.6737e-04  4.9567e-07  9.1252e-07  1.3453e-06  5.8440e-08  1:23:43  163

 Reversed flow on 1501 faces (49.1% area) of pressure-outlet 11.

 Reversed flow on 1950 faces (53.6% area) of pressure-outlet 12.
        Stabilizing pressure coupled to enhance linear solver robustness.
    38  5.3566e-04  4.6762e-07  8.5828e-07  1.2351e-06  5.8286e-08  1:24:35  162

 Reversed flow on 1507 faces (49.3% area) of pressure-outlet 11.

 Reversed flow on 1950 faces (53.6% area) of pressure-outlet 12.
    39  5.0012e-04  4.3854e-07  7.7550e-07  1.1405e-06  5.7574e-08  1:22:12  161

 Reversed flow on 1506 faces (49.2% area) of pressure-outlet 11.

 Reversed flow on 1949 faces (53.6% area) of pressure-outlet 12.
        Stabilizing pressure coupled to enhance linear solver robustness.
    40  4.7238e-04  4.1061e-07  7.3364e-07  1.0532e-06  5.8107e-08  1:22:43  160

 Reversed flow on 1504 faces (49.1% area) of pressure-outlet 11.

 Reversed flow on 1949 faces (53.6% area) of pressure-outlet 12.
    41  4.4784e-04  3.8652e-07  6.7898e-07  9.8198e-07  5.8199e-08  1:19:59  159

 Reversed flow on 1501 faces (49.0% area) of pressure-outlet 11.

 Reversed flow on 1950 faces (53.7% area) of pressure-outlet 12.
    42  4.2523e-04  3.6505e-07  6.3919e-07  9.1397e-07  5.7975e-08  1:17:03  158

 Reversed flow on 1501 faces (49.0% area) of pressure-outlet 11.

 Reversed flow on 1950 faces (53.6% area) of pressure-outlet 12.
    43  4.0772e-04  3.4565e-07  6.0254e-07  8.5829e-07  5.7465e-08  1:14:51  157

 Reversed flow on 1506 faces (49.3% area) of pressure-outlet 11.

 Reversed flow on 1948 faces (53.6% area) of pressure-outlet 12.
        Stabilizing pressure coupled to enhance linear solver robustness.
    44  3.8692e-04  3.2520e-07  5.5598e-07  8.0101e-07  5.7446e-08  1:15:27  156

 Reversed flow on 1506 faces (49.3% area) of pressure-outlet 11.

 Reversed flow on 1950 faces (53.7% area) of pressure-outlet 12.

  iter  continuity  x-velocity  y-velocity  z-velocity      energy     time/iter
    45  3.6947e-04  3.0564e-07  5.0658e-07  7.4603e-07  5.7375e-08  1:13:34  155

 Reversed flow on 1507 faces (49.3% area) of pressure-outlet 11.

 Reversed flow on 1952 faces (53.8% area) of pressure-outlet 12.
        Stabilizing pressure coupled to enhance linear solver robustness.
    46  3.5395e-04  2.8838e-07  4.7253e-07  6.8846e-07  5.7197e-08  1:14:49  154

 Reversed flow on 1508 faces (49.4% area) of pressure-outlet 11.

 Reversed flow on 1951 faces (53.7% area) of pressure-outlet 12.
        Stabilizing pressure coupled to enhance linear solver robustness.
    47  3.3899e-04  2.7107e-07  4.2098e-07  6.3722e-07  5.7302e-08  1:16:33  153

 Reversed flow on 1508 faces (49.4% area) of pressure-outlet 11.

 Reversed flow on 1952 faces (53.8% area) of pressure-outlet 12.
        Stabilizing pressure coupled to enhance linear solver robustness.
    48  3.2759e-04  2.5532e-07  4.0395e-07  5.8711e-07  5.7345e-08  1:16:36  152

 Reversed flow on 1508 faces (49.4% area) of pressure-outlet 11.

 Reversed flow on 1950 faces (53.7% area) of pressure-outlet 12.
        Stabilizing pressure coupled to enhance linear solver robustness.
    49  3.1391e-04  2.3654e-07  3.5446e-07  5.4134e-07  5.7040e-08  1:17:49  151

 Reversed flow on 1508 faces (49.4% area) of pressure-outlet 11.

 Reversed flow on 1949 faces (53.7% area) of pressure-outlet 12.
        Stabilizing pressure coupled to enhance linear solver robustness.
    50  3.0283e-04  2.2537e-07  3.3355e-07  4.9599e-07  5.7484e-08  1:17:06  150

 Reversed flow on 1507 faces (49.3% area) of pressure-outlet 11.

 Reversed flow on 1951 faces (53.8% area) of pressure-outlet 12.
        Stabilizing pressure coupled to enhance linear solver robustness.
    51  2.8808e-04  2.1023e-07  2.9082e-07  4.4868e-07  5.7163e-08  1:18:26  149

 Reversed flow on 1507 faces (49.3% area) of pressure-outlet 11.

 Reversed flow on 1953 faces (53.9% area) of pressure-outlet 12.
        Stabilizing pressure coupled to enhance linear solver robustness.
    52  2.7597e-04  1.9709e-07  2.5591e-07  4.0949e-07  5.6817e-08  1:17:48  148

 Reversed flow on 1508 faces (49.4% area) of pressure-outlet 11.

 Reversed flow on 1951 faces (53.8% area) of pressure-outlet 12.
        Stabilizing pressure coupled to enhance linear solver robustness.
    53  2.6785e-04  1.8683e-07  2.5131e-07  3.7935e-07  5.7401e-08  1:17:05  147

 Reversed flow on 1508 faces (49.4% area) of pressure-outlet 11.

 Reversed flow on 1949 faces (53.8% area) of pressure-outlet 12.
        Stabilizing pressure coupled to enhance linear solver robustness.
    54  2.5863e-04  1.8178e-07  2.2383e-07  3.4924e-07  5.6780e-08  1:16:46  146

 Reversed flow on 1508 faces (49.4% area) of pressure-outlet 11.

 Reversed flow on 1949 faces (53.8% area) of pressure-outlet 12.
    55  2.4715e-04  1.6738e-07  1.9785e-07  3.1711e-07  5.7454e-08  1:13:25  145

 Reversed flow on 1507 faces (49.3% area) of pressure-outlet 11.

 Reversed flow on 1952 faces (53.8% area) of pressure-outlet 12.
        Stabilizing pressure coupled to enhance linear solver robustness.

  iter  continuity  x-velocity  y-velocity  z-velocity      energy     time/iter
    56  2.4026e-04  1.5982e-07  1.8661e-07  2.9243e-07  5.6734e-08  1:13:34  144

 Reversed flow on 1507 faces (49.3% area) of pressure-outlet 11.

 Reversed flow on 1952 faces (53.8% area) of pressure-outlet 12.
        Stabilizing pressure coupled to enhance linear solver robustness.
    57  2.3333e-04  1.5227e-07  1.7122e-07  2.6943e-07  5.6778e-08  1:15:00  143

 Reversed flow on 1508 faces (49.4% area) of pressure-outlet 11.

 Reversed flow on 1951 faces (53.8% area) of pressure-outlet 12.
        Stabilizing pressure coupled to enhance linear solver robustness.
    58  2.2538e-04  1.4462e-07  1.4819e-07  2.4712e-07  5.6868e-08  1:14:27  142

 Reversed flow on 1508 faces (49.4% area) of pressure-outlet 11.

 Reversed flow on 1951 faces (53.8% area) of pressure-outlet 12.
    59  2.1948e-04  1.4147e-07  1.3233e-07  2.2774e-07  5.6342e-08  1:11:20  141

 Reversed flow on 1508 faces (49.4% area) of pressure-outlet 11.

 Reversed flow on 1950 faces (53.8% area) of pressure-outlet 12.
    60  2.1397e-04  1.3637e-07  1.2052e-07  2.0902e-07  5.7052e-08  1:08:19  140

 Reversed flow on 1507 faces (49.3% area) of pressure-outlet 11.

 Reversed flow on 1950 faces (53.8% area) of pressure-outlet 12.
    61  2.0780e-04  1.2934e-07  1.1017e-07  1.9432e-07  5.6981e-08  1:05:57  139

 Reversed flow on 1507 faces (49.3% area) of pressure-outlet 11.

 Reversed flow on 1948 faces (53.7% area) of pressure-outlet 12.
    62  2.0221e-04  1.2050e-07  1.0166e-07  1.8167e-07  5.6971e-08  1:03:49  138

 Reversed flow on 1508 faces (49.4% area) of pressure-outlet 11.

 Reversed flow on 1949 faces (53.8% area) of pressure-outlet 12.
    63  2.0219e-04  1.2567e-07  9.5829e-08  1.7562e-07  5.7208e-08  1:01:58  137

 Reversed flow on 1508 faces (49.4% area) of pressure-outlet 11.

 Reversed flow on 1950 faces (53.8% area) of pressure-outlet 12.
        Stabilizing pressure coupled to enhance linear solver robustness.
    64  1.9703e-04  1.2070e-07  8.9990e-08  1.6146e-07  5.7112e-08  1:03:23  136

 Reversed flow on 1508 faces (49.4% area) of pressure-outlet 11.

 Reversed flow on 1950 faces (53.8% area) of pressure-outlet 12.
    65  1.9331e-04  1.1784e-07  7.8737e-08  1.4955e-07  5.6756e-08  1:01:56  135

 Reversed flow on 1507 faces (49.3% area) of pressure-outlet 11.

 Reversed flow on 1951 faces (53.8% area) of pressure-outlet 12.
        Stabilizing pressure coupled to enhance linear solver robustness.
    66  1.9001e-04  1.1234e-07  7.6169e-08  1.4077e-07  5.6810e-08  1:02:02  134

 Reversed flow on 1507 faces (49.3% area) of pressure-outlet 11.

 Reversed flow on 1951 faces (53.8% area) of pressure-outlet 12.
        Stabilizing pressure coupled to enhance linear solver robustness.

  iter  continuity  x-velocity  y-velocity  z-velocity      energy     time/iter
    67  1.8928e-04  1.1273e-07  7.2209e-08  1.3640e-07  5.7157e-08  1:03:13  133

 Reversed flow on 1508 faces (49.4% area) of pressure-outlet 11.

 Reversed flow on 1951 faces (53.8% area) of pressure-outlet 12.
    68  1.8600e-04  1.1132e-07  6.4741e-08  1.2894e-07  5.6904e-08  1:01:40  132

 Reversed flow on 1508 faces (49.4% area) of pressure-outlet 11.

 Reversed flow on 1950 faces (53.8% area) of pressure-outlet 12.
        Stabilizing pressure coupled to enhance linear solver robustness.
    69  1.8271e-04  1.0407e-07  6.1934e-08  1.1911e-07  5.6823e-08  1:02:32  131

 Reversed flow on 1508 faces (49.4% area) of pressure-outlet 11.

 Reversed flow on 1950 faces (53.8% area) of pressure-outlet 12.
    70  1.8209e-04  1.0776e-07  5.6796e-08  1.1792e-07  5.6740e-08  1:00:26  130

 Reversed flow on 1507 faces (49.3% area) of pressure-outlet 11.

 Reversed flow on 1951 faces (53.8% area) of pressure-outlet 12.
    71  1.8141e-04  1.0731e-07  5.4260e-08  1.1143e-07  5.6470e-08  0:59:03  129

 Reversed flow on 1507 faces (49.3% area) of pressure-outlet 11.

 Reversed flow on 1951 faces (53.8% area) of pressure-outlet 12.
    72  1.7697e-04  9.9798e-08  5.2029e-08  1.0619e-07  5.7463e-08  0:57:55  128

 Reversed flow on 1508 faces (49.4% area) of pressure-outlet 11.

 Reversed flow on 1952 faces (53.8% area) of pressure-outlet 12.
    73  1.7401e-04  9.4945e-08  4.8622e-08  9.9035e-08  5.6618e-08  0:56:50  127

 Reversed flow on 1508 faces (49.4% area) of pressure-outlet 11.

 Reversed flow on 1952 faces (53.8% area) of pressure-outlet 12.
    74  1.7680e-04  1.0292e-07  4.5457e-08  9.8080e-08  5.7328e-08  0:55:43  126

 Reversed flow on 1508 faces (49.4% area) of pressure-outlet 11.

 Reversed flow on 1952 faces (53.8% area) of pressure-outlet 12.
        Stabilizing pressure coupled to enhance linear solver robustness.
    75  1.7459e-04  9.9616e-08  4.4634e-08  9.4396e-08  5.7447e-08  0:57:14  125

 Reversed flow on 1507 faces (49.3% area) of pressure-outlet 11.

 Reversed flow on 1952 faces (53.8% area) of pressure-outlet 12.
    76  1.7313e-04  9.8829e-08  4.2192e-08  9.1095e-08  5.7280e-08  0:56:11  124

 Reversed flow on 1507 faces (49.3% area) of pressure-outlet 11.

 Reversed flow on 1952 faces (53.8% area) of pressure-outlet 12.
        Stabilizing pressure coupled to enhance linear solver robustness.
    77  1.7131e-04  9.2344e-08  4.1772e-08  8.7851e-08  5.7130e-08  0:57:42  123

 Reversed flow on 1508 faces (49.4% area) of pressure-outlet 11.

 Reversed flow on 1951 faces (53.8% area) of pressure-outlet 12.
        Stabilizing pressure coupled to enhance linear solver robustness.

  iter  continuity  x-velocity  y-velocity  z-velocity      energy     time/iter
    78  1.7181e-04  9.5153e-08  3.8501e-08  8.6329e-08  5.7232e-08  0:59:20  122

 Reversed flow on 1508 faces (49.4% area) of pressure-outlet 11.

 Reversed flow on 1951 faces (53.8% area) of pressure-outlet 12.
        Stabilizing pressure coupled to enhance linear solver robustness.
    79  1.7122e-04  9.4864e-08  3.7671e-08  8.2795e-08  5.6484e-08  0:58:28  121

 Reversed flow on 1508 faces (49.4% area) of pressure-outlet 11.

 Reversed flow on 1952 faces (53.8% area) of pressure-outlet 12.
    80  1.6882e-04  8.9974e-08  3.5032e-08  7.7761e-08  5.7295e-08  0:56:57  120

 Reversed flow on 1507 faces (49.3% area) of pressure-outlet 11.

 Reversed flow on 1951 faces (53.8% area) of pressure-outlet 12.
    81  1.6921e-04  9.0679e-08  3.4967e-08  7.9247e-08  5.6761e-08  0:55:10  119

 Reversed flow on 1507 faces (49.3% area) of pressure-outlet 11.

 Reversed flow on 1952 faces (53.9% area) of pressure-outlet 12.
    82  1.6994e-04  9.3152e-08  3.4338e-08  7.8691e-08  5.7280e-08  0:53:36  118

 Reversed flow on 1508 faces (49.4% area) of pressure-outlet 11.

 Reversed flow on 1952 faces (53.9% area) of pressure-outlet 12.
    83  1.6586e-04  8.2132e-08  3.1992e-08  7.0992e-08  5.7216e-08  0:52:29  117

 Reversed flow on 1508 faces (49.4% area) of pressure-outlet 11.

 Reversed flow on 1952 faces (53.9% area) of pressure-outlet 12.
    84  1.6858e-04  8.7272e-08  2.9876e-08  7.1038e-08  5.6905e-08  0:51:35  116

 Reversed flow on 1508 faces (49.4% area) of pressure-outlet 11.

 Reversed flow on 1952 faces (53.9% area) of pressure-outlet 12.
    85  1.6700e-04  8.8189e-08  2.8581e-08  6.8907e-08  5.6723e-08  0:50:51  115

 Reversed flow on 1507 faces (49.3% area) of pressure-outlet 11.

 Reversed flow on 1952 faces (53.9% area) of pressure-outlet 12.
    86  1.6955e-04  9.1872e-08  2.8136e-08  6.9398e-08  5.6665e-08  0:49:55  114

 Reversed flow on 1507 faces (49.3% area) of pressure-outlet 11.

 Reversed flow on 1952 faces (53.9% area) of pressure-outlet 12.
    87  1.6717e-04  8.6786e-08  2.8060e-08  6.7234e-08  5.6700e-08  0:49:01  113

 Reversed flow on 1508 faces (49.4% area) of pressure-outlet 11.

 Reversed flow on 1952 faces (53.9% area) of pressure-outlet 12.
    88  1.6695e-04  9.0414e-08  2.8024e-08  6.9121e-08  5.6697e-08  0:48:18  112

 Reversed flow on 1508 faces (49.4% area) of pressure-outlet 11.

 Reversed flow on 1952 faces (53.9% area) of pressure-outlet 12.

  iter  continuity  x-velocity  y-velocity  z-velocity      energy     time/iter
    89  1.6779e-04  8.9820e-08  2.7570e-08  6.7794e-08  5.7217e-08  0:47:42  111

 Reversed flow on 1508 faces (49.4% area) of pressure-outlet 11.

 Reversed flow on 1952 faces (53.9% area) of pressure-outlet 12.
        Stabilizing pressure coupled to enhance linear solver robustness.
    90  1.6713e-04  9.2581e-08  2.6461e-08  6.6914e-08  5.6926e-08  0:49:38  110

 Reversed flow on 1507 faces (49.3% area) of pressure-outlet 11.

 Reversed flow on 1952 faces (53.9% area) of pressure-outlet 12.
        Stabilizing pressure coupled to enhance linear solver robustness.
    91  1.6448e-04  8.7697e-08  2.5950e-08  6.4286e-08  5.7269e-08  0:50:53  109

 Reversed flow on 1507 faces (49.3% area) of pressure-outlet 11.

 Reversed flow on 1952 faces (53.9% area) of pressure-outlet 12.
        Stabilizing pressure coupled to enhance linear solver robustness.
    92  1.6416e-04  8.5431e-08  2.4755e-08  6.3045e-08  5.6878e-08  0:51:27  108

 Reversed flow on 1508 faces (49.4% area) of pressure-outlet 11.

 Reversed flow on 1952 faces (53.9% area) of pressure-outlet 12.
    93  1.6578e-04  9.1175e-08  2.4789e-08  6.5684e-08  5.7275e-08  0:49:54  107

 Reversed flow on 1508 faces (49.4% area) of pressure-outlet 11.

 Reversed flow on 1952 faces (53.9% area) of pressure-outlet 12.
    94  1.6430e-04  8.5835e-08  2.4420e-08  6.2228e-08  5.7222e-08  0:48:20  106

 Reversed flow on 1508 faces (49.4% area) of pressure-outlet 11.

 Reversed flow on 1952 faces (53.9% area) of pressure-outlet 12.
    95  1.6532e-04  9.0679e-08  2.2749e-08  6.1973e-08  5.6434e-08  0:47:18  105

 Reversed flow on 1507 faces (49.3% area) of pressure-outlet 11.

 Reversed flow on 1952 faces (53.9% area) of pressure-outlet 12.
    96  1.6428e-04  8.6933e-08  2.2708e-08  6.0434e-08  5.7024e-08  0:46:28  104

 Reversed flow on 1507 faces (49.3% area) of pressure-outlet 11.

 Reversed flow on 1952 faces (53.9% area) of pressure-outlet 12.
    97  1.6213e-04  8.1352e-08  2.2671e-08  5.8677e-08  5.6677e-08  0:45:30  103

 Reversed flow on 1508 faces (49.4% area) of pressure-outlet 11.

 Reversed flow on 1951 faces (53.8% area) of pressure-outlet 12.
    98  1.6419e-04  8.7958e-08  2.2587e-08  6.1042e-08  5.7122e-08  0:44:41  102

 Reversed flow on 1508 faces (49.4% area) of pressure-outlet 11.

 Reversed flow on 1951 faces (53.8% area) of pressure-outlet 12.
    99  1.6414e-04  8.5996e-08  2.2853e-08  5.9774e-08  5.6760e-08  0:43:58  101

 Reversed flow on 1508 faces (49.4% area) of pressure-outlet 11.

 Reversed flow on 1951 faces (53.8% area) of pressure-outlet 12.
        Stabilizing pressure coupled to enhance linear solver robustness.

  iter  continuity  x-velocity  y-velocity  z-velocity      energy     time/iter
   100  1.5952e-04  7.8012e-08  2.1356e-08  5.5283e-08  5.6684e-08  0:45:23  100

 Reversed flow on 1507 faces (49.3% area) of pressure-outlet 11.

 Reversed flow on 1951 faces (53.8% area) of pressure-outlet 12.
   101  1.6541e-04  8.9422e-08  2.1029e-08  5.8968e-08  5.7268e-08  0:44:30   99

 Reversed flow on 1507 faces (49.3% area) of pressure-outlet 11.

 Reversed flow on 1951 faces (53.8% area) of pressure-outlet 12.
   102  1.6356e-04  8.6886e-08  2.1538e-08  5.9702e-08  5.6994e-08  0:43:39   98

 Reversed flow on 1508 faces (49.4% area) of pressure-outlet 11.

 Reversed flow on 1951 faces (53.8% area) of pressure-outlet 12.
        Stabilizing pressure coupled to enhance linear solver robustness.
   103  1.6252e-04  8.7258e-08  2.1948e-08  5.9510e-08  5.7046e-08  0:44:53   97

 Reversed flow on 1508 faces (49.4% area) of pressure-outlet 11.

 Reversed flow on 1951 faces (53.8% area) of pressure-outlet 12.
   104  1.5871e-04  7.6026e-08  2.0114e-08  5.3208e-08  5.7006e-08  0:43:37   96

 Reversed flow on 1508 faces (49.4% area) of pressure-outlet 11.

 Reversed flow on 1951 faces (53.8% area) of pressure-outlet 12.
   105  1.6098e-04  8.2365e-08  1.8749e-08  5.4542e-08  5.7167e-08  0:42:34   95

 Reversed flow on 1507 faces (49.3% area) of pressure-outlet 11.

 Reversed flow on 1951 faces (53.8% area) of pressure-outlet 12.
   106  1.6046e-04  8.0381e-08  1.9559e-08  5.3685e-08  5.7066e-08  0:41:36   94

 Reversed flow on 1507 faces (49.3% area) of pressure-outlet 11.

 Reversed flow on 1951 faces (53.8% area) of pressure-outlet 12.
   107  1.5898e-04  7.4629e-08  1.9259e-08  5.1964e-08  5.6497e-08  0:40:38   93

 Reversed flow on 1508 faces (49.4% area) of pressure-outlet 11.

 Reversed flow on 1951 faces (53.8% area) of pressure-outlet 12.
   108  1.6356e-04  8.7427e-08  1.9749e-08  5.8211e-08  5.7081e-08  0:40:05   92

 Reversed flow on 1508 faces (49.4% area) of pressure-outlet 11.

 Reversed flow on 1951 faces (53.8% area) of pressure-outlet 12.
        Stabilizing pressure coupled to enhance linear solver robustness.
   109  1.5905e-04  7.6239e-08  1.9651e-08  5.1630e-08  5.7239e-08  0:40:38   91

 Reversed flow on 1508 faces (49.4% area) of pressure-outlet 11.

 Reversed flow on 1951 faces (53.8% area) of pressure-outlet 12.
        Stabilizing pressure coupled to enhance linear solver robustness.
   110  1.6175e-04  8.2490e-08  1.8230e-08  5.3330e-08  5.6786e-08  0:41:12   90

 Reversed flow on 1507 faces (49.3% area) of pressure-outlet 11.

 Reversed flow on 1951 faces (53.8% area) of pressure-outlet 12.

  iter  continuity  x-velocity  y-velocity  z-velocity      energy     time/iter
   111  1.6231e-04  8.3618e-08  1.9048e-08  5.4379e-08  5.6638e-08  0:40:02   89

 Reversed flow on 1507 faces (49.3% area) of pressure-outlet 11.

 Reversed flow on 1951 faces (53.8% area) of pressure-outlet 12.
   112  1.6162e-04  8.3580e-08  1.8941e-08  5.5250e-08  5.6564e-08  0:39:23   88

 Reversed flow on 1508 faces (49.4% area) of pressure-outlet 11.

 Reversed flow on 1951 faces (53.8% area) of pressure-outlet 12.
        Stabilizing pressure coupled to enhance linear solver robustness.
   113  1.6067e-04  8.2651e-08  1.9103e-08  5.4680e-08  5.6951e-08  0:40:01   87

 Reversed flow on 1508 faces (49.4% area) of pressure-outlet 11.

 Reversed flow on 1951 faces (53.8% area) of pressure-outlet 12.
   114  1.6144e-04  8.1937e-08  1.7956e-08  5.3430e-08  5.6649e-08  0:39:03   86

 Reversed flow on 1508 faces (49.4% area) of pressure-outlet 11.

 Reversed flow on 1951 faces (53.8% area) of pressure-outlet 12.
   115  1.5785e-04  7.4305e-08  1.6972e-08  4.8259e-08  5.6853e-08  0:38:12   85

 Reversed flow on 1507 faces (49.3% area) of pressure-outlet 11.

 Reversed flow on 1951 faces (53.8% area) of pressure-outlet 12.
   116  1.6117e-04  8.2415e-08  1.7047e-08  5.3082e-08  5.7126e-08  0:37:21   84

 Reversed flow on 1507 faces (49.3% area) of pressure-outlet 11.

 Reversed flow on 1951 faces (53.8% area) of pressure-outlet 12.
   117  1.6352e-04  8.8825e-08  1.8237e-08  5.6878e-08  5.6813e-08  0:36:31   83

 Reversed flow on 1508 faces (49.4% area) of pressure-outlet 11.

 Reversed flow on 1951 faces (53.8% area) of pressure-outlet 12.
   118  1.6271e-04  8.5124e-08  1.8694e-08  5.4075e-08  5.6692e-08  0:35:40   82

 Reversed flow on 1508 faces (49.4% area) of pressure-outlet 11.

 Reversed flow on 1951 faces (53.8% area) of pressure-outlet 12.
   119  1.5997e-04  7.6968e-08  1.8074e-08  4.9749e-08  5.6984e-08  0:35:09   81

 Reversed flow on 1508 faces (49.4% area) of pressure-outlet 11.

 Reversed flow on 1951 faces (53.8% area) of pressure-outlet 12.
        Stabilizing pressure coupled to enhance linear solver robustness.
   120  1.6180e-04  8.3507e-08  1.6749e-08  5.2641e-08  5.6907e-08  0:35:41   80

 Reversed flow on 1507 faces (49.3% area) of pressure-outlet 11.

 Reversed flow on 1951 faces (53.8% area) of pressure-outlet 12.
   121  1.6224e-04  8.4271e-08  1.7356e-08  5.1757e-08  5.6630e-08  0:34:52   79

 Reversed flow on 1507 faces (49.3% area) of pressure-outlet 11.

 Reversed flow on 1951 faces (53.8% area) of pressure-outlet 12.

  iter  continuity  x-velocity  y-velocity  z-velocity      energy     time/iter
   122  1.5883e-04  7.4825e-08  1.6637e-08  4.8715e-08  5.6750e-08  0:33:55   78

 Reversed flow on 1508 faces (49.4% area) of pressure-outlet 11.

 Reversed flow on 1951 faces (53.8% area) of pressure-outlet 12.
   123  1.6296e-04  8.7501e-08  1.7228e-08  5.5448e-08  5.6661e-08  0:33:36   77

 Reversed flow on 1508 faces (49.4% area) of pressure-outlet 11.

 Reversed flow on 1951 faces (53.8% area) of pressure-outlet 12.
   124  1.6177e-04  8.6129e-08  1.8129e-08  5.4238e-08  5.6856e-08  0:33:06   76

 Reversed flow on 1508 faces (49.4% area) of pressure-outlet 11.

 Reversed flow on 1951 faces (53.8% area) of pressure-outlet 12.
        Stabilizing pressure coupled to enhance linear solver robustness.
   125  1.6069e-04  8.3597e-08  1.6764e-08  5.1409e-08  5.7125e-08  0:33:30   75

 Reversed flow on 1507 faces (49.3% area) of pressure-outlet 11.

 Reversed flow on 1951 faces (53.8% area) of pressure-outlet 12.
   126  1.6234e-04  8.4305e-08  1.6274e-08  5.1841e-08  5.6782e-08  0:32:47   74

 Reversed flow on 1507 faces (49.3% area) of pressure-outlet 11.

 Reversed flow on 1951 faces (53.8% area) of pressure-outlet 12.
   127  1.6059e-04  7.9768e-08  1.6491e-08  5.0661e-08  5.6528e-08  0:32:03   73

 Reversed flow on 1508 faces (49.4% area) of pressure-outlet 11.

 Reversed flow on 1951 faces (53.8% area) of pressure-outlet 12.
   128  1.6050e-04  8.3781e-08  1.6496e-08  5.2626e-08  5.6771e-08  0:31:16   72

 Reversed flow on 1508 faces (49.4% area) of pressure-outlet 11.

 Reversed flow on 1951 faces (53.8% area) of pressure-outlet 12.
   129  1.6213e-04  8.6914e-08  1.6725e-08  5.3011e-08  5.6525e-08  0:30:34   71

 Reversed flow on 1508 faces (49.4% area) of pressure-outlet 11.

 Reversed flow on 1951 faces (53.8% area) of pressure-outlet 12.
   130  1.5808e-04  7.6373e-08  1.5587e-08  4.6990e-08  5.6496e-08  0:30:02   70

 Reversed flow on 1507 faces (49.3% area) of pressure-outlet 11.

 Reversed flow on 1951 faces (53.8% area) of pressure-outlet 12.
   131  1.6151e-04  8.5166e-08  1.5764e-08  5.1292e-08  5.6718e-08  0:29:36   69

 Reversed flow on 1507 faces (49.3% area) of pressure-outlet 11.

 Reversed flow on 1951 faces (53.8% area) of pressure-outlet 12.
        Stabilizing pressure coupled to enhance linear solver robustness.
   132  1.6026e-04  8.0409e-08  1.6672e-08  5.1365e-08  5.6966e-08  0:30:22   68

 Reversed flow on 1508 faces (49.4% area) of pressure-outlet 11.

 Reversed flow on 1951 faces (53.8% area) of pressure-outlet 12.

  iter  continuity  x-velocity  y-velocity  z-velocity      energy     time/iter
   133  1.6100e-04  8.1050e-08  1.6502e-08  5.0268e-08  5.6914e-08  0:29:35   67

 Reversed flow on 1508 faces (49.4% area) of pressure-outlet 11.

 Reversed flow on 1951 faces (53.8% area) of pressure-outlet 12.
   134  1.6072e-04  7.7958e-08  1.6142e-08  4.7923e-08  5.7227e-08  0:29:01   66

 Reversed flow on 1508 faces (49.4% area) of pressure-outlet 11.

 Reversed flow on 1951 faces (53.8% area) of pressure-outlet 12.
        Stabilizing pressure coupled to enhance linear solver robustness.
   135  1.6356e-04  8.7562e-08  1.5420e-08  5.2170e-08  5.6906e-08  0:29:31   65

 Reversed flow on 1507 faces (49.3% area) of pressure-outlet 11.

 Reversed flow on 1951 faces (53.8% area) of pressure-outlet 12.
   136  1.5926e-04  7.7074e-08  1.5926e-08  4.7947e-08  5.7076e-08  0:28:43   64

 Reversed flow on 1507 faces (49.3% area) of pressure-outlet 11.

 Reversed flow on 1951 faces (53.8% area) of pressure-outlet 12.
   137  1.5848e-04  7.8697e-08  1.5211e-08  4.9597e-08  5.7365e-08  0:27:52   63

 Reversed flow on 1508 faces (49.4% area) of pressure-outlet 11.

 Reversed flow on 1951 faces (53.8% area) of pressure-outlet 12.
   138  1.6006e-04  8.0862e-08  1.5803e-08  5.0685e-08  5.6325e-08  0:27:09   62

 Reversed flow on 1508 faces (49.4% area) of pressure-outlet 11.

 Reversed flow on 1951 faces (53.8% area) of pressure-outlet 12.
   139  1.6151e-04  8.6218e-08  1.6158e-08  5.1995e-08  5.6863e-08  0:26:21   61

 Reversed flow on 1508 faces (49.4% area) of pressure-outlet 11.

 Reversed flow on 1951 faces (53.8% area) of pressure-outlet 12.
   140  1.5587e-04  7.1946e-08  1.4779e-08  4.4935e-08  5.6883e-08  0:25:53   60

 Reversed flow on 1507 faces (49.3% area) of pressure-outlet 11.

 Reversed flow on 1951 faces (53.8% area) of pressure-outlet 12.
   141  1.6211e-04  8.6044e-08  1.5311e-08  5.1824e-08  5.6820e-08  0:25:20   59

 Reversed flow on 1507 faces (49.3% area) of pressure-outlet 11.

 Reversed flow on 1951 faces (53.8% area) of pressure-outlet 12.
   142  1.5823e-04  7.4438e-08  1.5964e-08  4.7001e-08  5.6816e-08  0:24:49   58

 Reversed flow on 1508 faces (49.4% area) of pressure-outlet 11.

 Reversed flow on 1951 faces (53.8% area) of pressure-outlet 12.
   143  1.5997e-04  8.3607e-08  1.5702e-08  5.1509e-08  5.6687e-08  0:24:13   57

 Reversed flow on 1508 faces (49.4% area) of pressure-outlet 11.

 Reversed flow on 1951 faces (53.8% area) of pressure-outlet 12.
        Stabilizing pressure coupled to enhance linear solver robustness.

  iter  continuity  x-velocity  y-velocity  z-velocity      energy     time/iter
   144  1.6343e-04  8.7454e-08  1.6619e-08  5.3624e-08  5.6958e-08  0:24:15   56

 Reversed flow on 1508 faces (49.4% area) of pressure-outlet 11.

 Reversed flow on 1951 faces (53.8% area) of pressure-outlet 12.
        Stabilizing pressure coupled to enhance linear solver robustness.
   145  1.6314e-04  8.8754e-08  1.6097e-08  5.2009e-08  5.6457e-08  0:24:25   55

 Reversed flow on 1507 faces (49.3% area) of pressure-outlet 11.

 Reversed flow on 1951 faces (53.8% area) of pressure-outlet 12.
   146  1.5885e-04  7.6719e-08  1.5012e-08  4.6265e-08  5.6988e-08  0:23:53   54

 Reversed flow on 1507 faces (49.3% area) of pressure-outlet 11.

 Reversed flow on 1951 faces (53.8% area) of pressure-outlet 12.
   147  1.6318e-04  8.4881e-08  1.5182e-08  5.2557e-08  5.7096e-08  0:23:10   53

 Reversed flow on 1508 faces (49.4% area) of pressure-outlet 11.

 Reversed flow on 1951 faces (53.8% area) of pressure-outlet 12.
   148  1.5976e-04  8.2586e-08  1.6309e-08  5.0517e-08  5.7020e-08  0:22:36   52

 Reversed flow on 1508 faces (49.4% area) of pressure-outlet 11.

 Reversed flow on 1951 faces (53.8% area) of pressure-outlet 12.
   149  1.5836e-04  7.7930e-08  1.5400e-08  4.7555e-08  5.6600e-08  0:22:06   51

 Reversed flow on 1508 faces (49.4% area) of pressure-outlet 11.

 Reversed flow on 1951 faces (53.8% area) of pressure-outlet 12.
   150  1.6074e-04  8.3015e-08  1.4844e-08  4.9180e-08  5.6818e-08  0:21:29   50

 Reversed flow on 1507 faces (49.3% area) of pressure-outlet 11.

 Reversed flow on 1951 faces (53.8% area) of pressure-outlet 12.
        Stabilizing pressure coupled to enhance linear solver robustness.
   151  1.5982e-04  8.1040e-08  1.5572e-08  4.7927e-08  5.6716e-08  0:21:51   49

 Reversed flow on 1507 faces (49.3% area) of pressure-outlet 11.

 Reversed flow on 1951 faces (53.8% area) of pressure-outlet 12.
   152  1.6006e-04  7.8826e-08  1.4955e-08  4.9520e-08  5.7029e-08  0:21:11   48

 Reversed flow on 1508 faces (49.4% area) of pressure-outlet 11.

 Reversed flow on 1951 faces (53.8% area) of pressure-outlet 12.
   153  1.6042e-04  8.1779e-08  1.6069e-08  5.0879e-08  5.6898e-08  0:20:29   47

 Reversed flow on 1508 faces (49.4% area) of pressure-outlet 11.

 Reversed flow on 1951 faces (53.8% area) of pressure-outlet 12.
   154  1.5903e-04  7.9044e-08  1.5655e-08  4.8226e-08  5.6723e-08  0:19:51   46

 Reversed flow on 1508 faces (49.4% area) of pressure-outlet 11.

 Reversed flow on 1951 faces (53.8% area) of pressure-outlet 12.
        Stabilizing pressure coupled to enhance linear solver robustness.

  iter  continuity  x-velocity  y-velocity  z-velocity      energy     time/iter
   155  1.6031e-04  8.1348e-08  1.4661e-08  4.8032e-08  5.6876e-08  0:19:59   45

 Reversed flow on 1507 faces (49.3% area) of pressure-outlet 11.

 Reversed flow on 1951 faces (53.8% area) of pressure-outlet 12.
   156  1.6286e-04  8.6732e-08  1.5468e-08  5.1220e-08  5.7096e-08  0:19:17   44

 Reversed flow on 1507 faces (49.3% area) of pressure-outlet 11.

 Reversed flow on 1951 faces (53.8% area) of pressure-outlet 12.
        Stabilizing pressure coupled to enhance linear solver robustness.
   157  1.5862e-04  7.6337e-08  1.6076e-08  4.7094e-08  5.6553e-08  0:19:37   43

 Reversed flow on 1508 faces (49.4% area) of pressure-outlet 11.

 Reversed flow on 1951 faces (53.8% area) of pressure-outlet 12.
   158  1.6104e-04  8.1266e-08  1.4595e-08  4.9578e-08  5.6880e-08  0:18:58   42

 Reversed flow on 1508 faces (49.4% area) of pressure-outlet 11.

 Reversed flow on 1951 faces (53.8% area) of pressure-outlet 12.
   159  1.6084e-04  7.9997e-08  1.5324e-08  4.8541e-08  5.7003e-08  0:18:20   41

 Reversed flow on 1508 faces (49.4% area) of pressure-outlet 11.

 Reversed flow on 1951 faces (53.8% area) of pressure-outlet 12.
   160  1.6169e-04  8.2948e-08  1.4783e-08  5.0156e-08  5.7231e-08  0:17:37   40

 Reversed flow on 1507 faces (49.3% area) of pressure-outlet 11.

 Reversed flow on 1951 faces (53.8% area) of pressure-outlet 12.
   161  1.6036e-04  8.1699e-08  1.5340e-08  4.8478e-08  5.7150e-08  0:17:02   39

 Reversed flow on 1507 faces (49.3% area) of pressure-outlet 11.

 Reversed flow on 1951 faces (53.8% area) of pressure-outlet 12.
   162  1.6109e-04  8.4668e-08  1.5491e-08  5.1431e-08  5.6801e-08  0:16:23   38

 Reversed flow on 1508 faces (49.4% area) of pressure-outlet 11.

 Reversed flow on 1951 faces (53.8% area) of pressure-outlet 12.
   163  1.6219e-04  8.8481e-08  1.6155e-08  5.2710e-08  5.7068e-08  0:15:53   37

 Reversed flow on 1508 faces (49.4% area) of pressure-outlet 11.

 Reversed flow on 1951 faces (53.8% area) of pressure-outlet 12.
        Stabilizing pressure coupled to enhance linear solver robustness.
   164  1.5806e-04  7.4736e-08  1.5910e-08  4.6200e-08  5.6979e-08  0:15:57   36

 Reversed flow on 1508 faces (49.4% area) of pressure-outlet 11.

 Reversed flow on 1951 faces (53.8% area) of pressure-outlet 12.
   165  1.6198e-04  8.3976e-08  1.4281e-08  4.9881e-08  5.7251e-08  0:15:21   35

 Reversed flow on 1507 faces (49.3% area) of pressure-outlet 11.

 Reversed flow on 1951 faces (53.8% area) of pressure-outlet 12.

  iter  continuity  x-velocity  y-velocity  z-velocity      energy     time/iter
   166  1.5994e-04  8.1737e-08  1.4931e-08  4.8540e-08  5.6634e-08  0:14:49   34

 Reversed flow on 1507 faces (49.3% area) of pressure-outlet 11.

 Reversed flow on 1951 faces (53.8% area) of pressure-outlet 12.
   167  1.5843e-04  7.6374e-08  1.5482e-08  4.7363e-08  5.6451e-08  0:14:22   33

 Reversed flow on 1508 faces (49.4% area) of pressure-outlet 11.

 Reversed flow on 1951 faces (53.8% area) of pressure-outlet 12.
        Stabilizing pressure coupled to enhance linear solver robustness.
   168  1.6111e-04  8.3228e-08  1.5802e-08  5.2088e-08  5.6649e-08  0:14:35   32

 Reversed flow on 1508 faces (49.4% area) of pressure-outlet 11.

 Reversed flow on 1951 faces (53.8% area) of pressure-outlet 12.
   169  1.6276e-04  8.8327e-08  1.6097e-08  5.2258e-08  5.6494e-08  0:13:58   31

 Reversed flow on 1508 faces (49.4% area) of pressure-outlet 11.

 Reversed flow on 1951 faces (53.8% area) of pressure-outlet 12.
        Stabilizing pressure coupled to enhance linear solver robustness.
   170  1.5937e-04  8.4101e-08  1.4984e-08  5.0084e-08  5.6297e-08  0:13:45   30

 Reversed flow on 1507 faces (49.3% area) of pressure-outlet 11.

 Reversed flow on 1951 faces (53.8% area) of pressure-outlet 12.
   171  1.6011e-04  8.2986e-08  1.4802e-08  4.9328e-08  5.6320e-08  0:13:08   29

 Reversed flow on 1507 faces (49.3% area) of pressure-outlet 11.

 Reversed flow on 1951 faces (53.8% area) of pressure-outlet 12.
   172  1.5836e-04  7.8783e-08  1.4867e-08  4.9446e-08  5.7445e-08  0:12:30   28

 Reversed flow on 1508 faces (49.4% area) of pressure-outlet 11.

 Reversed flow on 1951 faces (53.8% area) of pressure-outlet 12.
   173  1.6193e-04  8.7095e-08  1.5239e-08  5.1706e-08  5.6889e-08  0:11:59   27

 Reversed flow on 1508 faces (49.4% area) of pressure-outlet 11.

 Reversed flow on 1951 faces (53.8% area) of pressure-outlet 12.
   174  1.5887e-04  7.8251e-08  1.5321e-08  4.7743e-08  5.6836e-08  0:11:28   26

 Reversed flow on 1508 faces (49.4% area) of pressure-outlet 11.

 Reversed flow on 1951 faces (53.8% area) of pressure-outlet 12.
   175  1.6124e-04  8.5575e-08  1.4025e-08  4.9717e-08  5.7010e-08  0:10:54   25

 Reversed flow on 1507 faces (49.3% area) of pressure-outlet 11.

 Reversed flow on 1951 faces (53.8% area) of pressure-outlet 12.
   176  1.5898e-04  8.1376e-08  1.4929e-08  4.8165e-08  5.7174e-08  0:10:26   24

 Reversed flow on 1507 faces (49.3% area) of pressure-outlet 11.

 Reversed flow on 1951 faces (53.8% area) of pressure-outlet 12.

  iter  continuity  x-velocity  y-velocity  z-velocity      energy     time/iter
   177  1.5926e-04  8.1202e-08  1.5210e-08  5.0195e-08  5.6949e-08  0:10:04   23

 Reversed flow on 1508 faces (49.4% area) of pressure-outlet 11.

 Reversed flow on 1951 faces (53.8% area) of pressure-outlet 12.
   178  1.5935e-04  8.0452e-08  1.5386e-08  4.8638e-08  5.7064e-08  0:09:44   22

 Reversed flow on 1508 faces (49.4% area) of pressure-outlet 11.

 Reversed flow on 1951 faces (53.8% area) of pressure-outlet 12.
   179  1.5842e-04  7.7607e-08  1.5090e-08  4.7402e-08  5.6883e-08  0:09:23   21

 Reversed flow on 1508 faces (49.4% area) of pressure-outlet 11.

 Reversed flow on 1951 faces (53.8% area) of pressure-outlet 12.
        Stabilizing pressure coupled to enhance linear solver robustness.
   180  1.6273e-04  8.7941e-08  1.4659e-08  5.1666e-08  5.6677e-08  0:09:33   20

 Reversed flow on 1507 faces (49.3% area) of pressure-outlet 11.

 Reversed flow on 1951 faces (53.8% area) of pressure-outlet 12.
   181  1.5850e-04  7.9361e-08  1.4797e-08  4.7263e-08  5.6824e-08  0:08:59   19

 Reversed flow on 1507 faces (49.3% area) of pressure-outlet 11.

 Reversed flow on 1951 faces (53.8% area) of pressure-outlet 12.
   182  1.5823e-04  7.8295e-08  1.4793e-08  4.8118e-08  5.6568e-08  0:08:29   18

 Reversed flow on 1508 faces (49.4% area) of pressure-outlet 11.

 Reversed flow on 1951 faces (53.8% area) of pressure-outlet 12.
   183  1.6215e-04  8.5540e-08  1.5437e-08  5.2070e-08  5.6736e-08  0:07:56   17

 Reversed flow on 1508 faces (49.4% area) of pressure-outlet 11.

 Reversed flow on 1951 faces (53.8% area) of pressure-outlet 12.
   184  1.6125e-04  8.6816e-08  1.6180e-08  5.1753e-08  5.6721e-08  0:07:26   16

 Reversed flow on 1508 faces (49.4% area) of pressure-outlet 11.

 Reversed flow on 1951 faces (53.8% area) of pressure-outlet 12.
        Stabilizing pressure coupled to enhance linear solver robustness.
   185  1.5795e-04  7.8403e-08  1.4560e-08  4.6370e-08  5.7392e-08  0:07:12   15

 Reversed flow on 1507 faces (49.3% area) of pressure-outlet 11.

 Reversed flow on 1951 faces (53.8% area) of pressure-outlet 12.
   186  1.6201e-04  8.5881e-08  1.4267e-08  5.0377e-08  5.6744e-08  0:06:32   14

 Reversed flow on 1507 faces (49.3% area) of pressure-outlet 11.

 Reversed flow on 1951 faces (53.8% area) of pressure-outlet 12.
   187  1.5604e-04  7.4205e-08  1.4368e-08  4.6656e-08  5.7339e-08  0:05:59   13

 Reversed flow on 1508 faces (49.4% area) of pressure-outlet 11.

 Reversed flow on 1951 faces (53.8% area) of pressure-outlet 12.

  iter  continuity  x-velocity  y-velocity  z-velocity      energy     time/iter
   188  1.5799e-04  7.6345e-08  1.4567e-08  4.6678e-08  5.6987e-08  0:05:28   12

 Reversed flow on 1508 faces (49.4% area) of pressure-outlet 11.

 Reversed flow on 1951 faces (53.8% area) of pressure-outlet 12.
   189  1.6191e-04  8.5983e-08  1.4847e-08  5.1122e-08  5.6835e-08  0:04:59   11

 Reversed flow on 1508 faces (49.4% area) of pressure-outlet 11.

 Reversed flow on 1951 faces (53.8% area) of pressure-outlet 12.
   190  1.5615e-04  7.5875e-08  1.3920e-08  4.5295e-08  5.7345e-08  0:04:29   10

 Reversed flow on 1507 faces (49.3% area) of pressure-outlet 11.

 Reversed flow on 1951 faces (53.8% area) of pressure-outlet 12.
   191  1.5826e-04  7.8136e-08  1.3805e-08  4.6197e-08  5.7220e-08  0:04:01    9

 Reversed flow on 1507 faces (49.3% area) of pressure-outlet 11.

 Reversed flow on 1951 faces (53.8% area) of pressure-outlet 12.
   192  1.5826e-04  7.3518e-08  1.4308e-08  4.6992e-08  5.7094e-08  0:03:33    8

 Reversed flow on 1508 faces (49.4% area) of pressure-outlet 11.

 Reversed flow on 1951 faces (53.8% area) of pressure-outlet 12.
   193  1.6107e-04  8.3886e-08  1.4984e-08  5.0178e-08  5.6969e-08  0:03:07    7

 Reversed flow on 1508 faces (49.4% area) of pressure-outlet 11.

 Reversed flow on 1951 faces (53.8% area) of pressure-outlet 12.
   194  1.5818e-04  8.0679e-08  1.4802e-08  4.8725e-08  5.7044e-08  0:02:42    6

 Reversed flow on 1508 faces (49.4% area) of pressure-outlet 11.

 Reversed flow on 1951 faces (53.8% area) of pressure-outlet 12.
   195  1.6246e-04  8.6590e-08  1.4314e-08  5.1037e-08  5.6638e-08  0:02:16    5

 Reversed flow on 1507 faces (49.3% area) of pressure-outlet 11.

 Reversed flow on 1951 faces (53.8% area) of pressure-outlet 12.
   196  1.5880e-04  8.0479e-08  1.5454e-08  4.8448e-08  5.7051e-08  0:01:48    4

 Reversed flow on 1507 faces (49.3% area) of pressure-outlet 11.

 Reversed flow on 1951 faces (53.8% area) of pressure-outlet 12.
   197  1.5651e-04  7.2292e-08  1.4915e-08  4.4817e-08  5.6640e-08  0:01:21    3

 Reversed flow on 1508 faces (49.4% area) of pressure-outlet 11.

 Reversed flow on 1951 faces (53.8% area) of pressure-outlet 12.
        Stabilizing pressure coupled to enhance linear solver robustness.
   198  1.5828e-04  7.4549e-08  1.5010e-08  4.6055e-08  5.6930e-08  0:00:56    2

 Reversed flow on 1508 faces (49.4% area) of pressure-outlet 11.

 Reversed flow on 1951 faces (53.8% area) of pressure-outlet 12.

  iter  continuity  x-velocity  y-velocity  z-velocity      energy     time/iter
   199  1.5789e-04  7.6732e-08  1.4398e-08  4.6593e-08  5.6933e-08  0:00:28    1

 Reversed flow on 1508 faces (49.4% area) of pressure-outlet 11.

 Reversed flow on 1951 faces (53.8% area) of pressure-outlet 12.
Fast-loading "E:\cae\programfiles\Ansys2026\ANSYS Inc261\v261\fluent\fluent26.1.0\\addons\afd\lib\hdfio.bin"
Done.

Writing to DESKTOP-JHEHF28:"D:/agents2026/agents2026/agents/AIDCtms/coolingplate/design/cfd_HBM/fluent/hbm_c_w045h20-1-00200.cas.h5" in NODE0 mode and compression level 1 ...
Grouping cells for Laplace smoothing ...
    10342800 cells,     3 zones ...
    31523908 faces,    19 zones ...
    10819372 nodes,     1 zone  ...
  Done.
Done.

Writing to DESKTOP-JHEHF28:"D:/agents2026/agents2026/agents/AIDCtms/coolingplate/design/cfd_HBM/fluent/hbm_c_w045h20-1-00200.dat.h5" in NODE0 mode and compression level 1 ...
  Writing results.
Done.
Create new project file for writing: D:/agents2026/agents2026/agents/AIDCtms/coolingplate/design/cfd_HBM/fluent/hbm_c_w045h20.flprj
   200  1.5583e-04  7.1760e-08  1.3477e-08  4.4272e-08  5.7009e-08  0:00:00    0

> /file/write-case-data "D:/agents2026/agents2026/agents/AIDCtms/coolingplate/design/cfd_HBM/fluent/hbm_c_w045h20_i200"
Writing to DESKTOP-JHEHF28:"D:/agents2026/agents2026/agents/AIDCtms/coolingplate/design/cfd_HBM/fluent/hbm_c_w045h20_i200.cas.h5" in NODE0 mode and compression level 1 ...
Grouping cells for Laplace smoothing ...
    10342800 cells,     3 zones ...
    31523908 faces,    19 zones ...
    10819372 nodes,     1 zone  ...
  Done.
Done.

Writing to DESKTOP-JHEHF28:"D:/agents2026/agents2026/agents/AIDCtms/coolingplate/design/cfd_HBM/fluent/hbm_c_w045h20_i200.dat.h5" in NODE0 mode and compression level 1 ...
  Writing results.
Done.


> (display "REPORT-BEGIN i200")
REPORT-BEGIN i200

> /report/surface-integrals/area-weighted-avg
Available surfaces: (wall_side wall_heat outlet_lo inlet_hi wall_cu_fluid wall_tim_cu inlet_lo inlet_mid outlet_hi wall_adiabat wall_adiabat:018 wall_adiabat:019 wall_side:020 wall_side:021 wall_tim_cu-shadow wall_cu_fluid-shadow)
Select surface names/ids(1) [()] wall_heat
Select surface names/ids(2) [()] ()

area-weighted-avg of> temperature
Write to file? [no] no

           Area-Weighted Average
              Static Temperature                  [K]
-------------------------------- --------------------
                       wall_heat            326.76146

> /report/surface-integrals/facet-max
Available surfaces: (wall_side wall_heat outlet_lo inlet_hi wall_cu_fluid wall_tim_cu inlet_lo inlet_mid outlet_hi wall_adiabat wall_adiabat:018 wall_adiabat:019 wall_side:020 wall_side:021 wall_tim_cu-shadow wall_cu_fluid-shadow)
Select surface names/ids(1) [()] wall_heat
Select surface names/ids(2) [()] ()

facet-max of> temperature
Write to file? [no] no

         Maximum of Facet Values
              Static Temperature                  [K]
-------------------------------- --------------------
                       wall_heat            327.37906

> /report/surface-integrals/facet-min
Available surfaces: (wall_side wall_heat outlet_lo inlet_hi wall_cu_fluid wall_tim_cu inlet_lo inlet_mid outlet_hi wall_adiabat wall_adiabat:018 wall_adiabat:019 wall_side:020 wall_side:021 wall_tim_cu-shadow wall_cu_fluid-shadow)
Select surface names/ids(1) [()] wall_heat
Select surface names/ids(2) [()] ()

facet-min of> temperature
Write to file? [no] no

         Minimum of Facet Values
              Static Temperature                  [K]
-------------------------------- --------------------
                       wall_heat            324.93622

> /report/surface-integrals/mass-flow-rate
Available surfaces: (wall_side wall_heat outlet_lo inlet_hi wall_cu_fluid wall_tim_cu inlet_lo inlet_mid outlet_hi wall_adiabat wall_adiabat:018 wall_adiabat:019 wall_side:020 wall_side:021 wall_tim_cu-shadow wall_cu_fluid-shadow)
Select surface names/ids(1) [()] inlet_lo
Select surface names/ids(2) [()] inlet_hi
Select surface names/ids(3) [()] inlet_mid
Select surface names/ids(4) [()] outlet_lo
Select surface names/ids(5) [()] outlet_hi
Select surface names/ids(6) [()] ()
Write to file? [no] no

                  Mass Flow Rate               [kg/s]
-------------------------------- --------------------
                        inlet_lo         0.0012026652
                        inlet_hi          0.001202666
                       inlet_mid        0.00090199947
                       outlet_lo        -0.0016406659
                       outlet_hi        -0.0016666655
                ---------------- --------------------
                             Net       -6.7849679e-10

> (display "REPORT-END i200")
REPORT-END i200

> /file/stop-transcript
Transcript Stop Time:  15:21:45, 29 Sep 2026 中国标准时间 
Total Transcript Time: 1 Hour 37 Minute 24 Second.
