
> /display/objects/create
Object types: (contour mesh particle-tracks pathlines vector xy-plot scene lic volume)
Object type [] contour
New object name [contour-2] qfields

Choose setting to change> field

contours of> ?

contours of[help-mode]> 
contours of> 
Choose setting to change> 
Error: ~%Warning, non-fatal Error: Postprocessing object ...'s field identifier should be a string, is (~a) ~g.~%~%
Error Object: boolean

> 
adjoint/                parallel/               server/
define/                 parametric-study/       solve/
display/                plot/                   surface/
exit                    preferences/            turbo-setup/
file/                   print-license-usage     views/
mesh/                   report/

> /file/read-journal
Journal file names [()] D:/agents2026/agents2026/agents/AIDCtms/coolingplate/design/cfd_HBM/fluent/hbm_cf_capture.jou
Journal file names [()] ()

Reading journal file D:/agents2026/agents2026/agents/AIDCtms/coolingplate/design/cfd_HBM/fluent/hbm_cf_capture.jou...
; Counterflow iter 200 pictures. Do not solve. Do not exit.

Error: ~%Warning, non-fatal Error: Postprocessing object ...'s field identifier should be a string, is (~a) ~g.~%~%
Error Object: boolean

> /file/stop-transcript
