AWP_ROOT261=E:\cae\programfiles\Ansys2026\ANSYS Inc261\v261 
CMD="E:\cae\programfiles\Ansys2026\ANSYS Inc261\v261\fluent\ntbin\win64\fluent.exe" 3d -r26.1.0 -t4 -g -i "D:\agents2026\agents2026\agents\AIDCtms\coolingplate\design\cfd_HBM\fluent\hbm_w08h20.jou" 

Opening input/output transcript to file "D:\agents2026\agents2026\agents\AIDCtms\coolingplate\design\cfd_HBM\\fluent-20260927-235050-50352.trn".
Auto-Transcript Start Time:  23:50:50, 27 Sep 2026 中国标准时间 

              Welcome to ANSYS Fluent 2026 R1

              Copyright 2026 Synopsys, Inc. and ANSYS, Inc. All rights reserved.
              Unauthorized use, distribution or duplication is prohibited.
              This product is subject to U.S. laws governing export and re-export.
              For full Legal Notice, see documentation.

Build Time: Feb  2 2026 16:22:05 EST  Build Id: 10262  
 
Connected License Server List:	1055@localhost
Host spawning Node 0 on machine "DESKTOP-JHEHF28" (win64).
Host waiting for connection from Node 0 at 127.0.0.1:59642 

Node 0 connecting to the Host ... connection established.

------------------------------------------------------------------------------------
ID    Hostname         Core  O.S.         PID    CPU Model Name                    
------------------------------------------------------------------------------------
n3    DESKTOP-JHEHF28  4/32  Windows-x64  64464  Intel(R) Core(TM) i9-14900KF      
n2    DESKTOP-JHEHF28  3/32  Windows-x64  66808  Intel(R) Core(TM) i9-14900KF      
n1    DESKTOP-JHEHF28  2/32  Windows-x64  53748  Intel(R) Core(TM) i9-14900KF      
n0*   DESKTOP-JHEHF28  1/32  Windows-x64  64492  Intel(R) Core(TM) i9-14900KF      
host  DESKTOP-JHEHF28        Windows-x64  66672  Intel(R) Core(TM) i9-14900KF      

MPI Option Selected: intel
Selected system interconnect: default
------------------------------------------------------------------------------------

Cleanup script file is D:\\agents2026\\agents2026\\agents\\AIDCtms\\coolingplate\\design\\cfd_HBM\\cleanup-fluent-DESKTOP-JHEHF28-66672.bat
Note: Rank = 0: Process affinity not being set (6).
Note: Rank = 1: Process affinity not being set (6).
Note: Rank = 2: Process affinity not being set (6).
Note: Rank = 3: Process affinity not being set (6).

Loading "C:\Users\Administrator/.fluent"
Fast-loading "E:/cae/programfiles/Ansys2026/ANSYS Inc261/v261/fluent/fluent26.1.0/addons/rbfmorph/radial_basis.bin"
Done.
Done.

Reading journal file D:\agents2026\agents2026\agents\AIDCtms\coolingplate\design\cfd_HBM\fluent\hbm_w08h20.jou...

> ; HBM one-side 7-channel closed slot 0.80 x 2.00 mm, lid 4.00 mm, fin 0.80 mm. Laminar conjugate, DP-A.
; mdot = 0.20 L/min = 3.30733333e-3 kg/s. q'' = 205000 W/m2.
; Water 40 C. First-order, coupled + pseudo-transient.
; Save case+data every 200 iterations, and again when iterate stops (at least 200; convergence check off).
; Two-sided wall_cu_fluid and wall_tim_cu stay at Fluent's coupled default.
/file/set-batch-options yes yes no

> /file/confirm-overwrite yes

> /file/start-transcript "D:/agents2026/agents2026/agents/AIDCtms/coolingplate/design/cfd_HBM/logs/hbm_w08h20.log"
Opening input/output transcript to file "D:/agents2026/agents2026/agents/AIDCtms/coolingplate/design/cfd_HBM/logs/hbm_w08h20.log".

------------------------------------------------------------------------------------
ID    Hostname         Core  O.S.         PID    CPU Model Name                    
------------------------------------------------------------------------------------
n3    DESKTOP-JHEHF28  4/32  Windows-x64  64464  Intel(R) Core(TM) i9-14900KF      
n2    DESKTOP-JHEHF28  3/32  Windows-x64  66808  Intel(R) Core(TM) i9-14900KF      
n1    DESKTOP-JHEHF28  2/32  Windows-x64  53748  Intel(R) Core(TM) i9-14900KF      
n0*   DESKTOP-JHEHF28  1/32  Windows-x64  64492  Intel(R) Core(TM) i9-14900KF      
host  DESKTOP-JHEHF28        Windows-x64  66672  Intel(R) Core(TM) i9-14900KF      

MPI Option Selected: intel
Selected system interconnect: default
------------------------------------------------------------------------------------


> /file/read-case "D:/agents2026/agents2026/agents/AIDCtms/coolingplate/design/cfd_HBM/mesh/hbm_w08h20.msh"
Reading "D:/agents2026/agents2026/agents/AIDCtms/coolingplate/design/cfd_HBM/mesh/hbm_w08h20.msh"...

Buffering for file scan...

 4908240 nodes.
 1121120 hexahedral cells, zone  2.
 3340480 hexahedral cells, zone  3.
  216000 hexahedral cells, zone  4.
13750970 quadrilateral interior faces, zone  5.
  136136 quadrilateral wall faces, zone  6.
   36000 quadrilateral wall faces, zone  7.
    7840 quadrilateral velocity-inlet faces, zone  8.
    7840 quadrilateral pressure-outlet faces, zone  9.
   36000 quadrilateral wall faces, zone 10.
  144320 quadrilateral wall faces, zone 11.
   23388 quadrilateral wall faces, zone 12.

Building...
     mesh
	auto partitioning mesh by Metis (fast),
	distributing mesh
		parts....,
      interior -> interior (5) and interior:013 (13)
      interior -> interior (5) and interior:014 (14)
      wall_adiabat -> wall_adiabat (11) and wall_adiabat:015 (15)
      wall_side -> wall_side (12) and wall_side:016 (16)
		faces....,
Note: Separating interior zone 5 into zones 5 and 13. 
Note: Separating interior zone 5 into zones 5 and 14. 
Note: Separating wall zone 11 into zones 11 and 15. 
Note: Separating wall zone 12 into zones 12 and 16. 
		nodes....,
		cells....,
        bandwidth reduction using Reverse Cuthill-McKee: 6793/5829 = 1.16538
     materials,
     interface,
     domains,
     zones,
	wall_cu_fluid-shadow
	wall_tim_cu-shadow
	wall_side:016
	wall_adiabat:015
	interior:014
	interior:013
	wall_side
	wall_adiabat
	wall_heat
	outlet
	inlet
	wall_tim_cu
	wall_cu_fluid
	interior
	solid_tim2
	solid_cu
	fluid
     parallel,
Done.


> /mesh/check

 Domain Extents:
   x-coordinate: min (m) = 0.000000e+00, max (m) = 1.100000e-02
   y-coordinate: min (m) = -1.142857e-02, max (m) = 6.142857e-02
   z-coordinate: min (m) = -2.080000e-03, max (m) = 6.000000e-03
 Volume statistics:
   minimum volume (m3): 3.199902e-15
   maximum volume (m3): 1.416032e-11
     total volume (m3): 6.450149e-06
 Face area statistics:
   minimum face area (m2): 6.400000e-11
   maximum face area (m2): 2.107354e-07
 Checking mesh..........................................
 Done.

> /define/boundary-conditions/list-zones
  id  name                       type                adj-zone-material     wall-material         kind
----  -------------------------  ------------------  --------------------  --------------------  ----
   2  fluid                      fluid               air                                         cell
   3  solid_cu                   solid               aluminum                                    cell
   4  solid_tim2                 solid               aluminum                                    cell
   5  interior                   interior                                                        face
   6  wall_cu_fluid              wall                air                   aluminum              face
   7  wall_tim_cu                wall                aluminum              aluminum              face
   8  inlet                      mass-flow-inlet                                                 face
   9  outlet                     pressure-outlet                                                 face
  10  wall_heat                  wall                aluminum              aluminum              face
  11  wall_adiabat               wall                aluminum              aluminum              face
  12  wall_side                  wall                aluminum              aluminum              face
  13  interior:013               interior                                                        face
  14  interior:014               interior                                                        face
  15  wall_adiabat:015           wall                aluminum              aluminum              face
  16  wall_side:016              wall                aluminum              aluminum              face
  17  wall_tim_cu-shadow         wall                aluminum              aluminum              face
  18  wall_cu_fluid-shadow       wall                aluminum              aluminum              face

> /define/models/energy yes
Compute viscous energy work? [no] no
Include pressure work in energy equation? [no] no
Include kinetic energy in energy equation? [no] no
Include diffusion at inlets? [yes] no

> /define/models/viscous/laminar yes

> /define/materials/copy fluid water-liquid

Material "water-liquid" copied from database.


> /define/materials/copy solid copper

Material "copper" copied from database.


> /define/materials/change-create

material-name> water-liquid
material name [water-liquid] water-liquid
water-liquid is a fluid
change Density? [no] yes

Density
methods: (constant ideal-gas incompressible-ideal-gas rgp-table real-gas-soave-redlich-kwong real-gas-peng-robinson real-gas-aungier-redlich-kwong real-gas-redlich-kwong real-gas-nist boussinesq piecewise-linear piecewise-polynomial polynomial expression compressible-liquid user-defined)
new method [constant] constant
value (in [kg/m^3]) [998.2] 992.2

change Cp (Specific Heat)? [no] yes

Cp (Specific Heat)
methods: (constant piecewise-linear piecewise-polynomial polynomial nasa-9-piecewise-polynomial user-defined kinetic-theory)
new method [constant] constant
value (in [J/(kg K)]) [4182] 4179

change Thermal Conductivity? [no] yes

Thermal Conductivity
methods: (constant piecewise-linear piecewise-polynomial polynomial expression kinetic-theory user-defined)
new method [constant] constant
value (in [W/(m K)]) [0.6] 0.631

change Viscosity? [no] yes

Viscosity
methods: (constant piecewise-linear piecewise-polynomial polynomial expression power-law sutherland kinetic-theory cross herschel-bulkley carreau non-newtonian-power-law user-defined)
new method [constant] constant
value (in [kg/(m s)]) [0.001003] 6.53e-4

change Molecular Weight? [no] no
change Thermal Expansion Coefficient? [no] no
change Speed of Sound? [no] no

> /define/materials/change-create

material-name> copper
material name [copper] copper
copper is a solid
change Density? [no] yes

Density
methods: (constant expression user-defined)
new method [constant] constant
value (in [kg/m^3]) [8978] 8960

change Cp (Specific Heat)? [no] yes

Cp (Specific Heat)
methods: (constant piecewise-linear piecewise-polynomial polynomial nasa-9-piecewise-polynomial user-defined)
new method [constant] constant
value (in [J/(kg K)]) [381] 385

change Thermal Conductivity? [no] yes

Thermal Conductivity
methods: (constant piecewise-linear piecewise-polynomial polynomial expression cyl-orthotropic orthotropic anisotropic biaxial principal-axes-values user-defined-anisotropic-k user-defined)
new method [constant] constant
value (in [W/(m K)]) [387.6] 390


> /define/materials/change-create

material-name> aluminum
material name [aluminum] tim2
tim2 is a solid
change Density? [no] yes

Density
methods: (constant expression user-defined)
new method [constant] constant
value (in [kg/m^3]) [2719] 2800

change Cp (Specific Heat)? [no] yes

Cp (Specific Heat)
methods: (constant piecewise-linear piecewise-polynomial polynomial nasa-9-piecewise-polynomial user-defined)
new method [constant] constant
value (in [J/(kg K)]) [871] 1000

change Thermal Conductivity? [no] yes

Thermal Conductivity
methods: (constant piecewise-linear piecewise-polynomial polynomial expression cyl-orthotropic orthotropic anisotropic biaxial principal-axes-values user-defined-anisotropic-k user-defined)
new method [constant] constant
value (in [W/(m K)]) [202.4] 8.818342


Change/Create material and Overwrite aluminum? [no] yes

> /define/boundary-conditions/fluid
(fluid)
zone id/name [fluid] fluid
material-name [air]: Change current value? [no] yes

material-name [air]> water-liquid
Specify source terms? [no] no
Specify fixed values? [no] no
Frame Motion? [no] no
Use Profile for Reference Frame X-Origin of Rotation-Axis? [no] no
Reference Frame X-Origin of Rotation-Axis (constant or expression) (in [m]) [0] 0
Use Profile for Reference Frame Y-Origin of Rotation-Axis? [no] no
Reference Frame Y-Origin of Rotation-Axis (constant or expression) (in [m]) [0] 0
Use Profile for Reference Frame Z-Origin of Rotation-Axis? [no] no
Reference Frame Z-Origin of Rotation-Axis (constant or expression) (in [m]) [0] 0
Use Profile for Reference Frame X-Component of Rotation-Axis? [no] no
Reference Frame X-Component of Rotation-Axis (constant or expression) [0] 0
Use Profile for Reference Frame Y-Component of Rotation-Axis? [no] no
Reference Frame Y-Component of Rotation-Axis (constant or expression) [0] 0
Use Profile for Reference Frame Z-Component of Rotation-Axis? [no] no
Reference Frame Z-Component of Rotation-Axis (constant or expression) [1] 1
Mesh Motion? [no] no
Enter yes or no to continue [no] no
Porous zone? [no] no
3D Fan Zone? [no] no

> /define/boundary-conditions/solid
(solid_cu solid_tim2)
zone id/name [solid_cu] solid_cu
material-name [tim2]: Change current value? [no] yes

material-name [tim2]> copper
Specify source terms? [no] no
Specify fixed values? [no] no
Frame Motion? [no] no
Use Profile for Reference Frame X-Origin of Rotation-Axis? [no] no
Reference Frame X-Origin of Rotation-Axis (constant or expression) (in [m]) [0] 0
Use Profile for Reference Frame Y-Origin of Rotation-Axis? [no] no
Reference Frame Y-Origin of Rotation-Axis (constant or expression) (in [m]) [0] 0
Use Profile for Reference Frame Z-Origin of Rotation-Axis? [no] no
Reference Frame Z-Origin of Rotation-Axis (constant or expression) (in [m]) [0] 0
Use Profile for Reference Frame X-Component of Rotation-Axis? [no] no
Reference Frame X-Component of Rotation-Axis (constant or expression) [0] 0
Use Profile for Reference Frame Y-Component of Rotation-Axis? [no] no
Reference Frame Y-Component of Rotation-Axis (constant or expression) [0] 0
Use Profile for Reference Frame Z-Component of Rotation-Axis? [no] no
Reference Frame Z-Component of Rotation-Axis (constant or expression) [1] 1
Mesh Motion? [no] no
Solid Motion? [no] no
Enter yes or no to continue [no] no

> /define/boundary-conditions/solid
(solid_cu solid_tim2)
zone id/name [solid_cu] solid_tim2
material-name [tim2]: Change current value? [no] yes

material-name [tim2]> tim2
Specify source terms? [no] no
Specify fixed values? [no] no
Frame Motion? [no] no
Use Profile for Reference Frame X-Origin of Rotation-Axis? [no] no
Reference Frame X-Origin of Rotation-Axis (constant or expression) (in [m]) [0] 0
Use Profile for Reference Frame Y-Origin of Rotation-Axis? [no] no
Reference Frame Y-Origin of Rotation-Axis (constant or expression) (in [m]) [0] 0
Use Profile for Reference Frame Z-Origin of Rotation-Axis? [no] no
Reference Frame Z-Origin of Rotation-Axis (constant or expression) (in [m]) [0] 0
Use Profile for Reference Frame X-Component of Rotation-Axis? [no] no
Reference Frame X-Component of Rotation-Axis (constant or expression) [0] 0
Use Profile for Reference Frame Y-Component of Rotation-Axis? [no] no
Reference Frame Y-Component of Rotation-Axis (constant or expression) [0] 0
Use Profile for Reference Frame Z-Component of Rotation-Axis? [no] no
Reference Frame Z-Component of Rotation-Axis (constant or expression) [1] 1
Mesh Motion? [no] no
Solid Motion? [no] no
Enter yes or no to continue [no] no

> /define/boundary-conditions/zone-type inlet mass-flow-inlet

> /define/boundary-conditions/zone-type outlet pressure-outlet

> /define/boundary-conditions/zone-type wall_heat wall

> /define/boundary-conditions/zone-type wall_adiabat wall

> /define/boundary-conditions/zone-type wall_side wall

> /define/boundary-conditions/set/mass-flow-inlet inlet () mass-flow no 3.30733333e-3 t no 313.15 q

> /define/boundary-conditions/set/pressure-outlet outlet () t no 313.15 q

> /define/boundary-conditions/wall
(wall_side wall_adiabat wall_heat wall_cu_fluid wall_tim_cu wall_adiabat:015 wall_side:016 wall_tim_cu-shadow wall_cu_fluid-shadow)
zone id/name [wall_side] wall_heat
Use Profile for Wall Thickness? [no] no
Wall Thickness (constant or expression) (in [m]) [0] 0
Use Profile for Heat Generation Rate? [no] no
Heat Generation Rate (constant or expression) (in [W/m^3]) [0] 0
material-name [tim2]: Change current value? [no] no
Thermal BC Type [heat-flux]: Change current value? [no] yes

Thermal BC Type [heat-flux]> heat-flux
Use Profile for Heat Flux? [no] no
Heat Flux (constant or expression) (in [W/m^2]) [0] 205000
Enable shell conduction? [no] no
Use Profile for Convective Augmentation Factor? [no] no
Convective Augmentation Factor (constant or expression) [1] 1

> /report/reference-values/temperature 313.15

> /define/operating-conditions/operating-pressure 101325

> /solve/set/p-v-coupling 24

> /solve/set/pseudo-transient yes
Activate automatic time step size calculation? [yes] yes
Length scale calculation methods: (0 1 2)
0 - Aggressive 
1 - Conservative 
2 - User-Specified 
Length Scale Calculation Method [1] 1
Auto time step scaling factor (constant or expression) [1] 1
Auto time verbosity [0] 0
Activate automatic time step size calculation for solid zone? [yes] yes
Auto time step scale factor for solid zone [1] 1

> /solve/set/discretization-scheme/pressure 10

> /solve/set/discretization-scheme/mom 0

> /solve/set/discretization-scheme/temperature 0

> /solve/monitors/residual/print? yes

> /solve/monitors/residual/plot? no

> /solve/monitors/residual/criterion-type Available options: (absolute none)
0

> ; laminar: continuity, x, y, z, energy
/solve/monitors/residual/check-convergence? no
Check convergence of x-velocity residuals? [yes] no
Check convergence of y-velocity residuals? [yes] no
Check convergence of z-velocity residuals? [yes] no
Check convergence of energy residuals? [yes] no

> /solve/monitors/residual/convergence-criteria

> 1e-4

Error: invalid command
Error Object: "1e-4"

Transcript closed.
Auto-Transcript Stop Time:  23:52:06, 27 Sep 2026 中国标准时间 
Total Transcript Time: 1 Minute 16 Second.

Automatic transcript closed.
FLUENT_EXIT=1 
